[INFO] [1791018699.712946243] [lidar_front_wall_node]: lidar_front_wall_node up: /scan -> /perception/lidar_front_wall, /perception/lidar_front_wall_virtual; sector +-10.0 deg, odometry /odometry/filtered, seed /costmap/front_clearance
[INFO] [1791018720.693348633] [lidar_front_wall_node]: base_link <- laser: x=0.120 m y=0.000 m yaw=0.00 deg
[INFO] [1791018720.702595739] [lidar_front_wall_node]: /odometry/filtered fresh: dead reckoning available
[INFO] [1791018745.694996941] [lidar_front_wall_node]: wall acquired at 8.980 m after seeded (1.982 m): jump +6.998 m, nan s since the last accepted fit
[INFO] [1791018745.917754080] [lidar_front_wall_node]: wall acquired at 8.878 m after dead_reckoned (8.899 m): jump -0.021 m, 0.22 s since the last accepted fit
[INFO] [1791018745.991671916] [lidar_front_wall_node]: wall acquired at 8.845 m after dead_reckoned (8.861 m): jump -0.016 m, 0.07 s since the last accepted fit
[INFO] [1791018788.180404128] [lidar_front_wall_node]: wall acquired at 8.980 m after none (nan m): jump +nan m, 27.95 s since the last accepted fit
[INFO] [1791018788.414555778] [lidar_front_wall_node]: wall acquired at 8.878 m after dead_reckoned (8.890 m): jump -0.012 m, 0.23 s since the last accepted fit
[INFO] [1791018788.479106249] [lidar_front_wall_node]: wall acquired at 8.845 m after dead_reckoned (8.853 m): jump -0.007 m, 0.06 s since the last accepted fit
[INFO] [1791018830.675049548] [lidar_front_wall_node]: wall acquired at 8.980 m after none (nan m): jump +nan m, 27.95 s since the last accepted fit
[INFO] [1791018830.905145972] [lidar_front_wall_node]: wall acquired at 8.878 m after dead_reckoned (8.899 m): jump -0.021 m, 0.23 s since the last accepted fit
[INFO] [1791018830.973659150] [lidar_front_wall_node]: wall acquired at 8.845 m after dead_reckoned (8.851 m): jump -0.006 m, 0.07 s since the last accepted fit
[WARN] [1791018861.247961904] [lidar_front_wall_node]: /odometry/filtered missing or stale: dead reckoning and the wrong-surface gate are OFF until it returns
[INFO] [1791018862.855632992] [lidar_front_wall_node]: /odometry/filtered fresh: dead reckoning available
[INFO] [1791018873.170021626] [lidar_front_wall_node]: wall acquired at 8.980 m after seeded (0.720 m): jump +8.260 m, 27.95 s since the last accepted fit
[INFO] [1791018873.397478568] [lidar_front_wall_node]: wall acquired at 8.878 m after dead_reckoned (8.899 m): jump -0.021 m, 0.23 s since the last accepted fit
[INFO] [1791018873.469009852] [lidar_front_wall_node]: wall acquired at 8.845 m after dead_reckoned (8.861 m): jump -0.015 m, 0.07 s since the last accepted fit
[INFO] [1791018915.661261090] [lidar_front_wall_node]: wall acquired at 8.980 m after none (nan m): jump +nan m, 27.94 s since the last accepted fit
[INFO] [1791018915.893557657] [lidar_front_wall_node]: wall acquired at 8.878 m after dead_reckoned (8.890 m): jump -0.013 m, 0.23 s since the last accepted fit
[INFO] [1791018915.961017130] [lidar_front_wall_node]: wall acquired at 8.845 m after dead_reckoned (8.861 m): jump -0.015 m, 0.07 s since the last accepted fit
