1791019986.8128133 [INFO] [launch]: All log files can be found below /home/andre/dev_ws/f1tenth_more/output/phase5/cycles/cycle_03/ros_log/2026-10-03-11-33-06-810069-thor-374484
1791019986.8133514 [INFO] [launch]: Default logging verbosity is set to INFO
1791019987.3327336 [INFO] [taskset-1]: process started with pid [374731]
1791019987.3332403 [INFO] [taskset-2]: process started with pid [374732]
1791019987.3333318 [INFO] [slam_pose_relay_node-3]: process started with pid [374733]
1791019987.3333929 [INFO] [taskset-4]: process started with pid [374734]
1791019987.3334339 [INFO] [robot_state_publisher-5]: process started with pid [374735]
1791019987.3334715 [INFO] [joint_state_publisher-6]: process started with pid [374736]
1791019987.3335042 [INFO] [static_transform_publisher-7]: process started with pid [374737]
1791019987.3952117 [static_transform_publisher-7] [WARN] [1791019987.388643598] []: Old-style arguments are deprecated; see --help for new-style arguments
1791019987.4522195 [static_transform_publisher-7] [INFO] [1791019987.451960696] [static_baselink_to_laser]: Spinning until stopped - publishing transform
1791019987.4527669 [static_transform_publisher-7] translation: ('0.120000', '0.000000', '0.200000')
1791019987.4529197 [static_transform_publisher-7] rotation: ('0.000000', '0.000000', '0.000000', '1.000000')
1791019987.4530079 [static_transform_publisher-7] from 'base_link' to 'laser'
1791020028.4000037 [WARNING] [launch]: user interrupted with ctrl-c (SIGINT)
1791020028.4206448 [static_transform_publisher-7] [INFO] [1791020028.399326479] [rclcpp]: signal_handler(SIGINT/SIGTERM)
1791020028.4209969 [INFO] [static_transform_publisher-7]: sending signal 'SIGINT' to process[static_transform_publisher-7]
1791020028.4218953 [INFO] [joint_state_publisher-6]: sending signal 'SIGINT' to process[joint_state_publisher-6]
1791020028.4223297 [INFO] [robot_state_publisher-5]: sending signal 'SIGINT' to process[robot_state_publisher-5]
1791020028.4517865 [INFO] [taskset-4]: sending signal 'SIGINT' to process[taskset-4]
1791020028.4602263 [ERROR] [static_transform_publisher-7]: process has died [pid 374737, exit code -2, cmd '/opt/ros/jazzy/lib/tf2_ros/static_transform_publisher 0.12 0.0 0.20 0.0 0.0 0.0 base_link laser --ros-args -r __node:=static_baselink_to_laser'].
1791020028.4746985 [INFO] [slam_pose_relay_node-3]: sending signal 'SIGINT' to process[slam_pose_relay_node-3]
1791020028.4807739 [INFO] [taskset-2]: sending signal 'SIGINT' to process[taskset-2]
1791020028.4817770 [INFO] [taskset-1]: sending signal 'SIGINT' to process[taskset-1]
1791020028.5115392 [ERROR] [taskset-2]: process has died [pid 374732, exit code -2, cmd 'taskset -c 0,1 /opt/ros/jazzy/lib/robot_localization/ekf_node --ros-args -r __node:=ekf_global_filter_node -r __ns:=/ekf_global --params-file /home/andre/dev_ws/f1tenth_more/install/f1tenth_bringup/share/f1tenth_bringup/config/ekf_global.yaml'].
1791020028.5130441 [ERROR] [taskset-1]: process has died [pid 374731, exit code -2, cmd 'taskset -c 0,1 /opt/ros/jazzy/lib/robot_localization/ekf_node --ros-args -r __node:=ekf_filter_node --params-file /home/andre/dev_ws/f1tenth_more/install/f1tenth_bringup/share/f1tenth_bringup/config/ekf.yaml'].
1791020028.6037192 [INFO] [robot_state_publisher-5]: process has finished cleanly [pid 374735]
1791020028.6373312 [ERROR] [joint_state_publisher-6]: process has died [pid 374736, exit code -2, cmd '/opt/ros/jazzy/lib/joint_state_publisher/joint_state_publisher --ros-args -r __node:=joint_state_publisher --params-file /tmp/launch_params_o4l2jngt'].
1791020028.6549633 [ERROR] [slam_pose_relay_node-3]: process has died [pid 374733, exit code -2, cmd '/home/andre/dev_ws/f1tenth_more/install/f1tenth_localization/lib/f1tenth_localization/slam_pose_relay_node --ros-args -r __node:=slam_pose_relay_node --params-file /home/andre/dev_ws/f1tenth_more/install/f1tenth_bringup/share/f1tenth_bringup/config/ekf_global.yaml'].
1791020028.6826801 [ERROR] [taskset-4]: process has died [pid 374734, exit code -2, cmd 'taskset -c 2-11 /home/andre/dev_ws/f1tenth_more/install/f1tenth_diagnostics/lib/f1tenth_diagnostics/ekf_cost_observer_node --ros-args -r __node:=ekf_cost_observer_node'].
