[INFO] [1791019878.694234442] [map_server]: 
	map_server lifecycle node launched. 
	Waiting on external lifecycle transitions to activate
	See https://design.ros2.org/articles/node_lifecycle.html for more information.
[INFO] [1791019878.700127364] [map_server]: Creating
[INFO] [1791019879.382547834] [map_server]: Configuring
[INFO] [1791019879.382796760] [map_io]: Loading yaml file: /home/andre/dev_ws/f1tenth_more/install/f1tenth_navigation/share/f1tenth_navigation/maps/square_100m.yaml
[INFO] [1791019879.383345537] [map_io]: resolution: 0.05
[INFO] [1791019879.383366260] [map_io]: origin[0]: -50
[INFO] [1791019879.383369463] [map_io]: origin[1]: -50
[INFO] [1791019879.383371741] [map_io]: origin[2]: 0
[INFO] [1791019879.383374028] [map_io]: free_thresh: 0.196
[INFO] [1791019879.383376297] [map_io]: occupied_thresh: 0.65
[INFO] [1791019879.383383611] [map_io]: mode: trinary
[INFO] [1791019879.383388797] [map_io]: negate: 0
[INFO] [1791019879.383842110] [map_io]: Loading image_file: /home/andre/dev_ws/f1tenth_more/install/f1tenth_navigation/share/f1tenth_navigation/maps/square_100m.pgm
[INFO] [1791019879.443962107] [map_io]: Read map /home/andre/dev_ws/f1tenth_more/install/f1tenth_navigation/share/f1tenth_navigation/maps/square_100m.pgm: 2000 X 2000 map @ 0.05 m/cell
[INFO] [1791019879.490011760] [map_server]: Activating
[INFO] [1791019879.498983235] [map_server]: Creating bond (map_server) to lifecycle manager.
[INFO] [1791019923.710561633] [rclcpp]: signal_handler(SIGINT/SIGTERM)
[INFO] [1791019923.710849235] [map_server]: Running Nav2 LifecycleNode rcl preshutdown (map_server)
[INFO] [1791019923.711039041] [map_server]: Deactivating
[INFO] [1791019923.711061476] [map_server]: Destroying bond (map_server) to lifecycle manager.
[INFO] [1791019923.727117242] [map_server]: Cleaning up
[INFO] [1791019923.727813972] [map_server]: Destroying bond (map_server) to lifecycle manager.
