[WARN] [1791019877.580286798] [component_supervisor_node]: [component_supervisor] FastDDS SHM sweep (startup): found 50 fastrtps file(s) (16 still in use, 34 orphaned) -- removed 34/34 orphaned file(s). Sample removed: ['/dev/shm/fastrtps_24cf44639ed2f24b', '/dev/shm/fastrtps_2a9972e07869c35c', '/dev/shm/fastrtps_2b6f202bec757bca', '/dev/shm/fastrtps_38c770543bad69d5', '/dev/shm/fastrtps_510dabca91ac938f'].
[INFO] [1791019877.682977761] [component_supervisor_node]: [component_supervisor] Registry: ['behavior', 'calibrate_hardware', 'control', 'dev_tools', 'diagnostics', 'hardware', 'intelligence', 'lidar_front_wall', 'localization', 'navigation', 'obstacle_clearance', 'perception', 'slam', 'startup_sequence', 'swept_clearance', 'wall_distance']. Auto-starting: ['behavior', 'control', 'dev_tools', 'diagnostics', 'hardware', 'lidar_front_wall', 'localization', 'navigation', 'obstacle_clearance', 'perception', 'slam', 'swept_clearance', 'wall_distance']. Log dir: /home/andre/dev_ws/f1tenth_more/output/phase5/cycles/cycle_01/supervisor
[INFO] [1791019877.684738805] [component_supervisor_node]: [component_supervisor] Started 'lidar_front_wall': ros2 launch f1tenth_perception lidar_front_wall.launch.py (pid 370915, log: /home/andre/dev_ws/f1tenth_more/output/phase5/cycles/cycle_01/supervisor/f1tenth_perception_lidar_front_wall.launch.py.log)
[INFO] [1791019877.686126646] [component_supervisor_node]: [component_supervisor] Started 'behavior': ros2 launch f1tenth_behavior behavior_bringup.launch.py (pid 370916, log: /home/andre/dev_ws/f1tenth_more/output/phase5/cycles/cycle_01/supervisor/f1tenth_behavior_behavior_bringup.launch.py.log)
[INFO] [1791019877.687413164] [component_supervisor_node]: [component_supervisor] Started 'navigation': ros2 launch f1tenth_navigation navigation.launch.py (pid 370917, log: /home/andre/dev_ws/f1tenth_more/output/phase5/cycles/cycle_01/supervisor/f1tenth_navigation_navigation.launch.py.log)
[INFO] [1791019877.688666321] [component_supervisor_node]: [component_supervisor] Started 'dev_tools': ros2 launch f1tenth_bringup foxglove_bridge.launch.py (pid 370918, log: /home/andre/dev_ws/f1tenth_more/output/phase5/cycles/cycle_01/supervisor/f1tenth_bringup_foxglove_bridge.launch.py.log)
[INFO] [1791019877.689828913] [component_supervisor_node]: [component_supervisor] Started 'localization': ros2 launch f1tenth_localization localization.launch.py (pid 370919, log: /home/andre/dev_ws/f1tenth_more/output/phase5/cycles/cycle_01/supervisor/f1tenth_localization_localization.launch.py.log)
[INFO] [1791019877.690689393] [component_supervisor_node]: [component_supervisor] Started 'diagnostics': ros2 launch f1tenth_diagnostics system_observer.launch.py (pid 370920, log: /home/andre/dev_ws/f1tenth_more/output/phase5/cycles/cycle_01/supervisor/f1tenth_diagnostics_system_observer.launch.py.log)
[INFO] [1791019877.691626282] [component_supervisor_node]: [component_supervisor] Started 'diagnostics': ros2 launch f1tenth_diagnostics diagnostics_server.launch.py (pid 370921, log: /home/andre/dev_ws/f1tenth_more/output/phase5/cycles/cycle_01/supervisor/f1tenth_diagnostics_diagnostics_server.launch.py.log)
[INFO] [1791019877.692241614] [component_supervisor_node]: [component_supervisor] Started 'diagnostics': ros2 launch f1tenth_logger mission_logger.launch.py mission_logger_runs_dir:=/home/andre/dev_ws/f1tenth_more/output/phase5/cycles/cycle_01/runs (pid 370922, log: /home/andre/dev_ws/f1tenth_more/output/phase5/cycles/cycle_01/supervisor/f1tenth_logger_mission_logger.launch.py.log)
[INFO] [1791019877.693201864] [component_supervisor_node]: [component_supervisor] Started 'swept_clearance': ros2 launch f1tenth_perception swept_clearance.launch.py (pid 370923, log: /home/andre/dev_ws/f1tenth_more/output/phase5/cycles/cycle_01/supervisor/f1tenth_perception_swept_clearance.launch.py.log)
[INFO] [1791019877.694148928] [component_supervisor_node]: [component_supervisor] Started 'wall_distance': ros2 launch f1tenth_perception wall_distance.launch.py (pid 370924, log: /home/andre/dev_ws/f1tenth_more/output/phase5/cycles/cycle_01/supervisor/f1tenth_perception_wall_distance.launch.py.log)
[INFO] [1791019877.695054297] [component_supervisor_node]: [component_supervisor] Started 'control': ros2 launch f1tenth_control ackermann_mux.launch.py (pid 370925, log: /home/andre/dev_ws/f1tenth_more/output/phase5/cycles/cycle_01/supervisor/f1tenth_control_ackermann_mux.launch.py.log)
[INFO] [1791019877.696144371] [component_supervisor_node]: [component_supervisor] Started 'obstacle_clearance': ros2 launch f1tenth_perception obstacle_clearance.launch.py (pid 370926, log: /home/andre/dev_ws/f1tenth_more/output/phase5/cycles/cycle_01/supervisor/f1tenth_perception_obstacle_clearance.launch.py.log)
[INFO] [1791019877.697277685] [component_supervisor_node]: [component_supervisor] Started 'slam': ros2 launch f1tenth_navigation slam.launch.py (pid 370927, log: /home/andre/dev_ws/f1tenth_more/output/phase5/cycles/cycle_01/supervisor/f1tenth_navigation_slam.launch.py.log)
[INFO] [1791019877.698754314] [component_supervisor_node]: [component_supervisor] Started 'slam': ros2 launch f1tenth_costmap costmap.launch.py (pid 370928, log: /home/andre/dev_ws/f1tenth_more/output/phase5/cycles/cycle_01/supervisor/f1tenth_costmap_costmap.launch.py.log)
[INFO] [1791019923.708938236] [component_supervisor_node]: [component_supervisor] Received signal 2 -- shutting down all tracked components.
[INFO] [1791019923.709765190] [component_supervisor_node]: [component_supervisor] Shutting down -- stopping all components.
[INFO] [1791019924.518939305] [component_supervisor_node]: [component_supervisor] 'localization' (localization.launch.py): clean SIGINT exit in 0.4s
[INFO] [1791019924.519638574] [component_supervisor_node]: [component_supervisor] 'diagnostics' (system_observer.launch.py): clean SIGINT exit in 0.4s
[INFO] [1791019924.520193073] [component_supervisor_node]: [component_supervisor] 'diagnostics' (mission_logger.launch.py): clean SIGINT exit in 0.4s
[INFO] [1791019924.520735156] [component_supervisor_node]: [component_supervisor] 'control' (ackermann_mux.launch.py): clean SIGINT exit in 0.4s
[INFO] [1791019924.521273563] [component_supervisor_node]: [component_supervisor] 'behavior' (behavior_bringup.launch.py): clean SIGINT exit in 0.5s
[INFO] [1791019924.521817331] [component_supervisor_node]: [component_supervisor] 'navigation' (navigation.launch.py): clean SIGINT exit in 0.5s
[INFO] [1791019924.522355942] [component_supervisor_node]: [component_supervisor] 'diagnostics' (diagnostics_server.launch.py): clean SIGINT exit in 0.5s
[INFO] [1791019924.522906543] [component_supervisor_node]: [component_supervisor] 'slam' (slam.launch.py): clean SIGINT exit in 0.5s
[INFO] [1791019924.523448913] [component_supervisor_node]: [component_supervisor] 'slam' (costmap.launch.py): clean SIGINT exit in 0.5s
[INFO] [1791019924.523987256] [component_supervisor_node]: [component_supervisor] 'dev_tools' (foxglove_bridge.launch.py): clean SIGINT exit in 0.6s
[INFO] [1791019924.524523292] [component_supervisor_node]: [component_supervisor] 'lidar_front_wall' (lidar_front_wall.launch.py): clean SIGINT exit in 0.7s
[INFO] [1791019924.525058811] [component_supervisor_node]: [component_supervisor] 'swept_clearance' (swept_clearance.launch.py): clean SIGINT exit in 0.7s
[INFO] [1791019924.525594736] [component_supervisor_node]: [component_supervisor] 'wall_distance' (wall_distance.launch.py): clean SIGINT exit in 0.8s
[INFO] [1791019924.526134032] [component_supervisor_node]: [component_supervisor] 'obstacle_clearance' (obstacle_clearance.launch.py): clean SIGINT exit in 0.8s
[WARN] [1791019924.566253845] [component_supervisor_node]: [component_supervisor] FastDDS SHM sweep (shutdown): found 140 fastrtps file(s) (23 still in use, 117 orphaned) -- removed 117/117 orphaned file(s). Sample removed: ['/dev/shm/fastrtps_4f071b6e61c21f46_el', '/dev/shm/fastrtps_4fb2e412336603e0_el', '/dev/shm/fastrtps_a2f8e0b23bf0eb00_el', '/dev/shm/fastrtps_port28665', '/dev/shm/fastrtps_port28667_el'].
