[INFO] [1791019882.019761308] [wall_distance_node]: wall_distance_node up: scan /scan, odom /odometry/filtered, phase from /mpc/wall_track (3 silent ticks -> exit) -> /perception/d_wall at 10.0 Hz. d_ref=0.60 m, k=0.333 rad/m (convergence 3.0 m), |dpsi|<=0.200 rad. coast caps 0.50 m / 0.35 rad. PHASE=UNKNOWN until /mpc/wall_track speaks.
[INFO] [1791019882.099619391] [wall_distance_node]: DWALL | phase=UNKNOWN track=0 valid=False d_wall=+nan heading_rel=+nan rms=nan n=0 age=nan prov=NONE coast=0.00m/0.00rad dpsi=+0.0000
[INFO] [1791019883.200651287] [wall_distance_node]: DWALL | phase=UNKNOWN track=0 valid=False d_wall=+nan heading_rel=+nan rms=nan n=0 age=nan prov=NONE coast=0.00m/0.00rad dpsi=+0.0000
[INFO] [1791019884.299918113] [wall_distance_node]: DWALL | phase=UNKNOWN track=0 valid=False d_wall=+nan heading_rel=+nan rms=nan n=0 age=nan prov=NONE coast=0.00m/0.00rad dpsi=+0.0000
[INFO] [1791019885.400242725] [wall_distance_node]: DWALL | phase=UNKNOWN track=0 valid=False d_wall=+nan heading_rel=+nan rms=nan n=0 age=nan prov=NONE coast=0.00m/0.00rad dpsi=+0.0000
[INFO] [1791019886.499862049] [wall_distance_node]: DWALL | phase=UNKNOWN track=0 valid=False d_wall=+nan heading_rel=+nan rms=nan n=0 age=nan prov=NONE coast=0.00m/0.00rad dpsi=+0.0000
[INFO] [1791019887.599760316] [wall_distance_node]: DWALL | phase=UNKNOWN track=0 valid=False d_wall=+nan heading_rel=+nan rms=nan n=0 age=nan prov=NONE coast=0.00m/0.00rad dpsi=+0.0000
[INFO] [1791019888.599957328] [wall_distance_node]: DWALL | phase=UNKNOWN track=0 valid=False d_wall=+nan heading_rel=+nan rms=nan n=0 age=nan prov=NONE coast=0.00m/0.00rad dpsi=+0.0000
[INFO] [1791019889.699891305] [wall_distance_node]: DWALL | phase=UNKNOWN track=0 valid=False d_wall=+nan heading_rel=+nan rms=nan n=0 age=nan prov=NONE coast=0.00m/0.00rad dpsi=+0.0000
[INFO] [1791019890.798982152] [wall_distance_node]: DWALL | phase=UNKNOWN track=0 valid=False d_wall=+nan heading_rel=+nan rms=nan n=0 age=nan prov=NONE coast=0.00m/0.00rad dpsi=+0.0000
[INFO] [1791019891.800412817] [wall_distance_node]: DWALL | phase=UNKNOWN track=0 valid=False d_wall=+nan heading_rel=+nan rms=nan n=0 age=nan prov=NONE coast=0.00m/0.00rad dpsi=+0.0000
[INFO] [1791019892.900628225] [wall_distance_node]: DWALL | phase=UNKNOWN track=0 valid=False d_wall=+nan heading_rel=+nan rms=nan n=0 age=nan prov=NONE coast=0.00m/0.00rad dpsi=+0.0000
[INFO] [1791019893.999759384] [wall_distance_node]: DWALL | phase=UNKNOWN track=0 valid=False d_wall=+nan heading_rel=+nan rms=nan n=0 age=nan prov=NONE coast=0.00m/0.00rad dpsi=+0.0000
[INFO] [1791019894.999803018] [wall_distance_node]: DWALL | phase=UNKNOWN track=0 valid=False d_wall=+nan heading_rel=+nan rms=nan n=0 age=nan prov=NONE coast=0.00m/0.00rad dpsi=+0.0000
[INFO] [1791019896.000126661] [wall_distance_node]: DWALL | phase=UNKNOWN track=0 valid=False d_wall=+nan heading_rel=+nan rms=nan n=0 age=nan prov=NONE coast=0.00m/0.00rad dpsi=+0.0000
[INFO] [1791019897.099885056] [wall_distance_node]: DWALL | phase=UNKNOWN track=0 valid=False d_wall=+nan heading_rel=+nan rms=nan n=0 age=nan prov=NONE coast=0.00m/0.00rad dpsi=+0.0000
[INFO] [1791019898.200072729] [wall_distance_node]: DWALL | phase=UNKNOWN track=0 valid=False d_wall=+nan heading_rel=+nan rms=nan n=0 age=nan prov=NONE coast=0.00m/0.00rad dpsi=+0.0000
[INFO] [1791019899.200295601] [wall_distance_node]: DWALL | phase=UNKNOWN track=0 valid=False d_wall=+nan heading_rel=+nan rms=nan n=0 age=nan prov=NONE coast=0.00m/0.00rad dpsi=+0.0000
[INFO] [1791019900.299155994] [wall_distance_node]: DWALL | phase=UNKNOWN track=0 valid=False d_wall=+nan heading_rel=+nan rms=nan n=0 age=nan prov=NONE coast=0.00m/0.00rad dpsi=+0.0000
[INFO] [1791019901.399928411] [wall_distance_node]: DWALL | phase=UNKNOWN track=0 valid=False d_wall=+nan heading_rel=+nan rms=nan n=0 age=nan prov=NONE coast=0.00m/0.00rad dpsi=+0.0000
[INFO] [1791019902.199070099] [wall_distance_node]: base_link <- laser: (0.120, 0.000) m, yaw +0.000 rad. NOTE description.launch.py calls these ruler-measured placeholders, not a calibration.
[INFO] [1791019902.425116550] [wall_distance_node]: DWALL | phase=UNKNOWN track=1 valid=True d_wall=+1.496 heading_rel=+0.280 rms=0.0159 n=135 age=0.00 prov=GEOMETRIC coast=0.00m/0.00rad dpsi=+0.0000
[INFO] [1791019903.525461012] [wall_distance_node]: DWALL | phase=UNKNOWN track=1 valid=True d_wall=+1.493 heading_rel=+0.284 rms=0.0156 n=130 age=0.00 prov=GEOMETRIC coast=0.00m/0.00rad dpsi=+0.0000
[INFO] [1791019904.623588050] [wall_distance_node]: DWALL | phase=UNKNOWN track=1 valid=True d_wall=+1.493 heading_rel=+0.285 rms=0.0155 n=130 age=0.00 prov=GEOMETRIC coast=0.00m/0.00rad dpsi=+0.0000
[INFO] [1791019905.625790479] [wall_distance_node]: DWALL | phase=UNKNOWN track=1 valid=True d_wall=+1.493 heading_rel=+0.285 rms=0.0158 n=134 age=0.00 prov=GEOMETRIC coast=0.00m/0.00rad dpsi=+0.0000
[INFO] [1791019906.632097379] [wall_distance_node]: DWALL | phase=UNKNOWN track=1 valid=True d_wall=+1.505 heading_rel=+0.323 rms=0.0101 n=40 age=0.67 prov=PREDICTED coast=0.01m/0.00rad dpsi=+0.0000
[INFO] [1791019907.728760675] [wall_distance_node]: DWALL | phase=UNKNOWN track=1 valid=True d_wall=+1.499 heading_rel=+0.346 rms=0.0101 n=40 age=1.77 prov=PREDICTED coast=0.02m/0.03rad dpsi=+0.0000
[INFO] [1791019908.831426818] [wall_distance_node]: DWALL | phase=UNKNOWN track=1 valid=True d_wall=+1.460 heading_rel=+0.421 rms=0.0084 n=46 age=0.08 prov=PREDICTED coast=0.02m/0.02rad dpsi=+0.0000
[INFO] [1791019909.937847358] [wall_distance_node]: DWALL | phase=UNKNOWN track=1 valid=True d_wall=+1.396 heading_rel=+0.532 rms=0.0084 n=46 age=1.17 prov=PREDICTED coast=0.16m/0.14rad dpsi=+0.0000
[INFO] [1791019911.032059756] [wall_distance_node]: DWALL | phase=UNKNOWN track=1 valid=True d_wall=+1.254 heading_rel=+0.643 rms=0.0084 n=46 age=2.27 prov=PREDICTED coast=0.41m/0.25rad dpsi=+0.0000
[INFO] [1791019912.118030299] [wall_distance_node]: DWALL | phase=UNKNOWN track=1 valid=True d_wall=+1.060 heading_rel=+0.469 rms=0.0145 n=151 age=0.00 prov=GEOMETRIC coast=0.00m/0.00rad dpsi=+0.0000
[INFO] [1791019913.122675495] [wall_distance_node]: DWALL | phase=UNKNOWN track=1 valid=True d_wall=+0.945 heading_rel=+0.315 rms=0.0141 n=165 age=0.00 prov=GEOMETRIC coast=0.00m/0.00rad dpsi=+0.0000
[INFO] [1791019914.221891077] [wall_distance_node]: DWALL | phase=UNKNOWN track=1 valid=True d_wall=+0.887 heading_rel=+0.169 rms=0.0116 n=130 age=0.00 prov=GEOMETRIC coast=0.00m/0.00rad dpsi=+0.0000
[INFO] [1791019915.226380974] [wall_distance_node]: DWALL | phase=UNKNOWN track=1 valid=True d_wall=+0.873 heading_rel=+0.072 rms=0.0091 n=96 age=0.00 prov=GEOMETRIC coast=0.00m/0.00rad dpsi=+0.0000
[INFO] [1791019916.317721577] [wall_distance_node]: DWALL | phase=UNKNOWN track=1 valid=True d_wall=+0.881 heading_rel=-0.023 rms=0.0142 n=90 age=0.00 prov=GLASS_CONFIRMED coast=0.00m/0.00rad dpsi=+0.0000
[INFO] [1791019917.323989619] [wall_distance_node]: DWALL | phase=UNKNOWN track=1 valid=True d_wall=+0.880 heading_rel=-0.011 rms=0.0105 n=86 age=0.78 prov=PREDICTED coast=0.25m/0.02rad dpsi=+0.0000
[WARN] [1791019918.023058546] [wall_distance_node]: COAST/cap | track 1 coasted 0.51 m / 0.04 rad past the cap (0.50 m / 0.35 rad): d_wall is no longer trusted. The caps are set by the measured odometry bias (distance 17-20% short, gyro yaw gain 0.93-1.09), not by caution -- raise them only after that calibration lands.
[WARN] [1791019918.127683144] [wall_distance_node]: COAST/cap | track 8 coasted 2.65 m / 1.01 rad past the cap (0.50 m / 0.35 rad): d_wall is no longer trusted. The caps are set by the measured odometry bias (distance 17-20% short, gyro yaw gain 0.93-1.09), not by caution -- raise them only after that calibration lands.
[INFO] [1791019918.328335546] [wall_distance_node]: DWALL | phase=UNKNOWN track=8 valid=False d_wall=+nan heading_rel=+nan rms=0.0087 n=46 age=10.47 prov=NONE coast=2.73m/1.01rad dpsi=+0.0000
[INFO] [1791019919.330417821] [wall_distance_node]: DWALL | phase=UNKNOWN track=8 valid=False d_wall=+nan heading_rel=+nan rms=0.0087 n=46 age=11.47 prov=NONE coast=3.13m/1.04rad dpsi=+0.0000
[INFO] [1791019920.331065975] [wall_distance_node]: DWALL | phase=UNKNOWN track=8 valid=False d_wall=+nan heading_rel=+nan rms=0.0087 n=46 age=12.47 prov=NONE coast=3.55m/1.06rad dpsi=+0.0000
[WARN] [1791019921.119134204] [wall_distance_node]: COAST/cap | track 5 coasted 3.40 m / 0.72 rad past the cap (0.50 m / 0.35 rad): d_wall is no longer trusted. The caps are set by the measured odometry bias (distance 17-20% short, gyro yaw gain 0.93-1.09), not by caution -- raise them only after that calibration lands.
[INFO] [1791019921.352756628] [wall_distance_node]: DWALL | phase=UNKNOWN track=5 valid=False d_wall=+nan heading_rel=+nan rms=0.0134 n=161 age=10.27 prov=NONE coast=3.49m/0.72rad dpsi=+0.0000
[INFO] [1791019922.399970504] [wall_distance_node]: DWALL | phase=UNKNOWN track=5 valid=False d_wall=+nan heading_rel=+nan rms=0.0134 n=161 age=11.37 prov=NONE coast=3.97m/0.72rad dpsi=+0.0000
[INFO] [1791019923.498465270] [wall_distance_node]: DWALL | phase=UNKNOWN track=5 valid=False d_wall=+nan heading_rel=+nan rms=0.0134 n=161 age=12.47 prov=NONE coast=4.47m/0.72rad dpsi=+0.0000
