[INFO] [launch]: All log files can be found below /home/andre/dev_ws/f1tenth_more/output/fix_batch_4/isolation/baseline/run_24/ros_log/2026-10-03-16-40-05-533527-thor-490348
[INFO] [launch]: Default logging verbosity is set to INFO
[INFO] [taskset-1]: process started with pid [490396]
[INFO] [throttle-2]: process started with pid [490397]
[INFO] [throttle-3]: process started with pid [490399]
[taskset-1] [INFO] [1791038405.791813202] [foxglove_bridge]: Starting foxglove_bridge (jazzy, 3.5.0@)
[taskset-1] [2026-10-03T14:40:05Z INFO  foxglove::websocket::server] Started server on 0.0.0.0:8765
[taskset-1] [INFO] [1791038405.793383983] [foxglove_bridge]: Server listening on port 8765
[taskset-1] [INFO] [1791038405.797814501] [foxglove_bridge]: Advertising new channel 2 for topic "/rosout"
[taskset-1] [INFO] [1791038405.799359791] [foxglove_bridge]: Advertising new channel 3 for topic "/parameter_events"
[taskset-1] [INFO] [1791038406.846338610] [foxglove_bridge]: Advertising new channel 4 for topic "/tf"
[taskset-1] [INFO] [1791038406.846985472] [foxglove_bridge]: Advertising new channel 5 for topic "/safety_stop"
[taskset-1] [INFO] [1791038406.857218873] [foxglove_bridge]: Advertising new channel 6 for topic "/odometry/filtered"
[taskset-1] [INFO] [1791038406.857385465] [foxglove_bridge]: Advertising new channel 7 for topic "/ekf_global/odometry/filtered"
[taskset-1] [INFO] [1791038406.857407873] [foxglove_bridge]: Advertising new channel 8 for topic "/drive"
[taskset-1] [INFO] [1791038406.858217643] [foxglove_bridge]: Advertising new channel 9 for topic "/slam_toolbox/transition_event"
[taskset-1] [INFO] [1791038406.862912115] [foxglove_bridge]: Advertising new channel 10 for topic "/diagnostics"
[taskset-1] [INFO] [1791038407.803687062] [foxglove_bridge]: Advertising new channel 11 for topic "/slam/pose_calibrated"
[taskset-1] [INFO] [1791038407.803861034] [foxglove_bridge]: Advertising new channel 12 for topic "/tf_static"
[taskset-1] [INFO] [1791038407.803876349] [foxglove_bridge]: Advertising new channel 13 for topic "/set_pose"
[taskset-1] [INFO] [1791038407.804273267] [foxglove_bridge]: Advertising new channel 14 for topic "/sensors/imu/raw"
[taskset-1] [INFO] [1791038407.804307563] [foxglove_bridge]: Advertising new channel 15 for topic "/odom"
[taskset-1] [INFO] [1791038407.804326165] [foxglove_bridge]: Advertising new channel 16 for topic "/map_server/transition_event"
[taskset-1] [INFO] [1791038407.804893360] [foxglove_bridge]: Advertising new channel 17 for topic "/map"
[taskset-1] [INFO] [1791038407.805201195] [foxglove_bridge]: Advertising new channel 18 for topic "/robot_description"
[taskset-1] [INFO] [1791038407.805491574] [foxglove_bridge]: Advertising new channel 19 for topic "/joint_states"
[taskset-1] [INFO] [1791038407.805830853] [foxglove_bridge]: Advertising new channel 20 for topic "/diagnostics/system_status"
[taskset-1] [INFO] [1791038407.806095520] [foxglove_bridge]: Advertising new channel 21 for topic "/diagnostics/battery_status"
[taskset-1] [INFO] [1791038407.806393724] [foxglove_bridge]: Advertising new channel 22 for topic "/costmap/visualization"
[taskset-1] [INFO] [1791038407.806681086] [foxglove_bridge]: Advertising new channel 23 for topic "/calibration/in_progress"
[taskset-1] [INFO] [1791038407.806965855] [foxglove_bridge]: Advertising new channel 24 for topic "/bond"
[taskset-1] [INFO] [1791038407.806981272] [foxglove_bridge]: Advertising new channel 25 for topic "/ekf_global/set_pose"
[taskset-1] [INFO] [1791038407.806993438] [foxglove_bridge]: Advertising new channel 26 for topic "/ackermann_drive"
[taskset-1] [INFO] [1791038408.576086709] [foxglove_bridge]: Advertising new channel 27 for topic "/teleop"
[taskset-1] [INFO] [1791038408.579771198] [foxglove_bridge]: Advertising new channel 28 for topic "/sensors/core"
[taskset-1] [INFO] [1791038408.580249541] [foxglove_bridge]: Advertising new channel 29 for topic "/mpc/predicted_min_clearance"
[taskset-1] [INFO] [1791038408.580638625] [foxglove_bridge]: Advertising new channel 30 for topic "/mpc/wall_track"
[taskset-1] [INFO] [1791038408.581097321] [foxglove_bridge]: Advertising new channel 31 for topic "/mpc/object_status"
[taskset-1] [INFO] [1791038408.581113395] [foxglove_bridge]: Advertising new channel 32 for topic "/mpc/min_obstacle_distance_forward"
[taskset-1] [INFO] [1791038408.581128978] [foxglove_bridge]: Advertising new channel 33 for topic "/slam/pose"
[taskset-1] [INFO] [1791038408.581142043] [foxglove_bridge]: Advertising new channel 34 for topic "/mpc/min_obstacle_distance"
[taskset-1] [INFO] [1791038408.581153302] [foxglove_bridge]: Advertising new channel 35 for topic "/mpc/goal_reached"
[taskset-1] [INFO] [1791038408.587921131] [foxglove_bridge]: Advertising new channel 36 for topic "/mpc/corridor_markers"
[taskset-1] [INFO] [1791038408.588271427] [foxglove_bridge]: Advertising new channel 37 for topic "/mission/status"
[taskset-1] [INFO] [1791038408.588306094] [foxglove_bridge]: Advertising new channel 38 for topic "/costmap/semantic_markers"
[taskset-1] [INFO] [1791038408.588318585] [foxglove_bridge]: Advertising new channel 39 for topic "/costmap/front_clearance"
[taskset-1] [INFO] [1791038408.588394169] [foxglove_bridge]: Advertising new channel 40 for topic "/slam/map"
[taskset-1] [INFO] [1791038408.588844021] [foxglove_bridge]: Advertising new channel 41 for topic "/costmap/boundaries"
[taskset-1] [INFO] [1791038408.588860225] [foxglove_bridge]: Advertising new channel 42 for topic "/corridor"
[taskset-1] [INFO] [1791038408.589158892] [foxglove_bridge]: Advertising new channel 43 for topic "/mpc/solver_status"
[taskset-1] [INFO] [1791038408.589424245] [foxglove_bridge]: Advertising new channel 44 for topic "/cmd_vel_nav"
[taskset-1] [INFO] [1791038408.589630958] [foxglove_bridge]: Advertising new channel 45 for topic "/mpc/drive_clamp"
[taskset-1] [INFO] [1791038408.594752014] [foxglove_bridge]: Advertising new channel 46 for topic "/costmap/semantic_tracks"
[taskset-1] [INFO] [1791038408.594802968] [foxglove_bridge]: Advertising new channel 47 for topic "/calibration_drive"
[taskset-1] [INFO] [1791038408.594817005] [foxglove_bridge]: Advertising new channel 48 for topic "/costmap/safe_corridor_report"
[taskset-1] [INFO] [1791038408.594828718] [foxglove_bridge]: Advertising new channel 49 for topic "/mpc/status"
[taskset-1] [INFO] [1791038409.206014414] [foxglove_bridge]: Advertising new channel 50 for topic "/test/mission_event"
[taskset-1] [INFO] [1791038409.207183110] [foxglove_bridge]: Advertising new channel 51 for topic "/scan"
[taskset-1] [INFO] [1791038409.207236684] [foxglove_bridge]: Advertising new channel 52 for topic "/safety/event"
[taskset-1] [INFO] [1791038409.208061260] [foxglove_bridge]: Advertising new channel 53 for topic "/perception/obstacles_2d"
[taskset-1] [INFO] [1791038409.208088121] [foxglove_bridge]: Advertising new channel 54 for topic "/perception/d_wall/psi_correction"
[taskset-1] [INFO] [1791038409.208524345] [foxglove_bridge]: Advertising new channel 55 for topic "/mpc/goal_turn"
[taskset-1] [INFO] [1791038409.208564141] [foxglove_bridge]: Advertising new channel 56 for topic "/mpc/goal_object_end"
[taskset-1] [INFO] [1791038409.209133735] [foxglove_bridge]: Advertising new channel 57 for topic "/mpc/goal_object"
[taskset-1] [INFO] [1791038409.209612430] [foxglove_bridge]: Advertising new channel 58 for topic "/mpc/goal_drive"
[taskset-1] [INFO] [1791038409.209647050] [foxglove_bridge]: Advertising new channel 59 for topic "/model/virtual_robot/odometry"
[taskset-1] [INFO] [1791038409.210061237] [foxglove_bridge]: Advertising new channel 60 for topic "/mission/move_outcome"
[taskset-1] [INFO] [1791038409.210088959] [foxglove_bridge]: Advertising new channel 61 for topic "/imu"
[taskset-1] [INFO] [1791038409.210629460] [foxglove_bridge]: Advertising new channel 62 for topic "/mpc/goal_pose"
[taskset-1] [INFO] [1791038409.210660932] [foxglove_bridge]: Advertising new channel 63 for topic "/mpc/goal_distance"
[taskset-1] [INFO] [1791038409.210699913] [foxglove_bridge]: Advertising new channel 64 for topic "/mpc/hold"
[taskset-1] [INFO] [1791038409.210756321] [foxglove_bridge]: Advertising new channel 65 for topic "/camera/detections_3d"
[taskset-1] [INFO] [1791038409.210774284] [foxglove_bridge]: Advertising new channel 66 for topic "/test_campaign/logger_status"
[taskset-1] [INFO] [1791038409.212539455] [foxglove_bridge]: Advertising new channel 67 for topic "/camera/detections"
[taskset-1] [INFO] [1791038409.213099835] [foxglove_bridge]: Advertising new channel 68 for topic "/bt/tree_visualization"
[taskset-1] [INFO] [1791038409.213131280] [foxglove_bridge]: Advertising new channel 69 for topic "/mission/load_path"
[taskset-1] [INFO] [1791038409.213642984] [foxglove_bridge]: Advertising new channel 70 for topic "/behavior/tree_status"
[taskset-1] [INFO] [1791038409.213671179] [foxglove_bridge]: Advertising new channel 71 for topic "/perception/front_distance"
[taskset-1] [INFO] [1791038410.337854663] [foxglove_bridge]: Advertising new channel 72 for topic "/zed2/zed_node/depth/camera_info"
[taskset-1] [INFO] [1791038410.338034394] [foxglove_bridge]: Advertising new channel 73 for topic "/zed2/zed_node/depth/depth_registered"
[taskset-1] [INFO] [1791038410.338109237] [foxglove_bridge]: Advertising new channel 74 for topic "/perception/swept_clearance/camera"
[taskset-1] [INFO] [1791038410.338138403] [foxglove_bridge]: Advertising new channel 75 for topic "/perception/swept_clearance"
[taskset-1] [INFO] [1791038410.338158996] [foxglove_bridge]: Advertising new channel 76 for topic "/perception/swept_clearance/steering"
[taskset-1] [INFO] [1791038410.338356701] [foxglove_bridge]: Advertising new channel 77 for topic "/obstacle_clearance"
[taskset-1] [INFO] [1791038410.338404673] [foxglove_bridge]: Advertising new channel 78 for topic "/perception/swept_clearance/lidar"
[taskset-1] [INFO] [1791038410.931962265] [foxglove_bridge]: Advertising new channel 79 for topic "/perception/lidar_front_wall"
[taskset-1] [INFO] [1791038410.932167755] [foxglove_bridge]: Advertising new channel 80 for topic "/perception/d_wall/gate_margin"
[taskset-1] [INFO] [1791038410.932950868] [foxglove_bridge]: Advertising new channel 81 for topic "/perception/d_wall"
[taskset-1] [INFO] [1791038410.933538055] [foxglove_bridge]: Advertising new channel 82 for topic "/perception/d_wall/segment"
[taskset-1] [INFO] [1791038410.933620712] [foxglove_bridge]: Advertising new channel 83 for topic "/perception/d_wall/swept_arc"
[taskset-1] [INFO] [1791038410.934172722] [foxglove_bridge]: Advertising new channel 84 for topic "/perception/lidar_front_wall_virtual"
[WARNING] [launch]: user interrupted with ctrl-c (SIGINT)
[INFO] [throttle-3]: sending signal 'SIGINT' to process[throttle-3]
[INFO] [throttle-2]: sending signal 'SIGINT' to process[throttle-2]
[INFO] [taskset-1]: sending signal 'SIGINT' to process[taskset-1]
[taskset-1] [INFO] [1791038451.147812924] [rclcpp]: signal_handler(SIGINT/SIGTERM)
[throttle-3] [INFO] [1791038451.149373556] [rclcpp]: signal_handler(SIGINT/SIGTERM)
[throttle-2] [INFO] [1791038451.155335678] [rclcpp]: signal_handler(SIGINT/SIGTERM)
[throttle-3] [INFO] [1791038451.156750745] [rclcpp]: signal_handler(SIGINT/SIGTERM)
[taskset-1] [INFO] [1791038451.160851169] [foxglove_bridge]: Shutting down foxglove_bridge
[taskset-1] [2026-10-03T14:40:51Z INFO  foxglove::websocket::server] Shutting down
[taskset-1] [2026-10-03T14:40:51Z INFO  foxglove::websocket::server] Shutdown complete
[taskset-1] [INFO] [1791038451.167960617] [foxglove_bridge]: Shutdown complete
[taskset-1] [INFO] [1791038451.171535578] [rclcpp]: signal_handler(SIGINT/SIGTERM)
[INFO] [throttle-3]: process has finished cleanly [pid 490399]
[INFO] [throttle-2]: process has finished cleanly [pid 490397]
[INFO] [taskset-1]: process has finished cleanly [pid 490396]
