[INFO] [launch]: All log files can be found below /home/andre/dev_ws/f1tenth_more/output/fix_batch_4/isolation/fresh/run_19/ros_log/2026-10-03-17-03-36-446225-thor-533406
[INFO] [launch]: Default logging verbosity is set to INFO
[INFO] [fastdds_discovery_server-1]: process started with pid [533467]
[INFO] [component_supervisor_node-2]: process started with pid [533468]
[fastdds_discovery_server-1] [ensure_discovery_server] 127.0.0.1:11811 is free -- starting a fresh fastdds discovery server.
[fastdds_discovery_server-1] ### Server is running ###
[fastdds_discovery_server-1]   Participant Type:   SERVER
[fastdds_discovery_server-1]   Security:           NO
[fastdds_discovery_server-1]   Server ID:          0
[fastdds_discovery_server-1]   Server GUID prefix: 44.53.00.5f.45.50.52.4f.53.49.4d.41
[fastdds_discovery_server-1]   Server Addresses:   UDPv4:[127.0.0.1]:11811
[component_supervisor_node-2] [WARN] [1791039817.186304346] [component_supervisor_node]: [component_supervisor] FastDDS SHM sweep (startup): found 35 fastrtps file(s) (22 still in use, 13 orphaned) -- removed 13/13 orphaned file(s). Sample removed: ['/dev/shm/fastrtps_89c79d2188191962', '/dev/shm/fastrtps_89c79d2188191962_el', '/dev/shm/fastrtps_port28667', '/dev/shm/fastrtps_port28669', '/dev/shm/fastrtps_port28671'].
[component_supervisor_node-2] [INFO] [1791039817.288173451] [component_supervisor_node]: [component_supervisor] Registry: ['behavior', 'calibrate_hardware', 'control', 'dev_tools', 'diagnostics', 'hardware', 'intelligence', 'lidar_front_wall', 'localization', 'navigation', 'obstacle_clearance', 'perception', 'slam', 'startup_sequence', 'swept_clearance', 'wall_distance']. Auto-starting: ['behavior', 'control', 'dev_tools', 'diagnostics', 'hardware', 'lidar_front_wall', 'localization', 'navigation', 'obstacle_clearance', 'perception', 'slam', 'swept_clearance', 'wall_distance']. Log dir: /home/andre/dev_ws/f1tenth_more/output/fix_batch_4/isolation/fresh/run_19/supervisor
[component_supervisor_node-2] [INFO] [1791039817.289673622] [component_supervisor_node]: [component_supervisor] Started 'localization': ros2 launch f1tenth_localization localization.launch.py (pid 533508, log: /home/andre/dev_ws/f1tenth_more/output/fix_batch_4/isolation/fresh/run_19/supervisor/f1tenth_localization_localization.launch.py.log)
[component_supervisor_node-2] [INFO] [1791039817.291555489] [component_supervisor_node]: [component_supervisor] Started 'slam': ros2 launch f1tenth_navigation slam.launch.py (pid 533509, log: /home/andre/dev_ws/f1tenth_more/output/fix_batch_4/isolation/fresh/run_19/supervisor/f1tenth_navigation_slam.launch.py.log)
[component_supervisor_node-2] [INFO] [1791039817.292634279] [component_supervisor_node]: [component_supervisor] Started 'slam': ros2 launch f1tenth_costmap costmap.launch.py (pid 533510, log: /home/andre/dev_ws/f1tenth_more/output/fix_batch_4/isolation/fresh/run_19/supervisor/f1tenth_costmap_costmap.launch.py.log)
[component_supervisor_node-2] [INFO] [1791039817.293623338] [component_supervisor_node]: [component_supervisor] Started 'lidar_front_wall': ros2 launch f1tenth_perception lidar_front_wall.launch.py (pid 533511, log: /home/andre/dev_ws/f1tenth_more/output/fix_batch_4/isolation/fresh/run_19/supervisor/f1tenth_perception_lidar_front_wall.launch.py.log)
[component_supervisor_node-2] [INFO] [1791039817.294808009] [component_supervisor_node]: [component_supervisor] Started 'obstacle_clearance': ros2 launch f1tenth_perception obstacle_clearance.launch.py (pid 533512, log: /home/andre/dev_ws/f1tenth_more/output/fix_batch_4/isolation/fresh/run_19/supervisor/f1tenth_perception_obstacle_clearance.launch.py.log)
[component_supervisor_node-2] [INFO] [1791039817.295764326] [component_supervisor_node]: [component_supervisor] Started 'swept_clearance': ros2 launch f1tenth_perception swept_clearance.launch.py (pid 533513, log: /home/andre/dev_ws/f1tenth_more/output/fix_batch_4/isolation/fresh/run_19/supervisor/f1tenth_perception_swept_clearance.launch.py.log)
[component_supervisor_node-2] [INFO] [1791039817.296663431] [component_supervisor_node]: [component_supervisor] Started 'behavior': ros2 launch f1tenth_behavior behavior_bringup.launch.py (pid 533514, log: /home/andre/dev_ws/f1tenth_more/output/fix_batch_4/isolation/fresh/run_19/supervisor/f1tenth_behavior_behavior_bringup.launch.py.log)
[component_supervisor_node-2] [INFO] [1791039817.297490212] [component_supervisor_node]: [component_supervisor] Started 'dev_tools': ros2 launch f1tenth_bringup foxglove_bridge.launch.py (pid 533515, log: /home/andre/dev_ws/f1tenth_more/output/fix_batch_4/isolation/fresh/run_19/supervisor/f1tenth_bringup_foxglove_bridge.launch.py.log)
[component_supervisor_node-2] [INFO] [1791039817.298603706] [component_supervisor_node]: [component_supervisor] Started 'navigation': ros2 launch f1tenth_navigation navigation.launch.py (pid 533516, log: /home/andre/dev_ws/f1tenth_more/output/fix_batch_4/isolation/fresh/run_19/supervisor/f1tenth_navigation_navigation.launch.py.log)
[component_supervisor_node-2] [INFO] [1791039817.299539746] [component_supervisor_node]: [component_supervisor] Started 'diagnostics': ros2 launch f1tenth_diagnostics system_observer.launch.py (pid 533517, log: /home/andre/dev_ws/f1tenth_more/output/fix_batch_4/isolation/fresh/run_19/supervisor/f1tenth_diagnostics_system_observer.launch.py.log)
[component_supervisor_node-2] [INFO] [1791039817.300212526] [component_supervisor_node]: [component_supervisor] Started 'diagnostics': ros2 launch f1tenth_diagnostics diagnostics_server.launch.py (pid 533518, log: /home/andre/dev_ws/f1tenth_more/output/fix_batch_4/isolation/fresh/run_19/supervisor/f1tenth_diagnostics_diagnostics_server.launch.py.log)
[component_supervisor_node-2] [INFO] [1791039817.301004186] [component_supervisor_node]: [component_supervisor] Started 'diagnostics': ros2 launch f1tenth_logger mission_logger.launch.py mission_logger_runs_dir:=/home/andre/dev_ws/f1tenth_more/output/fix_batch_4/isolation/fresh/run_19/runs (pid 533519, log: /home/andre/dev_ws/f1tenth_more/output/fix_batch_4/isolation/fresh/run_19/supervisor/f1tenth_logger_mission_logger.launch.py.log)
[component_supervisor_node-2] [INFO] [1791039817.302052143] [component_supervisor_node]: [component_supervisor] Started 'wall_distance': ros2 launch f1tenth_perception wall_distance.launch.py (pid 533520, log: /home/andre/dev_ws/f1tenth_more/output/fix_batch_4/isolation/fresh/run_19/supervisor/f1tenth_perception_wall_distance.launch.py.log)
[component_supervisor_node-2] [INFO] [1791039817.307026131] [component_supervisor_node]: [component_supervisor] Started 'control': ros2 launch f1tenth_control ackermann_mux.launch.py (pid 533521, log: /home/andre/dev_ws/f1tenth_more/output/fix_batch_4/isolation/fresh/run_19/supervisor/f1tenth_control_ackermann_mux.launch.py.log)
[WARNING] [launch]: user interrupted with ctrl-c (SIGINT)
[INFO] [component_supervisor_node-2]: sending signal 'SIGINT' to process[component_supervisor_node-2]
[INFO] [fastdds_discovery_server-1]: sending signal 'SIGINT' to process[fastdds_discovery_server-1]
[component_supervisor_node-2] [INFO] [1791039861.325571733] [component_supervisor_node]: [component_supervisor] Received signal 2 -- shutting down all tracked components.
[component_supervisor_node-2] [INFO] [1791039861.326378467] [component_supervisor_node]: [component_supervisor] Shutting down -- stopping all components.
[component_supervisor_node-2] [INFO] [1791039862.548179585] [component_supervisor_node]: [component_supervisor] 'localization' (localization.launch.py): clean SIGINT exit in 0.4s
[component_supervisor_node-2] [INFO] [1791039862.548951402] [component_supervisor_node]: [component_supervisor] 'slam' (costmap.launch.py): clean SIGINT exit in 0.4s
[component_supervisor_node-2] [INFO] [1791039862.549502968] [component_supervisor_node]: [component_supervisor] 'diagnostics' (system_observer.launch.py): clean SIGINT exit in 0.4s
[component_supervisor_node-2] [INFO] [1791039862.550038017] [component_supervisor_node]: [component_supervisor] 'diagnostics' (mission_logger.launch.py): clean SIGINT exit in 0.4s
[component_supervisor_node-2] [INFO] [1791039862.550595416] [component_supervisor_node]: [component_supervisor] 'control' (ackermann_mux.launch.py): clean SIGINT exit in 0.4s
[component_supervisor_node-2] [INFO] [1791039862.551144510] [component_supervisor_node]: [component_supervisor] 'behavior' (behavior_bringup.launch.py): clean SIGINT exit in 0.5s
[component_supervisor_node-2] [INFO] [1791039862.551682058] [component_supervisor_node]: [component_supervisor] 'navigation' (navigation.launch.py): clean SIGINT exit in 0.5s
[component_supervisor_node-2] [INFO] [1791039862.552213624] [component_supervisor_node]: [component_supervisor] 'diagnostics' (diagnostics_server.launch.py): clean SIGINT exit in 0.5s
[component_supervisor_node-2] [INFO] [1791039862.552753210] [component_supervisor_node]: [component_supervisor] 'dev_tools' (foxglove_bridge.launch.py): clean SIGINT exit in 0.6s
[component_supervisor_node-2] [INFO] [1791039862.553287618] [component_supervisor_node]: [component_supervisor] 'lidar_front_wall' (lidar_front_wall.launch.py): clean SIGINT exit in 0.7s
[component_supervisor_node-2] [INFO] [1791039862.553823268] [component_supervisor_node]: [component_supervisor] 'obstacle_clearance' (obstacle_clearance.launch.py): clean SIGINT exit in 0.7s
[component_supervisor_node-2] [INFO] [1791039862.554357066] [component_supervisor_node]: [component_supervisor] 'swept_clearance' (swept_clearance.launch.py): clean SIGINT exit in 0.7s
[component_supervisor_node-2] [INFO] [1791039862.554902410] [component_supervisor_node]: [component_supervisor] 'wall_distance' (wall_distance.launch.py): clean SIGINT exit in 0.8s
[component_supervisor_node-2] [INFO] [1791039862.555437171] [component_supervisor_node]: [component_supervisor] 'slam' (slam.launch.py): clean SIGINT exit in 1.2s
[component_supervisor_node-2] [WARN] [1791039862.598097799] [component_supervisor_node]: [component_supervisor] FastDDS SHM sweep (shutdown): found 146 fastrtps file(s) (28 still in use, 118 orphaned) -- removed 118/118 orphaned file(s). Sample removed: ['/dev/shm/fastrtps_3eb7b112ca559943_el', '/dev/shm/fastrtps_bf1dc66a8465b613_el', '/dev/shm/fastrtps_d4d695ecec343ef7_el', '/dev/shm/fastrtps_f77d5fc7f7a86e89_el', '/dev/shm/fastrtps_port28667'].
[INFO] [component_supervisor_node-2]: process has finished cleanly [pid 533468]
[ERROR] [fastdds_discovery_server-1]: process[fastdds_discovery_server-1] failed to terminate '5' seconds after receiving 'SIGINT', escalating to 'SIGTERM'
[INFO] [fastdds_discovery_server-1]: sending signal 'SIGTERM' to process[fastdds_discovery_server-1]
[ERROR] [fastdds_discovery_server-1]: process has died [pid 533467, exit code -15, cmd 'python3 /home/andre/dev_ws/f1tenth_more/install/f1tenth_bringup/share/f1tenth_bringup/scripts/ensure_discovery_server.py 127.0.0.1 11811'].
