[INFO] [launch]: All log files can be found below /home/andre/dev_ws/f1tenth_more/output/phase5/cycles/cycle_06/ros_log/2026-10-03-11-35-40-953767-thor-378790
[INFO] [launch]: Default logging verbosity is set to INFO
[INFO] [taskset-1]: process started with pid [378845]
[taskset-1] [INFO] [1791020144.945808913] [swept_clearance_node]: swept_clearance_node up: lidar /scan, depth /zed2/zed_node/depth/depth_registered; steering /ackermann_drive as lagged_command (lag 0.30 s) -> /perception/swept_clearance
[taskset-1] [WARN] [1791020144.952965776] [swept_clearance_node]: every clearance sensor is stale (lidar never received, camera never received); publishing 0.0
[taskset-1] [WARN] [1791020146.978471896] [swept_clearance_node]: every clearance sensor is stale (lidar never received, camera never received); publishing 0.0
[taskset-1] [WARN] [1791020148.979391590] [swept_clearance_node]: every clearance sensor is stale (lidar never received, camera never received); publishing 0.0
[taskset-1] [WARN] [1791020151.028625748] [swept_clearance_node]: every clearance sensor is stale (lidar never received, camera never received); publishing 0.0
[taskset-1] [WARN] [1791020153.028770225] [swept_clearance_node]: every clearance sensor is stale (lidar never received, camera never received); publishing 0.0
[taskset-1] [WARN] [1791020155.079182053] [swept_clearance_node]: every clearance sensor is stale (lidar never received, camera never received); publishing 0.0
[taskset-1] [WARN] [1791020157.128544267] [swept_clearance_node]: every clearance sensor is stale (lidar never received, camera never received); publishing 0.0
[taskset-1] [WARN] [1791020159.128552043] [swept_clearance_node]: every clearance sensor is stale (lidar never received, camera never received); publishing 0.0
[taskset-1] [WARN] [1791020161.128707785] [swept_clearance_node]: every clearance sensor is stale (lidar never received, camera never received); publishing 0.0
[taskset-1] [WARN] [1791020163.178771077] [swept_clearance_node]: every clearance sensor is stale (lidar never received, camera never received); publishing 0.0
[taskset-1] [INFO] [1791020164.951907406] [swept_clearance_node]: base_link <- laser: t=(0.120, 0.000, 0.200) m
[taskset-1] [WARN] [1791020164.986379903] [swept_clearance_node]: ignoring stale clearance sensor (camera never received)
[taskset-1] [WARN] [1791020167.028191920] [swept_clearance_node]: ignoring stale clearance sensor (camera never received)
[taskset-1] [WARN] [1791020169.032042303] [swept_clearance_node]: ignoring stale clearance sensor (camera never received)
[taskset-1] [WARN] [1791020171.083576576] [swept_clearance_node]: ignoring stale clearance sensor (camera never received)
[taskset-1] [WARN] [1791020173.128188346] [swept_clearance_node]: ignoring stale clearance sensor (camera never received)
[taskset-1] [WARN] [1791020175.128213247] [swept_clearance_node]: ignoring stale clearance sensor (camera never received)
[taskset-1] [WARN] [1791020177.178793532] [swept_clearance_node]: ignoring stale clearance sensor (camera never received)
[taskset-1] [WARN] [1791020179.228305854] [swept_clearance_node]: ignoring stale clearance sensor (camera never received)
[taskset-1] [WARN] [1791020181.228677152] [swept_clearance_node]: ignoring stale clearance sensor (camera never received)
[taskset-1] [WARN] [1791020181.928605753] [swept_clearance_node]: every clearance sensor is stale (lidar 0.26 s old, camera never received); publishing 0.0
[WARNING] [launch]: user interrupted with ctrl-c (SIGINT)
[INFO] [taskset-1]: sending signal 'SIGINT' to process[taskset-1]
[taskset-1] Traceback (most recent call last):
[taskset-1]   File "/home/andre/dev_ws/f1tenth_more/install/f1tenth_perception/lib/f1tenth_perception/swept_clearance_node", line 33, in <module>
[taskset-1]     sys.exit(load_entry_point('f1tenth-perception', 'console_scripts', 'swept_clearance_node')())
[taskset-1]              ^^^^^^^^^^^^^^^^^^^^^^^^^^^^^^^^^^^^^^^^^^^^^^^^^^^^^^^^^^^^^^^^^^^^^^^^^^^^^^^^^^^
[taskset-1]   File "/home/andre/dev_ws/f1tenth_more/build/f1tenth_perception/f1tenth_perception/swept_clearance_node.py", line 317, in main
[taskset-1]     node.destroy_node()
[taskset-1]   File "/opt/ros/jazzy/lib/python3.12/site-packages/rclpy/node.py", line 1956, in destroy_node
[taskset-1]     self.destroy_publisher(self._publishers[0])
[taskset-1]   File "/opt/ros/jazzy/lib/python3.12/site-packages/rclpy/node.py", line 1836, in destroy_publisher
[taskset-1]     publisher.destroy()
[taskset-1]   File "/opt/ros/jazzy/lib/python3.12/site-packages/rclpy/publisher.py", line 105, in destroy
[taskset-1]     self.__publisher.destroy_when_not_in_use()
[taskset-1] KeyboardInterrupt
[ERROR] [taskset-1]: process has died [pid 378845, exit code -2, cmd 'taskset -c 5 /home/andre/dev_ws/f1tenth_more/install/f1tenth_perception/lib/f1tenth_perception/swept_clearance_node --ros-args -r __node:=swept_clearance_node --params-file /tmp/launch_params_5yyg8p1p'].
