[INFO] [launch]: All log files can be found below /home/andre/dev_ws/f1tenth_more/output/phase5/cycles/cycle_06/ros_log/2026-10-03-11-35-40-923876-thor-378789
[INFO] [launch]: Default logging verbosity is set to INFO
[INFO] [taskset-1]: process started with pid [378837]
[INFO] [throttle-2]: process started with pid [378838]
[INFO] [throttle-3]: process started with pid [378839]
[taskset-1] [INFO] [1791020141.232882820] [foxglove_bridge]: Starting foxglove_bridge (jazzy, 3.5.0@)
[taskset-1] [2026-10-03T09:35:41Z INFO  foxglove::websocket::server] Started server on 0.0.0.0:8765
[taskset-1] [INFO] [1791020141.234362040] [foxglove_bridge]: Server listening on port 8765
[taskset-1] [INFO] [1791020141.238572287] [foxglove_bridge]: Advertising new channel 2 for topic "/rosout"
[taskset-1] [INFO] [1791020141.239277175] [foxglove_bridge]: Advertising new channel 3 for topic "/parameter_events"
[taskset-1] [INFO] [1791020142.254938703] [foxglove_bridge]: Advertising new channel 4 for topic "/slam/pose_calibrated"
[taskset-1] [INFO] [1791020142.255096461] [foxglove_bridge]: Advertising new channel 5 for topic "/set_pose"
[taskset-1] [INFO] [1791020142.255895683] [foxglove_bridge]: Advertising new channel 6 for topic "/slam_toolbox/transition_event"
[taskset-1] [INFO] [1791020142.256390460] [foxglove_bridge]: Advertising new channel 7 for topic "/safety_stop"
[taskset-1] [INFO] [1791020142.256405747] [foxglove_bridge]: Advertising new channel 8 for topic "/teleop"
[taskset-1] [INFO] [1791020142.256619617] [foxglove_bridge]: Advertising new channel 9 for topic "/robot_description"
[taskset-1] [INFO] [1791020142.257475052] [foxglove_bridge]: Advertising new channel 10 for topic "/odometry/filtered"
[taskset-1] [INFO] [1791020142.257492579] [foxglove_bridge]: Advertising new channel 11 for topic "/odom"
[taskset-1] [INFO] [1791020142.257776616] [foxglove_bridge]: Advertising new channel 12 for topic "/joint_states"
[taskset-1] [INFO] [1791020142.257787700] [foxglove_bridge]: Advertising new channel 13 for topic "/ekf_global/set_pose"
[taskset-1] [INFO] [1791020142.258424134] [foxglove_bridge]: Advertising new channel 14 for topic "/tf_static"
[taskset-1] [INFO] [1791020142.258444782] [foxglove_bridge]: Advertising new channel 15 for topic "/ekf_global/odometry/filtered"
[taskset-1] [INFO] [1791020142.265252842] [foxglove_bridge]: Advertising new channel 16 for topic "/sensors/imu/raw"
[taskset-1] [INFO] [1791020142.265411517] [foxglove_bridge]: Advertising new channel 17 for topic "/map_server/transition_event"
[taskset-1] [INFO] [1791020142.265431832] [foxglove_bridge]: Advertising new channel 18 for topic "/drive"
[taskset-1] [INFO] [1791020142.265442656] [foxglove_bridge]: Advertising new channel 19 for topic "/tf"
[taskset-1] [INFO] [1791020142.270480105] [foxglove_bridge]: Advertising new channel 20 for topic "/diagnostics"
[taskset-1] [INFO] [1791020142.270665883] [foxglove_bridge]: Advertising new channel 21 for topic "/calibration_drive"
[taskset-1] [INFO] [1791020142.270693652] [foxglove_bridge]: Advertising new channel 22 for topic "/ackermann_drive"
[taskset-1] [INFO] [1791020143.062123005] [foxglove_bridge]: Advertising new channel 23 for topic "/slam_toolbox/update"
[taskset-1] [INFO] [1791020143.062248921] [foxglove_bridge]: Advertising new channel 24 for topic "/slam/pose"
[taskset-1] [INFO] [1791020143.062789745] [foxglove_bridge]: Advertising new channel 25 for topic "/slam/map"
[taskset-1] [INFO] [1791020143.063092587] [foxglove_bridge]: Advertising new channel 26 for topic "/slam_toolbox/scan_visualization"
[taskset-1] [INFO] [1791020143.063542522] [foxglove_bridge]: Advertising new channel 27 for topic "/sensors/core"
[taskset-1] [INFO] [1791020143.063557652] [foxglove_bridge]: Advertising new channel 28 for topic "/scan"
[taskset-1] [INFO] [1791020143.063813078] [foxglove_bridge]: Advertising new channel 29 for topic "/slam/map_metadata"
[taskset-1] [INFO] [1791020143.064060531] [foxglove_bridge]: Advertising new channel 30 for topic "/mpc/corridor_markers"
[taskset-1] [INFO] [1791020143.064329947] [foxglove_bridge]: Advertising new channel 31 for topic "/slam_toolbox/feedback"
[taskset-1] [INFO] [1791020143.064343632] [foxglove_bridge]: Advertising new channel 32 for topic "/map"
[taskset-1] [INFO] [1791020143.064358318] [foxglove_bridge]: Advertising new channel 33 for topic "/slam_toolbox/graph_visualization"
[taskset-1] [INFO] [1791020143.064672410] [foxglove_bridge]: Advertising new channel 34 for topic "/diagnostics/battery_status"
[taskset-1] [INFO] [1791020143.064944455] [foxglove_bridge]: Advertising new channel 35 for topic "/costmap/visualization"
[taskset-1] [INFO] [1791020143.064961743] [foxglove_bridge]: Advertising new channel 36 for topic "/costmap/semantic_markers"
[taskset-1] [INFO] [1791020143.064973428] [foxglove_bridge]: Advertising new channel 37 for topic "/costmap/safe_corridor_report"
[taskset-1] [INFO] [1791020143.065234381] [foxglove_bridge]: Advertising new channel 38 for topic "/diagnostics/system_status"
[taskset-1] [INFO] [1791020143.065469437] [foxglove_bridge]: Advertising new channel 39 for topic "/costmap/front_clearance"
[taskset-1] [INFO] [1791020143.066020269] [foxglove_bridge]: Advertising new channel 40 for topic "/costmap/boundaries"
[taskset-1] [INFO] [1791020143.066313640] [foxglove_bridge]: Advertising new channel 41 for topic "/cmd_vel_nav"
[taskset-1] [INFO] [1791020143.066551751] [foxglove_bridge]: Advertising new channel 42 for topic "/calibration/in_progress"
[taskset-1] [INFO] [1791020143.066825519] [foxglove_bridge]: Advertising new channel 43 for topic "/bond"
[taskset-1] [INFO] [1791020143.067092416] [foxglove_bridge]: Advertising new channel 44 for topic "/mission/status"
[taskset-1] [INFO] [1791020143.863290658] [foxglove_bridge]: Advertising new channel 45 for topic "/test_campaign/logger_status"
[taskset-1] [INFO] [1791020143.864506573] [foxglove_bridge]: Advertising new channel 46 for topic "/perception/obstacles_2d"
[taskset-1] [INFO] [1791020143.864542935] [foxglove_bridge]: Advertising new channel 47 for topic "/perception/d_wall/psi_correction"
[taskset-1] [INFO] [1791020143.864559675] [foxglove_bridge]: Advertising new channel 48 for topic "/mpc/status"
[taskset-1] [INFO] [1791020143.864573231] [foxglove_bridge]: Advertising new channel 49 for topic "/mpc/predicted_min_clearance"
[taskset-1] [INFO] [1791020143.865035092] [foxglove_bridge]: Advertising new channel 50 for topic "/mpc/object_status"
[taskset-1] [INFO] [1791020143.865321146] [foxglove_bridge]: Advertising new channel 51 for topic "/mpc/goal_turn"
[taskset-1] [INFO] [1791020143.865613832] [foxglove_bridge]: Advertising new channel 52 for topic "/mpc/wall_track"
[taskset-1] [INFO] [1791020143.865628702] [foxglove_bridge]: Advertising new channel 53 for topic "/mpc/goal_reached"
[taskset-1] [INFO] [1791020143.865640813] [foxglove_bridge]: Advertising new channel 54 for topic "/mpc/goal_object_end"
[taskset-1] [INFO] [1791020143.866000313] [foxglove_bridge]: Advertising new channel 55 for topic "/mpc/goal_object"
[taskset-1] [INFO] [1791020143.866314887] [foxglove_bridge]: Advertising new channel 56 for topic "/mpc/goal_drive"
[taskset-1] [INFO] [1791020143.866600590] [foxglove_bridge]: Advertising new channel 57 for topic "/mpc/drive_clamp"
[taskset-1] [INFO] [1791020143.866624553] [foxglove_bridge]: Advertising new channel 58 for topic "/model/virtual_robot/odometry"
[taskset-1] [INFO] [1791020143.866647331] [foxglove_bridge]: Advertising new channel 59 for topic "/imu"
[taskset-1] [INFO] [1791020143.866975395] [foxglove_bridge]: Advertising new channel 60 for topic "/mpc/goal_pose"
[taskset-1] [INFO] [1791020143.866990923] [foxglove_bridge]: Advertising new channel 61 for topic "/mpc/goal_distance"
[taskset-1] [INFO] [1791020143.867011868] [foxglove_bridge]: Advertising new channel 62 for topic "/mpc/min_obstacle_distance"
[taskset-1] [INFO] [1791020143.867026257] [foxglove_bridge]: Advertising new channel 63 for topic "/mpc/hold"
[taskset-1] [INFO] [1791020143.868243441] [foxglove_bridge]: Advertising new channel 64 for topic "/costmap/semantic_tracks"
[taskset-1] [INFO] [1791020143.868272117] [foxglove_bridge]: Advertising new channel 65 for topic "/corridor"
[taskset-1] [INFO] [1791020143.868286876] [foxglove_bridge]: Advertising new channel 66 for topic "/mpc/min_obstacle_distance_forward"
[taskset-1] [INFO] [1791020143.868648820] [foxglove_bridge]: Advertising new channel 67 for topic "/mpc/solver_status"
[taskset-1] [INFO] [1791020143.868666681] [foxglove_bridge]: Advertising new channel 68 for topic "/camera/detections_3d"
[taskset-1] [INFO] [1791020143.868686311] [foxglove_bridge]: Advertising new channel 69 for topic "/perception/front_distance"
[taskset-1] [INFO] [1791020144.467832770] [foxglove_bridge]: Advertising new channel 70 for topic "/test/mission_event"
[taskset-1] [INFO] [1791020144.468059408] [foxglove_bridge]: Advertising new channel 71 for topic "/mission/load_path"
[taskset-1] [INFO] [1791020144.468099455] [foxglove_bridge]: Advertising new channel 72 for topic "/safety/event"
[taskset-1] [INFO] [1791020144.468958760] [foxglove_bridge]: Advertising new channel 73 for topic "/mission/move_outcome"
[taskset-1] [INFO] [1791020144.470214713] [foxglove_bridge]: Advertising new channel 74 for topic "/camera/detections"
[taskset-1] [INFO] [1791020144.470656156] [foxglove_bridge]: Advertising new channel 75 for topic "/bt/tree_visualization"
[taskset-1] [INFO] [1791020144.470994027] [foxglove_bridge]: Advertising new channel 76 for topic "/behavior/tree_status"
[taskset-1] [INFO] [1791020145.585734798] [foxglove_bridge]: Advertising new channel 77 for topic "/perception/swept_clearance/lidar"
[taskset-1] [INFO] [1791020145.585981613] [foxglove_bridge]: Advertising new channel 78 for topic "/perception/swept_clearance/camera"
[taskset-1] [INFO] [1791020145.586036260] [foxglove_bridge]: Advertising new channel 79 for topic "/zed2/zed_node/depth/depth_registered"
[taskset-1] [INFO] [1791020145.586966843] [foxglove_bridge]: Advertising new channel 80 for topic "/perception/lidar_front_wall"
[taskset-1] [INFO] [1791020145.587011751] [foxglove_bridge]: Advertising new channel 81 for topic "/perception/d_wall/swept_arc"
[taskset-1] [INFO] [1791020145.587033621] [foxglove_bridge]: Advertising new channel 82 for topic "/perception/swept_clearance"
[taskset-1] [INFO] [1791020145.587475805] [foxglove_bridge]: Advertising new channel 83 for topic "/perception/d_wall/segment"
[taskset-1] [INFO] [1791020145.587507777] [foxglove_bridge]: Advertising new channel 84 for topic "/perception/d_wall/gate_margin"
[taskset-1] [INFO] [1791020145.587969407] [foxglove_bridge]: Advertising new channel 85 for topic "/perception/d_wall"
[taskset-1] [INFO] [1791020145.587999944] [foxglove_bridge]: Advertising new channel 86 for topic "/obstacle_clearance"
[taskset-1] [INFO] [1791020145.591997977] [foxglove_bridge]: Advertising new channel 87 for topic "/zed2/zed_node/depth/camera_info"
[taskset-1] [INFO] [1791020145.592298736] [foxglove_bridge]: Advertising new channel 88 for topic "/perception/swept_clearance/steering"
[taskset-1] [INFO] [1791020145.592703911] [foxglove_bridge]: Advertising new channel 89 for topic "/perception/lidar_front_wall_virtual"
[WARNING] [launch]: user interrupted with ctrl-c (SIGINT)
[INFO] [throttle-3]: sending signal 'SIGINT' to process[throttle-3]
[INFO] [throttle-2]: sending signal 'SIGINT' to process[throttle-2]
[INFO] [taskset-1]: sending signal 'SIGINT' to process[taskset-1]
[taskset-1] [INFO] [1791020182.557137912] [rclcpp]: signal_handler(SIGINT/SIGTERM)
[throttle-3] [INFO] [1791020182.560233983] [rclcpp]: signal_handler(SIGINT/SIGTERM)
[throttle-2] [INFO] [1791020182.562725185] [rclcpp]: signal_handler(SIGINT/SIGTERM)
[taskset-1] [INFO] [1791020182.580363743] [rclcpp]: signal_handler(SIGINT/SIGTERM)
[taskset-1] [INFO] [1791020182.581084400] [foxglove_bridge]: Shutting down foxglove_bridge
[taskset-1] [2026-10-03T09:36:22Z INFO  foxglove::websocket::server] Shutting down
[taskset-1] [2026-10-03T09:36:22Z INFO  foxglove::websocket::server] Shutdown complete
[taskset-1] [INFO] [1791020182.584600674] [foxglove_bridge]: Shutdown complete
[ERROR] [throttle-3]: process has died [pid 378839, exit code -2, cmd '/opt/ros/jazzy/lib/topic_tools/throttle messages /camera/image_annotated 5.0 /camera/image_annotated/viz --ros-args -r __node:=image_annotated_viz_throttle'].
[ERROR] [throttle-2]: process has died [pid 378838, exit code -2, cmd '/opt/ros/jazzy/lib/topic_tools/throttle messages /camera/image_raw 5.0 /camera/image_raw/viz --ros-args -r __node:=image_raw_viz_throttle'].
[INFO] [taskset-1]: process has finished cleanly [pid 378837]
