[INFO] [launch]: All log files can be found below /home/andre/dev_ws/f1tenth_more/output/fix_batch_4/isolation/baseline/run_12/ros_log/2026-10-03-16-29-14-994657-thor-470027
[INFO] [launch]: Default logging verbosity is set to INFO
[INFO] [taskset-1]: process started with pid [470086]
[INFO] [map_server-2]: process started with pid [470087]
[INFO] [lifecycle_manager-3]: process started with pid [470088]
[lifecycle_manager-3] [INFO] [1791037755.383011037] [lifecycle_manager_map]: Creating
[lifecycle_manager-3] [INFO] [1791037755.394785975] [lifecycle_manager_map]: [34m[1mCreating and initializing lifecycle service clients[0m[0m
[map_server-2] [INFO] [1791037755.441773592] [map_server]: 
[map_server-2] 	map_server lifecycle node launched. 
[map_server-2] 	Waiting on external lifecycle transitions to activate
[map_server-2] 	See https://design.ros2.org/articles/node_lifecycle.html for more information.
[map_server-2] [INFO] [1791037755.442007000] [map_server]: Creating
[lifecycle_manager-3] [INFO] [1791037756.712572659] [lifecycle_manager_map]: [34m[1mStarting managed nodes bringup...[0m[0m
[lifecycle_manager-3] [INFO] [1791037756.712754891] [lifecycle_manager_map]: [34m[1mConfiguring map_server[0m[0m
[map_server-2] [INFO] [1791037756.715706551] [map_server]: Configuring
[map_server-2] [INFO] [1791037756.715915729] [map_io]: Loading yaml file: /home/andre/dev_ws/f1tenth_more/install/f1tenth_navigation/share/f1tenth_navigation/maps/square_100m.yaml
[map_server-2] [INFO] [1791037756.716461076] [map_io]: resolution: 0.05
[map_server-2] [INFO] [1791037756.716477594] [map_io]: origin[0]: -50
[map_server-2] [INFO] [1791037756.716481159] [map_io]: origin[1]: -50
[map_server-2] [INFO] [1791037756.716483604] [map_io]: origin[2]: 0
[map_server-2] [INFO] [1791037756.716486668] [map_io]: free_thresh: 0.196
[map_server-2] [INFO] [1791037756.716489594] [map_io]: occupied_thresh: 0.65
[map_server-2] [INFO] [1791037756.716496039] [map_io]: mode: trinary
[map_server-2] [INFO] [1791037756.716500909] [map_io]: negate: 0
[map_server-2] [INFO] [1791037756.716922283] [map_io]: Loading image_file: /home/andre/dev_ws/f1tenth_more/install/f1tenth_navigation/share/f1tenth_navigation/maps/square_100m.pgm
[map_server-2] [INFO] [1791037756.777839612] [map_io]: Read map /home/andre/dev_ws/f1tenth_more/install/f1tenth_navigation/share/f1tenth_navigation/maps/square_100m.pgm: 2000 X 2000 map @ 0.05 m/cell
[lifecycle_manager-3] [INFO] [1791037756.795074792] [lifecycle_manager_map]: [34m[1mActivating map_server[0m[0m
[map_server-2] [INFO] [1791037756.796357301] [map_server]: Activating
[map_server-2] [INFO] [1791037756.799318109] [map_server]: Creating bond (map_server) to lifecycle manager.
[taskset-1] [INFO] [1791037756.967318888] [mpc_corr]: OBJECT CORRIDOR | startup: object_corridor_mode='off' (straight corridor pinned to the target line) -- the default
[taskset-1] [INFO] [1791037756.972732121] [mpc_corr]: model log -> "/home/andre/dev_ws/f1tenth_more/mpc_log.csv" (t,x,y,psi,v,steer_cmd,accel_cmd; see docs/DIAGNOSTICS.md)
[taskset-1] [INFO] [1791037756.982770860] [mpc_corr]: corridor_log_path = "/home/andre/dev_ws/f1tenth_more/src/f1tenth_control/corridors_jsons/corridor_debug_20261003T162916.jsonl"
[lifecycle_manager-3] [INFO] [1791037757.009878464] [lifecycle_manager_map]: Server map_server connected with bond.
[lifecycle_manager-3] [INFO] [1791037757.010091669] [lifecycle_manager_map]: [34m[1mManaged nodes are active[0m[0m
[lifecycle_manager-3] [INFO] [1791037757.010116188] [lifecycle_manager_map]: [34m[1mCreating bond timer...[0m[0m
[taskset-1] [INFO] [1791037757.016980904] [mpc_corr]: MPC Controller STARTED (pure MPC + obstacle avoidance [fixed deflection + predicted clearance], no plan executor)
[taskset-1] [INFO] [1791037757.018579508] [mpc_corr]: CFG | ts=0.1 N=20 vdes=0.5 dmin=0.32 wheel_radius=0.05 car_radius=0.2 avoidance_margin=0.12
[taskset-1] [INFO] [1791037757.020067649] [mpc_corr]: CFG | limits={'delta_min': -0.283, 'delta_max': 0.278, 'a_min': -2.0, 'a_max': 3.0, 'dDeltaMin': -0.5, 'dDeltaMax': 0.5, 'dAMin': -2.0, 'dAMax': 2.0, 'vMin': -1.0, 'vMax': 3.0}
[taskset-1] [INFO] [1791037757.021547724] [mpc_corr]: CFG | weights={'w_term': 9.0, 'w_v': 4.2857, 'w_psi': 4.5, 'w_u_a': 0.0, 'w_du_delta': 8.33, 'w_du_a': 0.0, 'w_delta0': 0.0, 'w_obs': 8.0, 'w_corr': 3.5714, 'w_line': 1.1662, 'w_psi_stage': 4.7736}
[taskset-1] [INFO] [1791037757.023024975] [mpc_corr]: CFG | params={'L': 0.305, 'lr': 0.17}
[taskset-1] [INFO] [1791037757.117189413] [mpc_corr]: ODOMSEL | src=None hw_age=infs sim_age=infs timeout=0.500s
[taskset-1] [WARN] [1791037757.117875687] [mpc_corr]: ODOM non disponibile: stato ancora None
[taskset-1] [INFO] [1791037757.118656785] [mpc_corr]: PUB /drive | speed=+0.0000 steer=+0.0000 subs=0
[taskset-1] [WARN] [1791037757.119024844] [mpc_corr]: PUB /drive | nessun subscriber: il comando non raggiunge il VESC.
[taskset-1] [WARN] [1791037757.218105641] [mpc_corr]: ODOM non disponibile: stato ancora None
[taskset-1] [WARN] [1791037757.317246476] [mpc_corr]: ODOM non disponibile: stato ancora None
[taskset-1] [WARN] [1791037757.418089508] [mpc_corr]: ODOM non disponibile: stato ancora None
[taskset-1] [WARN] [1791037757.518006423] [mpc_corr]: ODOM non disponibile: stato ancora None
[taskset-1] [WARN] [1791037757.617792495] [mpc_corr]: ODOM non disponibile: stato ancora None
[taskset-1] [WARN] [1791037757.717717862] [mpc_corr]: ODOM non disponibile: stato ancora None
[taskset-1] [WARN] [1791037757.788666574] [mpc_corr]: BOUNDARY/costmap ricevuto ma stato ancora None: frame scartato.
[taskset-1] [WARN] [1791037757.816633414] [mpc_corr]: ODOM non disponibile: stato ancora None
[taskset-1] [WARN] [1791037757.916832414] [mpc_corr]: ODOM non disponibile: stato ancora None
[taskset-1] [WARN] [1791037758.016900839] [mpc_corr]: ODOM non disponibile: stato ancora None
[taskset-1] [WARN] [1791037758.116782271] [mpc_corr]: ODOM non disponibile: stato ancora None
[taskset-1] [WARN] [1791037758.183831633] [mpc_corr]: JOINT | giunti sterzo non trovati in /joint_states: ['left_rear_wheel_joint', 'right_rear_wheel_joint', 'left_steering_hinge_joint', 'right_steering_hinge_joint', 'left_front_wheel_joint', 'right_front_wheel_joint']
[taskset-1] [WARN] [1791037758.216454552] [mpc_corr]: ODOM non disponibile: stato ancora None
[taskset-1] [INFO] [1791037758.217274169] [mpc_corr]: PUB /drive | speed=+0.0000 steer=+0.0000 subs=1
[taskset-1] [WARN] [1791037758.317164740] [mpc_corr]: ODOM non disponibile: stato ancora None
[taskset-1] [WARN] [1791037758.417318341] [mpc_corr]: ODOM non disponibile: stato ancora None
[taskset-1] [WARN] [1791037758.517462709] [mpc_corr]: ODOM non disponibile: stato ancora None
[taskset-1] [WARN] [1791037758.616493792] [mpc_corr]: ODOM non disponibile: stato ancora None
[taskset-1] [WARN] [1791037758.716434808] [mpc_corr]: ODOM non disponibile: stato ancora None
[taskset-1] [WARN] [1791037758.816687074] [mpc_corr]: ODOM non disponibile: stato ancora None
[taskset-1] [WARN] [1791037758.917395314] [mpc_corr]: ODOM non disponibile: stato ancora None
[taskset-1] [WARN] [1791037759.017498681] [mpc_corr]: ODOM non disponibile: stato ancora None
[taskset-1] [WARN] [1791037759.117491279] [mpc_corr]: ODOM non disponibile: stato ancora None
[taskset-1] [INFO] [1791037759.216445730] [mpc_corr]: ODOMSEL | src=None hw_age=infs sim_age=infs timeout=0.500s
[taskset-1] [WARN] [1791037759.217507007] [mpc_corr]: ODOM non disponibile: stato ancora None
[taskset-1] [INFO] [1791037759.218621913] [mpc_corr]: PUB /drive | speed=+0.0000 steer=+0.0000 subs=1
[taskset-1] [WARN] [1791037759.317320483] [mpc_corr]: ODOM non disponibile: stato ancora None
[taskset-1] [WARN] [1791037759.418365708] [mpc_corr]: ODOM non disponibile: stato ancora None
[taskset-1] [WARN] [1791037759.517395512] [mpc_corr]: ODOM non disponibile: stato ancora None
[taskset-1] [WARN] [1791037759.617299637] [mpc_corr]: ODOM non disponibile: stato ancora None
[taskset-1] [WARN] [1791037759.717809090] [mpc_corr]: ODOM non disponibile: stato ancora None
[taskset-1] [WARN] [1791037759.818176394] [mpc_corr]: ODOM non disponibile: stato ancora None
[taskset-1] [WARN] [1791037759.917662396] [mpc_corr]: ODOM non disponibile: stato ancora None
[taskset-1] [WARN] [1791037760.017441997] [mpc_corr]: ODOM non disponibile: stato ancora None
[taskset-1] [WARN] [1791037760.117630112] [mpc_corr]: ODOM non disponibile: stato ancora None
[taskset-1] [WARN] [1791037760.217685542] [mpc_corr]: ODOM non disponibile: stato ancora None
[taskset-1] [INFO] [1791037760.218969709] [mpc_corr]: PUB /drive | speed=+0.0000 steer=+0.0000 subs=1
[taskset-1] [WARN] [1791037760.317588758] [mpc_corr]: ODOM non disponibile: stato ancora None
[taskset-1] [WARN] [1791037760.417747347] [mpc_corr]: ODOM non disponibile: stato ancora None
[taskset-1] [WARN] [1791037760.517515469] [mpc_corr]: ODOM non disponibile: stato ancora None
[taskset-1] [WARN] [1791037760.617574270] [mpc_corr]: ODOM non disponibile: stato ancora None
[taskset-1] [WARN] [1791037760.717527699] [mpc_corr]: ODOM non disponibile: stato ancora None
[taskset-1] [WARN] [1791037760.817500545] [mpc_corr]: ODOM non disponibile: stato ancora None
[taskset-1] [WARN] [1791037760.917518706] [mpc_corr]: ODOM non disponibile: stato ancora None
[taskset-1] [WARN] [1791037761.017515941] [mpc_corr]: ODOM non disponibile: stato ancora None
[taskset-1] [WARN] [1791037761.117509681] [mpc_corr]: ODOM non disponibile: stato ancora None
[taskset-1] [INFO] [1791037761.216653332] [mpc_corr]: ODOMSEL | src=None hw_age=infs sim_age=infs timeout=0.500s
[taskset-1] [WARN] [1791037761.217846998] [mpc_corr]: ODOM non disponibile: stato ancora None
[taskset-1] [INFO] [1791037761.219046386] [mpc_corr]: PUB /drive | speed=+0.0000 steer=+0.0000 subs=1
[taskset-1] [WARN] [1791037761.317603110] [mpc_corr]: ODOM non disponibile: stato ancora None
[taskset-1] [WARN] [1791037761.417490824] [mpc_corr]: ODOM non disponibile: stato ancora None
[taskset-1] [WARN] [1791037761.517437641] [mpc_corr]: ODOM non disponibile: stato ancora None
[taskset-1] [WARN] [1791037761.617529663] [mpc_corr]: ODOM non disponibile: stato ancora None
[taskset-1] [WARN] [1791037761.717533988] [mpc_corr]: ODOM non disponibile: stato ancora None
[taskset-1] [WARN] [1791037761.817537075] [mpc_corr]: ODOM non disponibile: stato ancora None
[taskset-1] [WARN] [1791037761.917538058] [mpc_corr]: ODOM non disponibile: stato ancora None
[taskset-1] [WARN] [1791037762.017525653] [mpc_corr]: ODOM non disponibile: stato ancora None
[taskset-1] [WARN] [1791037762.117489987] [mpc_corr]: ODOM non disponibile: stato ancora None
[taskset-1] [WARN] [1791037762.217583403] [mpc_corr]: ODOM non disponibile: stato ancora None
[taskset-1] [WARN] [1791037762.317525521] [mpc_corr]: ODOM non disponibile: stato ancora None
[taskset-1] [INFO] [1791037762.318691021] [mpc_corr]: PUB /drive | speed=+0.0000 steer=+0.0000 subs=1
[taskset-1] [WARN] [1791037762.417511197] [mpc_corr]: ODOM non disponibile: stato ancora None
[taskset-1] [WARN] [1791037762.517469847] [mpc_corr]: ODOM non disponibile: stato ancora None
[taskset-1] [WARN] [1791037762.617531847] [mpc_corr]: ODOM non disponibile: stato ancora None
[taskset-1] [WARN] [1791037762.717610174] [mpc_corr]: ODOM non disponibile: stato ancora None
[taskset-1] [WARN] [1791037762.809250652] [mpc_corr]: BOUNDARY/costmap ricevuto ma stato ancora None: frame scartato.
[taskset-1] [WARN] [1791037762.817431118] [mpc_corr]: ODOM non disponibile: stato ancora None
[taskset-1] [WARN] [1791037762.917483647] [mpc_corr]: ODOM non disponibile: stato ancora None
[taskset-1] [WARN] [1791037763.017437000] [mpc_corr]: ODOM non disponibile: stato ancora None
[taskset-1] [WARN] [1791037763.117497221] [mpc_corr]: ODOM non disponibile: stato ancora None
[taskset-1] [WARN] [1791037763.217422238] [mpc_corr]: ODOM non disponibile: stato ancora None
[taskset-1] [WARN] [1791037763.284770487] [mpc_corr]: JOINT | giunti sterzo non trovati in /joint_states: ['left_rear_wheel_joint', 'right_rear_wheel_joint', 'left_steering_hinge_joint', 'right_steering_hinge_joint', 'left_front_wheel_joint', 'right_front_wheel_joint']
[taskset-1] [INFO] [1791037763.316508537] [mpc_corr]: ODOMSEL | src=None hw_age=infs sim_age=infs timeout=0.500s
[taskset-1] [WARN] [1791037763.317569683] [mpc_corr]: ODOM non disponibile: stato ancora None
[taskset-1] [INFO] [1791037763.318730479] [mpc_corr]: PUB /drive | speed=+0.0000 steer=+0.0000 subs=1
[taskset-1] [WARN] [1791037763.417537085] [mpc_corr]: ODOM non disponibile: stato ancora None
[taskset-1] [WARN] [1791037763.517464103] [mpc_corr]: ODOM non disponibile: stato ancora None
[taskset-1] [WARN] [1791037763.617686631] [mpc_corr]: ODOM non disponibile: stato ancora None
[taskset-1] [WARN] [1791037763.717486287] [mpc_corr]: ODOM non disponibile: stato ancora None
[taskset-1] [WARN] [1791037763.817450175] [mpc_corr]: ODOM non disponibile: stato ancora None
[taskset-1] [WARN] [1791037763.917433888] [mpc_corr]: ODOM non disponibile: stato ancora None
[taskset-1] [WARN] [1791037764.017413127] [mpc_corr]: ODOM non disponibile: stato ancora None
[taskset-1] [WARN] [1791037764.117420024] [mpc_corr]: ODOM non disponibile: stato ancora None
[taskset-1] [WARN] [1791037764.217535856] [mpc_corr]: ODOM non disponibile: stato ancora None
[taskset-1] [WARN] [1791037764.317603865] [mpc_corr]: ODOM non disponibile: stato ancora None
[taskset-1] [INFO] [1791037764.318851836] [mpc_corr]: PUB /drive | speed=+0.0000 steer=+0.0000 subs=1
[taskset-1] [WARN] [1791037764.417515694] [mpc_corr]: ODOM non disponibile: stato ancora None
[taskset-1] [WARN] [1791037764.517569875] [mpc_corr]: ODOM non disponibile: stato ancora None
[taskset-1] [WARN] [1791037764.617468704] [mpc_corr]: ODOM non disponibile: stato ancora None
[taskset-1] [WARN] [1791037764.717547620] [mpc_corr]: ODOM non disponibile: stato ancora None
[taskset-1] [WARN] [1791037764.817538192] [mpc_corr]: ODOM non disponibile: stato ancora None
[taskset-1] [WARN] [1791037764.917505440] [mpc_corr]: ODOM non disponibile: stato ancora None
[taskset-1] [WARN] [1791037765.017479215] [mpc_corr]: ODOM non disponibile: stato ancora None
[taskset-1] [WARN] [1791037765.117415490] [mpc_corr]: ODOM non disponibile: stato ancora None
[taskset-1] [WARN] [1791037765.217465005] [mpc_corr]: ODOM non disponibile: stato ancora None
[taskset-1] [INFO] [1791037765.316562338] [mpc_corr]: ODOMSEL | src=None hw_age=infs sim_age=infs timeout=0.500s
[taskset-1] [WARN] [1791037765.317658494] [mpc_corr]: ODOM non disponibile: stato ancora None
[taskset-1] [WARN] [1791037765.417788501] [mpc_corr]: ODOM non disponibile: stato ancora None
[taskset-1] [INFO] [1791037765.419144575] [mpc_corr]: PUB /drive | speed=+0.0000 steer=+0.0000 subs=1
[taskset-1] [WARN] [1791037765.517611329] [mpc_corr]: ODOM non disponibile: stato ancora None
[taskset-1] [WARN] [1791037765.617666361] [mpc_corr]: ODOM non disponibile: stato ancora None
[taskset-1] [WARN] [1791037765.717554262] [mpc_corr]: ODOM non disponibile: stato ancora None
[taskset-1] [WARN] [1791037765.817470295] [mpc_corr]: ODOM non disponibile: stato ancora None
[taskset-1] [WARN] [1791037765.918407131] [mpc_corr]: ODOM non disponibile: stato ancora None
[taskset-1] [WARN] [1791037766.017640808] [mpc_corr]: ODOM non disponibile: stato ancora None
[taskset-1] [WARN] [1791037766.117478784] [mpc_corr]: ODOM non disponibile: stato ancora None
[taskset-1] [WARN] [1791037766.217541724] [mpc_corr]: ODOM non disponibile: stato ancora None
[taskset-1] [WARN] [1791037766.317442089] [mpc_corr]: ODOM non disponibile: stato ancora None
[taskset-1] [WARN] [1791037766.417577530] [mpc_corr]: ODOM non disponibile: stato ancora None
[taskset-1] [WARN] [1791037766.517514089] [mpc_corr]: ODOM non disponibile: stato ancora None
[taskset-1] [INFO] [1791037766.518687209] [mpc_corr]: PUB /drive | speed=+0.0000 steer=+0.0000 subs=1
[taskset-1] [WARN] [1791037766.618036959] [mpc_corr]: ODOM non disponibile: stato ancora None
[taskset-1] [WARN] [1791037766.717516726] [mpc_corr]: ODOM non disponibile: stato ancora None
[taskset-1] [WARN] [1791037766.817456208] [mpc_corr]: ODOM non disponibile: stato ancora None
[taskset-1] [WARN] [1791037766.917485102] [mpc_corr]: ODOM non disponibile: stato ancora None
[taskset-1] [WARN] [1791037767.017420717] [mpc_corr]: ODOM non disponibile: stato ancora None
[taskset-1] [WARN] [1791037767.117479859] [mpc_corr]: ODOM non disponibile: stato ancora None
[taskset-1] [WARN] [1791037767.217397806] [mpc_corr]: ODOM non disponibile: stato ancora None
[taskset-1] [WARN] [1791037767.317578441] [mpc_corr]: ODOM non disponibile: stato ancora None
[taskset-1] [INFO] [1791037767.416473611] [mpc_corr]: ODOMSEL | src=None hw_age=infs sim_age=infs timeout=0.500s
[taskset-1] [WARN] [1791037767.417520768] [mpc_corr]: ODOM non disponibile: stato ancora None
[taskset-1] [WARN] [1791037767.517538326] [mpc_corr]: ODOM non disponibile: stato ancora None
[taskset-1] [INFO] [1791037767.518713399] [mpc_corr]: PUB /drive | speed=+0.0000 steer=+0.0000 subs=1
[taskset-1] [WARN] [1791037767.617614506] [mpc_corr]: ODOM non disponibile: stato ancora None
[taskset-1] [WARN] [1791037767.717963595] [mpc_corr]: ODOM non disponibile: stato ancora None
[taskset-1] [WARN] [1791037767.817511205] [mpc_corr]: ODOM non disponibile: stato ancora None
[taskset-1] [WARN] [1791037767.860422136] [mpc_corr]: BOUNDARY/costmap ricevuto ma stato ancora None: frame scartato.
[taskset-1] [WARN] [1791037767.917683085] [mpc_corr]: ODOM non disponibile: stato ancora None
[taskset-1] [WARN] [1791037768.017741236] [mpc_corr]: ODOM non disponibile: stato ancora None
[taskset-1] [WARN] [1791037768.117487021] [mpc_corr]: ODOM non disponibile: stato ancora None
[taskset-1] [WARN] [1791037768.217395464] [mpc_corr]: ODOM non disponibile: stato ancora None
[taskset-1] [WARN] [1791037768.317467059] [mpc_corr]: ODOM non disponibile: stato ancora None
[taskset-1] [WARN] [1791037768.384061149] [mpc_corr]: JOINT | giunti sterzo non trovati in /joint_states: ['left_rear_wheel_joint', 'right_rear_wheel_joint', 'left_steering_hinge_joint', 'right_steering_hinge_joint', 'left_front_wheel_joint', 'right_front_wheel_joint']
[taskset-1] [WARN] [1791037768.417533968] [mpc_corr]: ODOM non disponibile: stato ancora None
[taskset-1] [WARN] [1791037768.517426089] [mpc_corr]: ODOM non disponibile: stato ancora None
[taskset-1] [WARN] [1791037768.617611871] [mpc_corr]: ODOM non disponibile: stato ancora None
[taskset-1] [INFO] [1791037768.618764323] [mpc_corr]: PUB /drive | speed=+0.0000 steer=+0.0000 subs=1
[taskset-1] [WARN] [1791037768.717491492] [mpc_corr]: ODOM non disponibile: stato ancora None
[taskset-1] [WARN] [1791037768.817450892] [mpc_corr]: ODOM non disponibile: stato ancora None
[taskset-1] [WARN] [1791037768.917545579] [mpc_corr]: ODOM non disponibile: stato ancora None
[taskset-1] [WARN] [1791037769.017423135] [mpc_corr]: ODOM non disponibile: stato ancora None
[taskset-1] [WARN] [1791037769.117476238] [mpc_corr]: ODOM non disponibile: stato ancora None
[taskset-1] [WARN] [1791037769.217457866] [mpc_corr]: ODOM non disponibile: stato ancora None
[taskset-1] [WARN] [1791037769.317505252] [mpc_corr]: ODOM non disponibile: stato ancora None
[taskset-1] [INFO] [1791037769.416524366] [mpc_corr]: ODOMSEL | src=None hw_age=infs sim_age=infs timeout=0.500s
[taskset-1] [WARN] [1791037769.417590355] [mpc_corr]: ODOM non disponibile: stato ancora None
[taskset-1] [WARN] [1791037769.517445855] [mpc_corr]: ODOM non disponibile: stato ancora None
[taskset-1] [WARN] [1791037769.617420938] [mpc_corr]: ODOM non disponibile: stato ancora None
[taskset-1] [WARN] [1791037769.717448513] [mpc_corr]: ODOM non disponibile: stato ancora None
[taskset-1] [INFO] [1791037769.718577363] [mpc_corr]: PUB /drive | speed=+0.0000 steer=+0.0000 subs=1
[taskset-1] [WARN] [1791037769.817565430] [mpc_corr]: ODOM non disponibile: stato ancora None
[taskset-1] [WARN] [1791037769.917526885] [mpc_corr]: ODOM non disponibile: stato ancora None
[taskset-1] [WARN] [1791037770.017397878] [mpc_corr]: ODOM non disponibile: stato ancora None
[taskset-1] [WARN] [1791037770.117396390] [mpc_corr]: ODOM non disponibile: stato ancora None
[taskset-1] [WARN] [1791037770.217430124] [mpc_corr]: ODOM non disponibile: stato ancora None
[taskset-1] [WARN] [1791037770.317442011] [mpc_corr]: ODOM non disponibile: stato ancora None
[taskset-1] [WARN] [1791037770.417383621] [mpc_corr]: ODOM non disponibile: stato ancora None
[taskset-1] [WARN] [1791037770.517390987] [mpc_corr]: ODOM non disponibile: stato ancora None
[taskset-1] [WARN] [1791037770.617384213] [mpc_corr]: ODOM non disponibile: stato ancora None
[taskset-1] [WARN] [1791037770.717435310] [mpc_corr]: ODOM non disponibile: stato ancora None
[taskset-1] [WARN] [1791037770.817552057] [mpc_corr]: ODOM non disponibile: stato ancora None
[taskset-1] [INFO] [1791037770.818693027] [mpc_corr]: PUB /drive | speed=+0.0000 steer=+0.0000 subs=1
[taskset-1] [WARN] [1791037770.917377471] [mpc_corr]: ODOM non disponibile: stato ancora None
[taskset-1] [WARN] [1791037771.017451823] [mpc_corr]: ODOM non disponibile: stato ancora None
[taskset-1] [WARN] [1791037771.117423054] [mpc_corr]: ODOM non disponibile: stato ancora None
[taskset-1] [WARN] [1791037771.217420657] [mpc_corr]: ODOM non disponibile: stato ancora None
[taskset-1] [WARN] [1791037771.317473520] [mpc_corr]: ODOM non disponibile: stato ancora None
[taskset-1] [WARN] [1791037771.417450990] [mpc_corr]: ODOM non disponibile: stato ancora None
[taskset-1] [INFO] [1791037771.516493841] [mpc_corr]: ODOMSEL | src=None hw_age=infs sim_age=infs timeout=0.500s
[taskset-1] [WARN] [1791037771.517611498] [mpc_corr]: ODOM non disponibile: stato ancora None
[taskset-1] [WARN] [1791037771.617509427] [mpc_corr]: ODOM non disponibile: stato ancora None
[taskset-1] [WARN] [1791037771.717429513] [mpc_corr]: ODOM non disponibile: stato ancora None
[taskset-1] [WARN] [1791037771.817435340] [mpc_corr]: ODOM non disponibile: stato ancora None
[taskset-1] [WARN] [1791037771.917412407] [mpc_corr]: ODOM non disponibile: stato ancora None
[taskset-1] [INFO] [1791037771.918529831] [mpc_corr]: PUB /drive | speed=+0.0000 steer=+0.0000 subs=1
[taskset-1] [WARN] [1791037772.017381904] [mpc_corr]: ODOM non disponibile: stato ancora None
[taskset-1] [WARN] [1791037772.117415003] [mpc_corr]: ODOM non disponibile: stato ancora None
[taskset-1] [WARN] [1791037772.217466406] [mpc_corr]: ODOM non disponibile: stato ancora None
[taskset-1] [WARN] [1791037772.317434301] [mpc_corr]: ODOM non disponibile: stato ancora None
[taskset-1] [WARN] [1791037772.417435000] [mpc_corr]: ODOM non disponibile: stato ancora None
[taskset-1] [WARN] [1791037772.517437894] [mpc_corr]: ODOM non disponibile: stato ancora None
[taskset-1] [WARN] [1791037772.617561114] [mpc_corr]: ODOM non disponibile: stato ancora None
[taskset-1] [WARN] [1791037772.717611610] [mpc_corr]: ODOM non disponibile: stato ancora None
[taskset-1] [WARN] [1791037772.817367994] [mpc_corr]: ODOM non disponibile: stato ancora None
[taskset-1] [WARN] [1791037772.860844085] [mpc_corr]: BOUNDARY/costmap ricevuto ma stato ancora None: frame scartato.
[taskset-1] [WARN] [1791037772.917438500] [mpc_corr]: ODOM non disponibile: stato ancora None
[taskset-1] [INFO] [1791037772.918585952] [mpc_corr]: PUB /drive | speed=+0.0000 steer=+0.0000 subs=1
[taskset-1] [WARN] [1791037773.017453617] [mpc_corr]: ODOM non disponibile: stato ancora None
[taskset-1] [WARN] [1791037773.117398740] [mpc_corr]: ODOM non disponibile: stato ancora None
[taskset-1] [WARN] [1791037773.217414605] [mpc_corr]: ODOM non disponibile: stato ancora None
[taskset-1] [WARN] [1791037773.317417313] [mpc_corr]: ODOM non disponibile: stato ancora None
[taskset-1] [WARN] [1791037773.417456915] [mpc_corr]: ODOM non disponibile: stato ancora None
[taskset-1] [WARN] [1791037773.484107111] [mpc_corr]: JOINT | giunti sterzo non trovati in /joint_states: ['left_rear_wheel_joint', 'right_rear_wheel_joint', 'left_steering_hinge_joint', 'right_steering_hinge_joint', 'left_front_wheel_joint', 'right_front_wheel_joint']
[taskset-1] [INFO] [1791037773.516497689] [mpc_corr]: ODOMSEL | src=None hw_age=infs sim_age=infs timeout=0.500s
[taskset-1] [WARN] [1791037773.517503206] [mpc_corr]: ODOM non disponibile: stato ancora None
[taskset-1] [WARN] [1791037773.617390588] [mpc_corr]: ODOM non disponibile: stato ancora None
[taskset-1] [WARN] [1791037773.717416906] [mpc_corr]: ODOM non disponibile: stato ancora None
[taskset-1] [WARN] [1791037773.817518416] [mpc_corr]: ODOM non disponibile: stato ancora None
[taskset-1] [WARN] [1791037773.917435207] [mpc_corr]: ODOM non disponibile: stato ancora None
[taskset-1] [WARN] [1791037774.017398340] [mpc_corr]: ODOM non disponibile: stato ancora None
[taskset-1] [INFO] [1791037774.018520959] [mpc_corr]: PUB /drive | speed=+0.0000 steer=+0.0000 subs=1
[taskset-1] [WARN] [1791037774.117370760] [mpc_corr]: ODOM non disponibile: stato ancora None
[taskset-1] [WARN] [1791037774.217394142] [mpc_corr]: ODOM non disponibile: stato ancora None
[taskset-1] [WARN] [1791037774.317438923] [mpc_corr]: ODOM non disponibile: stato ancora None
[taskset-1] [WARN] [1791037774.417399860] [mpc_corr]: ODOM non disponibile: stato ancora None
[taskset-1] [WARN] [1791037774.517396345] [mpc_corr]: ODOM non disponibile: stato ancora None
[taskset-1] [WARN] [1791037774.617402700] [mpc_corr]: ODOM non disponibile: stato ancora None
[taskset-1] [WARN] [1791037774.717497490] [mpc_corr]: ODOM non disponibile: stato ancora None
[taskset-1] [WARN] [1791037774.817511706] [mpc_corr]: ODOM non disponibile: stato ancora None
[taskset-1] [WARN] [1791037774.917501486] [mpc_corr]: ODOM non disponibile: stato ancora None
[taskset-1] [WARN] [1791037775.017408846] [mpc_corr]: ODOM non disponibile: stato ancora None
[taskset-1] [INFO] [1791037775.018546659] [mpc_corr]: PUB /drive | speed=+0.0000 steer=+0.0000 subs=1
[taskset-1] [WARN] [1791037775.117400472] [mpc_corr]: ODOM non disponibile: stato ancora None
[taskset-1] [WARN] [1791037775.217396619] [mpc_corr]: ODOM non disponibile: stato ancora None
[taskset-1] [WARN] [1791037775.317454917] [mpc_corr]: ODOM non disponibile: stato ancora None
[taskset-1] [WARN] [1791037775.417562966] [mpc_corr]: ODOM non disponibile: stato ancora None
[taskset-1] [INFO] [1791037775.516536265] [mpc_corr]: ODOMSEL | src=None hw_age=infs sim_age=infs timeout=0.500s
[taskset-1] [WARN] [1791037775.517638912] [mpc_corr]: ODOM non disponibile: stato ancora None
[taskset-1] [WARN] [1791037775.617412727] [mpc_corr]: ODOM non disponibile: stato ancora None
[taskset-1] [WARN] [1791037775.717442024] [mpc_corr]: ODOM non disponibile: stato ancora None
[taskset-1] [WARN] [1791037775.817414331] [mpc_corr]: ODOM non disponibile: stato ancora None
[taskset-1] [WARN] [1791037775.917408582] [mpc_corr]: ODOM non disponibile: stato ancora None
[taskset-1] [WARN] [1791037776.017499176] [mpc_corr]: ODOM non disponibile: stato ancora None
[taskset-1] [INFO] [1791037776.018639786] [mpc_corr]: PUB /drive | speed=+0.0000 steer=+0.0000 subs=1
[taskset-1] [WARN] [1791037776.117725898] [mpc_corr]: ODOM non disponibile: stato ancora None
[taskset-1] [WARN] [1791037776.217513338] [mpc_corr]: ODOM non disponibile: stato ancora None
[taskset-1] [WARN] [1791037776.317702451] [mpc_corr]: ODOM non disponibile: stato ancora None
[taskset-1] [WARN] [1791037776.417856026] [mpc_corr]: ODOM non disponibile: stato ancora None
[taskset-1] [WARN] [1791037776.517722312] [mpc_corr]: ODOM non disponibile: stato ancora None
[taskset-1] [WARN] [1791037776.617722118] [mpc_corr]: ODOM non disponibile: stato ancora None
[taskset-1] [WARN] [1791037776.716716787] [mpc_corr]: ODOM non disponibile: stato ancora None
[taskset-1] [WARN] [1791037776.816644804] [mpc_corr]: ODOM non disponibile: stato ancora None
[taskset-1] [WARN] [1791037776.917451209] [mpc_corr]: ODOM non disponibile: stato ancora None
[taskset-1] [WARN] [1791037777.017460760] [mpc_corr]: ODOM non disponibile: stato ancora None
[taskset-1] [INFO] [1791037777.018695055] [mpc_corr]: PUB /drive | speed=+0.0000 steer=+0.0000 subs=1
[taskset-1] [WARN] [1791037777.116567047] [mpc_corr]: ODOM non disponibile: stato ancora None
[taskset-1] [WARN] [1791037777.217319607] [mpc_corr]: ODOM non disponibile: stato ancora None
[taskset-1] [WARN] [1791037777.317432624] [mpc_corr]: ODOM non disponibile: stato ancora None
[taskset-1] [WARN] [1791037777.417537958] [mpc_corr]: ODOM non disponibile: stato ancora None
[taskset-1] [WARN] [1791037777.517605336] [mpc_corr]: ODOM non disponibile: stato ancora None
[taskset-1] [INFO] [1791037777.616427993] [mpc_corr]: ODOMSEL | src=None hw_age=infs sim_age=infs timeout=0.500s
[taskset-1] [WARN] [1791037777.617637363] [mpc_corr]: ODOM non disponibile: stato ancora None
[taskset-1] [WARN] [1791037777.717608824] [mpc_corr]: ODOM non disponibile: stato ancora None
[taskset-1] [WARN] [1791037777.817298635] [mpc_corr]: ODOM non disponibile: stato ancora None
[taskset-1] [WARN] [1791037777.908722612] [mpc_corr]: BOUNDARY/costmap ricevuto ma stato ancora None: frame scartato.
[taskset-1] [WARN] [1791037777.917365069] [mpc_corr]: ODOM non disponibile: stato ancora None
[taskset-1] [WARN] [1791037778.017259743] [mpc_corr]: ODOM non disponibile: stato ancora None
[taskset-1] [WARN] [1791037778.117571147] [mpc_corr]: ODOM non disponibile: stato ancora None
[taskset-1] [INFO] [1791037778.118804832] [mpc_corr]: PUB /drive | speed=+0.0000 steer=+0.0000 subs=1
[taskset-1] [WARN] [1791037778.217560771] [mpc_corr]: ODOM non disponibile: stato ancora None
[taskset-1] [WARN] [1791037778.317442851] [mpc_corr]: ODOM non disponibile: stato ancora None
[taskset-1] [WARN] [1791037778.417319764] [mpc_corr]: ODOM non disponibile: stato ancora None
[taskset-1] [WARN] [1791037778.484588090] [mpc_corr]: JOINT | giunti sterzo non trovati in /joint_states: ['left_rear_wheel_joint', 'right_rear_wheel_joint', 'left_steering_hinge_joint', 'right_steering_hinge_joint', 'left_front_wheel_joint', 'right_front_wheel_joint']
[taskset-1] [WARN] [1791037778.517344002] [mpc_corr]: ODOM non disponibile: stato ancora None
[taskset-1] [WARN] [1791037778.617379741] [mpc_corr]: ODOM non disponibile: stato ancora None
[taskset-1] [WARN] [1791037778.717839102] [mpc_corr]: ODOM non disponibile: stato ancora None
[taskset-1] [WARN] [1791037778.817406059] [mpc_corr]: ODOM non disponibile: stato ancora None
[taskset-1] [WARN] [1791037778.917312537] [mpc_corr]: ODOM non disponibile: stato ancora None
[taskset-1] [WARN] [1791037779.017527536] [mpc_corr]: ODOM non disponibile: stato ancora None
[taskset-1] [WARN] [1791037779.117389726] [mpc_corr]: ODOM non disponibile: stato ancora None
[taskset-1] [WARN] [1791037779.217409729] [mpc_corr]: ODOM non disponibile: stato ancora None
[taskset-1] [INFO] [1791037779.218547487] [mpc_corr]: PUB /drive | speed=+0.0000 steer=+0.0000 subs=1
[taskset-1] [WARN] [1791037779.317483537] [mpc_corr]: ODOM non disponibile: stato ancora None
[taskset-1] [WARN] [1791037779.417447032] [mpc_corr]: ODOM non disponibile: stato ancora None
[taskset-1] [WARN] [1791037779.517402870] [mpc_corr]: ODOM non disponibile: stato ancora None
[taskset-1] [INFO] [1791037779.616492407] [mpc_corr]: ODOMSEL | src=None hw_age=infs sim_age=infs timeout=0.500s
[taskset-1] [WARN] [1791037779.617523201] [mpc_corr]: ODOM non disponibile: stato ancora None
[taskset-1] [INFO] [1791037779.701717143] [mpc_corr]: ODOM/hw | x=+0.0000 y=+0.0000 yaw=+0.0000 v=+0.0000
[taskset-1] [INFO] [1791037779.717464437] [mpc_corr]: Odom source -> hardware
[taskset-1] [INFO] [1791037779.718329998] [mpc_corr]: psi_init_corridor (bootstrap) = 0.000
[taskset-1] [WARN] [1791037779.721348102] [mpc_corr]: Nessun comando su /mpc/goal_distance ancora ricevuto: robot fermo in attesa.
[taskset-1] [INFO] [1791037779.761966299] [mpc_corr]: BOUNDARY/costmap | n=0
[taskset-1] [INFO] [1791037780.318591452] [mpc_corr]: PUB /drive | speed=+0.0000 steer=+0.0000 subs=1
[taskset-1] [INFO] [1791037780.721163471] [mpc_corr]: ODOM/hw | x=+0.0389 y=+0.0003 yaw=+0.0226 v=-0.0000
[taskset-1] [INFO] [1791037781.417790867] [mpc_corr]: PUB /drive | speed=+0.0000 steer=+0.0000 subs=1
[taskset-1] [INFO] [1791037781.616826711] [mpc_corr]: ODOMSEL | src=hardware hw_age=0.017s sim_age=infs timeout=0.500s
[taskset-1] [INFO] [1791037781.740942324] [mpc_corr]: ODOM/hw | x=+0.0388 y=+0.0003 yaw=+0.0226 v=-0.0000
[taskset-1] [INFO] [1791037781.808836931] [mpc_corr]: BOUNDARY/costmap | n=0
[taskset-1] [INFO] [1791037782.518074059] [mpc_corr]: PUB /drive | speed=+0.0000 steer=+0.0000 subs=1
[taskset-1] [INFO] [1791037782.761070592] [mpc_corr]: ODOM/hw | x=+0.0388 y=+0.0003 yaw=+0.0226 v=-0.0000
[taskset-1] [WARN] [1791037783.583260847] [mpc_corr]: JOINT | giunti sterzo non trovati in /joint_states: ['left_rear_wheel_joint', 'right_rear_wheel_joint', 'left_steering_hinge_joint', 'right_steering_hinge_joint', 'left_front_wheel_joint', 'right_front_wheel_joint']
[taskset-1] [INFO] [1791037783.617965001] [mpc_corr]: PUB /drive | speed=+0.0000 steer=+0.0000 subs=1
[taskset-1] [INFO] [1791037783.716636212] [mpc_corr]: ODOMSEL | src=hardware hw_age=0.017s sim_age=infs timeout=0.500s
[taskset-1] [INFO] [1791037783.761724834] [mpc_corr]: ODOM/hw | x=+0.0442 y=+0.0004 yaw=+0.0263 v=-0.0000
[taskset-1] [INFO] [1791037783.808939813] [mpc_corr]: BOUNDARY/costmap | n=0
[taskset-1] [INFO] [1791037784.717919678] [mpc_corr]: PUB /drive | speed=+0.0000 steer=+0.0000 subs=1
[taskset-1] [INFO] [1791037784.780533448] [mpc_corr]: ODOM/hw | x=+0.0523 y=+0.0007 yaw=+0.0368 v=+0.1242
[taskset-1] [INFO] [1791037785.717988804] [mpc_corr]: PUB /drive | speed=+0.0000 steer=+0.0000 subs=1
[taskset-1] [INFO] [1791037785.780593296] [mpc_corr]: ODOM/hw | x=+0.1353 y=+0.0073 yaw=+0.1174 v=-0.0000
[taskset-1] [INFO] [1791037785.808955379] [mpc_corr]: BOUNDARY/costmap | n=0
[taskset-1] [INFO] [1791037785.816649885] [mpc_corr]: ODOMSEL | src=hardware hw_age=0.017s sim_age=infs timeout=0.500s
[taskset-1] [INFO] [1791037786.718088696] [mpc_corr]: PUB /drive | speed=+0.0000 steer=+0.0000 subs=1
[taskset-1] [INFO] [1791037786.799791382] [mpc_corr]: ODOM/hw | x=+0.2533 y=+0.0317 yaw=+0.2610 v=+0.1481
[taskset-1] [INFO] [1791037787.718715567] [mpc_corr]: PUB /drive | speed=+0.0000 steer=+0.0000 subs=1
[taskset-1] [INFO] [1791037787.816761752] [mpc_corr]: ODOMSEL | src=hardware hw_age=0.017s sim_age=infs timeout=0.500s
[taskset-1] [INFO] [1791037787.840126809] [mpc_corr]: ODOM/hw | x=+0.4534 y=+0.0997 yaw=+0.3828 v=+0.2105
[taskset-1] [INFO] [1791037787.861899485] [mpc_corr]: BOUNDARY/costmap | n=0
[taskset-1] [WARN] [1791037788.683335145] [mpc_corr]: JOINT | giunti sterzo non trovati in /joint_states: ['left_rear_wheel_joint', 'right_rear_wheel_joint', 'left_steering_hinge_joint', 'right_steering_hinge_joint', 'left_front_wheel_joint', 'right_front_wheel_joint']
[taskset-1] [INFO] [1791037788.818226421] [mpc_corr]: PUB /drive | speed=+0.0000 steer=+0.0000 subs=1
[taskset-1] [INFO] [1791037788.841349162] [mpc_corr]: ODOM/hw | x=+0.7103 y=+0.2039 yaw=+0.3263 v=+0.3438
[taskset-1] [INFO] [1791037789.816959234] [mpc_corr]: ODOMSEL | src=hardware hw_age=0.017s sim_age=infs timeout=0.500s
[taskset-1] [INFO] [1791037789.818601338] [mpc_corr]: PUB /drive | speed=+0.0000 steer=+0.0000 subs=1
[taskset-1] [INFO] [1791037789.862128308] [mpc_corr]: ODOM/hw | x=+1.0619 y=+0.2901 yaw=+0.1638 v=+0.3649
[taskset-1] [INFO] [1791037789.908975745] [mpc_corr]: BOUNDARY/costmap | n=0
[taskset-1] [INFO] [1791037790.879843115] [mpc_corr]: ODOM/hw | x=+1.4351 y=+0.3278 yaw=+0.0270 v=+0.3456
[taskset-1] [INFO] [1791037790.917859889] [mpc_corr]: PUB /drive | speed=+0.0000 steer=+0.0000 subs=1
[taskset-1] [INFO] [1791037791.910044797] [mpc_corr]: BOUNDARY/costmap | n=0
[taskset-1] [INFO] [1791037791.916429488] [mpc_corr]: ODOMSEL | src=hardware hw_age=0.037s sim_age=infs timeout=0.500s
[taskset-1] [INFO] [1791037791.920230949] [mpc_corr]: ODOM/hw | x=+1.7120 y=+0.3210 yaw=-0.0732 v=+0.2035
[taskset-1] [INFO] [1791037792.017832385] [mpc_corr]: PUB /drive | speed=+0.0000 steer=+0.0000 subs=2
[taskset-1] [INFO] [1791037792.920816974] [mpc_corr]: ODOM/hw | x=+1.9238 y=+0.2947 yaw=-0.1741 v=+0.1939
[taskset-1] [INFO] [1791037793.018050368] [mpc_corr]: PUB /drive | speed=+0.0000 steer=+0.0000 subs=2
[taskset-1] [WARN] [1791037793.783071853] [mpc_corr]: JOINT | giunti sterzo non trovati in /joint_states: ['left_rear_wheel_joint', 'right_rear_wheel_joint', 'left_steering_hinge_joint', 'right_steering_hinge_joint', 'left_front_wheel_joint', 'right_front_wheel_joint']
[taskset-1] [INFO] [1791037793.940959190] [mpc_corr]: ODOM/hw | x=+2.1858 y=+0.2446 yaw=-0.1821 v=+0.3097
[taskset-1] [INFO] [1791037793.958888144] [mpc_corr]: BOUNDARY/costmap | n=0
[taskset-1] [INFO] [1791037794.016431873] [mpc_corr]: ODOMSEL | src=hardware hw_age=0.017s sim_age=infs timeout=0.500s
[taskset-1] [INFO] [1791037794.118117212] [mpc_corr]: PUB /drive | speed=+0.0000 steer=+0.0000 subs=2
[taskset-1] [INFO] [1791037794.962124992] [mpc_corr]: ODOM/hw | x=+2.5325 y=+0.1841 yaw=-0.1754 v=+0.3872
[taskset-1] [INFO] [1791037795.118170472] [mpc_corr]: PUB /drive | speed=+0.0000 steer=+0.0000 subs=2
[taskset-1] [INFO] [1791037795.979303378] [mpc_corr]: ODOM/hw | x=+2.9135 y=+0.1127 yaw=-0.1964 v=+0.3945
[taskset-1] [INFO] [1791037796.008919195] [mpc_corr]: BOUNDARY/costmap | n=0
[taskset-1] [INFO] [1791037796.016876599] [mpc_corr]: ODOMSEL | src=hardware hw_age=0.017s sim_age=infs timeout=0.500s
[taskset-1] [INFO] [1791037796.217823727] [mpc_corr]: PUB /drive | speed=+0.0000 steer=+0.0000 subs=2
[taskset-1] [INFO] [1791037797.001297234] [mpc_corr]: ODOM/hw | x=+3.3231 y=+0.0238 yaw=-0.2280 v=+0.4164
[taskset-1] [INFO] [1791037797.218042137] [mpc_corr]: PUB /drive | speed=+0.0000 steer=+0.0000 subs=2
[taskset-1] [INFO] [1791037798.008975656] [mpc_corr]: BOUNDARY/costmap | n=0
[taskset-1] [INFO] [1791037798.041460742] [mpc_corr]: ODOM/hw | x=+3.7555 y=-0.0805 yaw=-0.2467 v=+0.4133
[taskset-1] [INFO] [1791037798.116299332] [mpc_corr]: ODOMSEL | src=hardware hw_age=0.016s sim_age=infs timeout=0.500s
[taskset-1] [INFO] [1791037798.317751704] [mpc_corr]: PUB /drive | speed=+0.0000 steer=+0.0000 subs=2
[taskset-1] [WARN] [1791037798.783402300] [mpc_corr]: JOINT | giunti sterzo non trovati in /joint_states: ['left_rear_wheel_joint', 'right_rear_wheel_joint', 'left_steering_hinge_joint', 'right_steering_hinge_joint', 'left_front_wheel_joint', 'right_front_wheel_joint']
[taskset-1] [INFO] [1791037799.061371684] [mpc_corr]: ODOM/hw | x=+4.1856 y=-0.1911 yaw=-0.2530 v=+0.4220
[taskset-1] [INFO] [1791037799.317972461] [mpc_corr]: PUB /drive | speed=+0.0000 steer=+0.0000 subs=2
[taskset-1] [INFO] [1791037800.009094728] [mpc_corr]: BOUNDARY/costmap | n=0
[taskset-1] [INFO] [1791037800.080235570] [mpc_corr]: ODOM/hw | x=+4.6201 y=-0.3029 yaw=-0.2517 v=+0.4229
[taskset-1] [INFO] [1791037800.116533273] [mpc_corr]: ODOMSEL | src=hardware hw_age=0.017s sim_age=infs timeout=0.500s
[taskset-1] [INFO] [1791037800.318759335] [mpc_corr]: PUB /drive | speed=+0.0000 steer=+0.0000 subs=1
[WARNING] [launch]: user interrupted with ctrl-c (SIGINT)
[lifecycle_manager-3] [INFO] [1791037800.595923322] [rclcpp]: signal_handler(SIGINT/SIGTERM)
[lifecycle_manager-3] [INFO] [1791037800.596179740] [lifecycle_manager_map]: Running Nav2 LifecycleManager rcl preshutdown (lifecycle_manager_map)
[lifecycle_manager-3] [INFO] [1791037800.596279296] [lifecycle_manager_map]: [34m[1mTerminating bond timer...[0m[0m
[map_server-2] [INFO] [1791037800.596408372] [rclcpp]: signal_handler(SIGINT/SIGTERM)
[map_server-2] [INFO] [1791037800.596650660] [map_server]: Running Nav2 LifecycleNode rcl preshutdown (map_server)
[map_server-2] [INFO] [1791037800.596839976] [map_server]: Deactivating
[map_server-2] [INFO] [1791037800.596862254] [map_server]: Destroying bond (map_server) to lifecycle manager.
[INFO] [lifecycle_manager-3]: sending signal 'SIGINT' to process[lifecycle_manager-3]
[INFO] [map_server-2]: sending signal 'SIGINT' to process[map_server-2]
[INFO] [taskset-1]: sending signal 'SIGINT' to process[taskset-1]
[taskset-1] Traceback (most recent call last):
[taskset-1]   File "/home/andre/dev_ws/f1tenth_more/install/mpc_controller/lib/mpc_controller/mpc_corr", line 33, in <module>
[taskset-1]     sys.exit(load_entry_point('mpc-controller', 'console_scripts', 'mpc_corr')())
[taskset-1]              ^^^^^^^^^^^^^^^^^^^^^^^^^^^^^^^^^^^^^^^^^^^^^^^^^^^^^^^^^^^^^^^^^^^
[taskset-1]   File "/home/andre/dev_ws/f1tenth_more/build/mpc_controller/mpc_controller/MPC_corr.py", line 5706, in main
[map_server-2] [INFO] [1791037800.612183040] [map_server]: Cleaning up
[map_server-2] [INFO] [1791037800.612295671] [map_server]: Destroying bond (map_server) to lifecycle manager.
[taskset-1]     node.destroy_node()
[taskset-1]   File "/home/andre/dev_ws/f1tenth_more/build/mpc_controller/mpc_controller/MPC_corr.py", line 1889, in destroy_node
[taskset-1]     super().destroy_node()
[taskset-1]   File "/opt/ros/jazzy/lib/python3.12/site-packages/rclpy/node.py", line 1956, in destroy_node
[taskset-1]     self.destroy_publisher(self._publishers[0])
[taskset-1]   File "/opt/ros/jazzy/lib/python3.12/site-packages/rclpy/node.py", line 1834, in destroy_publisher
[taskset-1]     self.__waitables.remove(event_handler)
[taskset-1] KeyboardInterrupt
[map_server-2] [INFO] [1791037800.624616448] [rclcpp]: signal_handler(SIGINT/SIGTERM)
[map_server-2] [INFO] [1791037803.441507073] [map_server]: Destroying
[lifecycle_manager-3] [INFO] [1791037803.555525205] [rclcpp]: signal_handler(SIGINT/SIGTERM)
[lifecycle_manager-3] [INFO] [1791037803.589392603] [lifecycle_manager_map]: Destroying lifecycle_manager_map
[INFO] [map_server-2]: process has finished cleanly [pid 470087]
[INFO] [lifecycle_manager-3]: process has finished cleanly [pid 470088]
[ERROR] [taskset-1]: process has died [pid 470086, exit code -2, cmd 'taskset -c 10,11 /home/andre/dev_ws/f1tenth_more/install/mpc_controller/lib/mpc_controller/mpc_corr --ros-args -r __node:=mpc_corr --params-file /tmp/launch_params_wf94lcrc'].
