[INFO] [launch]: All log files can be found below /home/andre/dev_ws/f1tenth_more/output/fix_batch_4/isolation/baseline/run_12/ros_log/2026-10-03-16-29-15-133526-thor-470031
[INFO] [launch]: Default logging verbosity is set to INFO
[INFO] [taskset-1]: process started with pid [470339]
[INFO] [taskset-2]: process started with pid [470340]
[INFO] [slam_pose_relay_node-3]: process started with pid [470341]
[INFO] [taskset-4]: process started with pid [470342]
[INFO] [robot_state_publisher-5]: process started with pid [470343]
[INFO] [joint_state_publisher-6]: process started with pid [470344]
[INFO] [static_transform_publisher-7]: process started with pid [470345]
[static_transform_publisher-7] [WARN] [1791037755.914996587] []: Old-style arguments are deprecated; see --help for new-style arguments
[robot_state_publisher-5] [INFO] [1791037755.943306218] [robot_state_publisher]: Robot initialized
[static_transform_publisher-7] [INFO] [1791037755.961430607] [static_baselink_to_laser]: Spinning until stopped - publishing transform
[static_transform_publisher-7] translation: ('0.120000', '0.000000', '0.200000')
[static_transform_publisher-7] rotation: ('0.000000', '0.000000', '0.000000', '1.000000')
[static_transform_publisher-7] from 'base_link' to 'laser'
[joint_state_publisher-6] [INFO] [1791037756.872338674] [joint_state_publisher]: Waiting for robot_description to be published on the robot_description topic...
[taskset-4] [INFO] [1791037756.891531693] [ekf_cost_observer_node]: [ekf_cost] per-update cost metric up at 1.00 Hz on /diagnostics; watching ekf_filter_node, ekf_global_filter_node
[slam_pose_relay_node-3] [INFO] [1791037756.933626932] [slam_pose_relay_node]: slam_pose_relay_node started: "/slam/pose" -> "/slam/pose_calibrated", covariance stamped with var_x=0.100000 var_y=0.100000 var_yaw=0.050000
[joint_state_publisher-6] [INFO] [1791037758.153130532] [joint_state_publisher]: Got description, configuring robot
[WARNING] [launch]: user interrupted with ctrl-c (SIGINT)
[static_transform_publisher-7] [INFO] [1791037800.597856048] [rclcpp]: signal_handler(SIGINT/SIGTERM)
[robot_state_publisher-5] [INFO] [1791037800.600569584] [rclcpp]: signal_handler(SIGINT/SIGTERM)
[INFO] [static_transform_publisher-7]: sending signal 'SIGINT' to process[static_transform_publisher-7]
[INFO] [joint_state_publisher-6]: sending signal 'SIGINT' to process[joint_state_publisher-6]
[INFO] [robot_state_publisher-5]: sending signal 'SIGINT' to process[robot_state_publisher-5]
[INFO] [taskset-4]: sending signal 'SIGINT' to process[taskset-4]
[INFO] [slam_pose_relay_node-3]: sending signal 'SIGINT' to process[slam_pose_relay_node-3]
[INFO] [taskset-2]: sending signal 'SIGINT' to process[taskset-2]
[INFO] [taskset-1]: sending signal 'SIGINT' to process[taskset-1]
[taskset-2] [INFO] [1791037800.604170108] [rclcpp]: signal_handler(SIGINT/SIGTERM)
[taskset-1] [INFO] [1791037800.605421867] [rclcpp]: signal_handler(SIGINT/SIGTERM)
[robot_state_publisher-5] [INFO] [1791037800.612442894] [rclcpp]: signal_handler(SIGINT/SIGTERM)
[taskset-4] Traceback (most recent call last):
[taskset-4]   File "/home/andre/dev_ws/f1tenth_more/install/f1tenth_diagnostics/lib/f1tenth_diagnostics/ekf_cost_observer_node", line 33, in <module>
[taskset-4]     sys.exit(load_entry_point('f1tenth-diagnostics', 'console_scripts', 'ekf_cost_observer_node')())
[taskset-4]              ^^^^^^^^^^^^^^^^^^^^^^^^^^^^^^^^^^^^^^^^^^^^^^^^^^^^^^^^^^^^^^^^^^^^^^^^^^^^^^^^^^^^^^
[taskset-4]   File "/home/andre/dev_ws/f1tenth_more/build/f1tenth_diagnostics/f1tenth_diagnostics/ekf_cost_observer_node.py", line 396, in main
[taskset-4]     node.destroy_node()
[taskset-4]   File "/opt/ros/jazzy/lib/python3.12/site-packages/rclpy/node.py", line 1956, in destroy_node
[taskset-4]     self.destroy_publisher(self._publishers[0])
[taskset-4]   File "/opt/ros/jazzy/lib/python3.12/site-packages/rclpy/node.py", line 1836, in destroy_publisher
[taskset-4]     publisher.destroy()
[taskset-4]   File "/opt/ros/jazzy/lib/python3.12/site-packages/rclpy/publisher.py", line 105, in destroy
[taskset-4]     self.__publisher.destroy_when_not_in_use()
[taskset-4] KeyboardInterrupt
[slam_pose_relay_node-3] Traceback (most recent call last):
[slam_pose_relay_node-3]   File "/home/andre/dev_ws/f1tenth_more/install/f1tenth_localization/lib/f1tenth_localization/slam_pose_relay_node", line 33, in <module>
[slam_pose_relay_node-3]     sys.exit(load_entry_point('f1tenth-localization', 'console_scripts', 'slam_pose_relay_node')())
[slam_pose_relay_node-3]              ^^^^^^^^^^^^^^^^^^^^^^^^^^^^^^^^^^^^^^^^^^^^^^^^^^^^^^^^^^^^^^^^^^^^^^^^^^^^^^^^^^^^^
[slam_pose_relay_node-3]   File "/home/andre/dev_ws/f1tenth_more/build/f1tenth_localization/f1tenth_localization/slam_pose_relay_node.py", line 98, in main
[slam_pose_relay_node-3]     node.destroy_node()
[slam_pose_relay_node-3]   File "/opt/ros/jazzy/lib/python3.12/site-packages/rclpy/node.py", line 1956, in destroy_node
[slam_pose_relay_node-3]     self.destroy_publisher(self._publishers[0])
[slam_pose_relay_node-3]   File "/opt/ros/jazzy/lib/python3.12/site-packages/rclpy/node.py", line 1836, in destroy_publisher
[slam_pose_relay_node-3]     publisher.destroy()
[slam_pose_relay_node-3]   File "/opt/ros/jazzy/lib/python3.12/site-packages/rclpy/publisher.py", line 105, in destroy
[slam_pose_relay_node-3]     self.__publisher.destroy_when_not_in_use()
[slam_pose_relay_node-3] KeyboardInterrupt
[joint_state_publisher-6] Traceback (most recent call last):
[joint_state_publisher-6]   File "/opt/ros/jazzy/lib/joint_state_publisher/joint_state_publisher", line 33, in <module>
[joint_state_publisher-6]     sys.exit(load_entry_point('joint-state-publisher==2.4.3', 'console_scripts', 'joint_state_publisher')())
[joint_state_publisher-6]              ^^^^^^^^^^^^^^^^^^^^^^^^^^^^^^^^^^^^^^^^^^^^^^^^^^^^^^^^^^^^^^^^^^^^^^^^^^^^^^^^^^^^^^^^^^^^^^
[joint_state_publisher-6]   File "/opt/ros/jazzy/lib/python3.12/site-packages/joint_state_publisher/joint_state_publisher.py", line 571, in main
[taskset-2] [INFO] [1791037800.624040777] [rclcpp]: signal_handler(SIGINT/SIGTERM)
[joint_state_publisher-6]     jsp.destroy_node()
[joint_state_publisher-6]   File "/opt/ros/jazzy/lib/python3.12/site-packages/rclpy/node.py", line 1956, in destroy_node
[joint_state_publisher-6]     self.destroy_publisher(self._publishers[0])
[joint_state_publisher-6]   File "/opt/ros/jazzy/lib/python3.12/site-packages/rclpy/node.py", line 1836, in destroy_publisher
[joint_state_publisher-6]     publisher.destroy()
[joint_state_publisher-6]   File "/opt/ros/jazzy/lib/python3.12/site-packages/rclpy/publisher.py", line 105, in destroy
[joint_state_publisher-6]     self.__publisher.destroy_when_not_in_use()
[joint_state_publisher-6] KeyboardInterrupt
[taskset-1] [INFO] [1791037800.625500000] [rclcpp]: signal_handler(SIGINT/SIGTERM)
[ERROR] [static_transform_publisher-7]: process has died [pid 470345, exit code -2, cmd '/opt/ros/jazzy/lib/tf2_ros/static_transform_publisher 0.12 0.0 0.20 0.0 0.0 0.0 base_link laser --ros-args -r __node:=static_baselink_to_laser'].
[INFO] [robot_state_publisher-5]: process has finished cleanly [pid 470343]
[INFO] [taskset-2]: process has finished cleanly [pid 470340]
[ERROR] [slam_pose_relay_node-3]: process has died [pid 470341, exit code -2, cmd '/home/andre/dev_ws/f1tenth_more/install/f1tenth_localization/lib/f1tenth_localization/slam_pose_relay_node --ros-args -r __node:=slam_pose_relay_node --params-file /home/andre/dev_ws/f1tenth_more/install/f1tenth_bringup/share/f1tenth_bringup/config/ekf_global.yaml'].
[ERROR] [joint_state_publisher-6]: process has died [pid 470344, exit code -2, cmd '/opt/ros/jazzy/lib/joint_state_publisher/joint_state_publisher --ros-args -r __node:=joint_state_publisher --params-file /tmp/launch_params_oostqjg7'].
