[INFO] [launch]: All log files can be found below /home/andre/dev_ws/f1tenth_more/output/fix_batch_4/isolation/gap/run_27/ros_log/2026-10-03-18-22-04-127299-thor-646694
[INFO] [launch]: Default logging verbosity is set to INFO
[INFO] [fastdds_discovery_server-1]: process started with pid [646752]
[INFO] [component_supervisor_node-2]: process started with pid [646753]
[fastdds_discovery_server-1] [ensure_discovery_server] 127.0.0.1:11811 already has a live listener (an earlier session's server, deliberately still running by design -- see stack_params.yaml's own discovery_server_address/_port comment) -- reusing it, not starting a duplicate. This process will now idle harmlessly for the life of this launch.
[component_supervisor_node-2] [WARN] [1791044524.828371801] [component_supervisor_node]: [component_supervisor] FastDDS SHM sweep (startup): found 34 fastrtps file(s) (22 still in use, 12 orphaned) -- removed 12/12 orphaned file(s). Sample removed: ['/dev/shm/fastrtps_port28667', '/dev/shm/fastrtps_port28669', '/dev/shm/fastrtps_port28681', '/dev/shm/fastrtps_port28685', '/dev/shm/fastrtps_port28689'].
[component_supervisor_node-2] [INFO] [1791044524.929932055] [component_supervisor_node]: [component_supervisor] Registry: ['behavior', 'calibrate_hardware', 'control', 'dev_tools', 'diagnostics', 'hardware', 'intelligence', 'lidar_front_wall', 'localization', 'navigation', 'obstacle_clearance', 'perception', 'slam', 'startup_sequence', 'swept_clearance', 'wall_distance']. Auto-starting: ['behavior', 'control', 'dev_tools', 'diagnostics', 'hardware', 'lidar_front_wall', 'localization', 'navigation', 'obstacle_clearance', 'perception', 'slam', 'swept_clearance', 'wall_distance']. Log dir: /home/andre/dev_ws/f1tenth_more/output/fix_batch_4/isolation/gap/run_27/supervisor
[component_supervisor_node-2] [INFO] [1791044524.932020976] [component_supervisor_node]: [component_supervisor] Started 'swept_clearance': ros2 launch f1tenth_perception swept_clearance.launch.py (pid 646782, log: /home/andre/dev_ws/f1tenth_more/output/fix_batch_4/isolation/gap/run_27/supervisor/f1tenth_perception_swept_clearance.launch.py.log)
[component_supervisor_node-2] [INFO] [1791044524.933376626] [component_supervisor_node]: [component_supervisor] Started 'lidar_front_wall': ros2 launch f1tenth_perception lidar_front_wall.launch.py (pid 646783, log: /home/andre/dev_ws/f1tenth_more/output/fix_batch_4/isolation/gap/run_27/supervisor/f1tenth_perception_lidar_front_wall.launch.py.log)
[component_supervisor_node-2] [INFO] [1791044524.934504387] [component_supervisor_node]: [component_supervisor] Started 'behavior': ros2 launch f1tenth_behavior behavior_bringup.launch.py (pid 646784, log: /home/andre/dev_ws/f1tenth_more/output/fix_batch_4/isolation/gap/run_27/supervisor/f1tenth_behavior_behavior_bringup.launch.py.log)
[component_supervisor_node-2] [INFO] [1791044524.935420630] [component_supervisor_node]: [component_supervisor] Started 'wall_distance': ros2 launch f1tenth_perception wall_distance.launch.py (pid 646785, log: /home/andre/dev_ws/f1tenth_more/output/fix_batch_4/isolation/gap/run_27/supervisor/f1tenth_perception_wall_distance.launch.py.log)
[component_supervisor_node-2] [INFO] [1791044524.936378900] [component_supervisor_node]: [component_supervisor] Started 'localization': ros2 launch f1tenth_localization localization.launch.py (pid 646786, log: /home/andre/dev_ws/f1tenth_more/output/fix_batch_4/isolation/gap/run_27/supervisor/f1tenth_localization_localization.launch.py.log)
[component_supervisor_node-2] [INFO] [1791044524.937374347] [component_supervisor_node]: [component_supervisor] Started 'obstacle_clearance': ros2 launch f1tenth_perception obstacle_clearance.launch.py (pid 646787, log: /home/andre/dev_ws/f1tenth_more/output/fix_batch_4/isolation/gap/run_27/supervisor/f1tenth_perception_obstacle_clearance.launch.py.log)
[component_supervisor_node-2] [INFO] [1791044524.938276506] [component_supervisor_node]: [component_supervisor] Started 'dev_tools': ros2 launch f1tenth_bringup foxglove_bridge.launch.py (pid 646788, log: /home/andre/dev_ws/f1tenth_more/output/fix_batch_4/isolation/gap/run_27/supervisor/f1tenth_bringup_foxglove_bridge.launch.py.log)
[component_supervisor_node-2] [INFO] [1791044524.939483934] [component_supervisor_node]: [component_supervisor] Started 'slam': ros2 launch f1tenth_navigation slam.launch.py (pid 646789, log: /home/andre/dev_ws/f1tenth_more/output/fix_batch_4/isolation/gap/run_27/supervisor/f1tenth_navigation_slam.launch.py.log)
[component_supervisor_node-2] [INFO] [1791044524.940145833] [component_supervisor_node]: [component_supervisor] Started 'slam': ros2 launch f1tenth_costmap costmap.launch.py (pid 646790, log: /home/andre/dev_ws/f1tenth_more/output/fix_batch_4/isolation/gap/run_27/supervisor/f1tenth_costmap_costmap.launch.py.log)
[component_supervisor_node-2] [INFO] [1791044524.941283835] [component_supervisor_node]: [component_supervisor] Started 'navigation': ros2 launch f1tenth_navigation navigation.launch.py (pid 646791, log: /home/andre/dev_ws/f1tenth_more/output/fix_batch_4/isolation/gap/run_27/supervisor/f1tenth_navigation_navigation.launch.py.log)
[component_supervisor_node-2] [INFO] [1791044524.942316948] [component_supervisor_node]: [component_supervisor] Started 'diagnostics': ros2 launch f1tenth_diagnostics system_observer.launch.py (pid 646792, log: /home/andre/dev_ws/f1tenth_more/output/fix_batch_4/isolation/gap/run_27/supervisor/f1tenth_diagnostics_system_observer.launch.py.log)
[component_supervisor_node-2] [INFO] [1791044524.942986236] [component_supervisor_node]: [component_supervisor] Started 'diagnostics': ros2 launch f1tenth_diagnostics diagnostics_server.launch.py (pid 646793, log: /home/andre/dev_ws/f1tenth_more/output/fix_batch_4/isolation/gap/run_27/supervisor/f1tenth_diagnostics_diagnostics_server.launch.py.log)
[component_supervisor_node-2] [INFO] [1791044524.946949050] [component_supervisor_node]: [component_supervisor] Started 'diagnostics': ros2 launch f1tenth_logger mission_logger.launch.py mission_logger_runs_dir:=/home/andre/dev_ws/f1tenth_more/output/fix_batch_4/isolation/gap/run_27/runs (pid 646794, log: /home/andre/dev_ws/f1tenth_more/output/fix_batch_4/isolation/gap/run_27/supervisor/f1tenth_logger_mission_logger.launch.py.log)
[component_supervisor_node-2] [INFO] [1791044524.948639831] [component_supervisor_node]: [component_supervisor] Started 'control': ros2 launch f1tenth_control ackermann_mux.launch.py (pid 646795, log: /home/andre/dev_ws/f1tenth_more/output/fix_batch_4/isolation/gap/run_27/supervisor/f1tenth_control_ackermann_mux.launch.py.log)
[WARNING] [launch]: user interrupted with ctrl-c (SIGINT)
[INFO] [component_supervisor_node-2]: sending signal 'SIGINT' to process[component_supervisor_node-2]
[INFO] [fastdds_discovery_server-1]: sending signal 'SIGINT' to process[fastdds_discovery_server-1]
[fastdds_discovery_server-1] Traceback (most recent call last):
[fastdds_discovery_server-1]   File "/home/andre/dev_ws/f1tenth_more/install/f1tenth_bringup/share/f1tenth_bringup/scripts/ensure_discovery_server.py", line 124, in <module>
[fastdds_discovery_server-1]     main()
[fastdds_discovery_server-1]   File "/home/andre/dev_ws/f1tenth_more/install/f1tenth_bringup/share/f1tenth_bringup/scripts/ensure_discovery_server.py", line 89, in main
[fastdds_discovery_server-1]     signal_wait.wait()
[fastdds_discovery_server-1]   File "/usr/lib/python3.12/subprocess.py", line 1264, in wait
[fastdds_discovery_server-1]     return self._wait(timeout=timeout)
[fastdds_discovery_server-1]            ^^^^^^^^^^^^^^^^^^^^^^^^^^^
[fastdds_discovery_server-1]   File "/usr/lib/python3.12/subprocess.py", line 2053, in _wait
[fastdds_discovery_server-1]     (pid, sts) = self._try_wait(0)
[fastdds_discovery_server-1]                  ^^^^^^^^^^^^^^^^^
[fastdds_discovery_server-1]   File "/usr/lib/python3.12/subprocess.py", line 2011, in _try_wait
[fastdds_discovery_server-1]     (pid, sts) = os.waitpid(self.pid, wait_flags)
[fastdds_discovery_server-1]                  ^^^^^^^^^^^^^^^^^^^^^^^^^^^^^^^^
[fastdds_discovery_server-1] KeyboardInterrupt
[ERROR] [fastdds_discovery_server-1]: process has died [pid 646752, exit code -2, cmd 'python3 /home/andre/dev_ws/f1tenth_more/install/f1tenth_bringup/share/f1tenth_bringup/scripts/ensure_discovery_server.py 127.0.0.1 11811'].
[component_supervisor_node-2] [INFO] [1791044568.967322997] [component_supervisor_node]: [component_supervisor] Received signal 2 -- shutting down all tracked components.
[component_supervisor_node-2] [INFO] [1791044568.968067211] [component_supervisor_node]: [component_supervisor] Shutting down -- stopping all components.
[component_supervisor_node-2] [INFO] [1791044571.884782656] [component_supervisor_node]: [component_supervisor] 'diagnostics' (system_observer.launch.py): clean SIGINT exit in 2.5s
[component_supervisor_node-2] [INFO] [1791044571.885459888] [component_supervisor_node]: [component_supervisor] 'diagnostics' (diagnostics_server.launch.py): clean SIGINT exit in 2.5s
[component_supervisor_node-2] [INFO] [1791044571.886010834] [component_supervisor_node]: [component_supervisor] 'diagnostics' (mission_logger.launch.py): clean SIGINT exit in 2.5s
[component_supervisor_node-2] [INFO] [1791044571.886634113] [component_supervisor_node]: [component_supervisor] 'control' (ackermann_mux.launch.py): clean SIGINT exit in 2.5s
[component_supervisor_node-2] [INFO] [1791044571.887185456] [component_supervisor_node]: [component_supervisor] 'lidar_front_wall' (lidar_front_wall.launch.py): clean SIGINT exit in 2.6s
[component_supervisor_node-2] [INFO] [1791044571.887731892] [component_supervisor_node]: [component_supervisor] 'behavior' (behavior_bringup.launch.py): clean SIGINT exit in 2.6s
[component_supervisor_node-2] [INFO] [1791044571.888272134] [component_supervisor_node]: [component_supervisor] 'localization' (localization.launch.py): clean SIGINT exit in 2.6s
[component_supervisor_node-2] [INFO] [1791044571.888808302] [component_supervisor_node]: [component_supervisor] 'slam' (costmap.launch.py): clean SIGINT exit in 2.6s
[component_supervisor_node-2] [INFO] [1791044571.889349608] [component_supervisor_node]: [component_supervisor] 'navigation' (navigation.launch.py): clean SIGINT exit in 2.6s
[component_supervisor_node-2] [INFO] [1791044571.889884072] [component_supervisor_node]: [component_supervisor] 'swept_clearance' (swept_clearance.launch.py): clean SIGINT exit in 2.8s
[component_supervisor_node-2] [INFO] [1791044571.890420397] [component_supervisor_node]: [component_supervisor] 'obstacle_clearance' (obstacle_clearance.launch.py): clean SIGINT exit in 2.8s
[component_supervisor_node-2] [INFO] [1791044571.890966843] [component_supervisor_node]: [component_supervisor] 'dev_tools' (foxglove_bridge.launch.py): clean SIGINT exit in 2.8s
[component_supervisor_node-2] [INFO] [1791044571.891506733] [component_supervisor_node]: [component_supervisor] 'slam' (slam.launch.py): clean SIGINT exit in 2.8s
[component_supervisor_node-2] [INFO] [1791044571.892042197] [component_supervisor_node]: [component_supervisor] 'wall_distance' (wall_distance.launch.py): clean SIGINT exit in 2.9s
[component_supervisor_node-2] [WARN] [1791044571.928057475] [component_supervisor_node]: [component_supervisor] FastDDS SHM sweep (shutdown): found 137 fastrtps file(s) (20 still in use, 117 orphaned) -- removed 117/117 orphaned file(s). Sample removed: ['/dev/shm/fastrtps_port28661', '/dev/shm/fastrtps_port28667_el', '/dev/shm/fastrtps_port28669_el', '/dev/shm/fastrtps_port28671', '/dev/shm/fastrtps_port28673'].
[INFO] [component_supervisor_node-2]: process has finished cleanly [pid 646753]
