[INFO] [launch]: All log files can be found below /home/andre/dev_ws/f1tenth_more/output/fix_batch_4/isolation/baseline/run_23/ros_log/2026-10-03-16-39-07-751404-thor-488495
[INFO] [launch]: Default logging verbosity is set to INFO
[INFO] [fastdds_discovery_server-1]: process started with pid [488553]
[INFO] [component_supervisor_node-2]: process started with pid [488554]
[fastdds_discovery_server-1] [ensure_discovery_server] 127.0.0.1:11811 already has a live listener (an earlier session's server, deliberately still running by design -- see stack_params.yaml's own discovery_server_address/_port comment) -- reusing it, not starting a duplicate. This process will now idle harmlessly for the life of this launch.
[component_supervisor_node-2] [WARN] [1791038348.370795377] [component_supervisor_node]: [component_supervisor] FastDDS SHM sweep (startup): found 33 fastrtps file(s) (22 still in use, 11 orphaned) -- removed 11/11 orphaned file(s). Sample removed: ['/dev/shm/fastrtps_519e3f762a432316', '/dev/shm/fastrtps_519e3f762a432316_el', '/dev/shm/fastrtps_port28667', '/dev/shm/fastrtps_port28669', '/dev/shm/fastrtps_port7007'].
[component_supervisor_node-2] [INFO] [1791038348.472584279] [component_supervisor_node]: [component_supervisor] Registry: ['behavior', 'calibrate_hardware', 'control', 'dev_tools', 'diagnostics', 'hardware', 'intelligence', 'lidar_front_wall', 'localization', 'navigation', 'obstacle_clearance', 'perception', 'slam', 'startup_sequence', 'swept_clearance', 'wall_distance']. Auto-starting: ['behavior', 'control', 'dev_tools', 'diagnostics', 'hardware', 'lidar_front_wall', 'localization', 'navigation', 'obstacle_clearance', 'perception', 'slam', 'swept_clearance', 'wall_distance']. Log dir: /home/andre/dev_ws/f1tenth_more/output/fix_batch_4/isolation/baseline/run_23/supervisor
[component_supervisor_node-2] [INFO] [1791038348.474176542] [component_supervisor_node]: [component_supervisor] Started 'navigation': ros2 launch f1tenth_navigation navigation.launch.py (pid 488584, log: /home/andre/dev_ws/f1tenth_more/output/fix_batch_4/isolation/baseline/run_23/supervisor/f1tenth_navigation_navigation.launch.py.log)
[component_supervisor_node-2] [INFO] [1791038348.475778703] [component_supervisor_node]: [component_supervisor] Started 'swept_clearance': ros2 launch f1tenth_perception swept_clearance.launch.py (pid 488585, log: /home/andre/dev_ws/f1tenth_more/output/fix_batch_4/isolation/baseline/run_23/supervisor/f1tenth_perception_swept_clearance.launch.py.log)
[component_supervisor_node-2] [INFO] [1791038348.476992817] [component_supervisor_node]: [component_supervisor] Started 'control': ros2 launch f1tenth_control ackermann_mux.launch.py (pid 488586, log: /home/andre/dev_ws/f1tenth_more/output/fix_batch_4/isolation/baseline/run_23/supervisor/f1tenth_control_ackermann_mux.launch.py.log)
[component_supervisor_node-2] [INFO] [1791038348.477904254] [component_supervisor_node]: [component_supervisor] Started 'lidar_front_wall': ros2 launch f1tenth_perception lidar_front_wall.launch.py (pid 488587, log: /home/andre/dev_ws/f1tenth_more/output/fix_batch_4/isolation/baseline/run_23/supervisor/f1tenth_perception_lidar_front_wall.launch.py.log)
[component_supervisor_node-2] [INFO] [1791038348.478994812] [component_supervisor_node]: [component_supervisor] Started 'localization': ros2 launch f1tenth_localization localization.launch.py (pid 488588, log: /home/andre/dev_ws/f1tenth_more/output/fix_batch_4/isolation/baseline/run_23/supervisor/f1tenth_localization_localization.launch.py.log)
[component_supervisor_node-2] [INFO] [1791038348.479918351] [component_supervisor_node]: [component_supervisor] Started 'slam': ros2 launch f1tenth_navigation slam.launch.py (pid 488589, log: /home/andre/dev_ws/f1tenth_more/output/fix_batch_4/isolation/baseline/run_23/supervisor/f1tenth_navigation_slam.launch.py.log)
[component_supervisor_node-2] [INFO] [1791038348.480813584] [component_supervisor_node]: [component_supervisor] Started 'slam': ros2 launch f1tenth_costmap costmap.launch.py (pid 488590, log: /home/andre/dev_ws/f1tenth_more/output/fix_batch_4/isolation/baseline/run_23/supervisor/f1tenth_costmap_costmap.launch.py.log)
[component_supervisor_node-2] [INFO] [1791038348.481675068] [component_supervisor_node]: [component_supervisor] Started 'diagnostics': ros2 launch f1tenth_diagnostics system_observer.launch.py (pid 488591, log: /home/andre/dev_ws/f1tenth_more/output/fix_batch_4/isolation/baseline/run_23/supervisor/f1tenth_diagnostics_system_observer.launch.py.log)
[component_supervisor_node-2] [INFO] [1791038348.482637005] [component_supervisor_node]: [component_supervisor] Started 'diagnostics': ros2 launch f1tenth_diagnostics diagnostics_server.launch.py (pid 488592, log: /home/andre/dev_ws/f1tenth_more/output/fix_batch_4/isolation/baseline/run_23/supervisor/f1tenth_diagnostics_diagnostics_server.launch.py.log)
[component_supervisor_node-2] [INFO] [1791038348.483268812] [component_supervisor_node]: [component_supervisor] Started 'diagnostics': ros2 launch f1tenth_logger mission_logger.launch.py mission_logger_runs_dir:=/home/andre/dev_ws/f1tenth_more/output/fix_batch_4/isolation/baseline/run_23/runs (pid 488593, log: /home/andre/dev_ws/f1tenth_more/output/fix_batch_4/isolation/baseline/run_23/supervisor/f1tenth_logger_mission_logger.launch.py.log)
[component_supervisor_node-2] [INFO] [1791038348.484194564] [component_supervisor_node]: [component_supervisor] Started 'obstacle_clearance': ros2 launch f1tenth_perception obstacle_clearance.launch.py (pid 488594, log: /home/andre/dev_ws/f1tenth_more/output/fix_batch_4/isolation/baseline/run_23/supervisor/f1tenth_perception_obstacle_clearance.launch.py.log)
[component_supervisor_node-2] [INFO] [1791038348.485135502] [component_supervisor_node]: [component_supervisor] Started 'dev_tools': ros2 launch f1tenth_bringup foxglove_bridge.launch.py (pid 488595, log: /home/andre/dev_ws/f1tenth_more/output/fix_batch_4/isolation/baseline/run_23/supervisor/f1tenth_bringup_foxglove_bridge.launch.py.log)
[component_supervisor_node-2] [INFO] [1791038348.486322736] [component_supervisor_node]: [component_supervisor] Started 'behavior': ros2 launch f1tenth_behavior behavior_bringup.launch.py (pid 488596, log: /home/andre/dev_ws/f1tenth_more/output/fix_batch_4/isolation/baseline/run_23/supervisor/f1tenth_behavior_behavior_bringup.launch.py.log)
[component_supervisor_node-2] [INFO] [1791038348.487785869] [component_supervisor_node]: [component_supervisor] Started 'wall_distance': ros2 launch f1tenth_perception wall_distance.launch.py (pid 488597, log: /home/andre/dev_ws/f1tenth_more/output/fix_batch_4/isolation/baseline/run_23/supervisor/f1tenth_perception_wall_distance.launch.py.log)
[WARNING] [launch]: user interrupted with ctrl-c (SIGINT)
[INFO] [component_supervisor_node-2]: sending signal 'SIGINT' to process[component_supervisor_node-2]
[INFO] [fastdds_discovery_server-1]: sending signal 'SIGINT' to process[fastdds_discovery_server-1]
[fastdds_discovery_server-1] Traceback (most recent call last):
[fastdds_discovery_server-1]   File "/home/andre/dev_ws/f1tenth_more/install/f1tenth_bringup/share/f1tenth_bringup/scripts/ensure_discovery_server.py", line 124, in <module>
[fastdds_discovery_server-1]     main()
[fastdds_discovery_server-1]   File "/home/andre/dev_ws/f1tenth_more/install/f1tenth_bringup/share/f1tenth_bringup/scripts/ensure_discovery_server.py", line 89, in main
[fastdds_discovery_server-1]     signal_wait.wait()
[fastdds_discovery_server-1]   File "/usr/lib/python3.12/subprocess.py", line 1264, in wait
[fastdds_discovery_server-1]     return self._wait(timeout=timeout)
[fastdds_discovery_server-1]            ^^^^^^^^^^^^^^^^^^^^^^^^^^^
[fastdds_discovery_server-1]   File "/usr/lib/python3.12/subprocess.py", line 2053, in _wait
[fastdds_discovery_server-1]     (pid, sts) = self._try_wait(0)
[fastdds_discovery_server-1]                  ^^^^^^^^^^^^^^^^^
[fastdds_discovery_server-1]   File "/usr/lib/python3.12/subprocess.py", line 2011, in _try_wait
[fastdds_discovery_server-1]     (pid, sts) = os.waitpid(self.pid, wait_flags)
[fastdds_discovery_server-1]                  ^^^^^^^^^^^^^^^^^^^^^^^^^^^^^^^^
[fastdds_discovery_server-1] KeyboardInterrupt
[ERROR] [fastdds_discovery_server-1]: process has died [pid 488553, exit code -2, cmd 'python3 /home/andre/dev_ws/f1tenth_more/install/f1tenth_bringup/share/f1tenth_bringup/scripts/ensure_discovery_server.py 127.0.0.1 11811'].
[component_supervisor_node-2] [INFO] [1791038394.498022167] [component_supervisor_node]: [component_supervisor] Received signal 2 -- shutting down all tracked components.
[component_supervisor_node-2] [INFO] [1791038394.498854956] [component_supervisor_node]: [component_supervisor] Shutting down -- stopping all components.
[ERROR] [component_supervisor_node-2]: process[component_supervisor_node-2] failed to terminate '5' seconds after receiving 'SIGINT', escalating to 'SIGTERM'
[INFO] [component_supervisor_node-2]: sending signal 'SIGTERM' to process[component_supervisor_node-2]
[component_supervisor_node-2] [WARN] [1791038398.880026841] [component_supervisor_node]: [component_supervisor] Received signal 15 while a shutdown was already in progress -- force-killing every tracked component immediately.
[component_supervisor_node-2] [WARN] [1791038399.223662716] [component_supervisor_node]: [component_supervisor] FastDDS SHM sweep (shutdown (force-kill)): found 140 fastrtps file(s) (26 still in use, 114 orphaned) -- removed 114/114 orphaned file(s). Sample removed: ['/dev/shm/fastrtps_99ee53b2e3bb1d22_el', '/dev/shm/fastrtps_port28667_el', '/dev/shm/fastrtps_port28669', '/dev/shm/fastrtps_port28671', '/dev/shm/fastrtps_port28673'].
[INFO] [component_supervisor_node-2]: process has finished cleanly [pid 488554]
