[INFO] [1791020346.560426919] [map_server]: 
	map_server lifecycle node launched. 
	Waiting on external lifecycle transitions to activate
	See https://design.ros2.org/articles/node_lifecycle.html for more information.
[INFO] [1791020346.560627585] [map_server]: Creating
[INFO] [1791020347.974605249] [map_server]: Configuring
[INFO] [1791020347.974814064] [map_io]: Loading yaml file: /home/andre/dev_ws/f1tenth_more/install/f1tenth_navigation/share/f1tenth_navigation/maps/square_100m.yaml
[INFO] [1791020347.975409970] [map_io]: resolution: 0.05
[INFO] [1791020347.975427257] [map_io]: origin[0]: -50
[INFO] [1791020347.975431591] [map_io]: origin[1]: -50
[INFO] [1791020347.975434183] [map_io]: origin[2]: 0
[INFO] [1791020347.975436980] [map_io]: free_thresh: 0.196
[INFO] [1791020347.975439887] [map_io]: occupied_thresh: 0.65
[INFO] [1791020347.975445267] [map_io]: mode: trinary
[INFO] [1791020347.975451526] [map_io]: negate: 0
[INFO] [1791020347.975878822] [map_io]: Loading image_file: /home/andre/dev_ws/f1tenth_more/install/f1tenth_navigation/share/f1tenth_navigation/maps/square_100m.pgm
[INFO] [1791020348.036870207] [map_io]: Read map /home/andre/dev_ws/f1tenth_more/install/f1tenth_navigation/share/f1tenth_navigation/maps/square_100m.pgm: 2000 X 2000 map @ 0.05 m/cell
[INFO] [1791020348.056914298] [map_server]: Activating
[INFO] [1791020348.059838138] [map_server]: Creating bond (map_server) to lifecycle manager.
[INFO] [1791020389.831435007] [rclcpp]: signal_handler(SIGINT/SIGTERM)
[INFO] [1791020389.831677025] [map_server]: Running Nav2 LifecycleNode rcl preshutdown (map_server)
[INFO] [1791020389.831884470] [map_server]: Deactivating
[INFO] [1791020389.831910535] [map_server]: Destroying bond (map_server) to lifecycle manager.
[INFO] [1791020389.846391798] [map_server]: Cleaning up
[INFO] [1791020389.847046075] [map_server]: Destroying bond (map_server) to lifecycle manager.
