[INFO] [launch]: All log files can be found below /home/andre/dev_ws/f1tenth_more/output/phase5/step4/ros_log/2026-10-03-11-11-34-543532-thor-359725
[INFO] [launch]: Default logging verbosity is set to INFO
[INFO] [fastdds_discovery_server-1]: process started with pid [359756]
[INFO] [component_supervisor_node-2]: process started with pid [359757]
[fastdds_discovery_server-1] [ensure_discovery_server] 127.0.0.1:11811 is free -- starting a fresh fastdds discovery server.
[fastdds_discovery_server-1] ### Server is running ###
[fastdds_discovery_server-1]   Participant Type:   SERVER
[fastdds_discovery_server-1]   Security:           NO
[fastdds_discovery_server-1]   Server ID:          0
[fastdds_discovery_server-1]   Server GUID prefix: 44.53.00.5f.45.50.52.4f.53.49.4d.41
[fastdds_discovery_server-1]   Server Addresses:   UDPv4:[127.0.0.1]:11811
[component_supervisor_node-2] [WARN] [1791018695.171870252] [component_supervisor_node]: [component_supervisor] FastDDS SHM sweep (startup): found 34 fastrtps file(s) (16 still in use, 18 orphaned) -- removed 18/18 orphaned file(s). Sample removed: ['/dev/shm/fastrtps_45cd3f0f933412fe', '/dev/shm/fastrtps_5e93f1648a7ce72a', '/dev/shm/fastrtps_5e93f1648a7ce72a_el', '/dev/shm/fastrtps_7fe9ac55b75a1479', '/dev/shm/fastrtps_7fe9ac55b75a1479_el'].
[component_supervisor_node-2] [INFO] [1791018695.273585817] [component_supervisor_node]: [component_supervisor] Registry: ['behavior', 'calibrate_hardware', 'control', 'dev_tools', 'diagnostics', 'hardware', 'intelligence', 'lidar_front_wall', 'localization', 'navigation', 'obstacle_clearance', 'perception', 'slam', 'startup_sequence', 'swept_clearance', 'wall_distance']. Auto-starting: ['behavior', 'control', 'dev_tools', 'diagnostics', 'hardware', 'lidar_front_wall', 'localization', 'navigation', 'obstacle_clearance', 'perception', 'slam', 'swept_clearance', 'wall_distance']. Log dir: /home/andre/dev_ws/f1tenth_more/output/phase5/step4/supervisor
[component_supervisor_node-2] [INFO] [1791018695.275456815] [component_supervisor_node]: [component_supervisor] Started 'behavior': ros2 launch f1tenth_behavior behavior_bringup.launch.py (pid 359797, log: /home/andre/dev_ws/f1tenth_more/output/phase5/step4/supervisor/f1tenth_behavior_behavior_bringup.launch.py.log)
[component_supervisor_node-2] [INFO] [1791018695.276645581] [component_supervisor_node]: [component_supervisor] Started 'swept_clearance': ros2 launch f1tenth_perception swept_clearance.launch.py (pid 359798, log: /home/andre/dev_ws/f1tenth_more/output/phase5/step4/supervisor/f1tenth_perception_swept_clearance.launch.py.log)
[component_supervisor_node-2] [INFO] [1791018695.277645728] [component_supervisor_node]: [component_supervisor] Started 'localization': ros2 launch f1tenth_localization localization.launch.py (pid 359799, log: /home/andre/dev_ws/f1tenth_more/output/phase5/step4/supervisor/f1tenth_localization_localization.launch.py.log)
[component_supervisor_node-2] [INFO] [1791018695.278880356] [component_supervisor_node]: [component_supervisor] Started 'diagnostics': ros2 launch f1tenth_diagnostics system_observer.launch.py (pid 359800, log: /home/andre/dev_ws/f1tenth_more/output/phase5/step4/supervisor/f1tenth_diagnostics_system_observer.launch.py.log)
[component_supervisor_node-2] [INFO] [1791018695.279581660] [component_supervisor_node]: [component_supervisor] Started 'diagnostics': ros2 launch f1tenth_diagnostics diagnostics_server.launch.py (pid 359801, log: /home/andre/dev_ws/f1tenth_more/output/phase5/step4/supervisor/f1tenth_diagnostics_diagnostics_server.launch.py.log)
[component_supervisor_node-2] [INFO] [1791018695.280524807] [component_supervisor_node]: [component_supervisor] Started 'diagnostics': ros2 launch f1tenth_logger mission_logger.launch.py mission_logger_runs_dir:=/home/andre/dev_ws/f1tenth_more/output/phase5/step4/runs (pid 359802, log: /home/andre/dev_ws/f1tenth_more/output/phase5/step4/supervisor/f1tenth_logger_mission_logger.launch.py.log)
[component_supervisor_node-2] [INFO] [1791018695.281414074] [component_supervisor_node]: [component_supervisor] Started 'control': ros2 launch f1tenth_control ackermann_mux.launch.py (pid 359803, log: /home/andre/dev_ws/f1tenth_more/output/phase5/step4/supervisor/f1tenth_control_ackermann_mux.launch.py.log)
[component_supervisor_node-2] [INFO] [1791018695.282311138] [component_supervisor_node]: [component_supervisor] Started 'slam': ros2 launch f1tenth_navigation slam.launch.py (pid 359804, log: /home/andre/dev_ws/f1tenth_more/output/phase5/step4/supervisor/f1tenth_navigation_slam.launch.py.log)
[component_supervisor_node-2] [INFO] [1791018695.283077498] [component_supervisor_node]: [component_supervisor] Started 'slam': ros2 launch f1tenth_costmap costmap.launch.py (pid 359805, log: /home/andre/dev_ws/f1tenth_more/output/phase5/step4/supervisor/f1tenth_costmap_costmap.launch.py.log)
[component_supervisor_node-2] [INFO] [1791018695.284020228] [component_supervisor_node]: [component_supervisor] Started 'navigation': ros2 launch f1tenth_navigation navigation.launch.py (pid 359806, log: /home/andre/dev_ws/f1tenth_more/output/phase5/step4/supervisor/f1tenth_navigation_navigation.launch.py.log)
[component_supervisor_node-2] [INFO] [1791018695.284951051] [component_supervisor_node]: [component_supervisor] Started 'dev_tools': ros2 launch f1tenth_bringup foxglove_bridge.launch.py (pid 359807, log: /home/andre/dev_ws/f1tenth_more/output/phase5/step4/supervisor/f1tenth_bringup_foxglove_bridge.launch.py.log)
[component_supervisor_node-2] [INFO] [1791018695.286012604] [component_supervisor_node]: [component_supervisor] Started 'lidar_front_wall': ros2 launch f1tenth_perception lidar_front_wall.launch.py (pid 359808, log: /home/andre/dev_ws/f1tenth_more/output/phase5/step4/supervisor/f1tenth_perception_lidar_front_wall.launch.py.log)
[component_supervisor_node-2] [INFO] [1791018695.288427314] [component_supervisor_node]: [component_supervisor] Started 'wall_distance': ros2 launch f1tenth_perception wall_distance.launch.py (pid 359809, log: /home/andre/dev_ws/f1tenth_more/output/phase5/step4/supervisor/f1tenth_perception_wall_distance.launch.py.log)
[component_supervisor_node-2] [INFO] [1791018695.290814236] [component_supervisor_node]: [component_supervisor] Started 'obstacle_clearance': ros2 launch f1tenth_perception obstacle_clearance.launch.py (pid 359810, log: /home/andre/dev_ws/f1tenth_more/output/phase5/step4/supervisor/f1tenth_perception_obstacle_clearance.launch.py.log)
[component_supervisor_node-2] [WARN] [1791018861.300953438] [component_supervisor_node]: [component_supervisor] 'localization' (localization.launch.py) crashed (exit -9) -- auto-respawning.
[component_supervisor_node-2] [WARN] [1791018887.301141803] [component_supervisor_node]: [component_supervisor] 'navigation' (navigation.launch.py) crashed (exit -9) -- auto-respawning.
[component_supervisor_node-2] [WARN] [1791018915.300989263] [component_supervisor_node]: [component_supervisor] 'diagnostics' (system_observer.launch.py) crashed (exit -9) -- auto-respawning.
[component_supervisor_node-2] [WARN] [1791018915.302991695] [component_supervisor_node]: [component_supervisor] 'diagnostics' (diagnostics_server.launch.py) crashed (exit -9) -- auto-respawning.
[component_supervisor_node-2] [WARN] [1791018915.304510943] [component_supervisor_node]: [component_supervisor] 'diagnostics' (mission_logger.launch.py) crashed (exit -9) -- auto-respawning.
[WARNING] [launch]: user interrupted with ctrl-c (SIGINT)
[INFO] [component_supervisor_node-2]: sending signal 'SIGINT' to process[component_supervisor_node-2]
[INFO] [fastdds_discovery_server-1]: sending signal 'SIGINT' to process[fastdds_discovery_server-1]
[component_supervisor_node-2] [INFO] [1791018943.300925565] [component_supervisor_node]: [component_supervisor] Received signal 2 -- shutting down all tracked components.
[component_supervisor_node-2] [INFO] [1791018943.301754091] [component_supervisor_node]: [component_supervisor] Shutting down -- stopping all components.
[ERROR] [component_supervisor_node-2]: process[component_supervisor_node-2] failed to terminate '5' seconds after receiving 'SIGINT', escalating to 'SIGTERM'
[ERROR] [fastdds_discovery_server-1]: process[fastdds_discovery_server-1] failed to terminate '5' seconds after receiving 'SIGINT', escalating to 'SIGTERM'
[INFO] [component_supervisor_node-2]: sending signal 'SIGTERM' to process[component_supervisor_node-2]
[INFO] [fastdds_discovery_server-1]: sending signal 'SIGTERM' to process[fastdds_discovery_server-1]
[ERROR] [fastdds_discovery_server-1]: process has died [pid 359756, exit code -15, cmd 'python3 /home/andre/dev_ws/f1tenth_more/install/f1tenth_bringup/share/f1tenth_bringup/scripts/ensure_discovery_server.py 127.0.0.1 11811'].
[component_supervisor_node-2] [WARN] [1791018946.748227381] [component_supervisor_node]: [component_supervisor] Received signal 15 while a shutdown was already in progress -- force-killing every tracked component immediately.
[component_supervisor_node-2] [WARN] [1791018947.081338155] [component_supervisor_node]: [component_supervisor] FastDDS SHM sweep (shutdown (force-kill)): found 140 fastrtps file(s) (21 still in use, 119 orphaned) -- removed 119/119 orphaned file(s). Sample removed: ['/dev/shm/fastrtps_99a50c0fae0bf058_el', '/dev/shm/fastrtps_port28661', '/dev/shm/fastrtps_port28665_el', '/dev/shm/fastrtps_port28667', '/dev/shm/fastrtps_port28669_el'].
[INFO] [component_supervisor_node-2]: process has finished cleanly [pid 359757]
