[INFO] [1791019934.361209764] [map_server]: 
	map_server lifecycle node launched. 
	Waiting on external lifecycle transitions to activate
	See https://design.ros2.org/articles/node_lifecycle.html for more information.
[INFO] [1791019934.361464542] [map_server]: Creating
[INFO] [1791019935.391037971] [map_server]: Configuring
[INFO] [1791019935.391270860] [map_io]: Loading yaml file: /home/andre/dev_ws/f1tenth_more/install/f1tenth_navigation/share/f1tenth_navigation/maps/square_100m.yaml
[INFO] [1791019935.391766981] [map_io]: resolution: 0.05
[INFO] [1791019935.391780379] [map_io]: origin[0]: -50
[INFO] [1791019935.391783471] [map_io]: origin[1]: -50
[INFO] [1791019935.391786795] [map_io]: origin[2]: 0
[INFO] [1791019935.391790027] [map_io]: free_thresh: 0.196
[INFO] [1791019935.391793555] [map_io]: occupied_thresh: 0.65
[INFO] [1791019935.391800323] [map_io]: mode: trinary
[INFO] [1791019935.391806675] [map_io]: negate: 0
[INFO] [1791019935.392231961] [map_io]: Loading image_file: /home/andre/dev_ws/f1tenth_more/install/f1tenth_navigation/share/f1tenth_navigation/maps/square_100m.pgm
[INFO] [1791019935.453853665] [map_io]: Read map /home/andre/dev_ws/f1tenth_more/install/f1tenth_navigation/share/f1tenth_navigation/maps/square_100m.pgm: 2000 X 2000 map @ 0.05 m/cell
[INFO] [1791019935.468596228] [map_server]: Activating
[INFO] [1791019935.471798643] [map_server]: Creating bond (map_server) to lifecycle manager.
[INFO] [1791019977.660533605] [rclcpp]: signal_handler(SIGINT/SIGTERM)
[INFO] [1791019977.660740937] [map_server]: Running Nav2 LifecycleNode rcl preshutdown (map_server)
[INFO] [1791019977.660904150] [map_server]: Deactivating
[INFO] [1791019977.660926789] [map_server]: Destroying bond (map_server) to lifecycle manager.
[INFO] [1791019977.671822874] [map_server]: Cleaning up
[INFO] [1791019977.671945781] [map_server]: Destroying bond (map_server) to lifecycle manager.
