[INFO] [launch]: All log files can be found below /home/andre/dev_ws/f1tenth_more/output/fix_batch_4/isolation/baseline/run_02/ros_log/2026-10-03-16-20-22-158771-thor-453121
[INFO] [launch]: Default logging verbosity is set to INFO
[INFO] [fastdds_discovery_server-1]: process started with pid [453179]
[INFO] [component_supervisor_node-2]: process started with pid [453180]
[fastdds_discovery_server-1] [ensure_discovery_server] 127.0.0.1:11811 already has a live listener (an earlier session's server, deliberately still running by design -- see stack_params.yaml's own discovery_server_address/_port comment) -- reusing it, not starting a duplicate. This process will now idle harmlessly for the life of this launch.
[component_supervisor_node-2] [WARN] [1791037222.777260514] [component_supervisor_node]: [component_supervisor] FastDDS SHM sweep (startup): found 30 fastrtps file(s) (22 still in use, 8 orphaned) -- removed 8/8 orphaned file(s). Sample removed: ['/dev/shm/fastrtps_port28673', '/dev/shm/fastrtps_port28675', '/dev/shm/sem.fastrtps_port28661_mutex', '/dev/shm/sem.fastrtps_port28663_mutex', '/dev/shm/sem.fastrtps_port28665_mutex'].
[component_supervisor_node-2] [INFO] [1791037222.879661335] [component_supervisor_node]: [component_supervisor] Registry: ['behavior', 'calibrate_hardware', 'control', 'dev_tools', 'diagnostics', 'hardware', 'intelligence', 'lidar_front_wall', 'localization', 'navigation', 'obstacle_clearance', 'perception', 'slam', 'startup_sequence', 'swept_clearance', 'wall_distance']. Auto-starting: ['behavior', 'control', 'dev_tools', 'diagnostics', 'hardware', 'lidar_front_wall', 'localization', 'navigation', 'obstacle_clearance', 'perception', 'slam', 'swept_clearance', 'wall_distance']. Log dir: /home/andre/dev_ws/f1tenth_more/output/fix_batch_4/isolation/baseline/run_02/supervisor
[component_supervisor_node-2] [INFO] [1791037222.881296199] [component_supervisor_node]: [component_supervisor] Started 'localization': ros2 launch f1tenth_localization localization.launch.py (pid 453212, log: /home/andre/dev_ws/f1tenth_more/output/fix_batch_4/isolation/baseline/run_02/supervisor/f1tenth_localization_localization.launch.py.log)
[component_supervisor_node-2] [INFO] [1791037222.882727463] [component_supervisor_node]: [component_supervisor] Started 'navigation': ros2 launch f1tenth_navigation navigation.launch.py (pid 453213, log: /home/andre/dev_ws/f1tenth_more/output/fix_batch_4/isolation/baseline/run_02/supervisor/f1tenth_navigation_navigation.launch.py.log)
[component_supervisor_node-2] [INFO] [1791037222.884384273] [component_supervisor_node]: [component_supervisor] Started 'slam': ros2 launch f1tenth_navigation slam.launch.py (pid 453214, log: /home/andre/dev_ws/f1tenth_more/output/fix_batch_4/isolation/baseline/run_02/supervisor/f1tenth_navigation_slam.launch.py.log)
[component_supervisor_node-2] [INFO] [1791037222.885144640] [component_supervisor_node]: [component_supervisor] Started 'slam': ros2 launch f1tenth_costmap costmap.launch.py (pid 453215, log: /home/andre/dev_ws/f1tenth_more/output/fix_batch_4/isolation/baseline/run_02/supervisor/f1tenth_costmap_costmap.launch.py.log)
[component_supervisor_node-2] [INFO] [1791037222.886193850] [component_supervisor_node]: [component_supervisor] Started 'diagnostics': ros2 launch f1tenth_diagnostics system_observer.launch.py (pid 453216, log: /home/andre/dev_ws/f1tenth_more/output/fix_batch_4/isolation/baseline/run_02/supervisor/f1tenth_diagnostics_system_observer.launch.py.log)
[component_supervisor_node-2] [INFO] [1791037222.887680428] [component_supervisor_node]: [component_supervisor] Started 'diagnostics': ros2 launch f1tenth_diagnostics diagnostics_server.launch.py (pid 453217, log: /home/andre/dev_ws/f1tenth_more/output/fix_batch_4/isolation/baseline/run_02/supervisor/f1tenth_diagnostics_diagnostics_server.launch.py.log)
[component_supervisor_node-2] [INFO] [1791037222.888407750] [component_supervisor_node]: [component_supervisor] Started 'diagnostics': ros2 launch f1tenth_logger mission_logger.launch.py mission_logger_runs_dir:=/home/andre/dev_ws/f1tenth_more/output/fix_batch_4/isolation/baseline/run_02/runs (pid 453218, log: /home/andre/dev_ws/f1tenth_more/output/fix_batch_4/isolation/baseline/run_02/supervisor/f1tenth_logger_mission_logger.launch.py.log)
[component_supervisor_node-2] [INFO] [1791037222.889246330] [component_supervisor_node]: [component_supervisor] Started 'control': ros2 launch f1tenth_control ackermann_mux.launch.py (pid 453219, log: /home/andre/dev_ws/f1tenth_more/output/fix_batch_4/isolation/baseline/run_02/supervisor/f1tenth_control_ackermann_mux.launch.py.log)
[component_supervisor_node-2] [INFO] [1791037222.890204457] [component_supervisor_node]: [component_supervisor] Started 'dev_tools': ros2 launch f1tenth_bringup foxglove_bridge.launch.py (pid 453220, log: /home/andre/dev_ws/f1tenth_more/output/fix_batch_4/isolation/baseline/run_02/supervisor/f1tenth_bringup_foxglove_bridge.launch.py.log)
[component_supervisor_node-2] [INFO] [1791037222.891354221] [component_supervisor_node]: [component_supervisor] Started 'wall_distance': ros2 launch f1tenth_perception wall_distance.launch.py (pid 453221, log: /home/andre/dev_ws/f1tenth_more/output/fix_batch_4/isolation/baseline/run_02/supervisor/f1tenth_perception_wall_distance.launch.py.log)
[component_supervisor_node-2] [INFO] [1791037222.892541291] [component_supervisor_node]: [component_supervisor] Started 'behavior': ros2 launch f1tenth_behavior behavior_bringup.launch.py (pid 453222, log: /home/andre/dev_ws/f1tenth_more/output/fix_batch_4/isolation/baseline/run_02/supervisor/f1tenth_behavior_behavior_bringup.launch.py.log)
[component_supervisor_node-2] [INFO] [1791037222.894395507] [component_supervisor_node]: [component_supervisor] Started 'obstacle_clearance': ros2 launch f1tenth_perception obstacle_clearance.launch.py (pid 453223, log: /home/andre/dev_ws/f1tenth_more/output/fix_batch_4/isolation/baseline/run_02/supervisor/f1tenth_perception_obstacle_clearance.launch.py.log)
[component_supervisor_node-2] [INFO] [1791037222.895387254] [component_supervisor_node]: [component_supervisor] Started 'lidar_front_wall': ros2 launch f1tenth_perception lidar_front_wall.launch.py (pid 453224, log: /home/andre/dev_ws/f1tenth_more/output/fix_batch_4/isolation/baseline/run_02/supervisor/f1tenth_perception_lidar_front_wall.launch.py.log)
[component_supervisor_node-2] [INFO] [1791037222.899068778] [component_supervisor_node]: [component_supervisor] Started 'swept_clearance': ros2 launch f1tenth_perception swept_clearance.launch.py (pid 453225, log: /home/andre/dev_ws/f1tenth_more/output/fix_batch_4/isolation/baseline/run_02/supervisor/f1tenth_perception_swept_clearance.launch.py.log)
[WARNING] [launch]: user interrupted with ctrl-c (SIGINT)
[INFO] [component_supervisor_node-2]: sending signal 'SIGINT' to process[component_supervisor_node-2]
[INFO] [fastdds_discovery_server-1]: sending signal 'SIGINT' to process[fastdds_discovery_server-1]
[fastdds_discovery_server-1] Traceback (most recent call last):
[fastdds_discovery_server-1]   File "/home/andre/dev_ws/f1tenth_more/install/f1tenth_bringup/share/f1tenth_bringup/scripts/ensure_discovery_server.py", line 124, in <module>
[fastdds_discovery_server-1]     main()
[fastdds_discovery_server-1]   File "/home/andre/dev_ws/f1tenth_more/install/f1tenth_bringup/share/f1tenth_bringup/scripts/ensure_discovery_server.py", line 89, in main
[fastdds_discovery_server-1]     signal_wait.wait()
[fastdds_discovery_server-1]   File "/usr/lib/python3.12/subprocess.py", line 1264, in wait
[fastdds_discovery_server-1]     return self._wait(timeout=timeout)
[fastdds_discovery_server-1]            ^^^^^^^^^^^^^^^^^^^^^^^^^^^
[fastdds_discovery_server-1]   File "/usr/lib/python3.12/subprocess.py", line 2053, in _wait
[fastdds_discovery_server-1]     (pid, sts) = self._try_wait(0)
[fastdds_discovery_server-1]                  ^^^^^^^^^^^^^^^^^
[fastdds_discovery_server-1]   File "/usr/lib/python3.12/subprocess.py", line 2011, in _try_wait
[fastdds_discovery_server-1]     (pid, sts) = os.waitpid(self.pid, wait_flags)
[fastdds_discovery_server-1]                  ^^^^^^^^^^^^^^^^^^^^^^^^^^^^^^^^
[fastdds_discovery_server-1] KeyboardInterrupt
[component_supervisor_node-2] [INFO] [1791037266.919165108] [component_supervisor_node]: [component_supervisor] Received signal 2 -- shutting down all tracked components.
[component_supervisor_node-2] [INFO] [1791037266.919910625] [component_supervisor_node]: [component_supervisor] Shutting down -- stopping all components.
[ERROR] [fastdds_discovery_server-1]: process has died [pid 453179, exit code -2, cmd 'python3 /home/andre/dev_ws/f1tenth_more/install/f1tenth_bringup/share/f1tenth_bringup/scripts/ensure_discovery_server.py 127.0.0.1 11811'].
[component_supervisor_node-2] [INFO] [1791037267.726737534] [component_supervisor_node]: [component_supervisor] 'diagnostics' (system_observer.launch.py): clean SIGINT exit in 0.4s
[component_supervisor_node-2] [INFO] [1791037267.727429754] [component_supervisor_node]: [component_supervisor] 'diagnostics' (diagnostics_server.launch.py): clean SIGINT exit in 0.4s
[component_supervisor_node-2] [INFO] [1791037267.727981150] [component_supervisor_node]: [component_supervisor] 'diagnostics' (mission_logger.launch.py): clean SIGINT exit in 0.4s
[component_supervisor_node-2] [INFO] [1791037267.728518983] [component_supervisor_node]: [component_supervisor] 'control' (ackermann_mux.launch.py): clean SIGINT exit in 0.4s
[component_supervisor_node-2] [INFO] [1791037267.729053471] [component_supervisor_node]: [component_supervisor] 'localization' (localization.launch.py): clean SIGINT exit in 0.5s
[component_supervisor_node-2] [INFO] [1791037267.729592543] [component_supervisor_node]: [component_supervisor] 'navigation' (navigation.launch.py): clean SIGINT exit in 0.5s
[component_supervisor_node-2] [INFO] [1791037267.730126319] [component_supervisor_node]: [component_supervisor] 'slam' (slam.launch.py): clean SIGINT exit in 0.5s
[component_supervisor_node-2] [INFO] [1791037267.730671151] [component_supervisor_node]: [component_supervisor] 'slam' (costmap.launch.py): clean SIGINT exit in 0.5s
[component_supervisor_node-2] [INFO] [1791037267.731210196] [component_supervisor_node]: [component_supervisor] 'behavior' (behavior_bringup.launch.py): clean SIGINT exit in 0.5s
[component_supervisor_node-2] [INFO] [1791037267.731742092] [component_supervisor_node]: [component_supervisor] 'dev_tools' (foxglove_bridge.launch.py): clean SIGINT exit in 0.6s
[component_supervisor_node-2] [INFO] [1791037267.732274432] [component_supervisor_node]: [component_supervisor] 'wall_distance' (wall_distance.launch.py): clean SIGINT exit in 0.7s
[component_supervisor_node-2] [INFO] [1791037267.732803718] [component_supervisor_node]: [component_supervisor] 'obstacle_clearance' (obstacle_clearance.launch.py): clean SIGINT exit in 0.7s
[component_supervisor_node-2] [INFO] [1791037267.733335716] [component_supervisor_node]: [component_supervisor] 'lidar_front_wall' (lidar_front_wall.launch.py): clean SIGINT exit in 0.8s
[component_supervisor_node-2] [INFO] [1791037267.733870372] [component_supervisor_node]: [component_supervisor] 'swept_clearance' (swept_clearance.launch.py): clean SIGINT exit in 0.8s
[component_supervisor_node-2] [WARN] [1791037267.768796793] [component_supervisor_node]: [component_supervisor] FastDDS SHM sweep (shutdown): found 142 fastrtps file(s) (26 still in use, 116 orphaned) -- removed 116/116 orphaned file(s). Sample removed: ['/dev/shm/fastrtps_port28667', '/dev/shm/fastrtps_port28669', '/dev/shm/fastrtps_port28671', '/dev/shm/fastrtps_port28673', '/dev/shm/fastrtps_port28675_el'].
[INFO] [component_supervisor_node-2]: process has finished cleanly [pid 453180]
