[INFO] [launch]: All log files can be found below /home/andre/dev_ws/f1tenth_more/output/fix_batch_4/isolation/lease/run_10/ros_log/2026-10-03-18-35-57-877496-thor-668945
[INFO] [launch]: Default logging verbosity is set to INFO
[INFO] [fastdds_discovery_server-1]: process started with pid [669003]
[INFO] [component_supervisor_node-2]: process started with pid [669004]
[fastdds_discovery_server-1] [ensure_discovery_server] 127.0.0.1:11811 already has a live listener (an earlier session's server, deliberately still running by design -- see stack_params.yaml's own discovery_server_address/_port comment) -- reusing it, not starting a duplicate. This process will now idle harmlessly for the life of this launch.
[component_supervisor_node-2] [WARN] [1791045358.503135629] [component_supervisor_node]: [component_supervisor] FastDDS SHM sweep (startup): found 35 fastrtps file(s) (22 still in use, 13 orphaned) -- removed 13/13 orphaned file(s). Sample removed: ['/dev/shm/fastrtps_0d57ee712d682cb2', '/dev/shm/fastrtps_0d57ee712d682cb2_el', '/dev/shm/fastrtps_port28667', '/dev/shm/fastrtps_port28669', '/dev/shm/fastrtps_port28671'].
[component_supervisor_node-2] [INFO] [1791045358.605869049] [component_supervisor_node]: [component_supervisor] Registry: ['behavior', 'calibrate_hardware', 'control', 'dev_tools', 'diagnostics', 'hardware', 'intelligence', 'lidar_front_wall', 'localization', 'navigation', 'obstacle_clearance', 'perception', 'slam', 'startup_sequence', 'swept_clearance', 'wall_distance']. Auto-starting: ['behavior', 'control', 'dev_tools', 'diagnostics', 'hardware', 'lidar_front_wall', 'localization', 'navigation', 'obstacle_clearance', 'perception', 'slam', 'swept_clearance', 'wall_distance']. Log dir: /home/andre/dev_ws/f1tenth_more/output/fix_batch_4/isolation/lease/run_10/supervisor
[component_supervisor_node-2] [INFO] [1791045358.607612430] [component_supervisor_node]: [component_supervisor] Started 'behavior': ros2 launch f1tenth_behavior behavior_bringup.launch.py (pid 669033, log: /home/andre/dev_ws/f1tenth_more/output/fix_batch_4/isolation/lease/run_10/supervisor/f1tenth_behavior_behavior_bringup.launch.py.log)
[component_supervisor_node-2] [INFO] [1791045358.608744275] [component_supervisor_node]: [component_supervisor] Started 'localization': ros2 launch f1tenth_localization localization.launch.py (pid 669034, log: /home/andre/dev_ws/f1tenth_more/output/fix_batch_4/isolation/lease/run_10/supervisor/f1tenth_localization_localization.launch.py.log)
[component_supervisor_node-2] [INFO] [1791045358.610131360] [component_supervisor_node]: [component_supervisor] Started 'diagnostics': ros2 launch f1tenth_diagnostics system_observer.launch.py (pid 669035, log: /home/andre/dev_ws/f1tenth_more/output/fix_batch_4/isolation/lease/run_10/supervisor/f1tenth_diagnostics_system_observer.launch.py.log)
[component_supervisor_node-2] [INFO] [1791045358.611144769] [component_supervisor_node]: [component_supervisor] Started 'diagnostics': ros2 launch f1tenth_diagnostics diagnostics_server.launch.py (pid 669036, log: /home/andre/dev_ws/f1tenth_more/output/fix_batch_4/isolation/lease/run_10/supervisor/f1tenth_diagnostics_diagnostics_server.launch.py.log)
[component_supervisor_node-2] [INFO] [1791045358.611841835] [component_supervisor_node]: [component_supervisor] Started 'diagnostics': ros2 launch f1tenth_logger mission_logger.launch.py mission_logger_runs_dir:=/home/andre/dev_ws/f1tenth_more/output/fix_batch_4/isolation/lease/run_10/runs (pid 669037, log: /home/andre/dev_ws/f1tenth_more/output/fix_batch_4/isolation/lease/run_10/supervisor/f1tenth_logger_mission_logger.launch.py.log)
[component_supervisor_node-2] [INFO] [1791045358.613057021] [component_supervisor_node]: [component_supervisor] Started 'swept_clearance': ros2 launch f1tenth_perception swept_clearance.launch.py (pid 669038, log: /home/andre/dev_ws/f1tenth_more/output/fix_batch_4/isolation/lease/run_10/supervisor/f1tenth_perception_swept_clearance.launch.py.log)
[component_supervisor_node-2] [INFO] [1791045358.614367477] [component_supervisor_node]: [component_supervisor] Started 'dev_tools': ros2 launch f1tenth_bringup foxglove_bridge.launch.py (pid 669039, log: /home/andre/dev_ws/f1tenth_more/output/fix_batch_4/isolation/lease/run_10/supervisor/f1tenth_bringup_foxglove_bridge.launch.py.log)
[component_supervisor_node-2] [INFO] [1791045358.615625645] [component_supervisor_node]: [component_supervisor] Started 'lidar_front_wall': ros2 launch f1tenth_perception lidar_front_wall.launch.py (pid 669040, log: /home/andre/dev_ws/f1tenth_more/output/fix_batch_4/isolation/lease/run_10/supervisor/f1tenth_perception_lidar_front_wall.launch.py.log)
[component_supervisor_node-2] [INFO] [1791045358.616799581] [component_supervisor_node]: [component_supervisor] Started 'obstacle_clearance': ros2 launch f1tenth_perception obstacle_clearance.launch.py (pid 669041, log: /home/andre/dev_ws/f1tenth_more/output/fix_batch_4/isolation/lease/run_10/supervisor/f1tenth_perception_obstacle_clearance.launch.py.log)
[component_supervisor_node-2] [INFO] [1791045358.617891667] [component_supervisor_node]: [component_supervisor] Started 'slam': ros2 launch f1tenth_navigation slam.launch.py (pid 669042, log: /home/andre/dev_ws/f1tenth_more/output/fix_batch_4/isolation/lease/run_10/supervisor/f1tenth_navigation_slam.launch.py.log)
[component_supervisor_node-2] [INFO] [1791045358.618642436] [component_supervisor_node]: [component_supervisor] Started 'slam': ros2 launch f1tenth_costmap costmap.launch.py (pid 669043, log: /home/andre/dev_ws/f1tenth_more/output/fix_batch_4/isolation/lease/run_10/supervisor/f1tenth_costmap_costmap.launch.py.log)
[component_supervisor_node-2] [INFO] [1791045358.620080355] [component_supervisor_node]: [component_supervisor] Started 'control': ros2 launch f1tenth_control ackermann_mux.launch.py (pid 669044, log: /home/andre/dev_ws/f1tenth_more/output/fix_batch_4/isolation/lease/run_10/supervisor/f1tenth_control_ackermann_mux.launch.py.log)
[component_supervisor_node-2] [INFO] [1791045358.621302828] [component_supervisor_node]: [component_supervisor] Started 'wall_distance': ros2 launch f1tenth_perception wall_distance.launch.py (pid 669045, log: /home/andre/dev_ws/f1tenth_more/output/fix_batch_4/isolation/lease/run_10/supervisor/f1tenth_perception_wall_distance.launch.py.log)
[component_supervisor_node-2] [INFO] [1791045358.622471775] [component_supervisor_node]: [component_supervisor] Started 'navigation': ros2 launch f1tenth_navigation navigation.launch.py (pid 669046, log: /home/andre/dev_ws/f1tenth_more/output/fix_batch_4/isolation/lease/run_10/supervisor/f1tenth_navigation_navigation.launch.py.log)
[WARNING] [launch]: user interrupted with ctrl-c (SIGINT)
[INFO] [component_supervisor_node-2]: sending signal 'SIGINT' to process[component_supervisor_node-2]
[INFO] [fastdds_discovery_server-1]: sending signal 'SIGINT' to process[fastdds_discovery_server-1]
[fastdds_discovery_server-1] Traceback (most recent call last):
[fastdds_discovery_server-1]   File "/home/andre/dev_ws/f1tenth_more/install/f1tenth_bringup/share/f1tenth_bringup/scripts/ensure_discovery_server.py", line 124, in <module>
[fastdds_discovery_server-1]     main()
[fastdds_discovery_server-1]   File "/home/andre/dev_ws/f1tenth_more/install/f1tenth_bringup/share/f1tenth_bringup/scripts/ensure_discovery_server.py", line 89, in main
[fastdds_discovery_server-1]     signal_wait.wait()
[fastdds_discovery_server-1]   File "/usr/lib/python3.12/subprocess.py", line 1264, in wait
[fastdds_discovery_server-1]     return self._wait(timeout=timeout)
[fastdds_discovery_server-1]            ^^^^^^^^^^^^^^^^^^^^^^^^^^^
[fastdds_discovery_server-1]   File "/usr/lib/python3.12/subprocess.py", line 2053, in _wait
[fastdds_discovery_server-1]     (pid, sts) = self._try_wait(0)
[fastdds_discovery_server-1]                  ^^^^^^^^^^^^^^^^^
[fastdds_discovery_server-1]   File "/usr/lib/python3.12/subprocess.py", line 2011, in _try_wait
[fastdds_discovery_server-1]     (pid, sts) = os.waitpid(self.pid, wait_flags)
[fastdds_discovery_server-1]                  ^^^^^^^^^^^^^^^^^^^^^^^^^^^^^^^^
[fastdds_discovery_server-1] KeyboardInterrupt
[ERROR] [fastdds_discovery_server-1]: process has died [pid 669003, exit code -2, cmd 'python3 /home/andre/dev_ws/f1tenth_more/install/f1tenth_bringup/share/f1tenth_bringup/scripts/ensure_discovery_server.py 127.0.0.1 11811'].
[component_supervisor_node-2] [INFO] [1791045404.632378370] [component_supervisor_node]: [component_supervisor] Received signal 2 -- shutting down all tracked components.
[component_supervisor_node-2] [INFO] [1791045404.633186445] [component_supervisor_node]: [component_supervisor] Shutting down -- stopping all components.
[component_supervisor_node-2] [INFO] [1791045405.451728257] [component_supervisor_node]: [component_supervisor] 'control' (ackermann_mux.launch.py): clean SIGINT exit in 0.3s
[component_supervisor_node-2] [INFO] [1791045405.452425434] [component_supervisor_node]: [component_supervisor] 'localization' (localization.launch.py): clean SIGINT exit in 0.4s
[component_supervisor_node-2] [INFO] [1791045405.452983490] [component_supervisor_node]: [component_supervisor] 'diagnostics' (system_observer.launch.py): clean SIGINT exit in 0.4s
[component_supervisor_node-2] [INFO] [1791045405.453526075] [component_supervisor_node]: [component_supervisor] 'diagnostics' (diagnostics_server.launch.py): clean SIGINT exit in 0.4s
[component_supervisor_node-2] [INFO] [1791045405.454064316] [component_supervisor_node]: [component_supervisor] 'diagnostics' (mission_logger.launch.py): clean SIGINT exit in 0.4s
[component_supervisor_node-2] [INFO] [1791045405.454631038] [component_supervisor_node]: [component_supervisor] 'slam' (costmap.launch.py): clean SIGINT exit in 0.4s
[component_supervisor_node-2] [INFO] [1791045405.455172762] [component_supervisor_node]: [component_supervisor] 'behavior' (behavior_bringup.launch.py): clean SIGINT exit in 0.5s
[component_supervisor_node-2] [INFO] [1791045405.455710364] [component_supervisor_node]: [component_supervisor] 'slam' (slam.launch.py): clean SIGINT exit in 0.5s
[component_supervisor_node-2] [INFO] [1791045405.456255577] [component_supervisor_node]: [component_supervisor] 'navigation' (navigation.launch.py): clean SIGINT exit in 0.5s
[component_supervisor_node-2] [INFO] [1791045405.456792375] [component_supervisor_node]: [component_supervisor] 'dev_tools' (foxglove_bridge.launch.py): clean SIGINT exit in 0.6s
[component_supervisor_node-2] [INFO] [1791045405.457328524] [component_supervisor_node]: [component_supervisor] 'swept_clearance' (swept_clearance.launch.py): clean SIGINT exit in 0.7s
[component_supervisor_node-2] [INFO] [1791045405.457865849] [component_supervisor_node]: [component_supervisor] 'lidar_front_wall' (lidar_front_wall.launch.py): clean SIGINT exit in 0.7s
[component_supervisor_node-2] [INFO] [1791045405.458401201] [component_supervisor_node]: [component_supervisor] 'wall_distance' (wall_distance.launch.py): clean SIGINT exit in 0.7s
[component_supervisor_node-2] [INFO] [1791045405.458965822] [component_supervisor_node]: [component_supervisor] 'obstacle_clearance' (obstacle_clearance.launch.py): clean SIGINT exit in 0.8s
[component_supervisor_node-2] [WARN] [1791045405.495534737] [component_supervisor_node]: [component_supervisor] FastDDS SHM sweep (shutdown): found 151 fastrtps file(s) (29 still in use, 122 orphaned) -- removed 122/122 orphaned file(s). Sample removed: ['/dev/shm/fastrtps_2053f1fe0a9ee137_el', '/dev/shm/fastrtps_port28663', '/dev/shm/fastrtps_port28667_el', '/dev/shm/fastrtps_port28669_el', '/dev/shm/fastrtps_port28671_el'].
[INFO] [component_supervisor_node-2]: process has finished cleanly [pid 669004]
