[INFO] [launch]: All log files can be found below /home/andre/dev_ws/f1tenth_more/output/fix_batch_2/logger_from_env/ros_log/2026-10-03-12-09-00-409212-thor-392584
[INFO] [launch]: Default logging verbosity is set to INFO
[INFO] [semantic_layer_node-1]: process started with pid [392644]
[INFO] [costmap_renderer_node-2]: process started with pid [392648]
[INFO] [costmap_boundary_node-3]: process started with pid [392649]
[costmap_boundary_node-3] [INFO] [1791022141.769078137] [costmap_boundary_node]: costmap_boundary_node started -- map_topic=/slam/map pose_topic=/ekf_global/odometry/filtered extraction_rate_hz=20.0 (periodic-publish pass: publishes every tick from whatever is currently cached, regardless of how recently either input last updated -- fail-safe empty/withheld only if a message of that kind has never arrived at all yet. See module docstring for why gating on upstream recency was removed.)
[costmap_renderer_node-2] [INFO] [1791022141.785007037] [costmap_renderer_node]: costmap_renderer_node started
[costmap_boundary_node-3] [WARN] [1791022141.799251323] [costmap_boundary_node]: publishing EMPTY boundary constraints, front_clearance withheld -- map_topic: no message ever received; pose_topic: no message ever received
[semantic_layer_node-1] [INFO] [1791022142.008959590] [semantic_layer_node]: semantic_layer_node started
[costmap_boundary_node-3] [WARN] [1791022146.848718927] [costmap_boundary_node]: publishing EMPTY boundary constraints, front_clearance withheld -- map_topic: no message ever received; pose_topic: no message ever received
[costmap_boundary_node-3] [WARN] [1791022151.849348416] [costmap_boundary_node]: publishing EMPTY boundary constraints, front_clearance withheld -- map_topic: no message ever received; pose_topic: no message ever received
[costmap_boundary_node-3] [WARN] [1791022156.849706279] [costmap_boundary_node]: publishing EMPTY boundary constraints, front_clearance withheld -- map_topic: no message ever received; pose_topic: no message ever received
[costmap_boundary_node-3] [WARN] [1791022161.899553519] [costmap_boundary_node]: publishing EMPTY boundary constraints, front_clearance withheld -- map_topic: no message ever received; pose_topic: no message ever received
[costmap_boundary_node-3] [WARN] [1791022166.949520496] [costmap_boundary_node]: publishing EMPTY boundary constraints, front_clearance withheld -- map_topic: no message ever received; pose_topic: no message ever received
[costmap_boundary_node-3] [WARN] [1791022171.998858317] [costmap_boundary_node]: publishing EMPTY boundary constraints, front_clearance withheld -- map_topic: no message ever received
[costmap_boundary_node-3] [INFO] [1791022172.362354349] [costmap_boundary_node]: n_constraints=3 front_clearance=1.61m
[costmap_boundary_node-3] [INFO] [1791022174.365067506] [costmap_boundary_node]: n_constraints=3 front_clearance=1.32m
[costmap_boundary_node-3] [INFO] [1791022176.366206022] [costmap_boundary_node]: n_constraints=3 front_clearance=1.11m
[costmap_boundary_node-3] [INFO] [1791022178.414898252] [costmap_boundary_node]: n_constraints=3 front_clearance=1.99m
[costmap_boundary_node-3] [INFO] [1791022180.465671086] [costmap_boundary_node]: n_constraints=3 front_clearance=1.55m
[costmap_boundary_node-3] [INFO] [1791022182.515479035] [costmap_boundary_node]: n_constraints=3 front_clearance=1.74m
[costmap_boundary_node-3] [INFO] [1791022184.515492376] [costmap_boundary_node]: n_constraints=3 front_clearance=3.47m
[costmap_boundary_node-3] [INFO] [1791022186.566375219] [costmap_boundary_node]: n_constraints=3 front_clearance=2.62m
[costmap_boundary_node-3] [INFO] [1791022188.615319978] [costmap_boundary_node]: n_constraints=3 front_clearance=1.82m
[costmap_boundary_node-3] [INFO] [1791022190.615952187] [costmap_boundary_node]: n_constraints=3 front_clearance=2.10m
[costmap_boundary_node-3] [INFO] [1791022192.616310131] [costmap_boundary_node]: n_constraints=3 front_clearance=3.50m
[costmap_boundary_node-3] [INFO] [1791022194.665137171] [costmap_boundary_node]: n_constraints=3 front_clearance=3.10m
[costmap_boundary_node-3] [INFO] [1791022196.715889705] [costmap_boundary_node]: n_constraints=3 front_clearance=2.32m
[costmap_boundary_node-3] [INFO] [1791022198.764591902] [costmap_boundary_node]: n_constraints=3 front_clearance=2.49m
[costmap_boundary_node-3] [INFO] [1791022200.765327882] [costmap_boundary_node]: n_constraints=3 front_clearance=2.38m
[costmap_boundary_node-3] [INFO] [1791022202.815660774] [costmap_boundary_node]: n_constraints=3 front_clearance=1.78m
[costmap_boundary_node-3] [INFO] [1791022204.862341357] [costmap_boundary_node]: n_constraints=3 front_clearance=2.47m
[WARNING] [launch]: user interrupted with ctrl-c (SIGINT)
[INFO] [costmap_boundary_node-3]: sending signal 'SIGINT' to process[costmap_boundary_node-3]
[INFO] [costmap_renderer_node-2]: sending signal 'SIGINT' to process[costmap_renderer_node-2]
[INFO] [semantic_layer_node-1]: sending signal 'SIGINT' to process[semantic_layer_node-1]
[costmap_boundary_node-3] Traceback (most recent call last):
[costmap_boundary_node-3]   File "/home/andre/dev_ws/f1tenth_more/install/f1tenth_costmap/lib/f1tenth_costmap/costmap_boundary_node", line 33, in <module>
[costmap_boundary_node-3]     sys.exit(load_entry_point('f1tenth-costmap', 'console_scripts', 'costmap_boundary_node')())
[costmap_boundary_node-3]              ^^^^^^^^^^^^^^^^^^^^^^^^^^^^^^^^^^^^^^^^^^^^^^^^^^^^^^^^^^^^^^^^^^^^^^^^^^^^^^^^^
[costmap_boundary_node-3]   File "/home/andre/dev_ws/f1tenth_more/build/f1tenth_costmap/f1tenth_costmap/costmap_boundary_node.py", line 776, in main
[costmap_boundary_node-3]     node.destroy_node()
[costmap_boundary_node-3]   File "/opt/ros/jazzy/lib/python3.12/site-packages/rclpy/node.py", line 1958, in destroy_node
[costmap_boundary_node-3]     self.destroy_subscription(self._subscriptions[0])
[costmap_boundary_node-3]   File "/opt/ros/jazzy/lib/python3.12/site-packages/rclpy/node.py", line 1854, in destroy_subscription
[costmap_boundary_node-3]     subscription.destroy()
[costmap_boundary_node-3]   File "/opt/ros/jazzy/lib/python3.12/site-packages/rclpy/subscription.py", line 101, in destroy
[costmap_boundary_node-3]     self.handle.destroy_when_not_in_use()
[costmap_boundary_node-3] KeyboardInterrupt
[semantic_layer_node-1] Traceback (most recent call last):
[semantic_layer_node-1]   File "/home/andre/dev_ws/f1tenth_more/install/f1tenth_costmap/lib/f1tenth_costmap/semantic_layer_node", line 33, in <module>
[semantic_layer_node-1]     sys.exit(load_entry_point('f1tenth-costmap', 'console_scripts', 'semantic_layer_node')())
[semantic_layer_node-1]              ^^^^^^^^^^^^^^^^^^^^^^^^^^^^^^^^^^^^^^^^^^^^^^^^^^^^^^^^^^^^^^^^^^^^^^^^^^^^^^^
[semantic_layer_node-1]   File "/home/andre/dev_ws/f1tenth_more/build/f1tenth_costmap/f1tenth_costmap/semantic_layer_node.py", line 608, in main
[semantic_layer_node-1]     node.destroy_node()
[semantic_layer_node-1]   File "/opt/ros/jazzy/lib/python3.12/site-packages/rclpy/node.py", line 1956, in destroy_node
[semantic_layer_node-1]     self.destroy_publisher(self._publishers[0])
[semantic_layer_node-1]   File "/opt/ros/jazzy/lib/python3.12/site-packages/rclpy/node.py", line 1836, in destroy_publisher
[semantic_layer_node-1]     publisher.destroy()
[semantic_layer_node-1]   File "/opt/ros/jazzy/lib/python3.12/site-packages/rclpy/publisher.py", line 105, in destroy
[semantic_layer_node-1]     self.__publisher.destroy_when_not_in_use()
[semantic_layer_node-1] KeyboardInterrupt
[costmap_renderer_node-2] Traceback (most recent call last):
[costmap_renderer_node-2]   File "/home/andre/dev_ws/f1tenth_more/install/f1tenth_costmap/lib/f1tenth_costmap/costmap_renderer_node", line 33, in <module>
[costmap_renderer_node-2]     sys.exit(load_entry_point('f1tenth-costmap', 'console_scripts', 'costmap_renderer_node')())
[costmap_renderer_node-2]              ^^^^^^^^^^^^^^^^^^^^^^^^^^^^^^^^^^^^^^^^^^^^^^^^^^^^^^^^^^^^^^^^^^^^^^^^^^^^^^^^^
[costmap_renderer_node-2]   File "/home/andre/dev_ws/f1tenth_more/build/f1tenth_costmap/f1tenth_costmap/costmap_renderer_node.py", line 125, in main
[costmap_renderer_node-2]     node.destroy_node()
[costmap_renderer_node-2]   File "/opt/ros/jazzy/lib/python3.12/site-packages/rclpy/node.py", line 1956, in destroy_node
[costmap_renderer_node-2]     self.destroy_publisher(self._publishers[0])
[costmap_renderer_node-2]   File "/opt/ros/jazzy/lib/python3.12/site-packages/rclpy/node.py", line 1836, in destroy_publisher
[costmap_renderer_node-2]     publisher.destroy()
[costmap_renderer_node-2]   File "/opt/ros/jazzy/lib/python3.12/site-packages/rclpy/publisher.py", line 105, in destroy
[costmap_renderer_node-2]     self.__publisher.destroy_when_not_in_use()
[costmap_renderer_node-2] KeyboardInterrupt
[ERROR] [costmap_boundary_node-3]: process has died [pid 392649, exit code -2, cmd '/home/andre/dev_ws/f1tenth_more/install/f1tenth_costmap/lib/f1tenth_costmap/costmap_boundary_node --ros-args -r __node:=costmap_boundary_node --params-file /tmp/launch_params_dhk1t8kc'].
[ERROR] [costmap_renderer_node-2]: process has died [pid 392648, exit code -2, cmd '/home/andre/dev_ws/f1tenth_more/install/f1tenth_costmap/lib/f1tenth_costmap/costmap_renderer_node --ros-args -r __node:=costmap_renderer_node --params-file /tmp/launch_params_lpy7231a'].
[ERROR] [semantic_layer_node-1]: process has died [pid 392644, exit code -2, cmd '/home/andre/dev_ws/f1tenth_more/install/f1tenth_costmap/lib/f1tenth_costmap/semantic_layer_node --ros-args -r __node:=semantic_layer_node --params-file /tmp/launch_params_2l24qwla'].
