[INFO] [launch]: All log files can be found below /home/andre/dev_ws/f1tenth_more/output/fix_batch_2/logger_from_env/ros_log/2026-10-03-12-09-00-451085-thor-392593
[INFO] [launch]: Default logging verbosity is set to INFO
[INFO] [taskset-1]: process started with pid [392661]
[INFO] [map_server-2]: process started with pid [392665]
[INFO] [lifecycle_manager-3]: process started with pid [392676]
[lifecycle_manager-3] [INFO] [1791022140.746821511] [lifecycle_manager_map]: Creating
[lifecycle_manager-3] [INFO] [1791022140.752212506] [lifecycle_manager_map]: [34m[1mCreating and initializing lifecycle service clients[0m[0m
[map_server-2] [INFO] [1791022140.842790522] [map_server]: 
[map_server-2] 	map_server lifecycle node launched. 
[map_server-2] 	Waiting on external lifecycle transitions to activate
[map_server-2] 	See https://design.ros2.org/articles/node_lifecycle.html for more information.
[map_server-2] [INFO] [1791022140.842988950] [map_server]: Creating
[lifecycle_manager-3] [INFO] [1791022141.597347508] [lifecycle_manager_map]: [34m[1mStarting managed nodes bringup...[0m[0m
[lifecycle_manager-3] [INFO] [1791022141.598679916] [lifecycle_manager_map]: [34m[1mConfiguring map_server[0m[0m
[map_server-2] [INFO] [1791022141.603244090] [map_server]: Configuring
[map_server-2] [INFO] [1791022141.603631565] [map_io]: Loading yaml file: /home/andre/dev_ws/f1tenth_more/install/f1tenth_navigation/share/f1tenth_navigation/maps/square_100m.yaml
[map_server-2] [INFO] [1791022141.604199950] [map_io]: resolution: 0.05
[map_server-2] [INFO] [1791022141.604215311] [map_io]: origin[0]: -50
[map_server-2] [INFO] [1791022141.604219153] [map_io]: origin[1]: -50
[map_server-2] [INFO] [1791022141.604223024] [map_io]: origin[2]: 0
[map_server-2] [INFO] [1791022141.604226950] [map_io]: free_thresh: 0.196
[map_server-2] [INFO] [1791022141.604231181] [map_io]: occupied_thresh: 0.65
[map_server-2] [INFO] [1791022141.604237940] [map_io]: mode: trinary
[map_server-2] [INFO] [1791022141.604244246] [map_io]: negate: 0
[map_server-2] [INFO] [1791022141.605434033] [map_io]: Loading image_file: /home/andre/dev_ws/f1tenth_more/install/f1tenth_navigation/share/f1tenth_navigation/maps/square_100m.pgm
[map_server-2] [INFO] [1791022141.693345315] [map_io]: Read map /home/andre/dev_ws/f1tenth_more/install/f1tenth_navigation/share/f1tenth_navigation/maps/square_100m.pgm: 2000 X 2000 map @ 0.05 m/cell
[lifecycle_manager-3] [INFO] [1791022141.723742390] [lifecycle_manager_map]: [34m[1mActivating map_server[0m[0m
[map_server-2] [INFO] [1791022141.724391136] [map_server]: Activating
[map_server-2] [INFO] [1791022141.733943663] [map_server]: Creating bond (map_server) to lifecycle manager.
[lifecycle_manager-3] [INFO] [1791022141.851899198] [lifecycle_manager_map]: Server map_server connected with bond.
[lifecycle_manager-3] [INFO] [1791022141.852013848] [lifecycle_manager_map]: [34m[1mManaged nodes are active[0m[0m
[lifecycle_manager-3] [INFO] [1791022141.852032098] [lifecycle_manager_map]: [34m[1mCreating bond timer...[0m[0m
[taskset-1] [INFO] [1791022142.428003894] [mpc_corr]: OBJECT CORRIDOR | startup: object_corridor_mode='off' (straight corridor pinned to the target line) -- the default
[taskset-1] [INFO] [1791022142.433472056] [mpc_corr]: model log -> "/home/andre/dev_ws/f1tenth_more/mpc_log.csv" (t,x,y,psi,v,steer_cmd,accel_cmd; see docs/DIAGNOSTICS.md)
[taskset-1] [INFO] [1791022142.443462493] [mpc_corr]: corridor_log_path = "/home/andre/dev_ws/f1tenth_more/src/f1tenth_control/corridors_jsons/corridor_debug_20261003T120902.jsonl"
[taskset-1] [INFO] [1791022142.476516706] [mpc_corr]: MPC Controller STARTED (pure MPC + obstacle avoidance [fixed deflection + predicted clearance], no plan executor)
[taskset-1] [INFO] [1791022142.478124997] [mpc_corr]: CFG | ts=0.1 N=20 vdes=0.5 dmin=0.32 wheel_radius=0.05 car_radius=0.2 avoidance_margin=0.12
[taskset-1] [INFO] [1791022142.479631980] [mpc_corr]: CFG | limits={'delta_min': -0.283, 'delta_max': 0.278, 'a_min': -2.0, 'a_max': 3.0, 'dDeltaMin': -0.5, 'dDeltaMax': 0.5, 'dAMin': -2.0, 'dAMax': 2.0, 'vMin': -1.0, 'vMax': 3.0}
[taskset-1] [INFO] [1791022142.481121315] [mpc_corr]: CFG | weights={'w_term': 9.0, 'w_v': 4.2857, 'w_psi': 4.5, 'w_u_a': 0.0, 'w_du_delta': 8.33, 'w_du_a': 0.0, 'w_delta0': 0.0, 'w_obs': 8.0, 'w_corr': 3.5714, 'w_line': 1.1662, 'w_psi_stage': 4.7736}
[taskset-1] [INFO] [1791022142.482610873] [mpc_corr]: CFG | params={'L': 0.305, 'lr': 0.17}
[taskset-1] [INFO] [1791022142.576643721] [mpc_corr]: ODOMSEL | src=None hw_age=infs sim_age=infs timeout=0.500s
[taskset-1] [WARN] [1791022142.577362615] [mpc_corr]: ODOM non disponibile: stato ancora None
[taskset-1] [INFO] [1791022142.578350244] [mpc_corr]: PUB /drive | speed=+0.0000 steer=+0.0000 subs=0
[taskset-1] [WARN] [1791022142.578755756] [mpc_corr]: PUB /drive | nessun subscriber: il comando non raggiunge il VESC.
[taskset-1] [WARN] [1791022142.677519677] [mpc_corr]: ODOM non disponibile: stato ancora None
[taskset-1] [WARN] [1791022143.133711723] [mpc_corr]: ODOM non disponibile: stato ancora None
[taskset-1] [WARN] [1791022143.473480991] [mpc_corr]: ODOM non disponibile: stato ancora None
[taskset-1] [INFO] [1791022144.143266497] [mpc_corr]: PUB /drive | speed=+0.0000 steer=+0.0000 subs=1
[taskset-1] [WARN] [1791022144.146690459] [mpc_corr]: BOUNDARY/costmap ricevuto ma stato ancora None: frame scartato.
[taskset-1] [WARN] [1791022144.150793545] [mpc_corr]: ODOM non disponibile: stato ancora None
[taskset-1] [WARN] [1791022144.479639029] [mpc_corr]: JOINT | giunti sterzo non trovati in /joint_states: ['left_rear_wheel_joint', 'right_rear_wheel_joint', 'left_steering_hinge_joint', 'right_steering_hinge_joint', 'left_front_wheel_joint', 'right_front_wheel_joint']
[taskset-1] [WARN] [1791022144.486085911] [mpc_corr]: ODOM non disponibile: stato ancora None
[taskset-1] [WARN] [1791022144.577307186] [mpc_corr]: ODOM non disponibile: stato ancora None
[taskset-1] [INFO] [1791022144.676252093] [mpc_corr]: ODOMSEL | src=None hw_age=infs sim_age=infs timeout=0.500s
[taskset-1] [WARN] [1791022144.677440778] [mpc_corr]: ODOM non disponibile: stato ancora None
[taskset-1] [WARN] [1791022144.776926701] [mpc_corr]: ODOM non disponibile: stato ancora None
[taskset-1] [WARN] [1791022144.877101149] [mpc_corr]: ODOM non disponibile: stato ancora None
[taskset-1] [WARN] [1791022144.977230921] [mpc_corr]: ODOM non disponibile: stato ancora None
[taskset-1] [WARN] [1791022145.077887095] [mpc_corr]: ODOM non disponibile: stato ancora None
[taskset-1] [WARN] [1791022145.177053122] [mpc_corr]: ODOM non disponibile: stato ancora None
[taskset-1] [INFO] [1791022145.178321261] [mpc_corr]: PUB /drive | speed=+0.0000 steer=+0.0000 subs=1
[taskset-1] [WARN] [1791022145.276957220] [mpc_corr]: ODOM non disponibile: stato ancora None
[taskset-1] [WARN] [1791022145.377052791] [mpc_corr]: ODOM non disponibile: stato ancora None
[taskset-1] [WARN] [1791022145.477023565] [mpc_corr]: ODOM non disponibile: stato ancora None
[taskset-1] [WARN] [1791022145.576876176] [mpc_corr]: ODOM non disponibile: stato ancora None
[taskset-1] [WARN] [1791022145.676981485] [mpc_corr]: ODOM non disponibile: stato ancora None
[taskset-1] [WARN] [1791022145.776911326] [mpc_corr]: ODOM non disponibile: stato ancora None
[taskset-1] [WARN] [1791022145.876852036] [mpc_corr]: ODOM non disponibile: stato ancora None
[taskset-1] [WARN] [1791022145.977084933] [mpc_corr]: ODOM non disponibile: stato ancora None
[taskset-1] [WARN] [1791022146.077096236] [mpc_corr]: ODOM non disponibile: stato ancora None
[taskset-1] [WARN] [1791022146.177035070] [mpc_corr]: ODOM non disponibile: stato ancora None
[taskset-1] [INFO] [1791022146.178331487] [mpc_corr]: PUB /drive | speed=+0.0000 steer=+0.0000 subs=1
[taskset-1] [WARN] [1791022146.276957348] [mpc_corr]: ODOM non disponibile: stato ancora None
[taskset-1] [WARN] [1791022146.376964905] [mpc_corr]: ODOM non disponibile: stato ancora None
[taskset-1] [WARN] [1791022146.477205575] [mpc_corr]: ODOM non disponibile: stato ancora None
[taskset-1] [WARN] [1791022146.576941832] [mpc_corr]: ODOM non disponibile: stato ancora None
[taskset-1] [INFO] [1791022146.676672646] [mpc_corr]: ODOMSEL | src=None hw_age=infs sim_age=infs timeout=0.500s
[taskset-1] [WARN] [1791022146.677812090] [mpc_corr]: ODOM non disponibile: stato ancora None
[taskset-1] [WARN] [1791022146.776901918] [mpc_corr]: ODOM non disponibile: stato ancora None
[taskset-1] [WARN] [1791022146.877114687] [mpc_corr]: ODOM non disponibile: stato ancora None
[taskset-1] [WARN] [1791022146.977372834] [mpc_corr]: ODOM non disponibile: stato ancora None
[taskset-1] [WARN] [1791022147.077335839] [mpc_corr]: ODOM non disponibile: stato ancora None
[taskset-1] [WARN] [1791022147.176880688] [mpc_corr]: ODOM non disponibile: stato ancora None
[taskset-1] [WARN] [1791022147.276902920] [mpc_corr]: ODOM non disponibile: stato ancora None
[taskset-1] [INFO] [1791022147.278042253] [mpc_corr]: PUB /drive | speed=+0.0000 steer=+0.0000 subs=1
[taskset-1] [WARN] [1791022147.377018164] [mpc_corr]: ODOM non disponibile: stato ancora None
[taskset-1] [WARN] [1791022147.476917094] [mpc_corr]: ODOM non disponibile: stato ancora None
[taskset-1] [WARN] [1791022147.576833366] [mpc_corr]: ODOM non disponibile: stato ancora None
[taskset-1] [WARN] [1791022147.676771065] [mpc_corr]: ODOM non disponibile: stato ancora None
[taskset-1] [WARN] [1791022147.777160588] [mpc_corr]: ODOM non disponibile: stato ancora None
[taskset-1] [WARN] [1791022147.876919336] [mpc_corr]: ODOM non disponibile: stato ancora None
[taskset-1] [WARN] [1791022147.977009355] [mpc_corr]: ODOM non disponibile: stato ancora None
[taskset-1] [WARN] [1791022148.076874145] [mpc_corr]: ODOM non disponibile: stato ancora None
[taskset-1] [WARN] [1791022148.177062481] [mpc_corr]: ODOM non disponibile: stato ancora None
[taskset-1] [WARN] [1791022148.276910897] [mpc_corr]: ODOM non disponibile: stato ancora None
[taskset-1] [INFO] [1791022148.278083841] [mpc_corr]: PUB /drive | speed=+0.0000 steer=+0.0000 subs=1
[taskset-1] [WARN] [1791022148.376898390] [mpc_corr]: ODOM non disponibile: stato ancora None
[taskset-1] [WARN] [1791022148.477300500] [mpc_corr]: ODOM non disponibile: stato ancora None
[taskset-1] [WARN] [1791022148.576817858] [mpc_corr]: ODOM non disponibile: stato ancora None
[taskset-1] [WARN] [1791022148.676971673] [mpc_corr]: ODOM non disponibile: stato ancora None
[taskset-1] [INFO] [1791022148.775915665] [mpc_corr]: ODOMSEL | src=None hw_age=infs sim_age=infs timeout=0.500s
[taskset-1] [WARN] [1791022148.777059674] [mpc_corr]: ODOM non disponibile: stato ancora None
[taskset-1] [WARN] [1791022148.877031247] [mpc_corr]: ODOM non disponibile: stato ancora None
[taskset-1] [WARN] [1791022148.977029303] [mpc_corr]: ODOM non disponibile: stato ancora None
[taskset-1] [WARN] [1791022149.076997538] [mpc_corr]: ODOM non disponibile: stato ancora None
[taskset-1] [WARN] [1791022149.150708248] [mpc_corr]: BOUNDARY/costmap ricevuto ma stato ancora None: frame scartato.
[taskset-1] [WARN] [1791022149.176883308] [mpc_corr]: ODOM non disponibile: stato ancora None
[taskset-1] [WARN] [1791022149.276830903] [mpc_corr]: ODOM non disponibile: stato ancora None
[taskset-1] [WARN] [1791022149.376797183] [mpc_corr]: ODOM non disponibile: stato ancora None
[taskset-1] [INFO] [1791022149.377935172] [mpc_corr]: PUB /drive | speed=+0.0000 steer=+0.0000 subs=1
[taskset-1] [WARN] [1791022149.476784236] [mpc_corr]: ODOM non disponibile: stato ancora None
[taskset-1] [WARN] [1791022149.556613694] [mpc_corr]: JOINT | giunti sterzo non trovati in /joint_states: ['left_rear_wheel_joint', 'right_rear_wheel_joint', 'left_steering_hinge_joint', 'right_steering_hinge_joint', 'left_front_wheel_joint', 'right_front_wheel_joint']
[taskset-1] [WARN] [1791022149.576967570] [mpc_corr]: ODOM non disponibile: stato ancora None
[taskset-1] [WARN] [1791022149.677157854] [mpc_corr]: ODOM non disponibile: stato ancora None
[taskset-1] [WARN] [1791022149.776984033] [mpc_corr]: ODOM non disponibile: stato ancora None
[taskset-1] [WARN] [1791022149.876846110] [mpc_corr]: ODOM non disponibile: stato ancora None
[taskset-1] [WARN] [1791022149.976851086] [mpc_corr]: ODOM non disponibile: stato ancora None
[taskset-1] [WARN] [1791022150.077123605] [mpc_corr]: ODOM non disponibile: stato ancora None
[taskset-1] [WARN] [1791022150.177020548] [mpc_corr]: ODOM non disponibile: stato ancora None
[taskset-1] [WARN] [1791022150.276893119] [mpc_corr]: ODOM non disponibile: stato ancora None
[taskset-1] [WARN] [1791022150.376842375] [mpc_corr]: ODOM non disponibile: stato ancora None
[taskset-1] [INFO] [1791022150.377979477] [mpc_corr]: PUB /drive | speed=+0.0000 steer=+0.0000 subs=1
[taskset-1] [WARN] [1791022150.476847911] [mpc_corr]: ODOM non disponibile: stato ancora None
[taskset-1] [WARN] [1791022150.577053513] [mpc_corr]: ODOM non disponibile: stato ancora None
[taskset-1] [WARN] [1791022150.676907001] [mpc_corr]: ODOM non disponibile: stato ancora None
[taskset-1] [WARN] [1791022150.776893869] [mpc_corr]: ODOM non disponibile: stato ancora None
[taskset-1] [INFO] [1791022150.875927054] [mpc_corr]: ODOMSEL | src=None hw_age=infs sim_age=infs timeout=0.500s
[taskset-1] [WARN] [1791022150.877018497] [mpc_corr]: ODOM non disponibile: stato ancora None
[taskset-1] [WARN] [1791022150.976884004] [mpc_corr]: ODOM non disponibile: stato ancora None
[taskset-1] [WARN] [1791022151.077127791] [mpc_corr]: ODOM non disponibile: stato ancora None
[taskset-1] [WARN] [1791022151.177049287] [mpc_corr]: ODOM non disponibile: stato ancora None
[taskset-1] [WARN] [1791022151.276804401] [mpc_corr]: ODOM non disponibile: stato ancora None
[taskset-1] [WARN] [1791022151.376827951] [mpc_corr]: ODOM non disponibile: stato ancora None
[taskset-1] [WARN] [1791022151.476849996] [mpc_corr]: ODOM non disponibile: stato ancora None
[taskset-1] [INFO] [1791022151.478002041] [mpc_corr]: PUB /drive | speed=+0.0000 steer=+0.0000 subs=1
[taskset-1] [WARN] [1791022151.577035772] [mpc_corr]: ODOM non disponibile: stato ancora None
[taskset-1] [WARN] [1791022151.676895408] [mpc_corr]: ODOM non disponibile: stato ancora None
[taskset-1] [WARN] [1791022151.776945479] [mpc_corr]: ODOM non disponibile: stato ancora None
[taskset-1] [WARN] [1791022151.876896606] [mpc_corr]: ODOM non disponibile: stato ancora None
[taskset-1] [WARN] [1791022151.977076235] [mpc_corr]: ODOM non disponibile: stato ancora None
[taskset-1] [WARN] [1791022152.077078186] [mpc_corr]: ODOM non disponibile: stato ancora None
[taskset-1] [WARN] [1791022152.176900847] [mpc_corr]: ODOM non disponibile: stato ancora None
[taskset-1] [WARN] [1791022152.276879908] [mpc_corr]: ODOM non disponibile: stato ancora None
[taskset-1] [WARN] [1791022152.377015090] [mpc_corr]: ODOM non disponibile: stato ancora None
[taskset-1] [WARN] [1791022152.477183511] [mpc_corr]: ODOM non disponibile: stato ancora None
[taskset-1] [INFO] [1791022152.478478752] [mpc_corr]: PUB /drive | speed=+0.0000 steer=+0.0000 subs=1
[taskset-1] [WARN] [1791022152.576972117] [mpc_corr]: ODOM non disponibile: stato ancora None
[taskset-1] [WARN] [1791022152.676902771] [mpc_corr]: ODOM non disponibile: stato ancora None
[taskset-1] [WARN] [1791022152.776783035] [mpc_corr]: ODOM non disponibile: stato ancora None
[taskset-1] [INFO] [1791022152.876020925] [mpc_corr]: ODOMSEL | src=None hw_age=infs sim_age=infs timeout=0.500s
[taskset-1] [WARN] [1791022152.877239471] [mpc_corr]: ODOM non disponibile: stato ancora None
[taskset-1] [WARN] [1791022152.976994095] [mpc_corr]: ODOM non disponibile: stato ancora None
[taskset-1] [WARN] [1791022153.076918933] [mpc_corr]: ODOM non disponibile: stato ancora None
[taskset-1] [WARN] [1791022153.176950430] [mpc_corr]: ODOM non disponibile: stato ancora None
[taskset-1] [WARN] [1791022153.276816647] [mpc_corr]: ODOM non disponibile: stato ancora None
[taskset-1] [WARN] [1791022153.377057479] [mpc_corr]: ODOM non disponibile: stato ancora None
[taskset-1] [WARN] [1791022153.476936935] [mpc_corr]: ODOM non disponibile: stato ancora None
[taskset-1] [WARN] [1791022153.576822085] [mpc_corr]: ODOM non disponibile: stato ancora None
[taskset-1] [INFO] [1791022153.577974361] [mpc_corr]: PUB /drive | speed=+0.0000 steer=+0.0000 subs=1
[taskset-1] [WARN] [1791022153.676868840] [mpc_corr]: ODOM non disponibile: stato ancora None
[taskset-1] [WARN] [1791022153.776772715] [mpc_corr]: ODOM non disponibile: stato ancora None
[taskset-1] [WARN] [1791022153.877037666] [mpc_corr]: ODOM non disponibile: stato ancora None
[taskset-1] [WARN] [1791022153.976898097] [mpc_corr]: ODOM non disponibile: stato ancora None
[taskset-1] [WARN] [1791022154.076942649] [mpc_corr]: ODOM non disponibile: stato ancora None
[taskset-1] [WARN] [1791022154.151164995] [mpc_corr]: BOUNDARY/costmap ricevuto ma stato ancora None: frame scartato.
[taskset-1] [WARN] [1791022154.176895458] [mpc_corr]: ODOM non disponibile: stato ancora None
[taskset-1] [WARN] [1791022154.277086955] [mpc_corr]: ODOM non disponibile: stato ancora None
[taskset-1] [WARN] [1791022154.376918449] [mpc_corr]: ODOM non disponibile: stato ancora None
[taskset-1] [WARN] [1791022154.476809563] [mpc_corr]: ODOM non disponibile: stato ancora None
[taskset-1] [WARN] [1791022154.576861248] [mpc_corr]: ODOM non disponibile: stato ancora None
[taskset-1] [INFO] [1791022154.577989480] [mpc_corr]: PUB /drive | speed=+0.0000 steer=+0.0000 subs=1
[taskset-1] [WARN] [1791022154.656620999] [mpc_corr]: JOINT | giunti sterzo non trovati in /joint_states: ['left_rear_wheel_joint', 'right_rear_wheel_joint', 'left_steering_hinge_joint', 'right_steering_hinge_joint', 'left_front_wheel_joint', 'right_front_wheel_joint']
[taskset-1] [WARN] [1791022154.676974244] [mpc_corr]: ODOM non disponibile: stato ancora None
[taskset-1] [WARN] [1791022154.777000537] [mpc_corr]: ODOM non disponibile: stato ancora None
[taskset-1] [WARN] [1791022154.876963356] [mpc_corr]: ODOM non disponibile: stato ancora None
[taskset-1] [INFO] [1791022154.975922695] [mpc_corr]: ODOMSEL | src=None hw_age=infs sim_age=infs timeout=0.500s
[taskset-1] [WARN] [1791022154.977019370] [mpc_corr]: ODOM non disponibile: stato ancora None
[taskset-1] [WARN] [1791022155.076894123] [mpc_corr]: ODOM non disponibile: stato ancora None
[taskset-1] [WARN] [1791022155.177071045] [mpc_corr]: ODOM non disponibile: stato ancora None
[taskset-1] [WARN] [1791022155.276883900] [mpc_corr]: ODOM non disponibile: stato ancora None
[taskset-1] [WARN] [1791022155.376905876] [mpc_corr]: ODOM non disponibile: stato ancora None
[taskset-1] [WARN] [1791022155.476832787] [mpc_corr]: ODOM non disponibile: stato ancora None
[taskset-1] [WARN] [1791022155.576866207] [mpc_corr]: ODOM non disponibile: stato ancora None
[taskset-1] [INFO] [1791022155.578014207] [mpc_corr]: PUB /drive | speed=+0.0000 steer=+0.0000 subs=1
[taskset-1] [WARN] [1791022155.676999977] [mpc_corr]: ODOM non disponibile: stato ancora None
[taskset-1] [WARN] [1791022155.776768136] [mpc_corr]: ODOM non disponibile: stato ancora None
[taskset-1] [WARN] [1791022155.876877474] [mpc_corr]: ODOM non disponibile: stato ancora None
[taskset-1] [WARN] [1791022155.977000321] [mpc_corr]: ODOM non disponibile: stato ancora None
[taskset-1] [WARN] [1791022156.077130261] [mpc_corr]: ODOM non disponibile: stato ancora None
[taskset-1] [WARN] [1791022156.177052745] [mpc_corr]: ODOM non disponibile: stato ancora None
[taskset-1] [WARN] [1791022156.276844840] [mpc_corr]: ODOM non disponibile: stato ancora None
[taskset-1] [WARN] [1791022156.376871149] [mpc_corr]: ODOM non disponibile: stato ancora None
[taskset-1] [WARN] [1791022156.477015134] [mpc_corr]: ODOM non disponibile: stato ancora None
[taskset-1] [WARN] [1791022156.576945933] [mpc_corr]: ODOM non disponibile: stato ancora None
[taskset-1] [INFO] [1791022156.578145757] [mpc_corr]: PUB /drive | speed=+0.0000 steer=+0.0000 subs=1
[taskset-1] [WARN] [1791022156.676807963] [mpc_corr]: ODOM non disponibile: stato ancora None
[taskset-1] [WARN] [1791022156.776730769] [mpc_corr]: ODOM non disponibile: stato ancora None
[taskset-1] [WARN] [1791022156.876894956] [mpc_corr]: ODOM non disponibile: stato ancora None
[taskset-1] [INFO] [1791022156.976023628] [mpc_corr]: ODOMSEL | src=None hw_age=infs sim_age=infs timeout=0.500s
[taskset-1] [WARN] [1791022156.977219434] [mpc_corr]: ODOM non disponibile: stato ancora None
[taskset-1] [WARN] [1791022157.077000843] [mpc_corr]: ODOM non disponibile: stato ancora None
[taskset-1] [WARN] [1791022157.177414718] [mpc_corr]: ODOM non disponibile: stato ancora None
[taskset-1] [WARN] [1791022157.276869680] [mpc_corr]: ODOM non disponibile: stato ancora None
[taskset-1] [WARN] [1791022157.376888516] [mpc_corr]: ODOM non disponibile: stato ancora None
[taskset-1] [WARN] [1791022157.477149234] [mpc_corr]: ODOM non disponibile: stato ancora None
[taskset-1] [WARN] [1791022157.577163366] [mpc_corr]: ODOM non disponibile: stato ancora None
[taskset-1] [INFO] [1791022157.578441097] [mpc_corr]: PUB /drive | speed=+0.0000 steer=+0.0000 subs=1
[taskset-1] [WARN] [1791022157.676924172] [mpc_corr]: ODOM non disponibile: stato ancora None
[taskset-1] [WARN] [1791022157.776851905] [mpc_corr]: ODOM non disponibile: stato ancora None
[taskset-1] [WARN] [1791022157.877050324] [mpc_corr]: ODOM non disponibile: stato ancora None
[taskset-1] [WARN] [1791022157.977005768] [mpc_corr]: ODOM non disponibile: stato ancora None
[taskset-1] [WARN] [1791022158.077639256] [mpc_corr]: ODOM non disponibile: stato ancora None
[taskset-1] [WARN] [1791022158.177105708] [mpc_corr]: ODOM non disponibile: stato ancora None
[taskset-1] [WARN] [1791022158.277106524] [mpc_corr]: ODOM non disponibile: stato ancora None
[taskset-1] [WARN] [1791022158.376959858] [mpc_corr]: ODOM non disponibile: stato ancora None
[taskset-1] [WARN] [1791022158.476827664] [mpc_corr]: ODOM non disponibile: stato ancora None
[taskset-1] [WARN] [1791022158.576937047] [mpc_corr]: ODOM non disponibile: stato ancora None
[taskset-1] [WARN] [1791022158.677059365] [mpc_corr]: ODOM non disponibile: stato ancora None
[taskset-1] [INFO] [1791022158.678303810] [mpc_corr]: PUB /drive | speed=+0.0000 steer=+0.0000 subs=1
[taskset-1] [WARN] [1791022158.776797217] [mpc_corr]: ODOM non disponibile: stato ancora None
[taskset-1] [WARN] [1791022158.876847403] [mpc_corr]: ODOM non disponibile: stato ancora None
[taskset-1] [WARN] [1791022158.976825488] [mpc_corr]: ODOM non disponibile: stato ancora None
[taskset-1] [INFO] [1791022159.075958311] [mpc_corr]: ODOMSEL | src=None hw_age=infs sim_age=infs timeout=0.500s
[taskset-1] [WARN] [1791022159.077064533] [mpc_corr]: ODOM non disponibile: stato ancora None
[taskset-1] [WARN] [1791022159.177081598] [mpc_corr]: ODOM non disponibile: stato ancora None
[taskset-1] [WARN] [1791022159.201189233] [mpc_corr]: BOUNDARY/costmap ricevuto ma stato ancora None: frame scartato.
[taskset-1] [WARN] [1791022159.276863821] [mpc_corr]: ODOM non disponibile: stato ancora None
[taskset-1] [WARN] [1791022159.376830016] [mpc_corr]: ODOM non disponibile: stato ancora None
[taskset-1] [WARN] [1791022159.477066055] [mpc_corr]: ODOM non disponibile: stato ancora None
[taskset-1] [WARN] [1791022159.577133641] [mpc_corr]: ODOM non disponibile: stato ancora None
[taskset-1] [WARN] [1791022159.656906231] [mpc_corr]: JOINT | giunti sterzo non trovati in /joint_states: ['left_rear_wheel_joint', 'right_rear_wheel_joint', 'left_steering_hinge_joint', 'right_steering_hinge_joint', 'left_front_wheel_joint', 'right_front_wheel_joint']
[taskset-1] [WARN] [1791022159.676954150] [mpc_corr]: ODOM non disponibile: stato ancora None
[taskset-1] [WARN] [1791022159.776764760] [mpc_corr]: ODOM non disponibile: stato ancora None
[taskset-1] [INFO] [1791022159.777915501] [mpc_corr]: PUB /drive | speed=+0.0000 steer=+0.0000 subs=1
[taskset-1] [WARN] [1791022159.876833207] [mpc_corr]: ODOM non disponibile: stato ancora None
[taskset-1] [WARN] [1791022159.976981283] [mpc_corr]: ODOM non disponibile: stato ancora None
[taskset-1] [WARN] [1791022160.077115219] [mpc_corr]: ODOM non disponibile: stato ancora None
[taskset-1] [WARN] [1791022160.177094855] [mpc_corr]: ODOM non disponibile: stato ancora None
[taskset-1] [WARN] [1791022160.276875594] [mpc_corr]: ODOM non disponibile: stato ancora None
[taskset-1] [WARN] [1791022160.376925289] [mpc_corr]: ODOM non disponibile: stato ancora None
[taskset-1] [WARN] [1791022160.477008318] [mpc_corr]: ODOM non disponibile: stato ancora None
[taskset-1] [WARN] [1791022160.577107727] [mpc_corr]: ODOM non disponibile: stato ancora None
[taskset-1] [WARN] [1791022160.677165144] [mpc_corr]: ODOM non disponibile: stato ancora None
[taskset-1] [WARN] [1791022160.776978060] [mpc_corr]: ODOM non disponibile: stato ancora None
[taskset-1] [INFO] [1791022160.778222699] [mpc_corr]: PUB /drive | speed=+0.0000 steer=+0.0000 subs=1
[taskset-1] [WARN] [1791022160.876851948] [mpc_corr]: ODOM non disponibile: stato ancora None
[taskset-1] [WARN] [1791022160.977178729] [mpc_corr]: ODOM non disponibile: stato ancora None
[taskset-1] [INFO] [1791022161.076005794] [mpc_corr]: ODOMSEL | src=None hw_age=infs sim_age=infs timeout=0.500s
[taskset-1] [WARN] [1791022161.077509768] [mpc_corr]: ODOM non disponibile: stato ancora None
[taskset-1] [WARN] [1791022161.176972422] [mpc_corr]: ODOM non disponibile: stato ancora None
[taskset-1] [WARN] [1791022161.277439088] [mpc_corr]: ODOM non disponibile: stato ancora None
[taskset-1] [WARN] [1791022161.377296243] [mpc_corr]: ODOM non disponibile: stato ancora None
[taskset-1] [WARN] [1791022161.476882045] [mpc_corr]: ODOM non disponibile: stato ancora None
[taskset-1] [WARN] [1791022161.576974851] [mpc_corr]: ODOM non disponibile: stato ancora None
[taskset-1] [WARN] [1791022161.676905878] [mpc_corr]: ODOM non disponibile: stato ancora None
[taskset-1] [WARN] [1791022161.777138222] [mpc_corr]: ODOM non disponibile: stato ancora None
[taskset-1] [INFO] [1791022161.778379065] [mpc_corr]: PUB /drive | speed=+0.0000 steer=+0.0000 subs=1
[taskset-1] [WARN] [1791022161.876999489] [mpc_corr]: ODOM non disponibile: stato ancora None
[taskset-1] [WARN] [1791022161.977552568] [mpc_corr]: ODOM non disponibile: stato ancora None
[taskset-1] [WARN] [1791022162.077061471] [mpc_corr]: ODOM non disponibile: stato ancora None
[taskset-1] [WARN] [1791022162.176927227] [mpc_corr]: ODOM non disponibile: stato ancora None
[taskset-1] [WARN] [1791022162.277542240] [mpc_corr]: ODOM non disponibile: stato ancora None
[taskset-1] [WARN] [1791022162.377043919] [mpc_corr]: ODOM non disponibile: stato ancora None
[taskset-1] [WARN] [1791022162.476345928] [mpc_corr]: ODOM non disponibile: stato ancora None
[taskset-1] [WARN] [1791022162.577344676] [mpc_corr]: ODOM non disponibile: stato ancora None
[taskset-1] [WARN] [1791022162.676578484] [mpc_corr]: ODOM non disponibile: stato ancora None
[taskset-1] [WARN] [1791022162.776120683] [mpc_corr]: ODOM non disponibile: stato ancora None
[taskset-1] [WARN] [1791022162.887694056] [mpc_corr]: ODOM non disponibile: stato ancora None
[taskset-1] [INFO] [1791022162.889841322] [mpc_corr]: PUB /drive | speed=+0.0000 steer=+0.0000 subs=1
[taskset-1] [WARN] [1791022162.976049477] [mpc_corr]: ODOM non disponibile: stato ancora None
[taskset-1] [INFO] [1791022163.076906371] [mpc_corr]: ODOMSEL | src=None hw_age=infs sim_age=infs timeout=0.500s
[taskset-1] [WARN] [1791022163.078336530] [mpc_corr]: ODOM non disponibile: stato ancora None
[taskset-1] [WARN] [1791022163.176063428] [mpc_corr]: ODOM non disponibile: stato ancora None
[taskset-1] [WARN] [1791022163.276179389] [mpc_corr]: ODOM non disponibile: stato ancora None
[taskset-1] [WARN] [1791022163.376814198] [mpc_corr]: ODOM non disponibile: stato ancora None
[taskset-1] [WARN] [1791022163.476797196] [mpc_corr]: ODOM non disponibile: stato ancora None
[taskset-1] [WARN] [1791022163.576652402] [mpc_corr]: ODOM non disponibile: stato ancora None
[taskset-1] [WARN] [1791022163.676707095] [mpc_corr]: ODOM non disponibile: stato ancora None
[taskset-1] [WARN] [1791022163.776765687] [mpc_corr]: ODOM non disponibile: stato ancora None
[taskset-1] [WARN] [1791022163.877219911] [mpc_corr]: ODOM non disponibile: stato ancora None
[taskset-1] [WARN] [1791022163.977059093] [mpc_corr]: ODOM non disponibile: stato ancora None
[taskset-1] [INFO] [1791022163.978301269] [mpc_corr]: PUB /drive | speed=+0.0000 steer=+0.0000 subs=1
[taskset-1] [WARN] [1791022164.077260880] [mpc_corr]: ODOM non disponibile: stato ancora None
[taskset-1] [WARN] [1791022164.177213700] [mpc_corr]: ODOM non disponibile: stato ancora None
[taskset-1] [WARN] [1791022164.251155245] [mpc_corr]: BOUNDARY/costmap ricevuto ma stato ancora None: frame scartato.
[taskset-1] [WARN] [1791022164.276950577] [mpc_corr]: ODOM non disponibile: stato ancora None
[taskset-1] [WARN] [1791022164.379357509] [mpc_corr]: ODOM non disponibile: stato ancora None
[taskset-1] [WARN] [1791022164.476568468] [mpc_corr]: ODOM non disponibile: stato ancora None
[taskset-1] [WARN] [1791022164.578042856] [mpc_corr]: ODOM non disponibile: stato ancora None
[taskset-1] [WARN] [1791022164.657333677] [mpc_corr]: JOINT | giunti sterzo non trovati in /joint_states: ['left_rear_wheel_joint', 'right_rear_wheel_joint', 'left_steering_hinge_joint', 'right_steering_hinge_joint', 'left_front_wheel_joint', 'right_front_wheel_joint']
[taskset-1] [WARN] [1791022164.676976832] [mpc_corr]: ODOM non disponibile: stato ancora None
[taskset-1] [WARN] [1791022164.776929347] [mpc_corr]: ODOM non disponibile: stato ancora None
[taskset-1] [WARN] [1791022164.876843732] [mpc_corr]: ODOM non disponibile: stato ancora None
[taskset-1] [WARN] [1791022164.977072093] [mpc_corr]: ODOM non disponibile: stato ancora None
[taskset-1] [WARN] [1791022165.077356083] [mpc_corr]: ODOM non disponibile: stato ancora None
[taskset-1] [INFO] [1791022165.078660750] [mpc_corr]: PUB /drive | speed=+0.0000 steer=+0.0000 subs=1
[taskset-1] [INFO] [1791022165.176225145] [mpc_corr]: ODOMSEL | src=None hw_age=infs sim_age=infs timeout=0.500s
[taskset-1] [WARN] [1791022165.177543785] [mpc_corr]: ODOM non disponibile: stato ancora None
[taskset-1] [WARN] [1791022165.276998944] [mpc_corr]: ODOM non disponibile: stato ancora None
[taskset-1] [WARN] [1791022165.377037988] [mpc_corr]: ODOM non disponibile: stato ancora None
[taskset-1] [WARN] [1791022165.477046161] [mpc_corr]: ODOM non disponibile: stato ancora None
[taskset-1] [WARN] [1791022165.577069695] [mpc_corr]: ODOM non disponibile: stato ancora None
[taskset-1] [WARN] [1791022165.679373283] [mpc_corr]: ODOM non disponibile: stato ancora None
[taskset-1] [WARN] [1791022165.776328672] [mpc_corr]: ODOM non disponibile: stato ancora None
[taskset-1] [WARN] [1791022165.877035690] [mpc_corr]: ODOM non disponibile: stato ancora None
[taskset-1] [WARN] [1791022165.976936103] [mpc_corr]: ODOM non disponibile: stato ancora None
[taskset-1] [WARN] [1791022166.077124536] [mpc_corr]: ODOM non disponibile: stato ancora None
[taskset-1] [WARN] [1791022166.177031810] [mpc_corr]: ODOM non disponibile: stato ancora None
[taskset-1] [INFO] [1791022166.178371644] [mpc_corr]: PUB /drive | speed=+0.0000 steer=+0.0000 subs=1
[taskset-1] [WARN] [1791022166.276981880] [mpc_corr]: ODOM non disponibile: stato ancora None
[taskset-1] [WARN] [1791022166.377053293] [mpc_corr]: ODOM non disponibile: stato ancora None
[taskset-1] [WARN] [1791022166.476726824] [mpc_corr]: ODOM non disponibile: stato ancora None
[taskset-1] [WARN] [1791022166.577033166] [mpc_corr]: ODOM non disponibile: stato ancora None
[taskset-1] [WARN] [1791022166.676740586] [mpc_corr]: ODOM non disponibile: stato ancora None
[taskset-1] [WARN] [1791022166.776650609] [mpc_corr]: ODOM non disponibile: stato ancora None
[taskset-1] [WARN] [1791022166.877030459] [mpc_corr]: ODOM non disponibile: stato ancora None
[taskset-1] [WARN] [1791022166.976663477] [mpc_corr]: ODOM non disponibile: stato ancora None
[taskset-1] [WARN] [1791022167.076817945] [mpc_corr]: ODOM non disponibile: stato ancora None
[taskset-1] [WARN] [1791022167.176644023] [mpc_corr]: ODOM non disponibile: stato ancora None
[taskset-1] [INFO] [1791022167.275691854] [mpc_corr]: ODOMSEL | src=None hw_age=infs sim_age=infs timeout=0.500s
[taskset-1] [WARN] [1791022167.276671862] [mpc_corr]: ODOM non disponibile: stato ancora None
[taskset-1] [INFO] [1791022167.277665452] [mpc_corr]: PUB /drive | speed=+0.0000 steer=+0.0000 subs=1
[taskset-1] [WARN] [1791022167.376642116] [mpc_corr]: ODOM non disponibile: stato ancora None
[taskset-1] [WARN] [1791022167.476632483] [mpc_corr]: ODOM non disponibile: stato ancora None
[taskset-1] [WARN] [1791022167.576953212] [mpc_corr]: ODOM non disponibile: stato ancora None
[taskset-1] [INFO] [1791022167.591573339] [mpc_corr]: ODOM/hw | x=+0.0000 y=+0.0000 yaw=+0.0000 v=+0.0000
[taskset-1] [INFO] [1791022167.676338073] [mpc_corr]: Odom source -> hardware
[taskset-1] [INFO] [1791022167.677183265] [mpc_corr]: psi_init_corridor (bootstrap) = 0.000
[taskset-1] [WARN] [1791022167.680087342] [mpc_corr]: Nessun comando su /mpc/goal_distance ancora ricevuto: robot fermo in attesa.
[taskset-1] [INFO] [1791022167.700315798] [mpc_corr]: BOUNDARY/costmap | n=0
[taskset-1] [INFO] [1791022168.376839159] [mpc_corr]: PUB /drive | speed=+0.0000 steer=+0.0000 subs=1
[taskset-1] [INFO] [1791022168.627155385] [mpc_corr]: ODOM/hw | x=+0.0000 y=+0.0000 yaw=+0.0000 v=+0.0000
[taskset-1] [INFO] [1791022169.275782599] [mpc_corr]: ODOMSEL | src=hardware hw_age=0.029s sim_age=infs timeout=0.500s
[taskset-1] [INFO] [1791022169.377139205] [mpc_corr]: PUB /drive | speed=+0.0000 steer=+0.0000 subs=1
[taskset-1] [INFO] [1791022169.631467098] [mpc_corr]: ODOM/hw | x=+0.0054 y=+0.0000 yaw=+0.0038 v=-0.0000
[taskset-1] [INFO] [1791022169.700916744] [mpc_corr]: BOUNDARY/costmap | n=0
[taskset-1] [WARN] [1791022169.756925597] [mpc_corr]: JOINT | giunti sterzo non trovati in /joint_states: ['left_rear_wheel_joint', 'right_rear_wheel_joint', 'left_steering_hinge_joint', 'right_steering_hinge_joint', 'left_front_wheel_joint', 'right_front_wheel_joint']
[taskset-1] [INFO] [1791022170.377167724] [mpc_corr]: PUB /drive | speed=+0.0000 steer=+0.0000 subs=1
[taskset-1] [INFO] [1791022170.647207603] [mpc_corr]: ODOM/hw | x=+0.0124 y=+0.0001 yaw=+0.0075 v=+0.0000
[taskset-1] [INFO] [1791022171.375685042] [mpc_corr]: ODOMSEL | src=hardware hw_age=0.009s sim_age=infs timeout=0.500s
[taskset-1] [INFO] [1791022171.377183711] [mpc_corr]: PUB /drive | speed=+0.0000 steer=+0.0000 subs=1
[taskset-1] [INFO] [1791022171.667603643] [mpc_corr]: ODOM/hw | x=+0.0967 y=+0.0048 yaw=+0.0946 v=-0.0000
[taskset-1] [INFO] [1791022171.749402445] [mpc_corr]: BOUNDARY/costmap | n=0
[taskset-1] [INFO] [1791022172.477128431] [mpc_corr]: PUB /drive | speed=+0.0000 steer=+0.0000 subs=1
[taskset-1] [INFO] [1791022172.688315744] [mpc_corr]: ODOM/hw | x=+0.2104 y=+0.0254 yaw=+0.2349 v=+0.1337
[taskset-1] [INFO] [1791022173.475750178] [mpc_corr]: ODOMSEL | src=hardware hw_age=0.008s sim_age=infs timeout=0.500s
[taskset-1] [INFO] [1791022173.477195651] [mpc_corr]: PUB /drive | speed=+0.0000 steer=+0.0000 subs=1
[taskset-1] [INFO] [1791022173.689430220] [mpc_corr]: ODOM/hw | x=+0.4037 y=+0.0852 yaw=+0.3551 v=+0.2411
[taskset-1] [INFO] [1791022173.765527692] [mpc_corr]: BOUNDARY/costmap | n=3
[taskset-1] [INFO] [1791022174.577034178] [mpc_corr]: PUB /drive | speed=+0.0000 steer=+0.0000 subs=1
[taskset-1] [INFO] [1791022174.707962337] [mpc_corr]: ODOM/hw | x=+0.6637 y=+0.1848 yaw=+0.3122 v=+0.3330
[taskset-1] [WARN] [1791022174.757471056] [mpc_corr]: JOINT | giunti sterzo non trovati in /joint_states: ['left_rear_wheel_joint', 'right_rear_wheel_joint', 'left_steering_hinge_joint', 'right_steering_hinge_joint', 'left_front_wheel_joint', 'right_front_wheel_joint']
[taskset-1] [INFO] [1791022175.575659568] [mpc_corr]: ODOMSEL | src=hardware hw_age=0.009s sim_age=infs timeout=0.500s
[taskset-1] [INFO] [1791022175.577138912] [mpc_corr]: PUB /drive | speed=+0.0000 steer=+0.0000 subs=1
[taskset-1] [INFO] [1791022175.726580972] [mpc_corr]: ODOM/hw | x=+1.0114 y=+0.2644 yaw=+0.1478 v=+0.3761
[taskset-1] [INFO] [1791022175.768404501] [mpc_corr]: BOUNDARY/costmap | n=3
[taskset-1] [INFO] [1791022176.677005391] [mpc_corr]: PUB /drive | speed=+0.0000 steer=+0.0000 subs=1
[taskset-1] [INFO] [1791022176.746797784] [mpc_corr]: ODOM/hw | x=+1.3892 y=+0.2963 yaw=+0.0107 v=+0.3429
[taskset-1] [INFO] [1791022177.575677698] [mpc_corr]: ODOMSEL | src=hardware hw_age=0.009s sim_age=infs timeout=0.500s
[taskset-1] [INFO] [1791022177.677063104] [mpc_corr]: PUB /drive | speed=+0.0000 steer=+0.0000 subs=1
[taskset-1] [INFO] [1791022177.766921167] [mpc_corr]: ODOM/hw | x=+1.6671 y=+0.2847 yaw=-0.0906 v=+0.2296
[taskset-1] [INFO] [1791022177.769064932] [mpc_corr]: BOUNDARY/costmap | n=3
[taskset-1] [INFO] [1791022177.925379643] [mpc_corr]: ANCHOR/capture | odom=(+1.684,+0.283,-0.0971) -> map=(+1.587,+0.178,-0.1449) tf_yaw=-0.0478
[taskset-1] [INFO] [1791022177.925974249] [mpc_corr]: Nuovo goal_distance=0.000 m da (1.684, 0.283)
[taskset-1] [INFO] [1791022177.976739226] [mpc_corr]: GOAL | traveled=0.0212/0.000 m residuo=-0.0212 m displacement=0.0212 m lateral=0.0003 m
[taskset-1] [INFO] [1791022177.978725806] [mpc_corr]: Goal raggiunto: traveled=0.021 m >= goal_distance=0.000 m
[taskset-1] [INFO] [1791022178.677313412] [mpc_corr]: PUB /drive | speed=+0.0000 steer=+0.0000 subs=1
[taskset-1] [INFO] [1791022178.767400520] [mpc_corr]: ODOM/hw | x=+1.8786 y=+0.2550 yaw=-0.1916 v=+0.2134
[taskset-1] [INFO] [1791022179.575712226] [mpc_corr]: ODOMSEL | src=hardware hw_age=0.007s sim_age=infs timeout=0.500s
[taskset-1] [INFO] [1791022179.677361573] [mpc_corr]: PUB /drive | speed=+0.0000 steer=+0.0000 subs=1
[taskset-1] [INFO] [1791022179.786648467] [mpc_corr]: ODOM/hw | x=+2.1301 y=+0.2012 yaw=-0.2095 v=+0.2725
[taskset-1] [INFO] [1791022179.816953440] [mpc_corr]: BOUNDARY/costmap | n=3
[taskset-1] [WARN] [1791022179.856600638] [mpc_corr]: JOINT | giunti sterzo non trovati in /joint_states: ['left_rear_wheel_joint', 'right_rear_wheel_joint', 'left_steering_hinge_joint', 'right_steering_hinge_joint', 'left_front_wheel_joint', 'right_front_wheel_joint']
[taskset-1] [INFO] [1791022180.777499203] [mpc_corr]: PUB /drive | speed=+0.0000 steer=+0.0000 subs=2
[taskset-1] [INFO] [1791022180.787385489] [mpc_corr]: ODOM/hw | x=+2.4587 y=+0.1360 yaw=-0.1958 v=+0.3761
[taskset-1] [INFO] [1791022181.675696255] [mpc_corr]: ODOMSEL | src=hardware hw_age=0.009s sim_age=infs timeout=0.500s
[taskset-1] [INFO] [1791022181.788009915] [mpc_corr]: ODOM/hw | x=+2.8306 y=+0.0586 yaw=-0.2156 v=+0.3728
[taskset-1] [INFO] [1791022181.818438547] [mpc_corr]: BOUNDARY/costmap | n=3
[taskset-1] [INFO] [1791022181.877372362] [mpc_corr]: PUB /drive | speed=+0.0000 steer=+0.0000 subs=2
[taskset-1] [INFO] [1791022182.788331202] [mpc_corr]: ODOM/hw | x=+3.2255 y=-0.0348 yaw=-0.2462 v=+0.4111
[taskset-1] [INFO] [1791022182.877401273] [mpc_corr]: PUB /drive | speed=+0.0000 steer=+0.0000 subs=2
[taskset-1] [INFO] [1791022183.775703785] [mpc_corr]: ODOMSEL | src=hardware hw_age=0.027s sim_age=infs timeout=0.500s
[taskset-1] [INFO] [1791022183.807394787] [mpc_corr]: ODOM/hw | x=+3.6544 y=-0.1473 yaw=-0.2662 v=+0.4167
[taskset-1] [INFO] [1791022183.865237724] [mpc_corr]: BOUNDARY/costmap | n=3
[taskset-1] [INFO] [1791022183.977176078] [mpc_corr]: PUB /drive | speed=+0.0000 steer=+0.0000 subs=2
[taskset-1] [INFO] [1791022184.808753372] [mpc_corr]: ODOM/hw | x=+4.0641 y=-0.2620 yaw=-0.2759 v=+0.4412
[taskset-1] [WARN] [1791022184.856647234] [mpc_corr]: JOINT | giunti sterzo non trovati in /joint_states: ['left_rear_wheel_joint', 'right_rear_wheel_joint', 'left_steering_hinge_joint', 'right_steering_hinge_joint', 'left_front_wheel_joint', 'right_front_wheel_joint']
[taskset-1] [INFO] [1791022184.977348794] [mpc_corr]: PUB /drive | speed=+0.0000 steer=+0.0000 subs=2
[taskset-1] [INFO] [1791022185.827098442] [mpc_corr]: ODOM/hw | x=+4.5014 y=-0.3853 yaw=-0.2745 v=+0.4667
[taskset-1] [INFO] [1791022185.867885888] [mpc_corr]: BOUNDARY/costmap | n=3
[taskset-1] [INFO] [1791022185.875714176] [mpc_corr]: ODOMSEL | src=hardware hw_age=0.027s sim_age=infs timeout=0.500s
[taskset-1] [INFO] [1791022185.977417029] [mpc_corr]: PUB /drive | speed=+0.0000 steer=+0.0000 subs=2
[taskset-1] [INFO] [1791022186.827574828] [mpc_corr]: ODOM/hw | x=+4.9237 y=-0.5040 yaw=-0.2717 v=+0.4295
[taskset-1] [INFO] [1791022186.977460627] [mpc_corr]: PUB /drive | speed=+0.0000 steer=+0.0000 subs=2
[taskset-1] [INFO] [1791022187.827772170] [mpc_corr]: ODOM/hw | x=+5.3449 y=-0.6186 yaw=-0.2610 v=+0.4153
[taskset-1] [INFO] [1791022187.868089159] [mpc_corr]: BOUNDARY/costmap | n=3
[taskset-1] [INFO] [1791022187.875725002] [mpc_corr]: ODOMSEL | src=hardware hw_age=0.009s sim_age=infs timeout=0.500s
[taskset-1] [INFO] [1791022188.077521637] [mpc_corr]: PUB /drive | speed=+0.0000 steer=+0.0000 subs=2
[taskset-1] [INFO] [1791022188.867049125] [mpc_corr]: ODOM/hw | x=+5.7899 y=-0.7342 yaw=-0.2474 v=+0.4220
[taskset-1] [INFO] [1791022189.177264542] [mpc_corr]: PUB /drive | speed=+0.0000 steer=+0.0000 subs=2
[taskset-1] [WARN] [1791022189.856911400] [mpc_corr]: JOINT | giunti sterzo non trovati in /joint_states: ['left_rear_wheel_joint', 'right_rear_wheel_joint', 'left_steering_hinge_joint', 'right_steering_hinge_joint', 'left_front_wheel_joint', 'right_front_wheel_joint']
[taskset-1] [INFO] [1791022189.887123326] [mpc_corr]: ODOM/hw | x=+6.2205 y=-0.8357 yaw=-0.2199 v=+0.4206
[taskset-1] [INFO] [1791022189.915534682] [mpc_corr]: BOUNDARY/costmap | n=3
[taskset-1] [INFO] [1791022189.975605586] [mpc_corr]: ODOMSEL | src=hardware hw_age=0.008s sim_age=infs timeout=0.500s
[taskset-1] [INFO] [1791022190.043762640] [mpc_corr]: HOLD | engaged
[taskset-1] [INFO] [1791022190.275891567] [mpc_corr]: PUB /drive | speed=+0.0000 steer=+0.0000 subs=1
[taskset-1] [INFO] [1791022190.907561238] [mpc_corr]: ODOM/hw | x=+6.6635 y=-0.9315 yaw=-0.2050 v=+0.4609
[taskset-1] [INFO] [1791022191.275983603] [mpc_corr]: PUB /drive | speed=+0.0000 steer=+0.0000 subs=1
[taskset-1] [INFO] [1791022191.916290222] [mpc_corr]: BOUNDARY/costmap | n=3
[taskset-1] [INFO] [1791022191.927128764] [mpc_corr]: ODOM/hw | x=+7.1055 y=-1.0209 yaw=-0.1934 v=+0.4459
[taskset-1] [INFO] [1791022191.975702035] [mpc_corr]: ODOMSEL | src=hardware hw_age=0.009s sim_age=infs timeout=0.500s
[taskset-1] [INFO] [1791022192.277100316] [mpc_corr]: PUB /drive | speed=+0.0000 steer=+0.0000 subs=1
[taskset-1] [INFO] [1791022192.927661017] [mpc_corr]: ODOM/hw | x=+7.5391 y=-1.1033 yaw=-0.1801 v=+0.4470
[taskset-1] [INFO] [1791022193.277168850] [mpc_corr]: PUB /drive | speed=+0.0000 steer=+0.0000 subs=1
[taskset-1] [INFO] [1791022193.919149828] [mpc_corr]: BOUNDARY/costmap | n=3
[taskset-1] [INFO] [1791022193.946868926] [mpc_corr]: ODOM/hw | x=+7.9741 y=-1.1811 yaw=-0.1737 v=+0.4536
[taskset-1] [INFO] [1791022194.074983737] [mpc_corr]: ODOMSEL | src=hardware hw_age=0.008s sim_age=infs timeout=0.500s
[taskset-1] [INFO] [1791022194.377066130] [mpc_corr]: PUB /drive | speed=+0.0000 steer=+0.0000 subs=1
[taskset-1] [WARN] [1791022194.857809953] [mpc_corr]: JOINT | giunti sterzo non trovati in /joint_states: ['left_rear_wheel_joint', 'right_rear_wheel_joint', 'left_steering_hinge_joint', 'right_steering_hinge_joint', 'left_front_wheel_joint', 'right_front_wheel_joint']
[taskset-1] [INFO] [1791022194.947728959] [mpc_corr]: ODOM/hw | x=+8.4175 y=-1.2577 yaw=-0.1678 v=+0.4618
[taskset-1] [INFO] [1791022195.477197552] [mpc_corr]: PUB /drive | speed=+0.0000 steer=+0.0000 subs=1
[taskset-1] [INFO] [1791022195.968041231] [mpc_corr]: BOUNDARY/costmap | n=3
[taskset-1] [INFO] [1791022195.970695631] [mpc_corr]: ODOM/hw | x=+8.8570 y=-1.3315 yaw=-0.1652 v=+0.4242
[taskset-1] [INFO] [1791022196.075956451] [mpc_corr]: ODOMSEL | src=hardware hw_age=0.009s sim_age=infs timeout=0.500s
[taskset-1] [INFO] [1791022196.577043372] [mpc_corr]: PUB /drive | speed=+0.0000 steer=+0.0000 subs=1
[taskset-1] [INFO] [1791022197.008728647] [mpc_corr]: ODOM/hw | x=+9.3079 y=-1.4054 yaw=-0.1591 v=+0.4707
[taskset-1] [INFO] [1791022197.577141285] [mpc_corr]: PUB /drive | speed=+0.0000 steer=+0.0000 subs=1
[taskset-1] [INFO] [1791022198.015359735] [mpc_corr]: BOUNDARY/costmap | n=3
[taskset-1] [INFO] [1791022198.028618422] [mpc_corr]: ODOM/hw | x=+9.7537 y=-1.4759 yaw=-0.1547 v=+0.4277
[taskset-1] [INFO] [1791022198.175684841] [mpc_corr]: ODOMSEL | src=hardware hw_age=0.008s sim_age=infs timeout=0.500s
[taskset-1] [INFO] [1791022198.676967433] [mpc_corr]: PUB /drive | speed=+0.0000 steer=+0.0000 subs=1
[taskset-1] [INFO] [1791022199.047877215] [mpc_corr]: ODOM/hw | x=+10.1977 y=-1.5447 yaw=-0.1542 v=+0.4563
[taskset-1] [INFO] [1791022199.677051768] [mpc_corr]: PUB /drive | speed=+0.0000 steer=+0.0000 subs=1
[taskset-1] [WARN] [1791022199.958585826] [mpc_corr]: JOINT | giunti sterzo non trovati in /joint_states: ['left_rear_wheel_joint', 'right_rear_wheel_joint', 'left_steering_hinge_joint', 'right_steering_hinge_joint', 'left_front_wheel_joint', 'right_front_wheel_joint']
[taskset-1] [INFO] [1791022200.059332259] [mpc_corr]: BOUNDARY/costmap | n=3
[taskset-1] [INFO] [1791022200.089188623] [mpc_corr]: ODOM/hw | x=+10.6530 y=-1.6162 yaw=-0.1570 v=+0.4603
[taskset-1] [INFO] [1791022200.275668464] [mpc_corr]: ODOMSEL | src=hardware hw_age=0.009s sim_age=infs timeout=0.500s
[taskset-1] [INFO] [1791022200.776966365] [mpc_corr]: PUB /drive | speed=+0.0000 steer=+0.0000 subs=1
[taskset-1] [INFO] [1791022201.109095693] [mpc_corr]: ODOM/hw | x=+11.0994 y=-1.6873 yaw=-0.1603 v=+0.4581
[taskset-1] [INFO] [1791022201.777282069] [mpc_corr]: PUB /drive | speed=+0.0000 steer=+0.0000 subs=1
[taskset-1] [INFO] [1791022202.060050046] [mpc_corr]: BOUNDARY/costmap | n=3
[taskset-1] [INFO] [1791022202.127170985] [mpc_corr]: ODOM/hw | x=+11.5430 y=-1.7601 yaw=-0.1648 v=+0.4512
[taskset-1] [INFO] [1791022202.275692706] [mpc_corr]: ODOMSEL | src=hardware hw_age=0.029s sim_age=infs timeout=0.500s
[taskset-1] [INFO] [1791022202.876949548] [mpc_corr]: PUB /drive | speed=+0.0000 steer=+0.0000 subs=1
[taskset-1] [INFO] [1791022203.146668234] [mpc_corr]: ODOM/hw | x=+11.9884 y=-1.8341 yaw=-0.1636 v=+0.4344
[taskset-1] [INFO] [1791022203.877064247] [mpc_corr]: PUB /drive | speed=+0.0000 steer=+0.0000 subs=1
[taskset-1] [INFO] [1791022204.063793785] [mpc_corr]: BOUNDARY/costmap | n=3
[taskset-1] [INFO] [1791022204.148123133] [mpc_corr]: ODOM/hw | x=+12.4278 y=-1.9080 yaw=-0.1733 v=+0.4550
[taskset-1] [INFO] [1791022204.375661717] [mpc_corr]: ODOMSEL | src=hardware hw_age=0.009s sim_age=infs timeout=0.500s
[taskset-1] [INFO] [1791022204.877116733] [mpc_corr]: PUB /drive | speed=+0.0000 steer=+0.0000 subs=1
[taskset-1] [WARN] [1791022205.056733389] [mpc_corr]: JOINT | giunti sterzo non trovati in /joint_states: ['left_rear_wheel_joint', 'right_rear_wheel_joint', 'left_steering_hinge_joint', 'right_steering_hinge_joint', 'left_front_wheel_joint', 'right_front_wheel_joint']
[taskset-1] [INFO] [1791022205.187199852] [mpc_corr]: ODOM/hw | x=+12.8751 y=-1.9888 yaw=-0.1838 v=+0.4463
[taskset-1] [INFO] [1791022205.978041421] [mpc_corr]: PUB /drive | speed=+0.0000 steer=+0.0000 subs=1
[WARNING] [launch]: user interrupted with ctrl-c (SIGINT)
[INFO] [lifecycle_manager-3]: sending signal 'SIGINT' to process[lifecycle_manager-3]
[INFO] [map_server-2]: sending signal 'SIGINT' to process[map_server-2]
[INFO] [taskset-1]: sending signal 'SIGINT' to process[taskset-1]
[lifecycle_manager-3] [INFO] [1791022205.996851991] [rclcpp]: signal_handler(SIGINT/SIGTERM)
[lifecycle_manager-3] [INFO] [1791022205.997041233] [lifecycle_manager_map]: Running Nav2 LifecycleManager rcl preshutdown (lifecycle_manager_map)
[lifecycle_manager-3] [INFO] [1791022206.005458294] [lifecycle_manager_map]: [34m[1mTerminating bond timer...[0m[0m
[map_server-2] [INFO] [1791022205.997683386] [rclcpp]: signal_handler(SIGINT/SIGTERM)
[map_server-2] [INFO] [1791022205.997913240] [map_server]: Running Nav2 LifecycleNode rcl preshutdown (map_server)
[map_server-2] [INFO] [1791022205.998107204] [map_server]: Deactivating
[map_server-2] [INFO] [1791022205.998130315] [map_server]: Destroying bond (map_server) to lifecycle manager.
[map_server-2] [INFO] [1791022206.013277721] [map_server]: Cleaning up
[map_server-2] [INFO] [1791022206.013395083] [map_server]: Destroying bond (map_server) to lifecycle manager.
[map_server-2] [INFO] [1791022206.028813407] [rclcpp]: signal_handler(SIGINT/SIGTERM)
[taskset-1] Traceback (most recent call last):
[taskset-1]   File "/home/andre/dev_ws/f1tenth_more/install/mpc_controller/lib/mpc_controller/mpc_corr", line 33, in <module>
[taskset-1]     sys.exit(load_entry_point('mpc-controller', 'console_scripts', 'mpc_corr')())
[taskset-1]              ^^^^^^^^^^^^^^^^^^^^^^^^^^^^^^^^^^^^^^^^^^^^^^^^^^^^^^^^^^^^^^^^^^^
[taskset-1]   File "/home/andre/dev_ws/f1tenth_more/build/mpc_controller/mpc_controller/MPC_corr.py", line 5706, in main
[taskset-1]     node.destroy_node()
[taskset-1]   File "/home/andre/dev_ws/f1tenth_more/build/mpc_controller/mpc_controller/MPC_corr.py", line 1889, in destroy_node
[taskset-1]     super().destroy_node()
[taskset-1]   File "/opt/ros/jazzy/lib/python3.12/site-packages/rclpy/node.py", line 1956, in destroy_node
[taskset-1]     self.destroy_publisher(self._publishers[0])
[taskset-1]   File "/opt/ros/jazzy/lib/python3.12/site-packages/rclpy/node.py", line 1836, in destroy_publisher
[taskset-1]     publisher.destroy()
[taskset-1]   File "/opt/ros/jazzy/lib/python3.12/site-packages/rclpy/publisher.py", line 105, in destroy
[taskset-1]     self.__publisher.destroy_when_not_in_use()
[taskset-1] KeyboardInterrupt
[lifecycle_manager-3] [INFO] [1791022206.058007885] [rclcpp]: signal_handler(SIGINT/SIGTERM)
[lifecycle_manager-3] [INFO] [1791022206.061793125] [lifecycle_manager_map]: Destroying lifecycle_manager_map
[map_server-2] [INFO] [1791022206.072472230] [map_server]: Destroying
[INFO] [lifecycle_manager-3]: process has finished cleanly [pid 392676]
[INFO] [map_server-2]: process has finished cleanly [pid 392665]
[ERROR] [taskset-1]: process has died [pid 392661, exit code -2, cmd 'taskset -c 10,11 /home/andre/dev_ws/f1tenth_more/install/mpc_controller/lib/mpc_controller/mpc_corr --ros-args -r __node:=mpc_corr --params-file /tmp/launch_params_yr_hv_92'].
