[INFO] [launch]: All log files can be found below /home/andre/dev_ws/f1tenth_more/output/fix_batch_4/isolation/baseline/run_26/ros_log/2026-10-03-16-41-52-604038-thor-493728
[INFO] [launch]: Default logging verbosity is set to INFO
[INFO] [semantic_layer_node-1]: process started with pid [493868]
[INFO] [costmap_renderer_node-2]: process started with pid [493884]
[INFO] [costmap_boundary_node-3]: process started with pid [493890]
[costmap_renderer_node-2] [INFO] [1791038514.021066226] [costmap_renderer_node]: costmap_renderer_node started
[costmap_boundary_node-3] [INFO] [1791038514.390289322] [costmap_boundary_node]: costmap_boundary_node started -- map_topic=/slam/map pose_topic=/ekf_global/odometry/filtered extraction_rate_hz=20.0 (periodic-publish pass: publishes every tick from whatever is currently cached, regardless of how recently either input last updated -- fail-safe empty/withheld only if a message of that kind has never arrived at all yet. See module docstring for why gating on upstream recency was removed.)
[costmap_boundary_node-3] [WARN] [1791038514.423754903] [costmap_boundary_node]: publishing EMPTY boundary constraints, front_clearance withheld -- map_topic: no message ever received; pose_topic: no message ever received
[semantic_layer_node-1] [INFO] [1791038514.433842020] [semantic_layer_node]: semantic_layer_node started
[costmap_boundary_node-3] [WARN] [1791038519.473037613] [costmap_boundary_node]: publishing EMPTY boundary constraints, front_clearance withheld -- map_topic: no message ever received; pose_topic: no message ever received
[costmap_boundary_node-3] [WARN] [1791038524.473310284] [costmap_boundary_node]: publishing EMPTY boundary constraints, front_clearance withheld -- map_topic: no message ever received; pose_topic: no message ever received
[costmap_boundary_node-3] [WARN] [1791038529.473770367] [costmap_boundary_node]: publishing EMPTY boundary constraints, front_clearance withheld -- map_topic: no message ever received; pose_topic: no message ever received
[costmap_boundary_node-3] [WARN] [1791038534.522808109] [costmap_boundary_node]: publishing EMPTY boundary constraints, front_clearance withheld -- map_topic: no message ever received; pose_topic: no message ever received
[costmap_boundary_node-3] [WARN] [1791038539.523039699] [costmap_boundary_node]: publishing EMPTY boundary constraints, front_clearance withheld -- map_topic: no message ever received
[costmap_boundary_node-3] [WARN] [1791038544.523174151] [costmap_boundary_node]: publishing EMPTY boundary constraints, front_clearance withheld -- map_topic: no message ever received
[costmap_boundary_node-3] [WARN] [1791038549.523368494] [costmap_boundary_node]: publishing EMPTY boundary constraints, front_clearance withheld -- map_topic: no message ever received
[costmap_boundary_node-3] [WARN] [1791038554.573012080] [costmap_boundary_node]: publishing EMPTY boundary constraints, front_clearance withheld -- map_topic: no message ever received
[WARNING] [launch]: user interrupted with ctrl-c (SIGINT)
[INFO] [costmap_boundary_node-3]: sending signal 'SIGINT' to process[costmap_boundary_node-3]
[INFO] [costmap_renderer_node-2]: sending signal 'SIGINT' to process[costmap_renderer_node-2]
[INFO] [semantic_layer_node-1]: sending signal 'SIGINT' to process[semantic_layer_node-1]
[costmap_renderer_node-2] Traceback (most recent call last):
[costmap_renderer_node-2]   File "/home/andre/dev_ws/f1tenth_more/install/f1tenth_costmap/lib/f1tenth_costmap/costmap_renderer_node", line 33, in <module>
[costmap_renderer_node-2]     sys.exit(load_entry_point('f1tenth-costmap', 'console_scripts', 'costmap_renderer_node')())
[costmap_renderer_node-2]              ^^^^^^^^^^^^^^^^^^^^^^^^^^^^^^^^^^^^^^^^^^^^^^^^^^^^^^^^^^^^^^^^^^^^^^^^^^^^^^^^^
[costmap_renderer_node-2]   File "/home/andre/dev_ws/f1tenth_more/build/f1tenth_costmap/f1tenth_costmap/costmap_renderer_node.py", line 125, in main
[costmap_renderer_node-2]     node.destroy_node()
[costmap_renderer_node-2]   File "/opt/ros/jazzy/lib/python3.12/site-packages/rclpy/node.py", line 1962, in destroy_node
[costmap_renderer_node-2]     self.destroy_service(self._services[0])
[costmap_renderer_node-2]   File "/opt/ros/jazzy/lib/python3.12/site-packages/rclpy/node.py", line 1886, in destroy_service
[costmap_renderer_node-2]     service.destroy()
[costmap_renderer_node-2]   File "/opt/ros/jazzy/lib/python3.12/site-packages/rclpy/service.py", line 123, in destroy
[costmap_renderer_node-2]     self.__service.destroy_when_not_in_use()
[costmap_renderer_node-2] KeyboardInterrupt
[costmap_boundary_node-3] Traceback (most recent call last):
[costmap_boundary_node-3]   File "/home/andre/dev_ws/f1tenth_more/install/f1tenth_costmap/lib/f1tenth_costmap/costmap_boundary_node", line 33, in <module>
[costmap_boundary_node-3]     sys.exit(load_entry_point('f1tenth-costmap', 'console_scripts', 'costmap_boundary_node')())
[costmap_boundary_node-3]              ^^^^^^^^^^^^^^^^^^^^^^^^^^^^^^^^^^^^^^^^^^^^^^^^^^^^^^^^^^^^^^^^^^^^^^^^^^^^^^^^^
[costmap_boundary_node-3]   File "/home/andre/dev_ws/f1tenth_more/build/f1tenth_costmap/f1tenth_costmap/costmap_boundary_node.py", line 777, in main
[costmap_boundary_node-3]     rclpy.shutdown()
[costmap_boundary_node-3]   File "/opt/ros/jazzy/lib/python3.12/site-packages/rclpy/__init__.py", line 134, in shutdown
[costmap_boundary_node-3]     _shutdown(context=context)
[costmap_boundary_node-3]   File "/opt/ros/jazzy/lib/python3.12/site-packages/rclpy/utilities.py", line 82, in shutdown
[costmap_boundary_node-3]     context.shutdown()
[costmap_boundary_node-3]   File "/opt/ros/jazzy/lib/python3.12/site-packages/rclpy/context.py", line 129, in shutdown
[costmap_boundary_node-3]     self.__context.shutdown()
[costmap_boundary_node-3] rclpy._rclpy_pybind11.RCLError: failed to shutdown: rcl_shutdown already called on the given context, at ./src/rcl/init.c:333
[ERROR] [costmap_renderer_node-2]: process has died [pid 493884, exit code -2, cmd '/home/andre/dev_ws/f1tenth_more/install/f1tenth_costmap/lib/f1tenth_costmap/costmap_renderer_node --ros-args -r __node:=costmap_renderer_node --params-file /tmp/launch_params_mkvwl7m0'].
[ERROR] [costmap_boundary_node-3]: process has died [pid 493890, exit code 1, cmd '/home/andre/dev_ws/f1tenth_more/install/f1tenth_costmap/lib/f1tenth_costmap/costmap_boundary_node --ros-args -r __node:=costmap_boundary_node --params-file /tmp/launch_params_n6phzqzj'].
[semantic_layer_node-1] Traceback (most recent call last):
[semantic_layer_node-1]   File "/home/andre/dev_ws/f1tenth_more/install/f1tenth_costmap/lib/f1tenth_costmap/semantic_layer_node", line 33, in <module>
[semantic_layer_node-1]     sys.exit(load_entry_point('f1tenth-costmap', 'console_scripts', 'semantic_layer_node')())
[semantic_layer_node-1]              ^^^^^^^^^^^^^^^^^^^^^^^^^^^^^^^^^^^^^^^^^^^^^^^^^^^^^^^^^^^^^^^^^^^^^^^^^^^^^^^
[semantic_layer_node-1]   File "/home/andre/dev_ws/f1tenth_more/build/f1tenth_costmap/f1tenth_costmap/semantic_layer_node.py", line 609, in main
[semantic_layer_node-1]     rclpy.shutdown()
[semantic_layer_node-1]   File "/opt/ros/jazzy/lib/python3.12/site-packages/rclpy/__init__.py", line 134, in shutdown
[semantic_layer_node-1]     _shutdown(context=context)
[semantic_layer_node-1]   File "/opt/ros/jazzy/lib/python3.12/site-packages/rclpy/utilities.py", line 82, in shutdown
[semantic_layer_node-1]     context.shutdown()
[semantic_layer_node-1]   File "/opt/ros/jazzy/lib/python3.12/site-packages/rclpy/context.py", line 129, in shutdown
[semantic_layer_node-1]     self.__context.shutdown()
[semantic_layer_node-1] rclpy._rclpy_pybind11.RCLError: failed to shutdown: rcl_shutdown already called on the given context, at ./src/rcl/init.c:333
[ERROR] [semantic_layer_node-1]: process has died [pid 493868, exit code 1, cmd '/home/andre/dev_ws/f1tenth_more/install/f1tenth_costmap/lib/f1tenth_costmap/semantic_layer_node --ros-args -r __node:=semantic_layer_node --params-file /tmp/launch_params_x6ilb_xw'].
