1791020037.8876882 [INFO] [launch]: All log files can be found below /home/andre/dev_ws/f1tenth_more/output/phase5/cycles/cycle_04/ros_log/2026-10-03-11-33-57-884950-thor-376240
1791020037.8880994 [INFO] [launch]: Default logging verbosity is set to INFO
1791020038.3682735 [INFO] [taskset-1]: process started with pid [376431]
1791020038.3687363 [INFO] [taskset-2]: process started with pid [376432]
1791020038.3688433 [INFO] [slam_pose_relay_node-3]: process started with pid [376433]
1791020038.3689032 [INFO] [taskset-4]: process started with pid [376434]
1791020038.3689463 [INFO] [robot_state_publisher-5]: process started with pid [376435]
1791020038.3689840 [INFO] [joint_state_publisher-6]: process started with pid [376436]
1791020038.3690181 [INFO] [static_transform_publisher-7]: process started with pid [376451]
1791020038.4472156 [static_transform_publisher-7] [WARN] [1791020038.442888499] []: Old-style arguments are deprecated; see --help for new-style arguments
1791020038.4828265 [static_transform_publisher-7] [INFO] [1791020038.482187458] [static_baselink_to_laser]: Spinning until stopped - publishing transform
1791020038.4836879 [static_transform_publisher-7] translation: ('0.120000', '0.000000', '0.200000')
1791020038.4837928 [static_transform_publisher-7] rotation: ('0.000000', '0.000000', '0.000000', '1.000000')
1791020038.4838362 [static_transform_publisher-7] from 'base_link' to 'laser'
1791020081.5215924 [WARNING] [launch]: user interrupted with ctrl-c (SIGINT)
1791020081.5368443 [INFO] [static_transform_publisher-7]: sending signal 'SIGINT' to process[static_transform_publisher-7]
1791020081.5385654 [INFO] [joint_state_publisher-6]: sending signal 'SIGINT' to process[joint_state_publisher-6]
1791020081.5395417 [INFO] [robot_state_publisher-5]: sending signal 'SIGINT' to process[robot_state_publisher-5]
1791020081.5406835 [INFO] [taskset-4]: sending signal 'SIGINT' to process[taskset-4]
1791020081.5423958 [INFO] [slam_pose_relay_node-3]: sending signal 'SIGINT' to process[slam_pose_relay_node-3]
1791020081.5432038 [INFO] [taskset-2]: sending signal 'SIGINT' to process[taskset-2]
1791020081.5442090 [INFO] [taskset-1]: sending signal 'SIGINT' to process[taskset-1]
1791020081.5529549 [static_transform_publisher-7] [INFO] [1791020081.525695413] [rclcpp]: signal_handler(SIGINT/SIGTERM)
1791020081.5531018 [static_transform_publisher-7] [INFO] [1791020081.539794549] [rclcpp]: signal_handler(SIGINT/SIGTERM)
1791020081.5541542 [ERROR] [taskset-2]: process has died [pid 376432, exit code -2, cmd 'taskset -c 0,1 /opt/ros/jazzy/lib/robot_localization/ekf_node --ros-args -r __node:=ekf_global_filter_node -r __ns:=/ekf_global --params-file /home/andre/dev_ws/f1tenth_more/install/f1tenth_bringup/share/f1tenth_bringup/config/ekf_global.yaml'].
1791020081.5746009 [ERROR] [taskset-1]: process has died [pid 376431, exit code -2, cmd 'taskset -c 0,1 /opt/ros/jazzy/lib/robot_localization/ekf_node --ros-args -r __node:=ekf_filter_node --params-file /home/andre/dev_ws/f1tenth_more/install/f1tenth_bringup/share/f1tenth_bringup/config/ekf.yaml'].
1791020081.7241795 [ERROR] [joint_state_publisher-6]: process has died [pid 376436, exit code -2, cmd '/opt/ros/jazzy/lib/joint_state_publisher/joint_state_publisher --ros-args -r __node:=joint_state_publisher --params-file /tmp/launch_params_0gmigw0m'].
1791020081.7406487 [INFO] [static_transform_publisher-7]: process has finished cleanly [pid 376451]
1791020081.7462151 [INFO] [robot_state_publisher-5]: process has finished cleanly [pid 376435]
1791020081.7602489 [ERROR] [slam_pose_relay_node-3]: process has died [pid 376433, exit code -2, cmd '/home/andre/dev_ws/f1tenth_more/install/f1tenth_localization/lib/f1tenth_localization/slam_pose_relay_node --ros-args -r __node:=slam_pose_relay_node --params-file /home/andre/dev_ws/f1tenth_more/install/f1tenth_bringup/share/f1tenth_bringup/config/ekf_global.yaml'].
1791020081.7717302 [ERROR] [taskset-4]: process has died [pid 376434, exit code -2, cmd 'taskset -c 2-11 /home/andre/dev_ws/f1tenth_more/install/f1tenth_diagnostics/lib/f1tenth_diagnostics/ekf_cost_observer_node --ros-args -r __node:=ekf_cost_observer_node'].
