[INFO] [launch]: All log files can be found below /home/andre/dev_ws/f1tenth_more/output/phase5/sim/sim_true/ros_log/2026-10-03-11-43-36-961444-thor-387848
[INFO] [launch]: Default logging verbosity is set to INFO
[INFO] [mission_logger_node-1]: process started with pid [387972]
[mission_logger_node-1] [INFO] [1791020618.996837355] [mission_logger_node]: mission_logger_node up (pid 387972, lock /tmp/mission_logger.lock): watching "/mission/status", runs -> "/home/andre/dev_ws/f1tenth_more/output/phase5/sim/sim_true/runs" (active/ -> complete/, storage=mcap), 44 topics (5 with BEST_EFFORT overrides), sweep every 300s (action=move). THIS IS THE LIVE LOGGER -- a second `ros2 run` will be refused.
[WARNING] [launch]: user interrupted with ctrl-c (SIGINT)
[INFO] [mission_logger_node-1]: sending signal 'SIGINT' to process[mission_logger_node-1]
[mission_logger_node-1] Traceback (most recent call last):
[mission_logger_node-1]   File "/home/andre/dev_ws/f1tenth_more/install/f1tenth_logger/lib/f1tenth_logger/mission_logger_node", line 33, in <module>
[mission_logger_node-1]     sys.exit(load_entry_point('f1tenth-logger', 'console_scripts', 'mission_logger_node')())
[mission_logger_node-1]              ^^^^^^^^^^^^^^^^^^^^^^^^^^^^^^^^^^^^^^^^^^^^^^^^^^^^^^^^^^^^^^^^^^^^^^^^^^^^^^
[mission_logger_node-1]   File "/home/andre/dev_ws/f1tenth_more/build/f1tenth_logger/f1tenth_logger/mission_logger_node.py", line 1063, in main
[mission_logger_node-1]     node.destroy_node()
[mission_logger_node-1]   File "/opt/ros/jazzy/lib/python3.12/site-packages/rclpy/node.py", line 1956, in destroy_node
[mission_logger_node-1]     self.destroy_publisher(self._publishers[0])
[mission_logger_node-1]   File "/opt/ros/jazzy/lib/python3.12/site-packages/rclpy/node.py", line 1836, in destroy_publisher
[mission_logger_node-1]     publisher.destroy()
[mission_logger_node-1]   File "/opt/ros/jazzy/lib/python3.12/site-packages/rclpy/publisher.py", line 105, in destroy
[mission_logger_node-1]     self.__publisher.destroy_when_not_in_use()
[mission_logger_node-1] KeyboardInterrupt
[ERROR] [mission_logger_node-1]: process has died [pid 387972, exit code -2, cmd '/home/andre/dev_ws/f1tenth_more/install/f1tenth_logger/lib/f1tenth_logger/mission_logger_node --ros-args -r __node:=mission_logger_node -p use_sim_time:=True --params-file /tmp/launch_params_efvxyt_8'].
