[INFO] [1791022870.631221031] [foxglove_bridge]: Starting foxglove_bridge (jazzy, 3.5.0@)
[INFO] [1791022870.633335829] [foxglove_bridge]: Server listening on port 8765
[INFO] [1791022870.638216204] [foxglove_bridge]: Advertising new channel 2 for topic "/rosout"
[INFO] [1791022870.639051578] [foxglove_bridge]: Advertising new channel 3 for topic "/parameter_events"
[INFO] [1791022872.004503588] [foxglove_bridge]: Advertising new channel 4 for topic "/slam_toolbox/scan_visualization"
[INFO] [1791022872.007004758] [foxglove_bridge]: Advertising new channel 5 for topic "/slam_toolbox/graph_visualization"
[INFO] [1791022872.007432594] [foxglove_bridge]: Advertising new channel 6 for topic "/slam/pose"
[INFO] [1791022872.007680234] [foxglove_bridge]: Advertising new channel 7 for topic "/slam/map_metadata"
[INFO] [1791022872.008126745] [foxglove_bridge]: Advertising new channel 8 for topic "/teleop"
[INFO] [1791022872.008369107] [foxglove_bridge]: Advertising new channel 9 for topic "/sensors/imu/raw"
[INFO] [1791022872.008989230] [foxglove_bridge]: Advertising new channel 10 for topic "/tf_static"
[INFO] [1791022872.009373353] [foxglove_bridge]: Advertising new channel 11 for topic "/slam/map"
[INFO] [1791022872.009760938] [foxglove_bridge]: Advertising new channel 12 for topic "/sensors/core"
[INFO] [1791022872.009772577] [foxglove_bridge]: Advertising new channel 13 for topic "/scan"
[INFO] [1791022872.010844952] [foxglove_bridge]: Advertising new channel 14 for topic "/odometry/filtered"
[INFO] [1791022872.010873202] [foxglove_bridge]: Advertising new channel 15 for topic "/odom"
[INFO] [1791022872.010887915] [foxglove_bridge]: Advertising new channel 16 for topic "/mpc/corridor_markers"
[INFO] [1791022872.011220047] [foxglove_bridge]: Advertising new channel 17 for topic "/mission/status"
[INFO] [1791022872.012401839] [foxglove_bridge]: Advertising new channel 18 for topic "/slam_toolbox/transition_event"
[INFO] [1791022872.012631896] [foxglove_bridge]: Advertising new channel 19 for topic "/robot_description"
[INFO] [1791022872.012657998] [foxglove_bridge]: Advertising new channel 20 for topic "/map_server/transition_event"
[INFO] [1791022872.012911221] [foxglove_bridge]: Advertising new channel 21 for topic "/slam_toolbox/feedback"
[INFO] [1791022872.012925101] [foxglove_bridge]: Advertising new channel 22 for topic "/map"
[INFO] [1791022872.013171000] [foxglove_bridge]: Advertising new channel 23 for topic "/joint_states"
[INFO] [1791022872.013185074] [foxglove_bridge]: Advertising new channel 24 for topic "/ekf_global/set_pose"
[INFO] [1791022872.013194222] [foxglove_bridge]: Advertising new channel 25 for topic "/ekf_global/odometry/filtered"
[INFO] [1791022872.013202778] [foxglove_bridge]: Advertising new channel 26 for topic "/drive"
[INFO] [1791022872.013213028] [foxglove_bridge]: Advertising new channel 27 for topic "/set_pose"
[INFO] [1791022872.013464623] [foxglove_bridge]: Advertising new channel 28 for topic "/diagnostics/battery_status"
[INFO] [1791022872.014490655] [foxglove_bridge]: Advertising new channel 29 for topic "/costmap/semantic_tracks"
[INFO] [1791022872.014505174] [foxglove_bridge]: Advertising new channel 30 for topic "/slam/pose_calibrated"
[INFO] [1791022872.014514118] [foxglove_bridge]: Advertising new channel 31 for topic "/costmap/safe_corridor_report"
[INFO] [1791022872.014719684] [foxglove_bridge]: Advertising new channel 32 for topic "/costmap/front_clearance"
[INFO] [1791022872.014731203] [foxglove_bridge]: Advertising new channel 33 for topic "/tf"
[INFO] [1791022872.015178066] [foxglove_bridge]: Advertising new channel 34 for topic "/costmap/boundaries"
[INFO] [1791022872.016379386] [foxglove_bridge]: Advertising new channel 35 for topic "/slam_toolbox/update"
[INFO] [1791022872.016608073] [foxglove_bridge]: Advertising new channel 36 for topic "/cmd_vel_nav"
[INFO] [1791022872.017352307] [foxglove_bridge]: Advertising new channel 37 for topic "/diagnostics"
[INFO] [1791022872.017374168] [foxglove_bridge]: Advertising new channel 38 for topic "/camera/detections_3d"
[INFO] [1791022872.017384242] [foxglove_bridge]: Advertising new channel 39 for topic "/calibration_drive"
[INFO] [1791022872.017452364] [foxglove_bridge]: Advertising new channel 40 for topic "/costmap/semantic_markers"
[INFO] [1791022872.017660504] [foxglove_bridge]: Advertising new channel 41 for topic "/calibration/in_progress"
[INFO] [1791022872.018016356] [foxglove_bridge]: Advertising new channel 42 for topic "/diagnostics/system_status"
[INFO] [1791022872.018564619] [foxglove_bridge]: Advertising new channel 43 for topic "/costmap/visualization"
[INFO] [1791022872.018848519] [foxglove_bridge]: Advertising new channel 44 for topic "/bond"
[INFO] [1791022872.018864787] [foxglove_bridge]: Advertising new channel 45 for topic "/safety_stop"
[INFO] [1791022872.018874269] [foxglove_bridge]: Advertising new channel 46 for topic "/ackermann_drive"
[INFO] [1791022873.025691174] [foxglove_bridge]: Advertising new channel 47 for topic "/test_campaign/logger_status"
[INFO] [1791022873.026963365] [foxglove_bridge]: Advertising new channel 48 for topic "/perception/obstacles_2d"
[INFO] [1791022873.027010588] [foxglove_bridge]: Advertising new channel 49 for topic "/perception/d_wall/psi_correction"
[INFO] [1791022873.027028912] [foxglove_bridge]: Advertising new channel 50 for topic "/mpc/status"
[INFO] [1791022873.027044495] [foxglove_bridge]: Advertising new channel 51 for topic "/mpc/predicted_min_clearance"
[INFO] [1791022873.027496655] [foxglove_bridge]: Advertising new channel 52 for topic "/mpc/object_status"
[INFO] [1791022873.027777461] [foxglove_bridge]: Advertising new channel 53 for topic "/mpc/goal_turn"
[INFO] [1791022873.028077343] [foxglove_bridge]: Advertising new channel 54 for topic "/mpc/wall_track"
[INFO] [1791022873.028093130] [foxglove_bridge]: Advertising new channel 55 for topic "/mpc/goal_reached"
[INFO] [1791022873.028106223] [foxglove_bridge]: Advertising new channel 56 for topic "/mpc/goal_object_end"
[INFO] [1791022873.028496651] [foxglove_bridge]: Advertising new channel 57 for topic "/mpc/goal_object"
[INFO] [1791022873.028816513] [foxglove_bridge]: Advertising new channel 58 for topic "/mpc/goal_drive"
[INFO] [1791022873.029069579] [foxglove_bridge]: Advertising new channel 59 for topic "/mpc/drive_clamp"
[INFO] [1791022873.029092978] [foxglove_bridge]: Advertising new channel 60 for topic "/model/virtual_robot/odometry"
[INFO] [1791022873.029116496] [foxglove_bridge]: Advertising new channel 61 for topic "/imu"
[INFO] [1791022873.029448794] [foxglove_bridge]: Advertising new channel 62 for topic "/mpc/goal_pose"
[INFO] [1791022873.029463211] [foxglove_bridge]: Advertising new channel 63 for topic "/mpc/goal_distance"
[INFO] [1791022873.029485359] [foxglove_bridge]: Advertising new channel 64 for topic "/mpc/min_obstacle_distance"
[INFO] [1791022873.029497415] [foxglove_bridge]: Advertising new channel 65 for topic "/mpc/hold"
[INFO] [1791022873.029524211] [foxglove_bridge]: Advertising new channel 66 for topic "/corridor"
[INFO] [1791022873.029535341] [foxglove_bridge]: Advertising new channel 67 for topic "/mpc/min_obstacle_distance_forward"
[INFO] [1791022873.029902074] [foxglove_bridge]: Advertising new channel 68 for topic "/mpc/solver_status"
[INFO] [1791022873.029928593] [foxglove_bridge]: Advertising new channel 69 for topic "/perception/front_distance"
[INFO] [1791022873.660299266] [foxglove_bridge]: Advertising new channel 70 for topic "/test/mission_event"
[INFO] [1791022873.660546906] [foxglove_bridge]: Advertising new channel 71 for topic "/mission/load_path"
[INFO] [1791022873.660581647] [foxglove_bridge]: Advertising new channel 72 for topic "/safety/event"
[INFO] [1791022873.661393845] [foxglove_bridge]: Advertising new channel 73 for topic "/mission/move_outcome"
[INFO] [1791022873.662740481] [foxglove_bridge]: Advertising new channel 74 for topic "/camera/detections"
[INFO] [1791022873.663186808] [foxglove_bridge]: Advertising new channel 75 for topic "/bt/tree_visualization"
[INFO] [1791022873.663537976] [foxglove_bridge]: Advertising new channel 76 for topic "/behavior/tree_status"
[INFO] [1791022874.260869103] [foxglove_bridge]: Advertising new channel 77 for topic "/perception/swept_clearance/lidar"
[INFO] [1791022874.261112021] [foxglove_bridge]: Advertising new channel 78 for topic "/perception/swept_clearance/camera"
[INFO] [1791022874.261132411] [foxglove_bridge]: Advertising new channel 79 for topic "/perception/swept_clearance"
[INFO] [1791022874.261169050] [foxglove_bridge]: Advertising new channel 80 for topic "/zed2/zed_node/depth/depth_registered"
[INFO] [1791022874.262016822] [foxglove_bridge]: Advertising new channel 81 for topic "/perception/lidar_front_wall"
[INFO] [1791022874.262050600] [foxglove_bridge]: Advertising new channel 82 for topic "/obstacle_clearance"
[INFO] [1791022874.262917854] [foxglove_bridge]: Advertising new channel 83 for topic "/zed2/zed_node/depth/camera_info"
[INFO] [1791022874.263006142] [foxglove_bridge]: Advertising new channel 84 for topic "/perception/swept_clearance/steering"
[INFO] [1791022874.263322680] [foxglove_bridge]: Advertising new channel 85 for topic "/perception/lidar_front_wall_virtual"
[INFO] [1791022874.870414510] [foxglove_bridge]: Advertising new channel 86 for topic "/perception/d_wall/swept_arc"
[INFO] [1791022874.871484812] [foxglove_bridge]: Advertising new channel 87 for topic "/perception/d_wall/segment"
[INFO] [1791022874.871529192] [foxglove_bridge]: Advertising new channel 88 for topic "/perception/d_wall/gate_margin"
[INFO] [1791022874.871943092] [foxglove_bridge]: Advertising new channel 89 for topic "/perception/d_wall"
[INFO] [1791023133.777155806] [rclcpp]: signal_handler(SIGINT/SIGTERM)
