[INFO] [1791020618.435929604] [foxglove_bridge]: Starting foxglove_bridge (jazzy, 3.5.0@)
[INFO] [1791020618.438276166] [foxglove_bridge]: Server listening on port 8765
[INFO] [1791020618.446301463] [foxglove_bridge]: Advertising new channel 2 for topic "/rosout"
[INFO] [1791020618.447220350] [foxglove_bridge]: Advertising new channel 3 for topic "/parameter_events"
[INFO] [1791020618.447839239] [foxglove_bridge]: Advertising new channel 4 for topic "/clock"
[INFO] [1791020619.473733916] [foxglove_bridge]: Advertising new channel 5 for topic "/slam/pose_calibrated"
[INFO] [1791020619.474091879] [foxglove_bridge]: Advertising new channel 6 for topic "/robot_description"
[INFO] [1791020619.474933498] [foxglove_bridge]: Advertising new channel 7 for topic "/odometry/filtered"
[INFO] [1791020619.475664618] [foxglove_bridge]: Advertising new channel 8 for topic "/map_server/transition_event"
[INFO] [1791020619.475676757] [foxglove_bridge]: Advertising new channel 9 for topic "/set_pose"
[INFO] [1791020619.475686322] [foxglove_bridge]: Advertising new channel 10 for topic "/ekf_global/set_pose"
[INFO] [1791020619.476147136] [foxglove_bridge]: Advertising new channel 11 for topic "/drive"
[INFO] [1791020619.476532719] [foxglove_bridge]: Advertising new channel 12 for topic "/diagnostics/system_status"
[INFO] [1791020619.477059987] [foxglove_bridge]: Advertising new channel 13 for topic "/diagnostics/battery_status"
[INFO] [1791020619.478462642] [foxglove_bridge]: Advertising new channel 14 for topic "/diagnostics"
[INFO] [1791020619.479215142] [foxglove_bridge]: Advertising new channel 15 for topic "/map"
[INFO] [1791020619.479675530] [foxglove_bridge]: Advertising new channel 16 for topic "/costmap/visualization"
[INFO] [1791020619.480742724] [foxglove_bridge]: Advertising new channel 17 for topic "/tf"
[INFO] [1791020619.480760381] [foxglove_bridge]: Advertising new channel 18 for topic "/slam_toolbox/transition_event"
[INFO] [1791020619.483399286] [foxglove_bridge]: Advertising new channel 19 for topic "/costmap/semantic_tracks"
[INFO] [1791020619.487126634] [foxglove_bridge]: Advertising new channel 20 for topic "/costmap/semantic_markers"
[INFO] [1791020619.487152059] [foxglove_bridge]: Advertising new channel 21 for topic "/safety_stop"
[INFO] [1791020619.487170318] [foxglove_bridge]: Advertising new channel 22 for topic "/costmap/safe_corridor_report"
[INFO] [1791020619.488111132] [foxglove_bridge]: Advertising new channel 23 for topic "/costmap/boundaries"
[INFO] [1791020619.488588762] [foxglove_bridge]: Advertising new channel 24 for topic "/joint_states"
[INFO] [1791020619.489032326] [foxglove_bridge]: Advertising new channel 25 for topic "/cmd_vel_nav"
[INFO] [1791020619.489466196] [foxglove_bridge]: Advertising new channel 26 for topic "/costmap/front_clearance"
[INFO] [1791020619.489493270] [foxglove_bridge]: Advertising new channel 27 for topic "/ekf_global/odometry/filtered"
[INFO] [1791020619.489509835] [foxglove_bridge]: Advertising new channel 28 for topic "/calibration_drive"
[INFO] [1791020619.490004232] [foxglove_bridge]: Advertising new channel 29 for topic "/sensors/imu/raw"
[INFO] [1791020619.490426723] [foxglove_bridge]: Advertising new channel 30 for topic "/calibration/in_progress"
[INFO] [1791020619.490879647] [foxglove_bridge]: Advertising new channel 31 for topic "/bond"
[INFO] [1791020619.490902573] [foxglove_bridge]: Advertising new channel 32 for topic "/tf_static"
[INFO] [1791020619.490918055] [foxglove_bridge]: Advertising new channel 33 for topic "/teleop"
[INFO] [1791020619.490933342] [foxglove_bridge]: Advertising new channel 34 for topic "/ackermann_drive"
[INFO] [1791020621.471637497] [foxglove_bridge]: Advertising new channel 35 for topic "/test/mission_event"
[INFO] [1791020621.471821034] [foxglove_bridge]: Advertising new channel 36 for topic "/slam_toolbox/graph_visualization"
[INFO] [1791020621.472681514] [foxglove_bridge]: Advertising new channel 37 for topic "/slam_toolbox/feedback"
[INFO] [1791020621.472710718] [foxglove_bridge]: Advertising new channel 38 for topic "/test_campaign/logger_status"
[INFO] [1791020621.473162801] [foxglove_bridge]: Advertising new channel 39 for topic "/slam_toolbox/scan_visualization"
[INFO] [1791020621.473183949] [foxglove_bridge]: Advertising new channel 40 for topic "/scan"
[INFO] [1791020621.473196431] [foxglove_bridge]: Advertising new channel 41 for topic "/safety/event"
[INFO] [1791020621.473211579] [foxglove_bridge]: Advertising new channel 42 for topic "/perception/swept_clearance/lidar"
[INFO] [1791020621.473705421] [foxglove_bridge]: Advertising new channel 43 for topic "/sensors/core"
[INFO] [1791020621.473725235] [foxglove_bridge]: Advertising new channel 44 for topic "/perception/swept_clearance/camera"
[INFO] [1791020621.473740078] [foxglove_bridge]: Advertising new channel 45 for topic "/slam/pose"
[INFO] [1791020621.473753532] [foxglove_bridge]: Advertising new channel 46 for topic "/perception/swept_clearance"
[INFO] [1791020621.474320365] [foxglove_bridge]: Advertising new channel 47 for topic "/perception/obstacles_2d"
[INFO] [1791020621.474341430] [foxglove_bridge]: Advertising new channel 48 for topic "/zed2/zed_node/depth/depth_registered"
[INFO] [1791020621.474696003] [foxglove_bridge]: Advertising new channel 49 for topic "/perception/lidar_front_wall"
[INFO] [1791020621.476175428] [foxglove_bridge]: Advertising new channel 50 for topic "/slam_toolbox/update"
[INFO] [1791020621.476198215] [foxglove_bridge]: Advertising new channel 51 for topic "/perception/d_wall/psi_correction"
[INFO] [1791020621.476214058] [foxglove_bridge]: Advertising new channel 52 for topic "/obstacle_clearance"
[INFO] [1791020621.476225141] [foxglove_bridge]: Advertising new channel 53 for topic "/mpc/status"
[INFO] [1791020621.476623945] [foxglove_bridge]: Advertising new channel 54 for topic "/mpc/solver_status"
[INFO] [1791020621.477387343] [foxglove_bridge]: Advertising new channel 55 for topic "/zed2/zed_node/depth/camera_info"
[INFO] [1791020621.477847194] [foxglove_bridge]: Advertising new channel 56 for topic "/mpc/object_status"
[INFO] [1791020621.477882139] [foxglove_bridge]: Advertising new channel 57 for topic "/mpc/min_obstacle_distance_forward"
[INFO] [1791020621.477898769] [foxglove_bridge]: Advertising new channel 58 for topic "/mpc/hold"
[INFO] [1791020621.477909056] [foxglove_bridge]: Advertising new channel 59 for topic "/mpc/goal_reached"
[INFO] [1791020621.478225536] [foxglove_bridge]: Advertising new channel 60 for topic "/mpc/goal_pose"
[INFO] [1791020621.478240471] [foxglove_bridge]: Advertising new channel 61 for topic "/mpc/goal_object_end"
[INFO] [1791020621.478646434] [foxglove_bridge]: Advertising new channel 62 for topic "/mpc/goal_object"
[INFO] [1791020621.478996221] [foxglove_bridge]: Advertising new channel 63 for topic "/mpc/goal_drive"
[INFO] [1791020621.479272007] [foxglove_bridge]: Advertising new channel 64 for topic "/mpc/drive_clamp"
[INFO] [1791020621.479292248] [foxglove_bridge]: Advertising new channel 65 for topic "/mpc/corridor_markers"
[INFO] [1791020621.479312017] [foxglove_bridge]: Advertising new channel 66 for topic "/slam/map"
[INFO] [1791020621.479615433] [foxglove_bridge]: Advertising new channel 67 for topic "/mission/status"
[INFO] [1791020621.479631831] [foxglove_bridge]: Advertising new channel 68 for topic "/model/virtual_robot/odometry"
[INFO] [1791020621.479926905] [foxglove_bridge]: Advertising new channel 69 for topic "/mission/move_outcome"
[INFO] [1791020621.479941637] [foxglove_bridge]: Advertising new channel 70 for topic "/mission/load_path"
[INFO] [1791020621.479957572] [foxglove_bridge]: Advertising new channel 71 for topic "/perception/swept_clearance/steering"
[INFO] [1791020621.480259090] [foxglove_bridge]: Advertising new channel 72 for topic "/perception/lidar_front_wall_virtual"
[INFO] [1791020621.480276460] [foxglove_bridge]: Advertising new channel 73 for topic "/perception/front_distance"
[INFO] [1791020621.480290673] [foxglove_bridge]: Advertising new channel 74 for topic "/imu"
[INFO] [1791020621.480620784] [foxglove_bridge]: Advertising new channel 75 for topic "/mpc/wall_track"
[INFO] [1791020621.480938209] [foxglove_bridge]: Advertising new channel 76 for topic "/slam/map_metadata"
[INFO] [1791020621.480985996] [foxglove_bridge]: Advertising new channel 77 for topic "/mpc/min_obstacle_distance"
[INFO] [1791020621.481004839] [foxglove_bridge]: Advertising new channel 78 for topic "/corridor"
[INFO] [1791020621.481021052] [foxglove_bridge]: Advertising new channel 79 for topic "/mpc/goal_distance"
[INFO] [1791020621.481034431] [foxglove_bridge]: Advertising new channel 80 for topic "/mpc/predicted_min_clearance"
[INFO] [1791020621.481051181] [foxglove_bridge]: Advertising new channel 81 for topic "/camera/detections_3d"
[INFO] [1791020621.482357523] [foxglove_bridge]: Advertising new channel 82 for topic "/camera/detections"
[INFO] [1791020621.482769541] [foxglove_bridge]: Advertising new channel 83 for topic "/bt/tree_visualization"
[INFO] [1791020621.483083374] [foxglove_bridge]: Advertising new channel 84 for topic "/mpc/goal_turn"
[INFO] [1791020621.483406976] [foxglove_bridge]: Advertising new channel 85 for topic "/behavior/tree_status"
[INFO] [1791020622.298924787] [foxglove_bridge]: Advertising new channel 86 for topic "/perception/d_wall/swept_arc"
[INFO] [1791020622.299870175] [foxglove_bridge]: Advertising new channel 87 for topic "/perception/d_wall/segment"
[INFO] [1791020622.299921629] [foxglove_bridge]: Advertising new channel 88 for topic "/perception/d_wall/gate_margin"
[INFO] [1791020622.300341063] [foxglove_bridge]: Advertising new channel 89 for topic "/perception/d_wall"
[INFO] [1791020628.556076251] [foxglove_bridge]: Removing channel 29 for topic "/sensors/imu/raw" (sensor_msgs/msg/Imu)
[INFO] [1791020628.556278490] [foxglove_bridge]: Removing channel 9 for topic "/set_pose" (geometry_msgs/msg/PoseWithCovarianceStamped)
[INFO] [1791020628.556297481] [foxglove_bridge]: Removing channel 10 for topic "/ekf_global/set_pose" (geometry_msgs/msg/PoseWithCovarianceStamped)
[INFO] [1791020640.791866641] [foxglove_bridge]: Advertising new channel 90 for topic "/odom"
[INFO] [1791020640.793436982] [foxglove_bridge]: Advertising new channel 91 for topic "/events/read_split"
[INFO] [1791020641.894651432] [foxglove_bridge]: Advertising new channel 92 for topic "/sensors/imu/raw"
[INFO] [1791020641.894922635] [foxglove_bridge]: Advertising new channel 93 for topic "/ekf_global/set_pose"
[INFO] [1791020641.894941987] [foxglove_bridge]: Advertising new channel 94 for topic "/set_pose"
[INFO] [1791020682.528020831] [foxglove_bridge]: Removing channel 91 for topic "/events/read_split" (rosbag2_interfaces/msg/ReadSplitEvent)
[INFO] [1791020688.567702116] [rclcpp]: signal_handler(SIGINT/SIGTERM)
