[INFO] [1791020618.988416049] [behavior_executor_node]: [mission] mission_file_name parameter not set -- waiting for a path on /mission/load_path, or a call to /mission/load_mission (mission.state stays IDLE until then).
[INFO] [1791020618.990138890] [behavior_executor_node]: No goal pose received yet -- waiting on /goal_pose (see HasGoalPose).
[INFO] [1791020618.992540342] [behavior_executor_node]: BT safety config: camera_obstacle_stop=False lidar_safety_stop=True (front=0.15m side=0.15m) sys_obs_load_trip=False (needs 3 consecutive samples); camera obstacles reach the MPC via /perception/obstacles_2d regardless.
[INFO] [1791020641.459269569] [behavior_executor_node]: BT snapshot -- root=FAILURE, lanes: emergency=FAILURE | mission=FAILURE | navigation=FAILURE
[o] root [x]
    [-] emergency [x]
        [o] emergency_condition [x]
            --> IsBatteryLow [x]
            --> IsEmergencyStopTriggered [x]
            --> IsProximityTooClose [x]
            --> IsSystemOverheated [x]
        --> Stop [-]
    [-] mission [x]
        --> MissionActive [x]
        [o] mission_selector [-]
            [-] mission_object_response [-]
                --> ObjectSeen [-]
                --> HandleObjectAction [-]
            [-] mission_progress [-]
                --> PublishMoveGoal [-]
                --> GoToObject [-]
                --> CheckStopCondition [-]
                --> AdvanceMove [-]
    [-] navigation [x]
        --> HasMpcGoal [x]

[INFO] [1791020641.570910274] [behavior_executor_node]: [IsProximityTooClose] DIAG /scan layout (first message): angle_min=-2.3562 rad (-135.0 deg), angle_max=2.3562 rad (+135.0 deg), angle_increment=0.004363 rad (0.2500 deg), range_min=0.020 m, len(ranges)=1081
[INFO] [1791020641.571771338] [behavior_executor_node]: [IsProximityTooClose] DIAG scan: total=1081 in_window=721 excluded_by_filter=0 min_in_window=0.622 front_min=1.643
[INFO] [1791020642.511892264] [behavior_executor_node]: BT snapshot -- root=FAILURE, lanes: emergency=FAILURE | mission=FAILURE | navigation=FAILURE
[o] root [x]
    [-] emergency [x]
        [o] emergency_condition [x]
            --> IsBatteryLow [x]
            --> IsEmergencyStopTriggered [x]
            --> IsProximityTooClose [x]
            --> IsSystemOverheated [x]
        --> Stop [-]
    [-] mission [x]
        --> MissionActive [x]
        [o] mission_selector [-]
            [-] mission_object_response [-]
                --> ObjectSeen [-]
                --> HandleObjectAction [-]
            [-] mission_progress [-]
                --> PublishMoveGoal [-]
                --> GoToObject [-]
                --> CheckStopCondition [-]
                --> AdvanceMove [-]
    [-] navigation [x]
        --> HasMpcGoal [x]

[INFO] [1791020643.512040478] [behavior_executor_node]: BT snapshot -- root=FAILURE, lanes: emergency=FAILURE | mission=FAILURE | navigation=FAILURE
[o] root [x]
    [-] emergency [x]
        [o] emergency_condition [x]
            --> IsBatteryLow [x]
            --> IsEmergencyStopTriggered [x]
            --> IsProximityTooClose [x]
            --> IsSystemOverheated [x]
        --> Stop [-]
    [-] mission [x]
        --> MissionActive [x]
        [o] mission_selector [-]
            [-] mission_object_response [-]
                --> ObjectSeen [-]
                --> HandleObjectAction [-]
            [-] mission_progress [-]
                --> PublishMoveGoal [-]
                --> GoToObject [-]
                --> CheckStopCondition [-]
                --> AdvanceMove [-]
    [-] navigation [x]
        --> HasMpcGoal [x]

[INFO] [1791020643.583649801] [behavior_executor_node]: [IsProximityTooClose] DIAG scan: total=1081 in_window=721 excluded_by_filter=0 min_in_window=0.536 front_min=1.644
[INFO] [1791020644.512772599] [behavior_executor_node]: BT snapshot -- root=FAILURE, lanes: emergency=FAILURE | mission=FAILURE | navigation=FAILURE
[o] root [x]
    [-] emergency [x]
        [o] emergency_condition [x]
            --> IsBatteryLow [x]
            --> IsEmergencyStopTriggered [x]
            --> IsProximityTooClose [x]
            --> IsSystemOverheated [x]
        --> Stop [-]
    [-] mission [x]
        --> MissionActive [x]
        [o] mission_selector [-]
            [-] mission_object_response [-]
                --> ObjectSeen [-]
                --> HandleObjectAction [-]
            [-] mission_progress [-]
                --> PublishMoveGoal [-]
                --> GoToObject [-]
                --> CheckStopCondition [-]
                --> AdvanceMove [-]
    [-] navigation [x]
        --> HasMpcGoal [x]

[INFO] [1791020645.613417549] [behavior_executor_node]: [IsProximityTooClose] DIAG scan: total=1081 in_window=721 excluded_by_filter=0 min_in_window=0.549 front_min=1.517
[INFO] [1791020645.617261351] [behavior_executor_node]: BT snapshot -- root=FAILURE, lanes: emergency=FAILURE | mission=FAILURE | navigation=FAILURE
[o] root [x]
    [-] emergency [x]
        [o] emergency_condition [x]
            --> IsBatteryLow [x]
            --> IsEmergencyStopTriggered [x]
            --> IsProximityTooClose [x]
            --> IsSystemOverheated [x]
        --> Stop [-]
    [-] mission [x]
        --> MissionActive [x]
        [o] mission_selector [-]
            [-] mission_object_response [-]
                --> ObjectSeen [-]
                --> HandleObjectAction [-]
            [-] mission_progress [-]
                --> PublishMoveGoal [-]
                --> GoToObject [-]
                --> CheckStopCondition [-]
                --> AdvanceMove [-]
    [-] navigation [x]
        --> HasMpcGoal [x]

[INFO] [1791020646.711390779] [behavior_executor_node]: BT snapshot -- root=FAILURE, lanes: emergency=FAILURE | mission=FAILURE | navigation=FAILURE
[o] root [x]
    [-] emergency [x]
        [o] emergency_condition [x]
            --> IsBatteryLow [x]
            --> IsEmergencyStopTriggered [x]
            --> IsProximityTooClose [x]
            --> IsSystemOverheated [x]
        --> Stop [-]
    [-] mission [x]
        --> MissionActive [x]
        [o] mission_selector [-]
            [-] mission_object_response [-]
                --> ObjectSeen [-]
                --> HandleObjectAction [-]
            [-] mission_progress [-]
                --> PublishMoveGoal [-]
                --> GoToObject [-]
                --> CheckStopCondition [-]
                --> AdvanceMove [-]
    [-] navigation [x]
        --> HasMpcGoal [x]

[INFO] [1791020647.628649326] [behavior_executor_node]: [IsProximityTooClose] DIAG scan: total=1081 in_window=721 excluded_by_filter=0 min_in_window=0.606 front_min=1.456
[INFO] [1791020647.811972192] [behavior_executor_node]: BT snapshot -- root=FAILURE, lanes: emergency=FAILURE | mission=FAILURE | navigation=FAILURE
[o] root [x]
    [-] emergency [x]
        [o] emergency_condition [x]
            --> IsBatteryLow [x]
            --> IsEmergencyStopTriggered [x]
            --> IsProximityTooClose [x]
            --> IsSystemOverheated [x]
        --> Stop [-]
    [-] mission [x]
        --> MissionActive [x]
        [o] mission_selector [-]
            [-] mission_object_response [-]
                --> ObjectSeen [-]
                --> HandleObjectAction [-]
            [-] mission_progress [-]
                --> PublishMoveGoal [-]
                --> GoToObject [-]
                --> CheckStopCondition [-]
                --> AdvanceMove [-]
    [-] navigation [x]
        --> HasMpcGoal [x]

[INFO] [1791020648.821158937] [behavior_executor_node]: BT snapshot -- root=FAILURE, lanes: emergency=FAILURE | mission=FAILURE | navigation=FAILURE
[o] root [x]
    [-] emergency [x]
        [o] emergency_condition [x]
            --> IsBatteryLow [x]
            --> IsEmergencyStopTriggered [x]
            --> IsProximityTooClose [x]
            --> IsSystemOverheated [x]
        --> Stop [-]
    [-] mission [x]
        --> MissionActive [x]
        [o] mission_selector [-]
            [-] mission_object_response [-]
                --> ObjectSeen [-]
                --> HandleObjectAction [-]
            [-] mission_progress [-]
                --> PublishMoveGoal [-]
                --> GoToObject [-]
                --> CheckStopCondition [-]
                --> AdvanceMove [-]
    [-] navigation [x]
        --> HasMpcGoal [x]

[INFO] [1791020649.653666207] [behavior_executor_node]: [IsProximityTooClose] DIAG scan: total=1081 in_window=721 excluded_by_filter=0 min_in_window=1.093 front_min=1.117
[INFO] [1791020649.823222056] [behavior_executor_node]: BT snapshot -- root=FAILURE, lanes: emergency=FAILURE | mission=FAILURE | navigation=FAILURE
[o] root [x]
    [-] emergency [x]
        [o] emergency_condition [x]
            --> IsBatteryLow [x]
            --> IsEmergencyStopTriggered [x]
            --> IsProximityTooClose [x]
            --> IsSystemOverheated [x]
        --> Stop [-]
    [-] mission [x]
        --> MissionActive [x]
        [o] mission_selector [-]
            [-] mission_object_response [-]
                --> ObjectSeen [-]
                --> HandleObjectAction [-]
            [-] mission_progress [-]
                --> PublishMoveGoal [-]
                --> GoToObject [-]
                --> CheckStopCondition [-]
                --> AdvanceMove [-]
    [-] navigation [x]
        --> HasMpcGoal [x]

[INFO] [1791020650.910179704] [behavior_executor_node]: BT snapshot -- root=FAILURE, lanes: emergency=FAILURE | mission=FAILURE | navigation=FAILURE
[o] root [x]
    [-] emergency [x]
        [o] emergency_condition [x]
            --> IsBatteryLow [x]
            --> IsEmergencyStopTriggered [x]
            --> IsProximityTooClose [x]
            --> IsSystemOverheated [x]
        --> Stop [-]
    [-] mission [x]
        --> MissionActive [x]
        [o] mission_selector [-]
            [-] mission_object_response [-]
                --> ObjectSeen [-]
                --> HandleObjectAction [-]
            [-] mission_progress [-]
                --> PublishMoveGoal [-]
                --> GoToObject [-]
                --> CheckStopCondition [-]
                --> AdvanceMove [-]
    [-] navigation [x]
        --> HasMpcGoal [x]

[INFO] [1791020651.672007261] [behavior_executor_node]: [IsProximityTooClose] DIAG scan: total=1081 in_window=721 excluded_by_filter=0 min_in_window=0.892 front_min=0.955
[INFO] [1791020651.911950405] [behavior_executor_node]: BT snapshot -- root=FAILURE, lanes: emergency=FAILURE | mission=FAILURE | navigation=FAILURE
[o] root [x]
    [-] emergency [x]
        [o] emergency_condition [x]
            --> IsBatteryLow [x]
            --> IsEmergencyStopTriggered [x]
            --> IsProximityTooClose [x]
            --> IsSystemOverheated [x]
        --> Stop [-]
    [-] mission [x]
        --> MissionActive [x]
        [o] mission_selector [-]
            [-] mission_object_response [-]
                --> ObjectSeen [-]
                --> HandleObjectAction [-]
            [-] mission_progress [-]
                --> PublishMoveGoal [-]
                --> GoToObject [-]
                --> CheckStopCondition [-]
                --> AdvanceMove [-]
    [-] navigation [x]
        --> HasMpcGoal [x]

[INFO] [1791020653.010446429] [behavior_executor_node]: BT snapshot -- root=FAILURE, lanes: emergency=FAILURE | mission=FAILURE | navigation=FAILURE
[o] root [x]
    [-] emergency [x]
        [o] emergency_condition [x]
            --> IsBatteryLow [x]
            --> IsEmergencyStopTriggered [x]
            --> IsProximityTooClose [x]
            --> IsSystemOverheated [x]
        --> Stop [-]
    [-] mission [x]
        --> MissionActive [x]
        [o] mission_selector [-]
            [-] mission_object_response [-]
                --> ObjectSeen [-]
                --> HandleObjectAction [-]
            [-] mission_progress [-]
                --> PublishMoveGoal [-]
                --> GoToObject [-]
                --> CheckStopCondition [-]
                --> AdvanceMove [-]
    [-] navigation [x]
        --> HasMpcGoal [x]

[INFO] [1791020653.672451787] [behavior_executor_node]: [IsProximityTooClose] DIAG scan: total=1081 in_window=721 excluded_by_filter=0 min_in_window=0.768 front_min=1.836
[INFO] [1791020654.010532669] [behavior_executor_node]: BT snapshot -- root=FAILURE, lanes: emergency=FAILURE | mission=FAILURE | navigation=FAILURE
[o] root [x]
    [-] emergency [x]
        [o] emergency_condition [x]
            --> IsBatteryLow [x]
            --> IsEmergencyStopTriggered [x]
            --> IsProximityTooClose [x]
            --> IsSystemOverheated [x]
        --> Stop [-]
    [-] mission [x]
        --> MissionActive [x]
        [o] mission_selector [-]
            [-] mission_object_response [-]
                --> ObjectSeen [-]
                --> HandleObjectAction [-]
            [-] mission_progress [-]
                --> PublishMoveGoal [-]
                --> GoToObject [-]
                --> CheckStopCondition [-]
                --> AdvanceMove [-]
    [-] navigation [x]
        --> HasMpcGoal [x]

[INFO] [1791020655.010651178] [behavior_executor_node]: BT snapshot -- root=FAILURE, lanes: emergency=FAILURE | mission=FAILURE | navigation=FAILURE
[o] root [x]
    [-] emergency [x]
        [o] emergency_condition [x]
            --> IsBatteryLow [x]
            --> IsEmergencyStopTriggered [x]
            --> IsProximityTooClose [x]
            --> IsSystemOverheated [x]
        --> Stop [-]
    [-] mission [x]
        --> MissionActive [x]
        [o] mission_selector [-]
            [-] mission_object_response [-]
                --> ObjectSeen [-]
                --> HandleObjectAction [-]
            [-] mission_progress [-]
                --> PublishMoveGoal [-]
                --> GoToObject [-]
                --> CheckStopCondition [-]
                --> AdvanceMove [-]
    [-] navigation [x]
        --> HasMpcGoal [x]

[INFO] [1791020655.677317030] [behavior_executor_node]: [IsProximityTooClose] DIAG scan: total=1081 in_window=721 excluded_by_filter=0 min_in_window=0.825 front_min=1.391
[INFO] [1791020656.010820723] [behavior_executor_node]: BT snapshot -- root=FAILURE, lanes: emergency=FAILURE | mission=FAILURE | navigation=FAILURE
[o] root [x]
    [-] emergency [x]
        [o] emergency_condition [x]
            --> IsBatteryLow [x]
            --> IsEmergencyStopTriggered [x]
            --> IsProximityTooClose [x]
            --> IsSystemOverheated [x]
        --> Stop [-]
    [-] mission [x]
        --> MissionActive [x]
        [o] mission_selector [-]
            [-] mission_object_response [-]
                --> ObjectSeen [-]
                --> HandleObjectAction [-]
            [-] mission_progress [-]
                --> PublishMoveGoal [-]
                --> GoToObject [-]
                --> CheckStopCondition [-]
                --> AdvanceMove [-]
    [-] navigation [x]
        --> HasMpcGoal [x]

[INFO] [1791020657.021801209] [behavior_executor_node]: BT snapshot -- root=FAILURE, lanes: emergency=FAILURE | mission=FAILURE | navigation=FAILURE
[o] root [x]
    [-] emergency [x]
        [o] emergency_condition [x]
            --> IsBatteryLow [x]
            --> IsEmergencyStopTriggered [x]
            --> IsProximityTooClose [x]
            --> IsSystemOverheated [x]
        --> Stop [-]
    [-] mission [x]
        --> MissionActive [x]
        [o] mission_selector [-]
            [-] mission_object_response [-]
                --> ObjectSeen [-]
                --> HandleObjectAction [-]
            [-] mission_progress [-]
                --> PublishMoveGoal [-]
                --> GoToObject [-]
                --> CheckStopCondition [-]
                --> AdvanceMove [-]
    [-] navigation [x]
        --> HasMpcGoal [x]

[INFO] [1791020657.678686392] [behavior_executor_node]: [IsProximityTooClose] DIAG scan: total=1081 in_window=721 excluded_by_filter=0 min_in_window=0.861 front_min=1.277
[INFO] [1791020658.110032669] [behavior_executor_node]: BT snapshot -- root=FAILURE, lanes: emergency=FAILURE | mission=FAILURE | navigation=FAILURE
[o] root [x]
    [-] emergency [x]
        [o] emergency_condition [x]
            --> IsBatteryLow [x]
            --> IsEmergencyStopTriggered [x]
            --> IsProximityTooClose [x]
            --> IsSystemOverheated [x]
        --> Stop [-]
    [-] mission [x]
        --> MissionActive [x]
        [o] mission_selector [-]
            [-] mission_object_response [-]
                --> ObjectSeen [-]
                --> HandleObjectAction [-]
            [-] mission_progress [-]
                --> PublishMoveGoal [-]
                --> GoToObject [-]
                --> CheckStopCondition [-]
                --> AdvanceMove [-]
    [-] navigation [x]
        --> HasMpcGoal [x]

[INFO] [1791020659.110238899] [behavior_executor_node]: BT snapshot -- root=FAILURE, lanes: emergency=FAILURE | mission=FAILURE | navigation=FAILURE
[o] root [x]
    [-] emergency [x]
        [o] emergency_condition [x]
            --> IsBatteryLow [x]
            --> IsEmergencyStopTriggered [x]
            --> IsProximityTooClose [x]
            --> IsSystemOverheated [x]
        --> Stop [-]
    [-] mission [x]
        --> MissionActive [x]
        [o] mission_selector [-]
            [-] mission_object_response [-]
                --> ObjectSeen [-]
                --> HandleObjectAction [-]
            [-] mission_progress [-]
                --> PublishMoveGoal [-]
                --> GoToObject [-]
                --> CheckStopCondition [-]
                --> AdvanceMove [-]
    [-] navigation [x]
        --> HasMpcGoal [x]

[INFO] [1791020659.682632199] [behavior_executor_node]: [IsProximityTooClose] DIAG scan: total=1081 in_window=721 excluded_by_filter=0 min_in_window=0.877 front_min=3.144
[INFO] [1791020660.210360587] [behavior_executor_node]: BT snapshot -- root=FAILURE, lanes: emergency=FAILURE | mission=FAILURE | navigation=FAILURE
[o] root [x]
    [-] emergency [x]
        [o] emergency_condition [x]
            --> IsBatteryLow [x]
            --> IsEmergencyStopTriggered [x]
            --> IsProximityTooClose [x]
            --> IsSystemOverheated [x]
        --> Stop [-]
    [-] mission [x]
        --> MissionActive [x]
        [o] mission_selector [-]
            [-] mission_object_response [-]
                --> ObjectSeen [-]
                --> HandleObjectAction [-]
            [-] mission_progress [-]
                --> PublishMoveGoal [-]
                --> GoToObject [-]
                --> CheckStopCondition [-]
                --> AdvanceMove [-]
    [-] navigation [x]
        --> HasMpcGoal [x]

[INFO] [1791020661.221132147] [behavior_executor_node]: BT snapshot -- root=FAILURE, lanes: emergency=FAILURE | mission=FAILURE | navigation=FAILURE
[o] root [x]
    [-] emergency [x]
        [o] emergency_condition [x]
            --> IsBatteryLow [x]
            --> IsEmergencyStopTriggered [x]
            --> IsProximityTooClose [x]
            --> IsSystemOverheated [x]
        --> Stop [-]
    [-] mission [x]
        --> MissionActive [x]
        [o] mission_selector [-]
            [-] mission_object_response [-]
                --> ObjectSeen [-]
                --> HandleObjectAction [-]
            [-] mission_progress [-]
                --> PublishMoveGoal [-]
                --> GoToObject [-]
                --> CheckStopCondition [-]
                --> AdvanceMove [-]
    [-] navigation [x]
        --> HasMpcGoal [x]

[INFO] [1791020661.728215359] [behavior_executor_node]: [IsProximityTooClose] DIAG scan: total=1081 in_window=721 excluded_by_filter=0 min_in_window=0.879 front_min=1.509
[INFO] [1791020662.312085530] [behavior_executor_node]: BT snapshot -- root=FAILURE, lanes: emergency=FAILURE | mission=FAILURE | navigation=FAILURE
[o] root [x]
    [-] emergency [x]
        [o] emergency_condition [x]
            --> IsBatteryLow [x]
            --> IsEmergencyStopTriggered [x]
            --> IsProximityTooClose [x]
            --> IsSystemOverheated [x]
        --> Stop [-]
    [-] mission [x]
        --> MissionActive [x]
        [o] mission_selector [-]
            [-] mission_object_response [-]
                --> ObjectSeen [-]
                --> HandleObjectAction [-]
            [-] mission_progress [-]
                --> PublishMoveGoal [-]
                --> GoToObject [-]
                --> CheckStopCondition [-]
                --> AdvanceMove [-]
    [-] navigation [x]
        --> HasMpcGoal [x]

[INFO] [1791020663.419689135] [behavior_executor_node]: BT snapshot -- root=FAILURE, lanes: emergency=FAILURE | mission=FAILURE | navigation=FAILURE
[o] root [x]
    [-] emergency [x]
        [o] emergency_condition [x]
            --> IsBatteryLow [x]
            --> IsEmergencyStopTriggered [x]
            --> IsProximityTooClose [x]
            --> IsSystemOverheated [x]
        --> Stop [-]
    [-] mission [x]
        --> MissionActive [x]
        [o] mission_selector [-]
            [-] mission_object_response [-]
                --> ObjectSeen [-]
                --> HandleObjectAction [-]
            [-] mission_progress [-]
                --> PublishMoveGoal [-]
                --> GoToObject [-]
                --> CheckStopCondition [-]
                --> AdvanceMove [-]
    [-] navigation [x]
        --> HasMpcGoal [x]

[INFO] [1791020663.817457054] [behavior_executor_node]: [IsProximityTooClose] DIAG scan: total=1081 in_window=721 excluded_by_filter=0 min_in_window=0.850 front_min=1.738
[INFO] [1791020664.512443257] [behavior_executor_node]: BT snapshot -- root=FAILURE, lanes: emergency=FAILURE | mission=FAILURE | navigation=FAILURE
[o] root [x]
    [-] emergency [x]
        [o] emergency_condition [x]
            --> IsBatteryLow [x]
            --> IsEmergencyStopTriggered [x]
            --> IsProximityTooClose [x]
            --> IsSystemOverheated [x]
        --> Stop [-]
    [-] mission [x]
        --> MissionActive [x]
        [o] mission_selector [-]
            [-] mission_object_response [-]
                --> ObjectSeen [-]
                --> HandleObjectAction [-]
            [-] mission_progress [-]
                --> PublishMoveGoal [-]
                --> GoToObject [-]
                --> CheckStopCondition [-]
                --> AdvanceMove [-]
    [-] navigation [x]
        --> HasMpcGoal [x]

[INFO] [1791020665.518646050] [behavior_executor_node]: BT snapshot -- root=FAILURE, lanes: emergency=FAILURE | mission=FAILURE | navigation=FAILURE
[o] root [x]
    [-] emergency [x]
        [o] emergency_condition [x]
            --> IsBatteryLow [x]
            --> IsEmergencyStopTriggered [x]
            --> IsProximityTooClose [x]
            --> IsSystemOverheated [x]
        --> Stop [-]
    [-] mission [x]
        --> MissionActive [x]
        [o] mission_selector [-]
            [-] mission_object_response [-]
                --> ObjectSeen [-]
                --> HandleObjectAction [-]
            [-] mission_progress [-]
                --> PublishMoveGoal [-]
                --> GoToObject [-]
                --> CheckStopCondition [-]
                --> AdvanceMove [-]
    [-] navigation [x]
        --> HasMpcGoal [x]

[INFO] [1791020665.915251387] [behavior_executor_node]: [IsProximityTooClose] DIAG scan: total=1081 in_window=721 excluded_by_filter=0 min_in_window=0.982 front_min=1.990
[INFO] [1791020666.610337752] [behavior_executor_node]: BT snapshot -- root=FAILURE, lanes: emergency=FAILURE | mission=FAILURE | navigation=FAILURE
[o] root [x]
    [-] emergency [x]
        [o] emergency_condition [x]
            --> IsBatteryLow [x]
            --> IsEmergencyStopTriggered [x]
            --> IsProximityTooClose [x]
            --> IsSystemOverheated [x]
        --> Stop [-]
    [-] mission [x]
        --> MissionActive [x]
        [o] mission_selector [-]
            [-] mission_object_response [-]
                --> ObjectSeen [-]
                --> HandleObjectAction [-]
            [-] mission_progress [-]
                --> PublishMoveGoal [-]
                --> GoToObject [-]
                --> CheckStopCondition [-]
                --> AdvanceMove [-]
    [-] navigation [x]
        --> HasMpcGoal [x]

[INFO] [1791020667.711023518] [behavior_executor_node]: BT snapshot -- root=FAILURE, lanes: emergency=FAILURE | mission=FAILURE | navigation=FAILURE
[o] root [x]
    [-] emergency [x]
        [o] emergency_condition [x]
            --> IsBatteryLow [x]
            --> IsEmergencyStopTriggered [x]
            --> IsProximityTooClose [x]
            --> IsSystemOverheated [x]
        --> Stop [-]
    [-] mission [x]
        --> MissionActive [x]
        [o] mission_selector [-]
            [-] mission_object_response [-]
                --> ObjectSeen [-]
                --> HandleObjectAction [-]
            [-] mission_progress [-]
                --> PublishMoveGoal [-]
                --> GoToObject [-]
                --> CheckStopCondition [-]
                --> AdvanceMove [-]
    [-] navigation [x]
        --> HasMpcGoal [x]

[INFO] [1791020667.917178428] [behavior_executor_node]: [IsProximityTooClose] DIAG scan: total=1081 in_window=721 excluded_by_filter=0 min_in_window=1.018 front_min=2.850
[INFO] [1791020668.821195585] [behavior_executor_node]: BT snapshot -- root=FAILURE, lanes: emergency=FAILURE | mission=FAILURE | navigation=FAILURE
[o] root [x]
    [-] emergency [x]
        [o] emergency_condition [x]
            --> IsBatteryLow [x]
            --> IsEmergencyStopTriggered [x]
            --> IsProximityTooClose [x]
            --> IsSystemOverheated [x]
        --> Stop [-]
    [-] mission [x]
        --> MissionActive [x]
        [o] mission_selector [-]
            [-] mission_object_response [-]
                --> ObjectSeen [-]
                --> HandleObjectAction [-]
            [-] mission_progress [-]
                --> PublishMoveGoal [-]
                --> GoToObject [-]
                --> CheckStopCondition [-]
                --> AdvanceMove [-]
    [-] navigation [x]
        --> HasMpcGoal [x]

[INFO] [1791020669.925021932] [behavior_executor_node]: [IsProximityTooClose] DIAG scan: total=1081 in_window=721 excluded_by_filter=0 min_in_window=1.085 front_min=1.863
[INFO] [1791020669.929561269] [behavior_executor_node]: BT snapshot -- root=FAILURE, lanes: emergency=FAILURE | mission=FAILURE | navigation=FAILURE
[o] root [x]
    [-] emergency [x]
        [o] emergency_condition [x]
            --> IsBatteryLow [x]
            --> IsEmergencyStopTriggered [x]
            --> IsProximityTooClose [x]
            --> IsSystemOverheated [x]
        --> Stop [-]
    [-] mission [x]
        --> MissionActive [x]
        [o] mission_selector [-]
            [-] mission_object_response [-]
                --> ObjectSeen [-]
                --> HandleObjectAction [-]
            [-] mission_progress [-]
                --> PublishMoveGoal [-]
                --> GoToObject [-]
                --> CheckStopCondition [-]
                --> AdvanceMove [-]
    [-] navigation [x]
        --> HasMpcGoal [x]

[INFO] [1791020671.010651387] [behavior_executor_node]: BT snapshot -- root=FAILURE, lanes: emergency=FAILURE | mission=FAILURE | navigation=FAILURE
[o] root [x]
    [-] emergency [x]
        [o] emergency_condition [x]
            --> IsBatteryLow [x]
            --> IsEmergencyStopTriggered [x]
            --> IsProximityTooClose [x]
            --> IsSystemOverheated [x]
        --> Stop [-]
    [-] mission [x]
        --> MissionActive [x]
        [o] mission_selector [-]
            [-] mission_object_response [-]
                --> ObjectSeen [-]
                --> HandleObjectAction [-]
            [-] mission_progress [-]
                --> PublishMoveGoal [-]
                --> GoToObject [-]
                --> CheckStopCondition [-]
                --> AdvanceMove [-]
    [-] navigation [x]
        --> HasMpcGoal [x]

[INFO] [1791020671.941198402] [behavior_executor_node]: [IsProximityTooClose] DIAG scan: total=1081 in_window=721 excluded_by_filter=0 min_in_window=1.382 front_min=2.146
[INFO] [1791020672.117647878] [behavior_executor_node]: BT snapshot -- root=FAILURE, lanes: emergency=FAILURE | mission=FAILURE | navigation=FAILURE
[o] root [x]
    [-] emergency [x]
        [o] emergency_condition [x]
            --> IsBatteryLow [x]
            --> IsEmergencyStopTriggered [x]
            --> IsProximityTooClose [x]
            --> IsSystemOverheated [x]
        --> Stop [-]
    [-] mission [x]
        --> MissionActive [x]
        [o] mission_selector [-]
            [-] mission_object_response [-]
                --> ObjectSeen [-]
                --> HandleObjectAction [-]
            [-] mission_progress [-]
                --> PublishMoveGoal [-]
                --> GoToObject [-]
                --> CheckStopCondition [-]
                --> AdvanceMove [-]
    [-] navigation [x]
        --> HasMpcGoal [x]

[INFO] [1791020673.211188489] [behavior_executor_node]: BT snapshot -- root=FAILURE, lanes: emergency=FAILURE | mission=FAILURE | navigation=FAILURE
[o] root [x]
    [-] emergency [x]
        [o] emergency_condition [x]
            --> IsBatteryLow [x]
            --> IsEmergencyStopTriggered [x]
            --> IsProximityTooClose [x]
            --> IsSystemOverheated [x]
        --> Stop [-]
    [-] mission [x]
        --> MissionActive [x]
        [o] mission_selector [-]
            [-] mission_object_response [-]
                --> ObjectSeen [-]
                --> HandleObjectAction [-]
            [-] mission_progress [-]
                --> PublishMoveGoal [-]
                --> GoToObject [-]
                --> CheckStopCondition [-]
                --> AdvanceMove [-]
    [-] navigation [x]
        --> HasMpcGoal [x]

[INFO] [1791020673.951843725] [behavior_executor_node]: [IsProximityTooClose] DIAG scan: total=1081 in_window=721 excluded_by_filter=0 min_in_window=1.496 front_min=1.763
[INFO] [1791020674.220564468] [behavior_executor_node]: BT snapshot -- root=FAILURE, lanes: emergency=FAILURE | mission=FAILURE | navigation=FAILURE
[o] root [x]
    [-] emergency [x]
        [o] emergency_condition [x]
            --> IsBatteryLow [x]
            --> IsEmergencyStopTriggered [x]
            --> IsProximityTooClose [x]
            --> IsSystemOverheated [x]
        --> Stop [-]
    [-] mission [x]
        --> MissionActive [x]
        [o] mission_selector [-]
            [-] mission_object_response [-]
                --> ObjectSeen [-]
                --> HandleObjectAction [-]
            [-] mission_progress [-]
                --> PublishMoveGoal [-]
                --> GoToObject [-]
                --> CheckStopCondition [-]
                --> AdvanceMove [-]
    [-] navigation [x]
        --> HasMpcGoal [x]

[INFO] [1791020675.242222461] [behavior_executor_node]: BT snapshot -- root=FAILURE, lanes: emergency=FAILURE | mission=FAILURE | navigation=FAILURE
[o] root [x]
    [-] emergency [x]
        [o] emergency_condition [x]
            --> IsBatteryLow [x]
            --> IsEmergencyStopTriggered [x]
            --> IsProximityTooClose [x]
            --> IsSystemOverheated [x]
        --> Stop [-]
    [-] mission [x]
        --> MissionActive [x]
        [o] mission_selector [-]
            [-] mission_object_response [-]
                --> ObjectSeen [-]
                --> HandleObjectAction [-]
            [-] mission_progress [-]
                --> PublishMoveGoal [-]
                --> GoToObject [-]
                --> CheckStopCondition [-]
                --> AdvanceMove [-]
    [-] navigation [x]
        --> HasMpcGoal [x]

[INFO] [1791020675.971735243] [behavior_executor_node]: [IsProximityTooClose] DIAG scan: total=1081 in_window=721 excluded_by_filter=0 min_in_window=1.207 front_min=1.846
[INFO] [1791020676.310479719] [behavior_executor_node]: BT snapshot -- root=FAILURE, lanes: emergency=FAILURE | mission=FAILURE | navigation=FAILURE
[o] root [x]
    [-] emergency [x]
        [o] emergency_condition [x]
            --> IsBatteryLow [x]
            --> IsEmergencyStopTriggered [x]
            --> IsProximityTooClose [x]
            --> IsSystemOverheated [x]
        --> Stop [-]
    [-] mission [x]
        --> MissionActive [x]
        [o] mission_selector [-]
            [-] mission_object_response [-]
                --> ObjectSeen [-]
                --> HandleObjectAction [-]
            [-] mission_progress [-]
                --> PublishMoveGoal [-]
                --> GoToObject [-]
                --> CheckStopCondition [-]
                --> AdvanceMove [-]
    [-] navigation [x]
        --> HasMpcGoal [x]

[INFO] [1791020677.310690785] [behavior_executor_node]: BT snapshot -- root=FAILURE, lanes: emergency=FAILURE | mission=FAILURE | navigation=FAILURE
[o] root [x]
    [-] emergency [x]
        [o] emergency_condition [x]
            --> IsBatteryLow [x]
            --> IsEmergencyStopTriggered [x]
            --> IsProximityTooClose [x]
            --> IsSystemOverheated [x]
        --> Stop [-]
    [-] mission [x]
        --> MissionActive [x]
        [o] mission_selector [-]
            [-] mission_object_response [-]
                --> ObjectSeen [-]
                --> HandleObjectAction [-]
            [-] mission_progress [-]
                --> PublishMoveGoal [-]
                --> GoToObject [-]
                --> CheckStopCondition [-]
                --> AdvanceMove [-]
    [-] navigation [x]
        --> HasMpcGoal [x]

[INFO] [1791020677.980981285] [behavior_executor_node]: [IsProximityTooClose] DIAG scan: total=1081 in_window=721 excluded_by_filter=0 min_in_window=1.310 front_min=1.720
[INFO] [1791020678.324504744] [behavior_executor_node]: BT snapshot -- root=FAILURE, lanes: emergency=FAILURE | mission=FAILURE | navigation=FAILURE
[o] root [x]
    [-] emergency [x]
        [o] emergency_condition [x]
            --> IsBatteryLow [x]
            --> IsEmergencyStopTriggered [x]
            --> IsProximityTooClose [x]
            --> IsSystemOverheated [x]
        --> Stop [-]
    [-] mission [x]
        --> MissionActive [x]
        [o] mission_selector [-]
            [-] mission_object_response [-]
                --> ObjectSeen [-]
                --> HandleObjectAction [-]
            [-] mission_progress [-]
                --> PublishMoveGoal [-]
                --> GoToObject [-]
                --> CheckStopCondition [-]
                --> AdvanceMove [-]
    [-] navigation [x]
        --> HasMpcGoal [x]

[INFO] [1791020679.412537385] [behavior_executor_node]: BT snapshot -- root=FAILURE, lanes: emergency=FAILURE | mission=FAILURE | navigation=FAILURE
[o] root [x]
    [-] emergency [x]
        [o] emergency_condition [x]
            --> IsBatteryLow [x]
            --> IsEmergencyStopTriggered [x]
            --> IsProximityTooClose [x]
            --> IsSystemOverheated [x]
        --> Stop [-]
    [-] mission [x]
        --> MissionActive [x]
        [o] mission_selector [-]
            [-] mission_object_response [-]
                --> ObjectSeen [-]
                --> HandleObjectAction [-]
            [-] mission_progress [-]
                --> PublishMoveGoal [-]
                --> GoToObject [-]
                --> CheckStopCondition [-]
                --> AdvanceMove [-]
    [-] navigation [x]
        --> HasMpcGoal [x]

[INFO] [1791020679.992031489] [behavior_executor_node]: [IsProximityTooClose] DIAG scan: total=1081 in_window=721 excluded_by_filter=0 min_in_window=1.054 front_min=1.871
[INFO] [1791020680.520348746] [behavior_executor_node]: BT snapshot -- root=FAILURE, lanes: emergency=FAILURE | mission=FAILURE | navigation=FAILURE
[o] root [x]
    [-] emergency [x]
        [o] emergency_condition [x]
            --> IsBatteryLow [x]
            --> IsEmergencyStopTriggered [x]
            --> IsProximityTooClose [x]
            --> IsSystemOverheated [x]
        --> Stop [-]
    [-] mission [x]
        --> MissionActive [x]
        [o] mission_selector [-]
            [-] mission_object_response [-]
                --> ObjectSeen [-]
                --> HandleObjectAction [-]
            [-] mission_progress [-]
                --> PublishMoveGoal [-]
                --> GoToObject [-]
                --> CheckStopCondition [-]
                --> AdvanceMove [-]
    [-] navigation [x]
        --> HasMpcGoal [x]

[INFO] [1791020681.611871484] [behavior_executor_node]: BT snapshot -- root=FAILURE, lanes: emergency=FAILURE | mission=FAILURE | navigation=FAILURE
[o] root [x]
    [-] emergency [x]
        [o] emergency_condition [x]
            --> IsBatteryLow [x]
            --> IsEmergencyStopTriggered [x]
            --> IsProximityTooClose [x]
            --> IsSystemOverheated [x]
        --> Stop [-]
    [-] mission [x]
        --> MissionActive [x]
        [o] mission_selector [-]
            [-] mission_object_response [-]
                --> ObjectSeen [-]
                --> HandleObjectAction [-]
            [-] mission_progress [-]
                --> PublishMoveGoal [-]
                --> GoToObject [-]
                --> CheckStopCondition [-]
                --> AdvanceMove [-]
    [-] navigation [x]
        --> HasMpcGoal [x]

[INFO] [1791020682.016095007] [behavior_executor_node]: [IsProximityTooClose] DIAG scan: total=1081 in_window=721 excluded_by_filter=0 min_in_window=0.832 front_min=1.719
