[INFO] [launch]: All log files can be found below /home/andre/dev_ws/f1tenth_more/output/fix_batch_4/estop_hold/ros_log/2026-10-03-16-09-18-361622-thor-442901
[INFO] [launch]: Default logging verbosity is set to INFO
[INFO] [taskset-1]: process started with pid [442955]
[taskset-1] [INFO] [1791036562.232554575] [swept_clearance_node]: swept_clearance_node up: lidar /scan, depth /zed2/zed_node/depth/depth_registered; steering /ackermann_drive as lagged_command (lag 0.30 s) -> /perception/swept_clearance
[taskset-1] [WARN] [1791036562.244946146] [swept_clearance_node]: every clearance sensor is stale (lidar never received, camera never received); publishing 0.0
[taskset-1] [WARN] [1791036564.271250579] [swept_clearance_node]: every clearance sensor is stale (lidar never received, camera never received); publishing 0.0
[taskset-1] [WARN] [1791036566.317692297] [swept_clearance_node]: every clearance sensor is stale (lidar never received, camera never received); publishing 0.0
[taskset-1] [WARN] [1791036568.367796081] [swept_clearance_node]: every clearance sensor is stale (lidar never received, camera never received); publishing 0.0
[taskset-1] [WARN] [1791036570.417080623] [swept_clearance_node]: every clearance sensor is stale (lidar never received, camera never received); publishing 0.0
[taskset-1] [WARN] [1791036572.417387861] [swept_clearance_node]: every clearance sensor is stale (lidar never received, camera never received); publishing 0.0
[taskset-1] [WARN] [1791036574.417429135] [swept_clearance_node]: every clearance sensor is stale (lidar never received, camera never received); publishing 0.0
[taskset-1] [WARN] [1791036576.417670438] [swept_clearance_node]: every clearance sensor is stale (lidar never received, camera never received); publishing 0.0
[taskset-1] [WARN] [1791036578.467163722] [swept_clearance_node]: every clearance sensor is stale (lidar never received, camera never received); publishing 0.0
[taskset-1] [WARN] [1791036580.517197820] [swept_clearance_node]: every clearance sensor is stale (lidar never received, camera never received); publishing 0.0
[taskset-1] [WARN] [1791036582.517791925] [swept_clearance_node]: every clearance sensor is stale (lidar never received, camera never received); publishing 0.0
[taskset-1] [INFO] [1791036582.569495262] [swept_clearance_node]: base_link <- laser: t=(0.120, 0.000, 0.200) m
[taskset-1] [WARN] [1791036582.620170355] [swept_clearance_node]: ignoring stale clearance sensor (camera never received)
[taskset-1] [WARN] [1791036584.666848784] [swept_clearance_node]: ignoring stale clearance sensor (camera never received)
[taskset-1] [WARN] [1791036586.667028477] [swept_clearance_node]: ignoring stale clearance sensor (camera never received)
[taskset-1] [WARN] [1791036588.717799646] [swept_clearance_node]: ignoring stale clearance sensor (camera never received)
[taskset-1] [WARN] [1791036590.767059502] [swept_clearance_node]: ignoring stale clearance sensor (camera never received)
[taskset-1] [WARN] [1791036592.817666820] [swept_clearance_node]: ignoring stale clearance sensor (camera never received)
[taskset-1] [WARN] [1791036594.866959199] [swept_clearance_node]: ignoring stale clearance sensor (camera never received)
[taskset-1] [WARN] [1791036596.869492366] [swept_clearance_node]: ignoring stale clearance sensor (camera never received)
[taskset-1] [WARN] [1791036598.871098011] [swept_clearance_node]: ignoring stale clearance sensor (camera never received)
[taskset-1] [WARN] [1791036600.918987625] [swept_clearance_node]: ignoring stale clearance sensor (camera never received)
[taskset-1] [WARN] [1791036601.867747785] [swept_clearance_node]: every clearance sensor is stale (lidar 0.27 s old, camera never received); publishing 0.0
[taskset-1] [WARN] [1791036602.919165747] [swept_clearance_node]: ignoring stale clearance sensor (camera never received)
[taskset-1] [WARN] [1791036604.967359954] [swept_clearance_node]: ignoring stale clearance sensor (camera never received)
[taskset-1] [WARN] [1791036607.018138794] [swept_clearance_node]: ignoring stale clearance sensor (camera never received)
[taskset-1] [WARN] [1791036609.067289535] [swept_clearance_node]: ignoring stale clearance sensor (camera never received)
[taskset-1] [WARN] [1791036611.117941954] [swept_clearance_node]: ignoring stale clearance sensor (camera never received)
[taskset-1] [WARN] [1791036613.119667981] [swept_clearance_node]: ignoring stale clearance sensor (camera never received)
[taskset-1] [WARN] [1791036615.167086175] [swept_clearance_node]: ignoring stale clearance sensor (camera never received)
[taskset-1] [WARN] [1791036617.169519236] [swept_clearance_node]: ignoring stale clearance sensor (camera never received)
[taskset-1] [WARN] [1791036619.169849529] [swept_clearance_node]: ignoring stale clearance sensor (camera never received)
[taskset-1] [WARN] [1791036621.218153056] [swept_clearance_node]: ignoring stale clearance sensor (camera never received)
[taskset-1] [WARN] [1791036623.223139528] [swept_clearance_node]: ignoring stale clearance sensor (camera never received)
[taskset-1] [WARN] [1791036624.917904100] [swept_clearance_node]: every clearance sensor is stale (lidar 0.26 s old, camera never received); publishing 0.0
[taskset-1] [WARN] [1791036625.266945537] [swept_clearance_node]: ignoring stale clearance sensor (camera never received)
[taskset-1] [WARN] [1791036627.267059246] [swept_clearance_node]: ignoring stale clearance sensor (camera never received)
[taskset-1] [WARN] [1791036629.267154510] [swept_clearance_node]: ignoring stale clearance sensor (camera never received)
[taskset-1] [WARN] [1791036631.269099929] [swept_clearance_node]: ignoring stale clearance sensor (camera never received)
[taskset-1] [WARN] [1791036633.317315394] [swept_clearance_node]: ignoring stale clearance sensor (camera never received)
[taskset-1] [WARN] [1791036635.318371503] [swept_clearance_node]: ignoring stale clearance sensor (camera never received)
[taskset-1] [WARN] [1791036637.318571242] [swept_clearance_node]: ignoring stale clearance sensor (camera never received)
[taskset-1] [WARN] [1791036639.319744382] [swept_clearance_node]: ignoring stale clearance sensor (camera never received)
[taskset-1] [WARN] [1791036641.367411936] [swept_clearance_node]: ignoring stale clearance sensor (camera never received)
[taskset-1] [WARN] [1791036643.417634066] [swept_clearance_node]: ignoring stale clearance sensor (camera never received)
[taskset-1] [WARN] [1791036645.424414546] [swept_clearance_node]: ignoring stale clearance sensor (camera never received)
[taskset-1] [WARN] [1791036647.467664094] [swept_clearance_node]: ignoring stale clearance sensor (camera never received)
[taskset-1] [WARN] [1791036649.467699630] [swept_clearance_node]: ignoring stale clearance sensor (camera never received)
[taskset-1] [WARN] [1791036651.469379849] [swept_clearance_node]: ignoring stale clearance sensor (camera never received)
[taskset-1] [WARN] [1791036653.518931724] [swept_clearance_node]: ignoring stale clearance sensor (camera never received)
[taskset-1] [WARN] [1791036655.567202841] [swept_clearance_node]: ignoring stale clearance sensor (camera never received)
[taskset-1] [WARN] [1791036657.617436112] [swept_clearance_node]: ignoring stale clearance sensor (camera never received)
[taskset-1] [WARN] [1791036659.666838496] [swept_clearance_node]: ignoring stale clearance sensor (camera never received)
[taskset-1] [WARN] [1791036661.667006357] [swept_clearance_node]: ignoring stale clearance sensor (camera never received)
[taskset-1] [WARN] [1791036663.668517290] [swept_clearance_node]: ignoring stale clearance sensor (camera never received)
[taskset-1] [WARN] [1791036665.717849141] [swept_clearance_node]: ignoring stale clearance sensor (camera never received)
[taskset-1] [WARN] [1791036667.417454591] [swept_clearance_node]: every clearance sensor is stale (lidar 0.27 s old, camera never received); publishing 0.0
[taskset-1] [WARN] [1791036667.767202360] [swept_clearance_node]: ignoring stale clearance sensor (camera never received)
[taskset-1] [WARN] [1791036669.818498158] [swept_clearance_node]: ignoring stale clearance sensor (camera never received)
[taskset-1] [WARN] [1791036671.869554975] [swept_clearance_node]: ignoring stale clearance sensor (camera never received)
[taskset-1] [WARN] [1791036673.918312135] [swept_clearance_node]: ignoring stale clearance sensor (camera never received)
[taskset-1] [WARN] [1791036675.967288694] [swept_clearance_node]: ignoring stale clearance sensor (camera never received)
[taskset-1] [WARN] [1791036678.017084279] [swept_clearance_node]: ignoring stale clearance sensor (camera never received)
[taskset-1] [WARN] [1791036680.018124197] [swept_clearance_node]: ignoring stale clearance sensor (camera never received)
[taskset-1] [WARN] [1791036682.018552107] [swept_clearance_node]: ignoring stale clearance sensor (camera never received)
[taskset-1] [WARN] [1791036684.066757589] [swept_clearance_node]: ignoring stale clearance sensor (camera never received)
[taskset-1] [WARN] [1791036686.067213505] [swept_clearance_node]: ignoring stale clearance sensor (camera never received)
[taskset-1] [WARN] [1791036688.118796380] [swept_clearance_node]: ignoring stale clearance sensor (camera never received)
[taskset-1] [WARN] [1791036690.171855587] [swept_clearance_node]: ignoring stale clearance sensor (camera never received)
[taskset-1] [WARN] [1791036692.218466289] [swept_clearance_node]: ignoring stale clearance sensor (camera never received)
[taskset-1] [WARN] [1791036694.266810758] [swept_clearance_node]: ignoring stale clearance sensor (camera never received)
[taskset-1] [WARN] [1791036696.267234642] [swept_clearance_node]: ignoring stale clearance sensor (camera never received)
[taskset-1] [WARN] [1791036698.322303005] [swept_clearance_node]: ignoring stale clearance sensor (camera never received)
[taskset-1] [WARN] [1791036700.367046757] [swept_clearance_node]: ignoring stale clearance sensor (camera never received)
[taskset-1] [WARN] [1791036702.418256733] [swept_clearance_node]: ignoring stale clearance sensor (camera never received)
[taskset-1] [WARN] [1791036704.421328857] [swept_clearance_node]: ignoring stale clearance sensor (camera never received)
[taskset-1] [WARN] [1791036706.423255956] [swept_clearance_node]: ignoring stale clearance sensor (camera never received)
[taskset-1] [WARN] [1791036708.467538899] [swept_clearance_node]: ignoring stale clearance sensor (camera never received)
[taskset-1] [WARN] [1791036709.919057986] [swept_clearance_node]: every clearance sensor is stale (lidar 0.27 s old, camera never received); publishing 0.0
[taskset-1] [WARN] [1791036710.519334808] [swept_clearance_node]: ignoring stale clearance sensor (camera never received)
[taskset-1] [WARN] [1791036712.566737957] [swept_clearance_node]: ignoring stale clearance sensor (camera never received)
[taskset-1] [WARN] [1791036714.566888512] [swept_clearance_node]: ignoring stale clearance sensor (camera never received)
[taskset-1] [WARN] [1791036716.567834309] [swept_clearance_node]: ignoring stale clearance sensor (camera never received)
[taskset-1] [WARN] [1791036718.617387716] [swept_clearance_node]: ignoring stale clearance sensor (camera never received)
[taskset-1] [WARN] [1791036720.618731335] [swept_clearance_node]: ignoring stale clearance sensor (camera never received)
[taskset-1] [WARN] [1791036722.669308259] [swept_clearance_node]: ignoring stale clearance sensor (camera never received)
[taskset-1] [WARN] [1791036724.718810129] [swept_clearance_node]: ignoring stale clearance sensor (camera never received)
[taskset-1] [WARN] [1791036726.767026316] [swept_clearance_node]: ignoring stale clearance sensor (camera never received)
[taskset-1] [WARN] [1791036728.818776900] [swept_clearance_node]: ignoring stale clearance sensor (camera never received)
[taskset-1] [WARN] [1791036730.866994494] [swept_clearance_node]: ignoring stale clearance sensor (camera never received)
[taskset-1] [WARN] [1791036732.917535810] [swept_clearance_node]: ignoring stale clearance sensor (camera never received)
[taskset-1] [WARN] [1791036734.917959790] [swept_clearance_node]: ignoring stale clearance sensor (camera never received)
[taskset-1] [WARN] [1791036736.918396133] [swept_clearance_node]: ignoring stale clearance sensor (camera never received)
[taskset-1] [WARN] [1791036738.966817180] [swept_clearance_node]: ignoring stale clearance sensor (camera never received)
[taskset-1] [WARN] [1791036740.966889941] [swept_clearance_node]: ignoring stale clearance sensor (camera never received)
[taskset-1] [WARN] [1791036742.967085524] [swept_clearance_node]: ignoring stale clearance sensor (camera never received)
[taskset-1] [WARN] [1791036745.023993600] [swept_clearance_node]: ignoring stale clearance sensor (camera never received)
[taskset-1] [WARN] [1791036747.067186880] [swept_clearance_node]: ignoring stale clearance sensor (camera never received)
[taskset-1] [WARN] [1791036749.067265840] [swept_clearance_node]: ignoring stale clearance sensor (camera never received)
[taskset-1] [WARN] [1791036751.122629054] [swept_clearance_node]: ignoring stale clearance sensor (camera never received)
[taskset-1] [WARN] [1791036752.419878899] [swept_clearance_node]: every clearance sensor is stale (lidar 0.28 s old, camera never received); publishing 0.0
[taskset-1] [WARN] [1791036753.168283792] [swept_clearance_node]: ignoring stale clearance sensor (camera never received)
[taskset-1] [WARN] [1791036755.169123320] [swept_clearance_node]: ignoring stale clearance sensor (camera never received)
[taskset-1] [WARN] [1791036757.171674629] [swept_clearance_node]: ignoring stale clearance sensor (camera never received)
[taskset-1] [WARN] [1791036759.218255200] [swept_clearance_node]: ignoring stale clearance sensor (camera never received)
[taskset-1] [WARN] [1791036761.220570101] [swept_clearance_node]: ignoring stale clearance sensor (camera never received)
[taskset-1] [WARN] [1791036763.267087377] [swept_clearance_node]: ignoring stale clearance sensor (camera never received)
[taskset-1] [WARN] [1791036765.267935102] [swept_clearance_node]: ignoring stale clearance sensor (camera never received)
[taskset-1] [WARN] [1791036767.272199136] [swept_clearance_node]: ignoring stale clearance sensor (camera never received)
[taskset-1] [WARN] [1791036769.320192055] [swept_clearance_node]: ignoring stale clearance sensor (camera never received)
[taskset-1] [WARN] [1791036771.367029238] [swept_clearance_node]: ignoring stale clearance sensor (camera never received)
[taskset-1] [WARN] [1791036773.368001331] [swept_clearance_node]: ignoring stale clearance sensor (camera never received)
[taskset-1] [WARN] [1791036775.369983401] [swept_clearance_node]: ignoring stale clearance sensor (camera never received)
[taskset-1] [WARN] [1791036777.418663017] [swept_clearance_node]: ignoring stale clearance sensor (camera never received)
[taskset-1] [WARN] [1791036779.420536079] [swept_clearance_node]: ignoring stale clearance sensor (camera never received)
[taskset-1] [WARN] [1791036781.466914661] [swept_clearance_node]: ignoring stale clearance sensor (camera never received)
[taskset-1] [WARN] [1791036783.467242849] [swept_clearance_node]: ignoring stale clearance sensor (camera never received)
[taskset-1] [WARN] [1791036785.517286697] [swept_clearance_node]: ignoring stale clearance sensor (camera never received)
[taskset-1] [WARN] [1791036787.520038144] [swept_clearance_node]: ignoring stale clearance sensor (camera never received)
[taskset-1] [WARN] [1791036789.523897702] [swept_clearance_node]: ignoring stale clearance sensor (camera never received)
[taskset-1] [WARN] [1791036791.524656910] [swept_clearance_node]: ignoring stale clearance sensor (camera never received)
[taskset-1] [WARN] [1791036793.567193577] [swept_clearance_node]: ignoring stale clearance sensor (camera never received)
[taskset-1] [WARN] [1791036794.918266830] [swept_clearance_node]: every clearance sensor is stale (lidar 0.29 s old, camera never received); publishing 0.0
[taskset-1] [WARN] [1791036795.569055532] [swept_clearance_node]: ignoring stale clearance sensor (camera never received)
[taskset-1] [WARN] [1791036797.617148139] [swept_clearance_node]: ignoring stale clearance sensor (camera never received)
[taskset-1] [WARN] [1791036799.619192321] [swept_clearance_node]: ignoring stale clearance sensor (camera never received)
[taskset-1] [WARN] [1791036801.619574998] [swept_clearance_node]: ignoring stale clearance sensor (camera never received)
[taskset-1] [WARN] [1791036803.667822135] [swept_clearance_node]: ignoring stale clearance sensor (camera never received)
[taskset-1] [WARN] [1791036805.667861786] [swept_clearance_node]: ignoring stale clearance sensor (camera never received)
[taskset-1] [WARN] [1791036807.720002119] [swept_clearance_node]: ignoring stale clearance sensor (camera never received)
[taskset-1] [WARN] [1791036809.720847985] [swept_clearance_node]: ignoring stale clearance sensor (camera never received)
[taskset-1] [WARN] [1791036811.722549493] [swept_clearance_node]: ignoring stale clearance sensor (camera never received)
[taskset-1] [WARN] [1791036813.767274984] [swept_clearance_node]: ignoring stale clearance sensor (camera never received)
[taskset-1] [WARN] [1791036815.819084061] [swept_clearance_node]: ignoring stale clearance sensor (camera never received)
[taskset-1] [WARN] [1791036817.819710976] [swept_clearance_node]: ignoring stale clearance sensor (camera never received)
[taskset-1] [WARN] [1791036819.866868540] [swept_clearance_node]: ignoring stale clearance sensor (camera never received)
[taskset-1] [WARN] [1791036821.867245146] [swept_clearance_node]: ignoring stale clearance sensor (camera never received)
[taskset-1] [WARN] [1791036823.867328041] [swept_clearance_node]: ignoring stale clearance sensor (camera never received)
[taskset-1] [WARN] [1791036825.917202186] [swept_clearance_node]: ignoring stale clearance sensor (camera never received)
[taskset-1] [WARN] [1791036827.967290580] [swept_clearance_node]: ignoring stale clearance sensor (camera never received)
[taskset-1] [WARN] [1791036829.967325598] [swept_clearance_node]: ignoring stale clearance sensor (camera never received)
[taskset-1] [WARN] [1791036832.021900436] [swept_clearance_node]: ignoring stale clearance sensor (camera never received)
[taskset-1] [WARN] [1791036834.023032000] [swept_clearance_node]: ignoring stale clearance sensor (camera never received)
[taskset-1] [WARN] [1791036836.067212624] [swept_clearance_node]: ignoring stale clearance sensor (camera never received)
[taskset-1] [WARN] [1791036837.420305002] [swept_clearance_node]: every clearance sensor is stale (lidar 0.29 s old, camera never received); publishing 0.0
[taskset-1] [WARN] [1791036838.117133409] [swept_clearance_node]: ignoring stale clearance sensor (camera never received)
[taskset-1] [WARN] [1791036840.117807053] [swept_clearance_node]: ignoring stale clearance sensor (camera never received)
[taskset-1] [WARN] [1791036842.119556314] [swept_clearance_node]: ignoring stale clearance sensor (camera never received)
[taskset-1] [WARN] [1791036844.121604573] [swept_clearance_node]: ignoring stale clearance sensor (camera never received)
[taskset-1] [WARN] [1791036846.168343028] [swept_clearance_node]: ignoring stale clearance sensor (camera never received)
[taskset-1] [WARN] [1791036848.224460514] [swept_clearance_node]: ignoring stale clearance sensor (camera never received)
[taskset-1] [WARN] [1791036850.267695485] [swept_clearance_node]: ignoring stale clearance sensor (camera never received)
[taskset-1] [WARN] [1791036852.328642313] [swept_clearance_node]: ignoring stale clearance sensor (camera never received)
[taskset-1] [WARN] [1791036854.367087127] [swept_clearance_node]: ignoring stale clearance sensor (camera never received)
[taskset-1] [WARN] [1791036856.367743802] [swept_clearance_node]: ignoring stale clearance sensor (camera never received)
[taskset-1] [WARN] [1791036858.420194876] [swept_clearance_node]: ignoring stale clearance sensor (camera never received)
[taskset-1] [WARN] [1791036860.423036480] [swept_clearance_node]: ignoring stale clearance sensor (camera never received)
[taskset-1] [WARN] [1791036862.467139219] [swept_clearance_node]: ignoring stale clearance sensor (camera never received)
[taskset-1] [WARN] [1791036864.471946371] [swept_clearance_node]: ignoring stale clearance sensor (camera never received)
[taskset-1] [WARN] [1791036866.522761059] [swept_clearance_node]: ignoring stale clearance sensor (camera never received)
[taskset-1] [WARN] [1791036868.567693068] [swept_clearance_node]: ignoring stale clearance sensor (camera never received)
[taskset-1] [WARN] [1791036870.568966588] [swept_clearance_node]: ignoring stale clearance sensor (camera never received)
[taskset-1] [WARN] [1791036872.620557066] [swept_clearance_node]: ignoring stale clearance sensor (camera never received)
[taskset-1] [WARN] [1791036874.624010022] [swept_clearance_node]: ignoring stale clearance sensor (camera never received)
[taskset-1] [WARN] [1791036876.669406811] [swept_clearance_node]: ignoring stale clearance sensor (camera never received)
[taskset-1] [WARN] [1791036878.671910962] [swept_clearance_node]: ignoring stale clearance sensor (camera never received)
[taskset-1] [WARN] [1791036879.918765363] [swept_clearance_node]: every clearance sensor is stale (lidar 0.29 s old, camera never received); publishing 0.0
[taskset-1] [WARN] [1791036880.723213063] [swept_clearance_node]: ignoring stale clearance sensor (camera never received)
[taskset-1] [WARN] [1791036882.723304743] [swept_clearance_node]: ignoring stale clearance sensor (camera never received)
[taskset-1] [WARN] [1791036884.723947563] [swept_clearance_node]: ignoring stale clearance sensor (camera never received)
[taskset-1] [WARN] [1791036886.767758970] [swept_clearance_node]: ignoring stale clearance sensor (camera never received)
[taskset-1] [WARN] [1791036888.774952811] [swept_clearance_node]: ignoring stale clearance sensor (camera never received)
[taskset-1] [WARN] [1791036890.826242820] [swept_clearance_node]: ignoring stale clearance sensor (camera never received)
[taskset-1] [WARN] [1791036892.867512422] [swept_clearance_node]: ignoring stale clearance sensor (camera never received)
[taskset-1] [WARN] [1791036894.918853038] [swept_clearance_node]: ignoring stale clearance sensor (camera never received)
[taskset-1] [WARN] [1791036896.922198757] [swept_clearance_node]: ignoring stale clearance sensor (camera never received)
[taskset-1] [WARN] [1791036898.922599060] [swept_clearance_node]: ignoring stale clearance sensor (camera never received)
[taskset-1] [WARN] [1791036900.968391752] [swept_clearance_node]: ignoring stale clearance sensor (camera never received)
[taskset-1] [WARN] [1791036903.018439987] [swept_clearance_node]: ignoring stale clearance sensor (camera never received)
[taskset-1] [WARN] [1791036905.067748564] [swept_clearance_node]: ignoring stale clearance sensor (camera never received)
[taskset-1] [WARN] [1791036907.070294505] [swept_clearance_node]: ignoring stale clearance sensor (camera never received)
[taskset-1] [WARN] [1791036909.120365490] [swept_clearance_node]: ignoring stale clearance sensor (camera never received)
[taskset-1] [WARN] [1791036911.123842655] [swept_clearance_node]: ignoring stale clearance sensor (camera never received)
[taskset-1] [WARN] [1791036913.174386237] [swept_clearance_node]: ignoring stale clearance sensor (camera never received)
[taskset-1] [WARN] [1791036915.175024378] [swept_clearance_node]: ignoring stale clearance sensor (camera never received)
[taskset-1] [WARN] [1791036917.220731510] [swept_clearance_node]: ignoring stale clearance sensor (camera never received)
[taskset-1] [WARN] [1791036919.267350394] [swept_clearance_node]: ignoring stale clearance sensor (camera never received)
[taskset-1] [WARN] [1791036921.267758415] [swept_clearance_node]: ignoring stale clearance sensor (camera never received)
[taskset-1] [WARN] [1791036922.368447836] [swept_clearance_node]: every clearance sensor is stale (lidar 0.25 s old, camera never received); publishing 0.0
[taskset-1] [WARN] [1791036923.318967788] [swept_clearance_node]: ignoring stale clearance sensor (camera never received)
[taskset-1] [WARN] [1791036925.319862977] [swept_clearance_node]: ignoring stale clearance sensor (camera never received)
[taskset-1] [WARN] [1791036927.323810992] [swept_clearance_node]: ignoring stale clearance sensor (camera never received)
[taskset-1] [WARN] [1791036929.324746246] [swept_clearance_node]: ignoring stale clearance sensor (camera never received)
[taskset-1] [WARN] [1791036931.367792126] [swept_clearance_node]: ignoring stale clearance sensor (camera never received)
[taskset-1] [WARN] [1791036933.368608093] [swept_clearance_node]: ignoring stale clearance sensor (camera never received)
[taskset-1] [WARN] [1791036935.421353537] [swept_clearance_node]: ignoring stale clearance sensor (camera never received)
[taskset-1] [WARN] [1791036937.421499789] [swept_clearance_node]: ignoring stale clearance sensor (camera never received)
[taskset-1] [WARN] [1791036939.467228865] [swept_clearance_node]: ignoring stale clearance sensor (camera never received)
[taskset-1] [WARN] [1791036941.517441561] [swept_clearance_node]: ignoring stale clearance sensor (camera never received)
[taskset-1] [WARN] [1791036943.518679163] [swept_clearance_node]: ignoring stale clearance sensor (camera never received)
[taskset-1] [WARN] [1791036945.519072436] [swept_clearance_node]: ignoring stale clearance sensor (camera never received)
[taskset-1] [WARN] [1791036947.566889147] [swept_clearance_node]: ignoring stale clearance sensor (camera never received)
[taskset-1] [WARN] [1791036949.567062255] [swept_clearance_node]: ignoring stale clearance sensor (camera never received)
[taskset-1] [WARN] [1791036951.620458291] [swept_clearance_node]: ignoring stale clearance sensor (camera never received)
[taskset-1] [WARN] [1791036953.666924546] [swept_clearance_node]: ignoring stale clearance sensor (camera never received)
[taskset-1] [WARN] [1791036955.666951494] [swept_clearance_node]: ignoring stale clearance sensor (camera never received)
[taskset-1] [WARN] [1791036957.666957263] [swept_clearance_node]: ignoring stale clearance sensor (camera never received)
[taskset-1] [WARN] [1791036959.720683028] [swept_clearance_node]: ignoring stale clearance sensor (camera never received)
[taskset-1] [WARN] [1791036961.767384457] [swept_clearance_node]: ignoring stale clearance sensor (camera never received)
[taskset-1] [WARN] [1791036963.817992158] [swept_clearance_node]: ignoring stale clearance sensor (camera never received)
[taskset-1] [WARN] [1791036964.868834025] [swept_clearance_node]: every clearance sensor is stale (lidar 0.26 s old, camera never received); publishing 0.0
[taskset-1] [WARN] [1791036965.820659446] [swept_clearance_node]: ignoring stale clearance sensor (camera never received)
[taskset-1] [WARN] [1791036967.870995940] [swept_clearance_node]: ignoring stale clearance sensor (camera never received)
[taskset-1] [WARN] [1791036969.923559958] [swept_clearance_node]: ignoring stale clearance sensor (camera never received)
[taskset-1] [WARN] [1791036971.967332083] [swept_clearance_node]: ignoring stale clearance sensor (camera never received)
[taskset-1] [WARN] [1791036974.021573097] [swept_clearance_node]: ignoring stale clearance sensor (camera never received)
[taskset-1] [WARN] [1791036976.067316347] [swept_clearance_node]: ignoring stale clearance sensor (camera never received)
[taskset-1] [WARN] [1791036978.118674131] [swept_clearance_node]: ignoring stale clearance sensor (camera never received)
[taskset-1] [WARN] [1791036980.118673134] [swept_clearance_node]: ignoring stale clearance sensor (camera never received)
[taskset-1] [WARN] [1791036982.119721639] [swept_clearance_node]: ignoring stale clearance sensor (camera never received)
[taskset-1] [WARN] [1791036984.171132479] [swept_clearance_node]: ignoring stale clearance sensor (camera never received)
[taskset-1] [WARN] [1791036986.220077486] [swept_clearance_node]: ignoring stale clearance sensor (camera never received)
[taskset-1] [WARN] [1791036988.267483929] [swept_clearance_node]: ignoring stale clearance sensor (camera never received)
[taskset-1] [WARN] [1791036990.317159728] [swept_clearance_node]: ignoring stale clearance sensor (camera never received)
[taskset-1] [WARN] [1791036992.317194008] [swept_clearance_node]: ignoring stale clearance sensor (camera never received)
[taskset-1] [WARN] [1791036994.317268170] [swept_clearance_node]: ignoring stale clearance sensor (camera never received)
[taskset-1] [WARN] [1791036996.320226183] [swept_clearance_node]: ignoring stale clearance sensor (camera never received)
[taskset-1] [WARN] [1791036998.366958112] [swept_clearance_node]: ignoring stale clearance sensor (camera never received)
[taskset-1] [WARN] [1791037000.367663913] [swept_clearance_node]: ignoring stale clearance sensor (camera never received)
[taskset-1] [WARN] [1791037000.467582824] [swept_clearance_node]: every clearance sensor is stale (lidar 0.29 s old, camera never received); publishing 0.0
[WARNING] [launch]: user interrupted with ctrl-c (SIGINT)
[INFO] [taskset-1]: sending signal 'SIGINT' to process[taskset-1]
[INFO] [taskset-1]: process has finished cleanly [pid 442955]
