1791018695.7647295 [INFO] [launch]: All log files can be found below /home/andre/dev_ws/f1tenth_more/output/phase5/step4/ros_log/2026-10-03-11-11-35-761648-thor-359807
1791018695.7652686 [INFO] [launch]: Default logging verbosity is set to INFO
1791018695.9677758 [INFO] [taskset-1]: process started with pid [359875]
1791018695.9682360 [INFO] [throttle-2]: process started with pid [359876]
1791018695.9683332 [INFO] [throttle-3]: process started with pid [359878]
1791018696.0806801 [taskset-1] [INFO] [1791018696.079839175] [foxglove_bridge]: Starting foxglove_bridge (jazzy, 3.5.0@)
1791018696.0817852 [taskset-1] [2026-10-03T09:11:36Z INFO  foxglove::websocket::server] Started server on 0.0.0.0:8765
1791018696.0821412 [taskset-1] [INFO] [1791018696.081473608] [foxglove_bridge]: Server listening on port 8765
1791018696.0868669 [taskset-1] [INFO] [1791018696.086369944] [foxglove_bridge]: Advertising new channel 2 for topic "/rosout"
1791018696.0897603 [taskset-1] [INFO] [1791018696.087222610] [foxglove_bridge]: Advertising new channel 3 for topic "/parameter_events"
1791018697.1292377 [taskset-1] [INFO] [1791018697.128589810] [foxglove_bridge]: Advertising new channel 4 for topic "/slam/pose_calibrated"
1791018697.1296368 [taskset-1] [INFO] [1791018697.128727190] [foxglove_bridge]: Advertising new channel 5 for topic "/set_pose"
1791018697.1301041 [taskset-1] [INFO] [1791018697.129497671] [foxglove_bridge]: Advertising new channel 6 for topic "/slam_toolbox/transition_event"
1791018697.1303103 [taskset-1] [INFO] [1791018697.129966771] [foxglove_bridge]: Advertising new channel 7 for topic "/safety_stop"
1791018697.1303582 [taskset-1] [INFO] [1791018697.129979262] [foxglove_bridge]: Advertising new channel 8 for topic "/teleop"
1791018697.1303909 [taskset-1] [INFO] [1791018697.130189670] [foxglove_bridge]: Advertising new channel 9 for topic "/robot_description"
1791018697.1324961 [taskset-1] [INFO] [1791018697.131993593] [foxglove_bridge]: Advertising new channel 10 for topic "/odometry/filtered"
1791018697.1328466 [taskset-1] [INFO] [1791018697.132073167] [foxglove_bridge]: Advertising new channel 11 for topic "/odom"
1791018697.1339774 [taskset-1] [INFO] [1791018697.132363074] [foxglove_bridge]: Advertising new channel 12 for topic "/joint_states"
1791018697.1342156 [taskset-1] [INFO] [1791018697.132380861] [foxglove_bridge]: Advertising new channel 13 for topic "/ekf_global/set_pose"
1791018697.1343110 [taskset-1] [INFO] [1791018697.133021230] [foxglove_bridge]: Advertising new channel 14 for topic "/tf_static"
1791018697.1343751 [taskset-1] [INFO] [1791018697.133045916] [foxglove_bridge]: Advertising new channel 15 for topic "/ekf_global/odometry/filtered"
1791018697.1344323 [taskset-1] [INFO] [1791018697.133293998] [foxglove_bridge]: Advertising new channel 16 for topic "/sensors/imu/raw"
1791018697.1345165 [taskset-1] [INFO] [1791018697.133314563] [foxglove_bridge]: Advertising new channel 17 for topic "/map_server/transition_event"
1791018697.1345975 [taskset-1] [INFO] [1791018697.133325359] [foxglove_bridge]: Advertising new channel 18 for topic "/drive"
1791018697.1346557 [taskset-1] [INFO] [1791018697.133333572] [foxglove_bridge]: Advertising new channel 19 for topic "/tf"
1791018697.1350870 [taskset-1] [INFO] [1791018697.133954145] [foxglove_bridge]: Advertising new channel 20 for topic "/diagnostics"
1791018697.1351793 [taskset-1] [INFO] [1791018697.133967765] [foxglove_bridge]: Advertising new channel 21 for topic "/calibration_drive"
1791018697.1357245 [taskset-1] [INFO] [1791018697.133980201] [foxglove_bridge]: Advertising new channel 22 for topic "/ackermann_drive"
1791018698.0684822 [taskset-1] [INFO] [1791018698.067764476] [foxglove_bridge]: Advertising new channel 23 for topic "/slam_toolbox/scan_visualization"
1791018698.0705514 [taskset-1] [INFO] [1791018698.070204574] [foxglove_bridge]: Advertising new channel 24 for topic "/slam_toolbox/graph_visualization"
1791018698.0708153 [taskset-1] [INFO] [1791018698.070248398] [foxglove_bridge]: Advertising new channel 25 for topic "/slam/pose"
1791018698.0711529 [taskset-1] [INFO] [1791018698.070655981] [foxglove_bridge]: Advertising new channel 26 for topic "/slam/map_metadata"
1791018698.0713575 [taskset-1] [INFO] [1791018698.071193267] [foxglove_bridge]: Advertising new channel 27 for topic "/slam/map"
1791018698.0718348 [taskset-1] [INFO] [1791018698.071704683] [foxglove_bridge]: Advertising new channel 28 for topic "/sensors/core"
1791018698.0720301 [taskset-1] [INFO] [1791018698.071750720] [foxglove_bridge]: Advertising new channel 29 for topic "/scan"
1791018698.0720797 [taskset-1] [INFO] [1791018698.071784516] [foxglove_bridge]: Advertising new channel 30 for topic "/mpc/corridor_markers"
1791018698.0722413 [taskset-1] [INFO] [1791018698.072173663] [foxglove_bridge]: Advertising new channel 31 for topic "/mission/status"
1791018698.0725949 [taskset-1] [INFO] [1791018698.072522858] [foxglove_bridge]: Advertising new channel 32 for topic "/slam_toolbox/feedback"
1791018698.0726640 [taskset-1] [INFO] [1791018698.072538524] [foxglove_bridge]: Advertising new channel 33 for topic "/map"
1791018698.0729465 [taskset-1] [INFO] [1791018698.072857302] [foxglove_bridge]: Advertising new channel 34 for topic "/diagnostics/battery_status"
1791018698.0743883 [taskset-1] [INFO] [1791018698.074260032] [foxglove_bridge]: Advertising new channel 35 for topic "/costmap/semantic_tracks"
1791018698.0744987 [taskset-1] [INFO] [1791018698.074281623] [foxglove_bridge]: Advertising new channel 36 for topic "/costmap/safe_corridor_report"
1791018698.0747132 [taskset-1] [INFO] [1791018698.074586595] [foxglove_bridge]: Advertising new channel 37 for topic "/costmap/front_clearance"
1791018698.0752976 [taskset-1] [INFO] [1791018698.075199205] [foxglove_bridge]: Advertising new channel 38 for topic "/costmap/boundaries"
1791018698.0769000 [taskset-1] [INFO] [1791018698.076744157] [foxglove_bridge]: Advertising new channel 39 for topic "/slam_toolbox/update"
1791018698.0773194 [taskset-1] [INFO] [1791018698.077192304] [foxglove_bridge]: Advertising new channel 40 for topic "/cmd_vel_nav"
1791018698.0775144 [taskset-1] [INFO] [1791018698.077218110] [foxglove_bridge]: Advertising new channel 41 for topic "/camera/detections_3d"
1791018698.0775833 [taskset-1] [INFO] [1791018698.077236286] [foxglove_bridge]: Advertising new channel 42 for topic "/costmap/semantic_markers"
1791018698.0777452 [taskset-1] [INFO] [1791018698.077521943] [foxglove_bridge]: Advertising new channel 43 for topic "/calibration/in_progress"
1791018698.0779655 [taskset-1] [INFO] [1791018698.077873590] [foxglove_bridge]: Advertising new channel 44 for topic "/diagnostics/system_status"
1791018698.0783074 [taskset-1] [INFO] [1791018698.078218850] [foxglove_bridge]: Advertising new channel 45 for topic "/costmap/visualization"
1791018698.0786340 [taskset-1] [INFO] [1791018698.078548062] [foxglove_bridge]: Advertising new channel 46 for topic "/bond"
1791018699.0611365 [taskset-1] [INFO] [1791018699.060419721] [foxglove_bridge]: Advertising new channel 47 for topic "/test_campaign/logger_status"
1791018699.0620177 [taskset-1] [INFO] [1791018699.061731182] [foxglove_bridge]: Advertising new channel 48 for topic "/perception/obstacles_2d"
1791018699.0621800 [taskset-1] [INFO] [1791018699.061794460] [foxglove_bridge]: Advertising new channel 49 for topic "/perception/d_wall/psi_correction"
1791018699.0622599 [taskset-1] [INFO] [1791018699.061816608] [foxglove_bridge]: Advertising new channel 50 for topic "/mpc/status"
1791018699.0623279 [taskset-1] [INFO] [1791018699.061831589] [foxglove_bridge]: Advertising new channel 51 for topic "/mpc/predicted_min_clearance"
1791018699.0626414 [taskset-1] [INFO] [1791018699.062355366] [foxglove_bridge]: Advertising new channel 52 for topic "/mpc/object_status"
1791018699.0628817 [taskset-1] [INFO] [1791018699.062706282] [foxglove_bridge]: Advertising new channel 53 for topic "/mpc/goal_turn"
1791018699.0631580 [taskset-1] [INFO] [1791018699.063058161] [foxglove_bridge]: Advertising new channel 54 for topic "/mpc/wall_track"
1791018699.0632336 [taskset-1] [INFO] [1791018699.063077671] [foxglove_bridge]: Advertising new channel 55 for topic "/mpc/goal_reached"
1791018699.0634422 [taskset-1] [INFO] [1791018699.063094078] [foxglove_bridge]: Advertising new channel 56 for topic "/mpc/goal_object_end"
1791018699.0636275 [taskset-1] [INFO] [1791018699.063540947] [foxglove_bridge]: Advertising new channel 57 for topic "/mpc/goal_object"
1791018699.0639966 [taskset-1] [INFO] [1791018699.063912494] [foxglove_bridge]: Advertising new channel 58 for topic "/mpc/goal_drive"
1791018699.0642958 [taskset-1] [INFO] [1791018699.064211993] [foxglove_bridge]: Advertising new channel 59 for topic "/mpc/drive_clamp"
1791018699.0644524 [taskset-1] [INFO] [1791018699.064244687] [foxglove_bridge]: Advertising new channel 60 for topic "/model/virtual_robot/odometry"
1791018699.0652266 [taskset-1] [INFO] [1791018699.064268567] [foxglove_bridge]: Advertising new channel 61 for topic "/imu"
1791018699.0655487 [taskset-1] [INFO] [1791018699.064652002] [foxglove_bridge]: Advertising new channel 62 for topic "/mpc/goal_pose"
1791018699.0656245 [taskset-1] [INFO] [1791018699.064675937] [foxglove_bridge]: Advertising new channel 63 for topic "/mpc/goal_distance"
1791018699.0656822 [taskset-1] [INFO] [1791018699.064704141] [foxglove_bridge]: Advertising new channel 64 for topic "/mpc/min_obstacle_distance"
1791018699.0657396 [taskset-1] [INFO] [1791018699.064719391] [foxglove_bridge]: Advertising new channel 65 for topic "/mpc/hold"
1791018699.0658257 [taskset-1] [INFO] [1791018699.064761141] [foxglove_bridge]: Advertising new channel 66 for topic "/corridor"
1791018699.0658815 [taskset-1] [INFO] [1791018699.064775214] [foxglove_bridge]: Advertising new channel 67 for topic "/mpc/min_obstacle_distance_forward"
1791018699.0659380 [taskset-1] [INFO] [1791018699.065209399] [foxglove_bridge]: Advertising new channel 68 for topic "/mpc/solver_status"
1791018699.0659945 [taskset-1] [INFO] [1791018699.065243029] [foxglove_bridge]: Advertising new channel 69 for topic "/perception/front_distance"
1791018699.6584492 [taskset-1] [INFO] [1791018699.657741990] [foxglove_bridge]: Advertising new channel 70 for topic "/test/mission_event"
1791018699.6592801 [taskset-1] [INFO] [1791018699.657981100] [foxglove_bridge]: Advertising new channel 71 for topic "/mission/load_path"
1791018699.6594148 [taskset-1] [INFO] [1791018699.658023786] [foxglove_bridge]: Advertising new channel 72 for topic "/safety/event"
1791018699.6641464 [taskset-1] [INFO] [1791018699.661111374] [foxglove_bridge]: Advertising new channel 73 for topic "/mission/move_outcome"
1791018699.6660528 [taskset-1] [INFO] [1791018699.663358751] [foxglove_bridge]: Advertising new channel 74 for topic "/camera/detections"
1791018699.6663024 [taskset-1] [INFO] [1791018699.665813932] [foxglove_bridge]: Advertising new channel 75 for topic "/bt/tree_visualization"
1791018699.6687014 [taskset-1] [INFO] [1791018699.668334150] [foxglove_bridge]: Advertising new channel 76 for topic "/behavior/tree_status"
1791018700.3257682 [taskset-1] [INFO] [1791018700.325004523] [foxglove_bridge]: Advertising new channel 77 for topic "/perception/d_wall/segment"
1791018700.3266659 [taskset-1] [INFO] [1791018700.325828725] [foxglove_bridge]: Advertising new channel 78 for topic "/perception/d_wall"
1791018700.3268290 [taskset-1] [INFO] [1791018700.325883484] [foxglove_bridge]: Advertising new channel 79 for topic "/obstacle_clearance"
1791018701.2418966 [taskset-1] [INFO] [1791018701.241159243] [foxglove_bridge]: Advertising new channel 80 for topic "/perception/swept_clearance/lidar"
1791018701.2422879 [taskset-1] [INFO] [1791018701.241334864] [foxglove_bridge]: Advertising new channel 81 for topic "/perception/swept_clearance/camera"
1791018701.2427835 [taskset-1] [INFO] [1791018701.241394327] [foxglove_bridge]: Advertising new channel 82 for topic "/zed2/zed_node/depth/depth_registered"
1791018701.2430861 [taskset-1] [INFO] [1791018701.242602343] [foxglove_bridge]: Advertising new channel 83 for topic "/perception/lidar_front_wall"
1791018701.2431674 [taskset-1] [INFO] [1791018701.242661612] [foxglove_bridge]: Advertising new channel 84 for topic "/perception/d_wall/swept_arc"
1791018701.2432475 [taskset-1] [INFO] [1791018701.242688871] [foxglove_bridge]: Advertising new channel 85 for topic "/perception/swept_clearance"
1791018701.2433097 [taskset-1] [INFO] [1791018701.242731473] [foxglove_bridge]: Advertising new channel 86 for topic "/perception/d_wall/gate_margin"
1791018701.2443151 [taskset-1] [INFO] [1791018701.244197942] [foxglove_bridge]: Advertising new channel 87 for topic "/zed2/zed_node/depth/camera_info"
1791018701.2445152 [taskset-1] [INFO] [1791018701.244355960] [foxglove_bridge]: Advertising new channel 88 for topic "/perception/swept_clearance/steering"
1791018701.2449877 [taskset-1] [INFO] [1791018701.244900080] [foxglove_bridge]: Advertising new channel 89 for topic "/perception/lidar_front_wall_virtual"
1791018820.9947121 [taskset-1] [INFO] [1791018820.993980519] [foxglove_bridge]: Advertising new channel 90 for topic "/events/write_split"
1791018832.7551818 [taskset-1] [INFO] [1791018832.754371319] [foxglove_bridge]: Removing channel 90 for topic "/events/write_split" (rosbag2_interfaces/msg/WriteSplitEvent)
1791018906.9744596 [taskset-1] [INFO] [1791018906.973744194] [foxglove_bridge]: Removing channel 33 for topic "/map" (nav_msgs/msg/OccupancyGrid)
1791018906.9753487 [taskset-1] [INFO] [1791018906.974048509] [foxglove_bridge]: Removing channel 46 for topic "/bond" (bond/msg/Status)
1791018943.3067307 [WARNING] [launch]: user interrupted with ctrl-c (SIGINT)
1791018943.3097696 [taskset-1] [INFO] [1791018943.302301312] [rclcpp]: signal_handler(SIGINT/SIGTERM)
1791018943.3101544 [INFO] [throttle-3]: sending signal 'SIGINT' to process[throttle-3]
1791018943.3318503 [INFO] [throttle-2]: sending signal 'SIGINT' to process[throttle-2]
1791018943.3325758 [INFO] [taskset-1]: sending signal 'SIGINT' to process[taskset-1]
1791018943.3377013 [taskset-1] [INFO] [1791018943.310852957] [foxglove_bridge]: Shutting down foxglove_bridge
1791018943.3392186 [taskset-1] [2026-10-03T09:15:43Z INFO  foxglove::websocket::server] Shutting down
1791018943.3401821 [taskset-1] [2026-10-03T09:15:43Z INFO  foxglove::websocket::server] Shutdown complete
1791018943.3403831 [taskset-1] [INFO] [1791018943.321254767] [foxglove_bridge]: Shutdown complete
1791018943.3492956 [ERROR] [throttle-3]: process has died [pid 359878, exit code -2, cmd '/opt/ros/jazzy/lib/topic_tools/throttle messages /camera/image_annotated 5.0 /camera/image_annotated/viz --ros-args -r __node:=image_annotated_viz_throttle'].
1791018943.3514509 [taskset-1] [INFO] [1791018943.338243187] [rclcpp]: signal_handler(SIGINT/SIGTERM)
1791018943.3525038 [ERROR] [throttle-2]: process has died [pid 359876, exit code -2, cmd '/opt/ros/jazzy/lib/topic_tools/throttle messages /camera/image_raw 5.0 /camera/image_raw/viz --ros-args -r __node:=image_raw_viz_throttle'].
1791018943.8125911 [INFO] [taskset-1]: process has finished cleanly [pid 359875]
