1791019878.1318326 [INFO] [launch]: All log files can be found below /home/andre/dev_ws/f1tenth_more/output/phase5/cycles/cycle_01/ros_log/2026-10-03-11-31-18-127895-thor-370919
1791019878.1326334 [INFO] [launch]: Default logging verbosity is set to INFO
1791019878.7162886 [INFO] [taskset-1]: process started with pid [371165]
1791019878.7168090 [INFO] [taskset-2]: process started with pid [371167]
1791019878.7169356 [INFO] [slam_pose_relay_node-3]: process started with pid [371168]
1791019878.7170050 [INFO] [taskset-4]: process started with pid [371169]
1791019878.7170639 [INFO] [robot_state_publisher-5]: process started with pid [371170]
1791019878.7171178 [INFO] [joint_state_publisher-6]: process started with pid [371172]
1791019878.7171588 [INFO] [static_transform_publisher-7]: process started with pid [371187]
1791019878.7832155 [static_transform_publisher-7] [WARN] [1791019878.774897217] []: Old-style arguments are deprecated; see --help for new-style arguments
1791019878.8235321 [static_transform_publisher-7] [INFO] [1791019878.822870719] [static_baselink_to_laser]: Spinning until stopped - publishing transform
1791019878.8307016 [static_transform_publisher-7] translation: ('0.120000', '0.000000', '0.200000')
1791019878.8310440 [static_transform_publisher-7] rotation: ('0.000000', '0.000000', '0.000000', '1.000000')
1791019878.8311284 [static_transform_publisher-7] from 'base_link' to 'laser'
1791019923.7150223 [WARNING] [launch]: user interrupted with ctrl-c (SIGINT)
1791019923.7340121 [static_transform_publisher-7] [INFO] [1791019923.711526530] [rclcpp]: signal_handler(SIGINT/SIGTERM)
1791019923.7370307 [INFO] [static_transform_publisher-7]: sending signal 'SIGINT' to process[static_transform_publisher-7]
1791019923.7554011 [INFO] [joint_state_publisher-6]: sending signal 'SIGINT' to process[joint_state_publisher-6]
1791019923.7575412 [INFO] [robot_state_publisher-5]: sending signal 'SIGINT' to process[robot_state_publisher-5]
1791019923.7591341 [INFO] [taskset-4]: sending signal 'SIGINT' to process[taskset-4]
1791019923.7610567 [INFO] [slam_pose_relay_node-3]: sending signal 'SIGINT' to process[slam_pose_relay_node-3]
1791019923.7622294 [INFO] [taskset-2]: sending signal 'SIGINT' to process[taskset-2]
1791019923.7632711 [INFO] [taskset-1]: sending signal 'SIGINT' to process[taskset-1]
1791019923.7651818 [ERROR] [static_transform_publisher-7]: process has died [pid 371187, exit code -2, cmd '/opt/ros/jazzy/lib/tf2_ros/static_transform_publisher 0.12 0.0 0.20 0.0 0.0 0.0 base_link laser --ros-args -r __node:=static_baselink_to_laser'].
1791019923.7742286 [ERROR] [taskset-1]: process has died [pid 371165, exit code -2, cmd 'taskset -c 0,1 /opt/ros/jazzy/lib/robot_localization/ekf_node --ros-args -r __node:=ekf_filter_node --params-file /home/andre/dev_ws/f1tenth_more/install/f1tenth_bringup/share/f1tenth_bringup/config/ekf.yaml'].
1791019923.7954772 [ERROR] [taskset-2]: process has died [pid 371167, exit code -2, cmd 'taskset -c 0,1 /opt/ros/jazzy/lib/robot_localization/ekf_node --ros-args -r __node:=ekf_global_filter_node -r __ns:=/ekf_global --params-file /home/andre/dev_ws/f1tenth_more/install/f1tenth_bringup/share/f1tenth_bringup/config/ekf_global.yaml'].
1791019923.9745288 [ERROR] [slam_pose_relay_node-3]: process has died [pid 371168, exit code -2, cmd '/home/andre/dev_ws/f1tenth_more/install/f1tenth_localization/lib/f1tenth_localization/slam_pose_relay_node --ros-args -r __node:=slam_pose_relay_node --params-file /home/andre/dev_ws/f1tenth_more/install/f1tenth_bringup/share/f1tenth_bringup/config/ekf_global.yaml'].
1791019923.9794168 [ERROR] [taskset-4]: process has died [pid 371169, exit code -2, cmd 'taskset -c 2-11 /home/andre/dev_ws/f1tenth_more/install/f1tenth_diagnostics/lib/f1tenth_diagnostics/ekf_cost_observer_node --ros-args -r __node:=ekf_cost_observer_node'].
1791019923.9850485 [INFO] [robot_state_publisher-5]: process has finished cleanly [pid 371170]
1791019924.0046539 [ERROR] [joint_state_publisher-6]: process has died [pid 371172, exit code -2, cmd '/opt/ros/jazzy/lib/joint_state_publisher/joint_state_publisher --ros-args -r __node:=joint_state_publisher --params-file /tmp/launch_params_e53cog8o'].
