[INFO] [1791034432.038826248] [swept_clearance_node]: swept_clearance_node up: lidar /scan, depth /zed2/zed_node/depth/depth_registered; steering /ackermann_drive as lagged_command (lag 0.30 s) -> /perception/swept_clearance
[WARN] [1791034432.041017622] [swept_clearance_node]: every clearance sensor is stale (lidar never received, camera never received); publishing 0.0
[WARN] [1791034434.084058699] [swept_clearance_node]: every clearance sensor is stale (lidar never received, camera never received); publishing 0.0
[WARN] [1791034436.084363057] [swept_clearance_node]: every clearance sensor is stale (lidar never received, camera never received); publishing 0.0
[WARN] [1791034438.084383390] [swept_clearance_node]: every clearance sensor is stale (lidar never received, camera never received); publishing 0.0
[WARN] [1791034440.132389452] [swept_clearance_node]: every clearance sensor is stale (lidar never received, camera never received); publishing 0.0
[WARN] [1791034442.184159355] [swept_clearance_node]: every clearance sensor is stale (lidar never received, camera never received); publishing 0.0
[WARN] [1791034444.232476217] [swept_clearance_node]: every clearance sensor is stale (lidar never received, camera never received); publishing 0.0
[WARN] [1791034446.232541106] [swept_clearance_node]: every clearance sensor is stale (lidar never received, camera never received); publishing 0.0
[WARN] [1791034448.285440926] [swept_clearance_node]: every clearance sensor is stale (lidar never received, camera never received); publishing 0.0
[WARN] [1791034450.332725007] [swept_clearance_node]: every clearance sensor is stale (lidar never received, camera never received); publishing 0.0
[WARN] [1791034452.383598966] [swept_clearance_node]: every clearance sensor is stale (lidar never received, camera never received); publishing 0.0
[INFO] [1791034453.123897321] [swept_clearance_node]: base_link <- laser: t=(0.120, 0.000, 0.200) m
[WARN] [1791034453.131923302] [swept_clearance_node]: ignoring stale clearance sensor (camera never received)
[WARN] [1791034455.132107728] [swept_clearance_node]: ignoring stale clearance sensor (camera never received)
[WARN] [1791034457.134460333] [swept_clearance_node]: ignoring stale clearance sensor (camera never received)
[WARN] [1791034457.483668102] [swept_clearance_node]: every clearance sensor is stale (lidar 0.29 s old, camera never received); publishing 0.0
[WARN] [1791034459.183362460] [swept_clearance_node]: ignoring stale clearance sensor (camera never received)
[WARN] [1791034461.187995934] [swept_clearance_node]: ignoring stale clearance sensor (camera never received)
[WARN] [1791034463.231969151] [swept_clearance_node]: ignoring stale clearance sensor (camera never received)
[WARN] [1791034465.233305475] [swept_clearance_node]: ignoring stale clearance sensor (camera never received)
[WARN] [1791034467.287914489] [swept_clearance_node]: ignoring stale clearance sensor (camera never received)
[WARN] [1791034469.331997264] [swept_clearance_node]: ignoring stale clearance sensor (camera never received)
[WARN] [1791034471.332050444] [swept_clearance_node]: ignoring stale clearance sensor (camera never received)
[WARN] [1791034473.332393544] [swept_clearance_node]: ignoring stale clearance sensor (camera never received)
[WARN] [1791034475.383455636] [swept_clearance_node]: ignoring stale clearance sensor (camera never received)
[WARN] [1791034477.432021956] [swept_clearance_node]: ignoring stale clearance sensor (camera never received)
[WARN] [1791034479.432049976] [swept_clearance_node]: ignoring stale clearance sensor (camera never received)
[WARN] [1791034481.433575708] [swept_clearance_node]: ignoring stale clearance sensor (camera never received)
[WARN] [1791034483.437415871] [swept_clearance_node]: ignoring stale clearance sensor (camera never received)
[WARN] [1791034485.486079602] [swept_clearance_node]: ignoring stale clearance sensor (camera never received)
[WARN] [1791034487.487653624] [swept_clearance_node]: ignoring stale clearance sensor (camera never received)
[WARN] [1791034489.532010947] [swept_clearance_node]: ignoring stale clearance sensor (camera never received)
[WARN] [1791034491.532047953] [swept_clearance_node]: ignoring stale clearance sensor (camera never received)
[WARN] [1791034493.587678263] [swept_clearance_node]: ignoring stale clearance sensor (camera never received)
[WARN] [1791034495.481973590] [swept_clearance_node]: every clearance sensor is stale (lidar 0.27 s old, camera never received); publishing 0.0
[WARN] [1791034495.632529889] [swept_clearance_node]: ignoring stale clearance sensor (camera never received)
[WARN] [1791034497.682209560] [swept_clearance_node]: ignoring stale clearance sensor (camera never received)
[WARN] [1791034499.683235380] [swept_clearance_node]: ignoring stale clearance sensor (camera never received)
[WARN] [1791034501.683569670] [swept_clearance_node]: ignoring stale clearance sensor (camera never received)
[WARN] [1791034503.683974203] [swept_clearance_node]: ignoring stale clearance sensor (camera never received)
[WARN] [1791034505.688070810] [swept_clearance_node]: ignoring stale clearance sensor (camera never received)
[WARN] [1791034507.731991162] [swept_clearance_node]: ignoring stale clearance sensor (camera never received)
[WARN] [1791034509.783181098] [swept_clearance_node]: ignoring stale clearance sensor (camera never received)
[WARN] [1791034511.783490155] [swept_clearance_node]: ignoring stale clearance sensor (camera never received)
[WARN] [1791034513.783803356] [swept_clearance_node]: ignoring stale clearance sensor (camera never received)
[WARN] [1791034515.787883178] [swept_clearance_node]: ignoring stale clearance sensor (camera never received)
[WARN] [1791034517.831992707] [swept_clearance_node]: ignoring stale clearance sensor (camera never received)
[WARN] [1791034519.883614561] [swept_clearance_node]: ignoring stale clearance sensor (camera never received)
[WARN] [1791034521.883809917] [swept_clearance_node]: ignoring stale clearance sensor (camera never received)
[WARN] [1791034523.886742301] [swept_clearance_node]: ignoring stale clearance sensor (camera never received)
[WARN] [1791034525.935015493] [swept_clearance_node]: ignoring stale clearance sensor (camera never received)
[WARN] [1791034527.988041614] [swept_clearance_node]: ignoring stale clearance sensor (camera never received)
[WARN] [1791034530.032230185] [swept_clearance_node]: ignoring stale clearance sensor (camera never received)
[WARN] [1791034532.087852500] [swept_clearance_node]: ignoring stale clearance sensor (camera never received)
[WARN] [1791034534.132106297] [swept_clearance_node]: ignoring stale clearance sensor (camera never received)
[WARN] [1791034536.189596050] [swept_clearance_node]: ignoring stale clearance sensor (camera never received)
[WARN] [1791034537.984243007] [swept_clearance_node]: every clearance sensor is stale (lidar 0.29 s old, camera never received); publishing 0.0
[WARN] [1791034538.231969828] [swept_clearance_node]: ignoring stale clearance sensor (camera never received)
[WARN] [1791034540.234107727] [swept_clearance_node]: ignoring stale clearance sensor (camera never received)
[WARN] [1791034542.283478162] [swept_clearance_node]: ignoring stale clearance sensor (camera never received)
[WARN] [1791034544.332064548] [swept_clearance_node]: ignoring stale clearance sensor (camera never received)
[WARN] [1791034546.387750982] [swept_clearance_node]: ignoring stale clearance sensor (camera never received)
[WARN] [1791034548.431852725] [swept_clearance_node]: ignoring stale clearance sensor (camera never received)
[WARN] [1791034550.432659051] [swept_clearance_node]: ignoring stale clearance sensor (camera never received)
[WARN] [1791034552.432872694] [swept_clearance_node]: ignoring stale clearance sensor (camera never received)
[WARN] [1791034554.483921960] [swept_clearance_node]: ignoring stale clearance sensor (camera never received)
[WARN] [1791034556.484313418] [swept_clearance_node]: ignoring stale clearance sensor (camera never received)
[WARN] [1791034558.488160759] [swept_clearance_node]: ignoring stale clearance sensor (camera never received)
[WARN] [1791034560.532029298] [swept_clearance_node]: ignoring stale clearance sensor (camera never received)
[WARN] [1791034562.532160951] [swept_clearance_node]: ignoring stale clearance sensor (camera never received)
[WARN] [1791034564.583493515] [swept_clearance_node]: ignoring stale clearance sensor (camera never received)
[WARN] [1791034566.588637266] [swept_clearance_node]: ignoring stale clearance sensor (camera never received)
[WARN] [1791034568.631980203] [swept_clearance_node]: ignoring stale clearance sensor (camera never received)
[WARN] [1791034570.632025096] [swept_clearance_node]: ignoring stale clearance sensor (camera never received)
[WARN] [1791034572.632066346] [swept_clearance_node]: ignoring stale clearance sensor (camera never received)
[WARN] [1791034574.636211436] [swept_clearance_node]: ignoring stale clearance sensor (camera never received)
[WARN] [1791034576.684314000] [swept_clearance_node]: ignoring stale clearance sensor (camera never received)
[WARN] [1791034578.691129515] [swept_clearance_node]: ignoring stale clearance sensor (camera never received)
[WARN] [1791034580.484188737] [swept_clearance_node]: every clearance sensor is stale (lidar 0.29 s old, camera never received); publishing 0.0
[WARN] [1791034580.733605534] [swept_clearance_node]: ignoring stale clearance sensor (camera never received)
[WARN] [1791034582.787703177] [swept_clearance_node]: ignoring stale clearance sensor (camera never received)
[WARN] [1791034584.831901999] [swept_clearance_node]: ignoring stale clearance sensor (camera never received)
[WARN] [1791034586.832002490] [swept_clearance_node]: ignoring stale clearance sensor (camera never received)
[WARN] [1791034588.832010415] [swept_clearance_node]: ignoring stale clearance sensor (camera never received)
[WARN] [1791034590.883381908] [swept_clearance_node]: ignoring stale clearance sensor (camera never received)
[WARN] [1791034592.883750424] [swept_clearance_node]: ignoring stale clearance sensor (camera never received)
[WARN] [1791034594.931904329] [swept_clearance_node]: ignoring stale clearance sensor (camera never received)
[WARN] [1791034596.931917352] [swept_clearance_node]: ignoring stale clearance sensor (camera never received)
[WARN] [1791034598.931986219] [swept_clearance_node]: ignoring stale clearance sensor (camera never received)
[WARN] [1791034600.932013749] [swept_clearance_node]: ignoring stale clearance sensor (camera never received)
[WARN] [1791034601.184050364] [swept_clearance_node]: every clearance sensor is stale (lidar 0.26 s old, camera never received); publishing 0.0
