[INFO] [launch]: All log files can be found below /home/andre/dev_ws/f1tenth_more/output/fix_batch_4/isolation/udp/run_09/ros_log/2026-10-03-17-21-58-952168-thor-566749
[INFO] [launch]: Default logging verbosity is set to INFO
[INFO] [taskset-1]: process started with pid [566802]
[INFO] [map_server-2]: process started with pid [566805]
[INFO] [lifecycle_manager-3]: process started with pid [566807]
[lifecycle_manager-3] [INFO] [1791040919.344981797] [lifecycle_manager_map]: Creating
[lifecycle_manager-3] [INFO] [1791040919.363716460] [lifecycle_manager_map]: [34m[1mCreating and initializing lifecycle service clients[0m[0m
[map_server-2] [INFO] [1791040919.400463712] [map_server]: 
[map_server-2] 	map_server lifecycle node launched. 
[map_server-2] 	Waiting on external lifecycle transitions to activate
[map_server-2] 	See https://design.ros2.org/articles/node_lifecycle.html for more information.
[map_server-2] [INFO] [1791040919.400769176] [map_server]: Creating
[lifecycle_manager-3] [INFO] [1791040920.110647269] [lifecycle_manager_map]: [34m[1mStarting managed nodes bringup...[0m[0m
[lifecycle_manager-3] [INFO] [1791040920.110797205] [lifecycle_manager_map]: [34m[1mConfiguring map_server[0m[0m
[map_server-2] [INFO] [1791040920.115193356] [map_server]: Configuring
[map_server-2] [INFO] [1791040920.117559089] [map_io]: Loading yaml file: /home/andre/dev_ws/f1tenth_more/install/f1tenth_navigation/share/f1tenth_navigation/maps/square_100m.yaml
[map_server-2] [INFO] [1791040920.120247536] [map_io]: resolution: 0.05
[map_server-2] [INFO] [1791040920.120296610] [map_io]: origin[0]: -50
[map_server-2] [INFO] [1791040920.120300202] [map_io]: origin[1]: -50
[map_server-2] [INFO] [1791040920.120303276] [map_io]: origin[2]: 0
[map_server-2] [INFO] [1791040920.120307230] [map_io]: free_thresh: 0.196
[map_server-2] [INFO] [1791040920.120310813] [map_io]: occupied_thresh: 0.65
[map_server-2] [INFO] [1791040920.120322869] [map_io]: mode: trinary
[map_server-2] [INFO] [1791040920.120330360] [map_io]: negate: 0
[map_server-2] [INFO] [1791040920.120840194] [map_io]: Loading image_file: /home/andre/dev_ws/f1tenth_more/install/f1tenth_navigation/share/f1tenth_navigation/maps/square_100m.pgm
[map_server-2] [INFO] [1791040920.180537307] [map_io]: Read map /home/andre/dev_ws/f1tenth_more/install/f1tenth_navigation/share/f1tenth_navigation/maps/square_100m.pgm: 2000 X 2000 map @ 0.05 m/cell
[lifecycle_manager-3] [INFO] [1791040920.199514351] [lifecycle_manager_map]: [34m[1mActivating map_server[0m[0m
[map_server-2] [INFO] [1791040920.199860175] [map_server]: Activating
[map_server-2] [INFO] [1791040920.204232252] [map_server]: Creating bond (map_server) to lifecycle manager.
[lifecycle_manager-3] [INFO] [1791040920.319060634] [lifecycle_manager_map]: Server map_server connected with bond.
[lifecycle_manager-3] [INFO] [1791040920.319203347] [lifecycle_manager_map]: [34m[1mManaged nodes are active[0m[0m
[lifecycle_manager-3] [INFO] [1791040920.319226421] [lifecycle_manager_map]: [34m[1mCreating bond timer...[0m[0m
[taskset-1] [INFO] [1791040921.013756503] [mpc_corr]: OBJECT CORRIDOR | startup: object_corridor_mode='off' (straight corridor pinned to the target line) -- the default
[taskset-1] [INFO] [1791040921.019777591] [mpc_corr]: model log -> "/home/andre/dev_ws/f1tenth_more/mpc_log.csv" (t,x,y,psi,v,steer_cmd,accel_cmd; see docs/DIAGNOSTICS.md)
[taskset-1] [INFO] [1791040921.029980886] [mpc_corr]: corridor_log_path = "/home/andre/dev_ws/f1tenth_more/src/f1tenth_control/corridors_jsons/corridor_debug_20261003T172201.jsonl"
[taskset-1] [INFO] [1791040921.064243367] [mpc_corr]: MPC Controller STARTED (pure MPC + obstacle avoidance [fixed deflection + predicted clearance], no plan executor)
[taskset-1] [INFO] [1791040921.065804571] [mpc_corr]: CFG | ts=0.1 N=20 vdes=0.5 dmin=0.32 wheel_radius=0.05 car_radius=0.2 avoidance_margin=0.12
[taskset-1] [INFO] [1791040921.067304619] [mpc_corr]: CFG | limits={'delta_min': -0.283, 'delta_max': 0.278, 'a_min': -2.0, 'a_max': 3.0, 'dDeltaMin': -0.5, 'dDeltaMax': 0.5, 'dAMin': -2.0, 'dAMax': 2.0, 'vMin': -1.0, 'vMax': 3.0}
[taskset-1] [INFO] [1791040921.068790222] [mpc_corr]: CFG | weights={'w_term': 9.0, 'w_v': 4.2857, 'w_psi': 4.5, 'w_u_a': 0.0, 'w_du_delta': 8.33, 'w_du_a': 0.0, 'w_delta0': 0.0, 'w_obs': 8.0, 'w_corr': 3.5714, 'w_line': 1.1662, 'w_psi_stage': 4.7736}
[taskset-1] [INFO] [1791040921.070267659] [mpc_corr]: CFG | params={'L': 0.305, 'lr': 0.17}
[taskset-1] [INFO] [1791040921.164685310] [mpc_corr]: ODOMSEL | src=None hw_age=infs sim_age=infs timeout=0.500s
[taskset-1] [WARN] [1791040921.165484458] [mpc_corr]: ODOM non disponibile: stato ancora None
[taskset-1] [INFO] [1791040921.166355617] [mpc_corr]: PUB /drive | speed=+0.0000 steer=+0.0000 subs=0
[taskset-1] [WARN] [1791040921.166804459] [mpc_corr]: PUB /drive | nessun subscriber: il comando non raggiunge il VESC.
[taskset-1] [WARN] [1791040921.265497290] [mpc_corr]: ODOM non disponibile: stato ancora None
[taskset-1] [WARN] [1791040921.365351047] [mpc_corr]: ODOM non disponibile: stato ancora None
[taskset-1] [WARN] [1791040921.465184351] [mpc_corr]: ODOM non disponibile: stato ancora None
[taskset-1] [WARN] [1791040921.565418247] [mpc_corr]: ODOM non disponibile: stato ancora None
[taskset-1] [WARN] [1791040921.665991265] [mpc_corr]: ODOM non disponibile: stato ancora None
[taskset-1] [WARN] [1791040921.765040716] [mpc_corr]: ODOM non disponibile: stato ancora None
[taskset-1] [WARN] [1791040921.807703992] [mpc_corr]: BOUNDARY/costmap ricevuto ma stato ancora None: frame scartato.
[taskset-1] [WARN] [1791040921.830034945] [mpc_corr]: JOINT | giunti sterzo non trovati in /joint_states: ['left_rear_wheel_joint', 'right_rear_wheel_joint', 'left_steering_hinge_joint', 'right_steering_hinge_joint', 'left_front_wheel_joint', 'right_front_wheel_joint']
[taskset-1] [WARN] [1791040921.863956779] [mpc_corr]: ODOM non disponibile: stato ancora None
[taskset-1] [WARN] [1791040921.965090787] [mpc_corr]: ODOM non disponibile: stato ancora None
[taskset-1] [WARN] [1791040922.065296840] [mpc_corr]: ODOM non disponibile: stato ancora None
[taskset-1] [WARN] [1791040922.165512853] [mpc_corr]: ODOM non disponibile: stato ancora None
[taskset-1] [INFO] [1791040922.168706328] [mpc_corr]: PUB /drive | speed=+0.0000 steer=+0.0000 subs=2
[taskset-1] [WARN] [1791040922.265079063] [mpc_corr]: ODOM non disponibile: stato ancora None
[taskset-1] [WARN] [1791040922.365052765] [mpc_corr]: ODOM non disponibile: stato ancora None
[taskset-1] [WARN] [1791040922.465068948] [mpc_corr]: ODOM non disponibile: stato ancora None
[taskset-1] [WARN] [1791040922.565035382] [mpc_corr]: ODOM non disponibile: stato ancora None
[taskset-1] [WARN] [1791040922.665058621] [mpc_corr]: ODOM non disponibile: stato ancora None
[taskset-1] [WARN] [1791040922.765822916] [mpc_corr]: ODOM non disponibile: stato ancora None
[taskset-1] [WARN] [1791040922.865266405] [mpc_corr]: ODOM non disponibile: stato ancora None
[taskset-1] [WARN] [1791040922.965059661] [mpc_corr]: ODOM non disponibile: stato ancora None
[taskset-1] [WARN] [1791040923.065099660] [mpc_corr]: ODOM non disponibile: stato ancora None
[taskset-1] [WARN] [1791040923.165175455] [mpc_corr]: ODOM non disponibile: stato ancora None
[taskset-1] [INFO] [1791040923.265128051] [mpc_corr]: ODOMSEL | src=None hw_age=infs sim_age=infs timeout=0.500s
[taskset-1] [WARN] [1791040923.266396895] [mpc_corr]: ODOM non disponibile: stato ancora None
[taskset-1] [INFO] [1791040923.268343285] [mpc_corr]: PUB /drive | speed=+0.0000 steer=+0.0000 subs=2
[taskset-1] [WARN] [1791040923.364949650] [mpc_corr]: ODOM non disponibile: stato ancora None
[taskset-1] [WARN] [1791040923.465070926] [mpc_corr]: ODOM non disponibile: stato ancora None
[taskset-1] [WARN] [1791040923.564999859] [mpc_corr]: ODOM non disponibile: stato ancora None
[taskset-1] [WARN] [1791040923.664991819] [mpc_corr]: ODOM non disponibile: stato ancora None
[taskset-1] [WARN] [1791040923.765502827] [mpc_corr]: ODOM non disponibile: stato ancora None
[taskset-1] [WARN] [1791040923.865214168] [mpc_corr]: ODOM non disponibile: stato ancora None
[taskset-1] [WARN] [1791040923.965072046] [mpc_corr]: ODOM non disponibile: stato ancora None
[taskset-1] [WARN] [1791040924.064928404] [mpc_corr]: ODOM non disponibile: stato ancora None
[taskset-1] [WARN] [1791040924.164838356] [mpc_corr]: ODOM non disponibile: stato ancora None
[taskset-1] [WARN] [1791040924.264953595] [mpc_corr]: ODOM non disponibile: stato ancora None
[taskset-1] [WARN] [1791040924.365225220] [mpc_corr]: ODOM non disponibile: stato ancora None
[taskset-1] [INFO] [1791040924.366574648] [mpc_corr]: PUB /drive | speed=+0.0000 steer=+0.0000 subs=2
[taskset-1] [WARN] [1791040924.465191234] [mpc_corr]: ODOM non disponibile: stato ancora None
[taskset-1] [WARN] [1791040924.565568733] [mpc_corr]: ODOM non disponibile: stato ancora None
[taskset-1] [WARN] [1791040924.664971989] [mpc_corr]: ODOM non disponibile: stato ancora None
[taskset-1] [WARN] [1791040924.764956654] [mpc_corr]: ODOM non disponibile: stato ancora None
[taskset-1] [WARN] [1791040924.865361189] [mpc_corr]: ODOM non disponibile: stato ancora None
[taskset-1] [WARN] [1791040924.965285771] [mpc_corr]: ODOM non disponibile: stato ancora None
[taskset-1] [WARN] [1791040925.065145963] [mpc_corr]: ODOM non disponibile: stato ancora None
[taskset-1] [WARN] [1791040925.165008878] [mpc_corr]: ODOM non disponibile: stato ancora None
[taskset-1] [WARN] [1791040925.264951367] [mpc_corr]: ODOM non disponibile: stato ancora None
[taskset-1] [INFO] [1791040925.363916207] [mpc_corr]: ODOMSEL | src=None hw_age=infs sim_age=infs timeout=0.500s
[taskset-1] [WARN] [1791040925.365067384] [mpc_corr]: ODOM non disponibile: stato ancora None
[taskset-1] [WARN] [1791040925.465145538] [mpc_corr]: ODOM non disponibile: stato ancora None
[taskset-1] [INFO] [1791040925.466372928] [mpc_corr]: PUB /drive | speed=+0.0000 steer=+0.0000 subs=2
[taskset-1] [WARN] [1791040925.564965022] [mpc_corr]: ODOM non disponibile: stato ancora None
[taskset-1] [WARN] [1791040925.664887668] [mpc_corr]: ODOM non disponibile: stato ancora None
[taskset-1] [WARN] [1791040925.764912824] [mpc_corr]: ODOM non disponibile: stato ancora None
[taskset-1] [WARN] [1791040925.865244128] [mpc_corr]: ODOM non disponibile: stato ancora None
[taskset-1] [WARN] [1791040925.964919959] [mpc_corr]: ODOM non disponibile: stato ancora None
[taskset-1] [WARN] [1791040926.064946679] [mpc_corr]: ODOM non disponibile: stato ancora None
[taskset-1] [WARN] [1791040926.164918455] [mpc_corr]: ODOM non disponibile: stato ancora None
[taskset-1] [WARN] [1791040926.265086564] [mpc_corr]: ODOM non disponibile: stato ancora None
[taskset-1] [WARN] [1791040926.365102470] [mpc_corr]: ODOM non disponibile: stato ancora None
[taskset-1] [WARN] [1791040926.464866106] [mpc_corr]: ODOM non disponibile: stato ancora None
[taskset-1] [WARN] [1791040926.564968900] [mpc_corr]: ODOM non disponibile: stato ancora None
[taskset-1] [INFO] [1791040926.566164253] [mpc_corr]: PUB /drive | speed=+0.0000 steer=+0.0000 subs=2
[taskset-1] [WARN] [1791040926.666512284] [mpc_corr]: ODOM non disponibile: stato ancora None
[taskset-1] [WARN] [1791040926.764955058] [mpc_corr]: ODOM non disponibile: stato ancora None
[taskset-1] [WARN] [1791040926.853623296] [mpc_corr]: BOUNDARY/costmap ricevuto ma stato ancora None: frame scartato.
[taskset-1] [WARN] [1791040926.865168686] [mpc_corr]: ODOM non disponibile: stato ancora None
[taskset-1] [WARN] [1791040926.926205004] [mpc_corr]: JOINT | giunti sterzo non trovati in /joint_states: ['left_rear_wheel_joint', 'right_rear_wheel_joint', 'left_steering_hinge_joint', 'right_steering_hinge_joint', 'left_front_wheel_joint', 'right_front_wheel_joint']
[taskset-1] [WARN] [1791040926.965218286] [mpc_corr]: ODOM non disponibile: stato ancora None
[taskset-1] [WARN] [1791040927.064918635] [mpc_corr]: ODOM non disponibile: stato ancora None
[taskset-1] [WARN] [1791040927.165046615] [mpc_corr]: ODOM non disponibile: stato ancora None
[taskset-1] [WARN] [1791040927.265183094] [mpc_corr]: ODOM non disponibile: stato ancora None
[taskset-1] [INFO] [1791040927.363955229] [mpc_corr]: ODOMSEL | src=None hw_age=infs sim_age=infs timeout=0.500s
[taskset-1] [WARN] [1791040927.365193527] [mpc_corr]: ODOM non disponibile: stato ancora None
[taskset-1] [WARN] [1791040927.464980395] [mpc_corr]: ODOM non disponibile: stato ancora None
[taskset-1] [WARN] [1791040927.564861865] [mpc_corr]: ODOM non disponibile: stato ancora None
[taskset-1] [WARN] [1791040927.665520021] [mpc_corr]: ODOM non disponibile: stato ancora None
[taskset-1] [INFO] [1791040927.666721104] [mpc_corr]: PUB /drive | speed=+0.0000 steer=+0.0000 subs=2
[taskset-1] [WARN] [1791040927.765263413] [mpc_corr]: ODOM non disponibile: stato ancora None
[taskset-1] [WARN] [1791040927.865120057] [mpc_corr]: ODOM non disponibile: stato ancora None
[taskset-1] [WARN] [1791040927.965013842] [mpc_corr]: ODOM non disponibile: stato ancora None
[taskset-1] [WARN] [1791040928.065219145] [mpc_corr]: ODOM non disponibile: stato ancora None
[taskset-1] [WARN] [1791040928.165058958] [mpc_corr]: ODOM non disponibile: stato ancora None
[taskset-1] [WARN] [1791040928.265055484] [mpc_corr]: ODOM non disponibile: stato ancora None
[taskset-1] [WARN] [1791040928.364897788] [mpc_corr]: ODOM non disponibile: stato ancora None
[taskset-1] [WARN] [1791040928.464936572] [mpc_corr]: ODOM non disponibile: stato ancora None
[taskset-1] [WARN] [1791040928.564988913] [mpc_corr]: ODOM non disponibile: stato ancora None
[taskset-1] [WARN] [1791040928.665030142] [mpc_corr]: ODOM non disponibile: stato ancora None
[taskset-1] [WARN] [1791040928.764888066] [mpc_corr]: ODOM non disponibile: stato ancora None
[taskset-1] [INFO] [1791040928.766048799] [mpc_corr]: PUB /drive | speed=+0.0000 steer=+0.0000 subs=2
[taskset-1] [WARN] [1791040928.865222978] [mpc_corr]: ODOM non disponibile: stato ancora None
[taskset-1] [WARN] [1791040928.964912871] [mpc_corr]: ODOM non disponibile: stato ancora None
[taskset-1] [WARN] [1791040929.064900072] [mpc_corr]: ODOM non disponibile: stato ancora None
[taskset-1] [WARN] [1791040929.165011802] [mpc_corr]: ODOM non disponibile: stato ancora None
[taskset-1] [WARN] [1791040929.264992142] [mpc_corr]: ODOM non disponibile: stato ancora None
[taskset-1] [WARN] [1791040929.364897982] [mpc_corr]: ODOM non disponibile: stato ancora None
[taskset-1] [INFO] [1791040929.463930248] [mpc_corr]: ODOMSEL | src=None hw_age=infs sim_age=infs timeout=0.500s
[taskset-1] [WARN] [1791040929.465108304] [mpc_corr]: ODOM non disponibile: stato ancora None
[taskset-1] [WARN] [1791040929.565103247] [mpc_corr]: ODOM non disponibile: stato ancora None
[taskset-1] [WARN] [1791040929.664941494] [mpc_corr]: ODOM non disponibile: stato ancora None
[taskset-1] [WARN] [1791040929.765002288] [mpc_corr]: ODOM non disponibile: stato ancora None
[taskset-1] [INFO] [1791040929.766357678] [mpc_corr]: PUB /drive | speed=+0.0000 steer=+0.0000 subs=2
[taskset-1] [WARN] [1791040929.865229638] [mpc_corr]: ODOM non disponibile: stato ancora None
[taskset-1] [WARN] [1791040929.965147144] [mpc_corr]: ODOM non disponibile: stato ancora None
[taskset-1] [WARN] [1791040930.064928702] [mpc_corr]: ODOM non disponibile: stato ancora None
[taskset-1] [WARN] [1791040930.164934904] [mpc_corr]: ODOM non disponibile: stato ancora None
[taskset-1] [WARN] [1791040930.264915244] [mpc_corr]: ODOM non disponibile: stato ancora None
[taskset-1] [WARN] [1791040930.365012048] [mpc_corr]: ODOM non disponibile: stato ancora None
[taskset-1] [WARN] [1791040930.465288870] [mpc_corr]: ODOM non disponibile: stato ancora None
[taskset-1] [WARN] [1791040930.565074108] [mpc_corr]: ODOM non disponibile: stato ancora None
[taskset-1] [WARN] [1791040930.665006180] [mpc_corr]: ODOM non disponibile: stato ancora None
[taskset-1] [WARN] [1791040930.765084473] [mpc_corr]: ODOM non disponibile: stato ancora None
[taskset-1] [WARN] [1791040930.864978907] [mpc_corr]: ODOM non disponibile: stato ancora None
[taskset-1] [INFO] [1791040930.866217093] [mpc_corr]: PUB /drive | speed=+0.0000 steer=+0.0000 subs=2
[taskset-1] [WARN] [1791040930.964914228] [mpc_corr]: ODOM non disponibile: stato ancora None
[taskset-1] [WARN] [1791040931.064785845] [mpc_corr]: ODOM non disponibile: stato ancora None
[taskset-1] [WARN] [1791040931.164987562] [mpc_corr]: ODOM non disponibile: stato ancora None
[taskset-1] [WARN] [1791040931.265121161] [mpc_corr]: ODOM non disponibile: stato ancora None
[taskset-1] [WARN] [1791040931.365034945] [mpc_corr]: ODOM non disponibile: stato ancora None
[taskset-1] [WARN] [1791040931.464966100] [mpc_corr]: ODOM non disponibile: stato ancora None
[taskset-1] [INFO] [1791040931.563866309] [mpc_corr]: ODOMSEL | src=None hw_age=infs sim_age=infs timeout=0.500s
[taskset-1] [WARN] [1791040931.565040607] [mpc_corr]: ODOM non disponibile: stato ancora None
[taskset-1] [WARN] [1791040931.664904207] [mpc_corr]: ODOM non disponibile: stato ancora None
[taskset-1] [WARN] [1791040931.764922398] [mpc_corr]: ODOM non disponibile: stato ancora None
[taskset-1] [WARN] [1791040931.865190480] [mpc_corr]: ODOM non disponibile: stato ancora None
[taskset-1] [INFO] [1791040931.866356786] [mpc_corr]: PUB /drive | speed=+0.0000 steer=+0.0000 subs=2
[taskset-1] [WARN] [1791040931.904347864] [mpc_corr]: BOUNDARY/costmap ricevuto ma stato ancora None: frame scartato.
[taskset-1] [WARN] [1791040931.964931913] [mpc_corr]: ODOM non disponibile: stato ancora None
[taskset-1] [WARN] [1791040932.026019823] [mpc_corr]: JOINT | giunti sterzo non trovati in /joint_states: ['left_rear_wheel_joint', 'right_rear_wheel_joint', 'left_steering_hinge_joint', 'right_steering_hinge_joint', 'left_front_wheel_joint', 'right_front_wheel_joint']
[taskset-1] [WARN] [1791040932.064971836] [mpc_corr]: ODOM non disponibile: stato ancora None
[taskset-1] [WARN] [1791040932.164940129] [mpc_corr]: ODOM non disponibile: stato ancora None
[taskset-1] [WARN] [1791040932.264946495] [mpc_corr]: ODOM non disponibile: stato ancora None
[taskset-1] [WARN] [1791040932.364952407] [mpc_corr]: ODOM non disponibile: stato ancora None
[taskset-1] [WARN] [1791040932.464965247] [mpc_corr]: ODOM non disponibile: stato ancora None
[taskset-1] [WARN] [1791040932.564847207] [mpc_corr]: ODOM non disponibile: stato ancora None
[taskset-1] [WARN] [1791040932.664885067] [mpc_corr]: ODOM non disponibile: stato ancora None
[taskset-1] [WARN] [1791040932.765484093] [mpc_corr]: ODOM non disponibile: stato ancora None
[taskset-1] [WARN] [1791040932.864998840] [mpc_corr]: ODOM non disponibile: stato ancora None
[taskset-1] [WARN] [1791040932.965187791] [mpc_corr]: ODOM non disponibile: stato ancora None
[taskset-1] [INFO] [1791040932.966354551] [mpc_corr]: PUB /drive | speed=+0.0000 steer=+0.0000 subs=1
[taskset-1] [WARN] [1791040933.064871362] [mpc_corr]: ODOM non disponibile: stato ancora None
[taskset-1] [WARN] [1791040933.164948758] [mpc_corr]: ODOM non disponibile: stato ancora None
[taskset-1] [WARN] [1791040933.265231914] [mpc_corr]: ODOM non disponibile: stato ancora None
[taskset-1] [WARN] [1791040933.365156205] [mpc_corr]: ODOM non disponibile: stato ancora None
[taskset-1] [WARN] [1791040933.465082236] [mpc_corr]: ODOM non disponibile: stato ancora None
[taskset-1] [WARN] [1791040933.564878873] [mpc_corr]: ODOM non disponibile: stato ancora None
[taskset-1] [INFO] [1791040933.663932147] [mpc_corr]: ODOMSEL | src=None hw_age=infs sim_age=infs timeout=0.500s
[taskset-1] [WARN] [1791040933.665097565] [mpc_corr]: ODOM non disponibile: stato ancora None
[taskset-1] [WARN] [1791040933.765034961] [mpc_corr]: ODOM non disponibile: stato ancora None
[taskset-1] [WARN] [1791040933.864873875] [mpc_corr]: ODOM non disponibile: stato ancora None
[taskset-1] [WARN] [1791040933.964936335] [mpc_corr]: ODOM non disponibile: stato ancora None
[taskset-1] [WARN] [1791040934.064967574] [mpc_corr]: ODOM non disponibile: stato ancora None
[taskset-1] [INFO] [1791040934.066151630] [mpc_corr]: PUB /drive | speed=+0.0000 steer=+0.0000 subs=1
[taskset-1] [WARN] [1791040934.164954330] [mpc_corr]: ODOM non disponibile: stato ancora None
[taskset-1] [WARN] [1791040934.264974160] [mpc_corr]: ODOM non disponibile: stato ancora None
[taskset-1] [WARN] [1791040934.364908399] [mpc_corr]: ODOM non disponibile: stato ancora None
[taskset-1] [WARN] [1791040934.464929636] [mpc_corr]: ODOM non disponibile: stato ancora None
[taskset-1] [WARN] [1791040934.564946935] [mpc_corr]: ODOM non disponibile: stato ancora None
[taskset-1] [WARN] [1791040934.664976692] [mpc_corr]: ODOM non disponibile: stato ancora None
[taskset-1] [WARN] [1791040934.764899050] [mpc_corr]: ODOM non disponibile: stato ancora None
[taskset-1] [WARN] [1791040934.864861955] [mpc_corr]: ODOM non disponibile: stato ancora None
[taskset-1] [WARN] [1791040934.964994360] [mpc_corr]: ODOM non disponibile: stato ancora None
[taskset-1] [WARN] [1791040935.064974246] [mpc_corr]: ODOM non disponibile: stato ancora None
[taskset-1] [WARN] [1791040935.165071882] [mpc_corr]: ODOM non disponibile: stato ancora None
[taskset-1] [INFO] [1791040935.166241319] [mpc_corr]: PUB /drive | speed=+0.0000 steer=+0.0000 subs=1
[taskset-1] [WARN] [1791040935.264974222] [mpc_corr]: ODOM non disponibile: stato ancora None
[taskset-1] [WARN] [1791040935.364913961] [mpc_corr]: ODOM non disponibile: stato ancora None
[taskset-1] [WARN] [1791040935.464961254] [mpc_corr]: ODOM non disponibile: stato ancora None
[taskset-1] [WARN] [1791040935.564941214] [mpc_corr]: ODOM non disponibile: stato ancora None
[taskset-1] [WARN] [1791040935.664892375] [mpc_corr]: ODOM non disponibile: stato ancora None
[taskset-1] [INFO] [1791040935.763841333] [mpc_corr]: ODOMSEL | src=None hw_age=infs sim_age=infs timeout=0.500s
[taskset-1] [WARN] [1791040935.764978131] [mpc_corr]: ODOM non disponibile: stato ancora None
[taskset-1] [WARN] [1791040935.864836980] [mpc_corr]: ODOM non disponibile: stato ancora None
[taskset-1] [WARN] [1791040935.964965208] [mpc_corr]: ODOM non disponibile: stato ancora None
[taskset-1] [WARN] [1791040936.065053993] [mpc_corr]: ODOM non disponibile: stato ancora None
[taskset-1] [WARN] [1791040936.165080361] [mpc_corr]: ODOM non disponibile: stato ancora None
[taskset-1] [INFO] [1791040936.166263880] [mpc_corr]: PUB /drive | speed=+0.0000 steer=+0.0000 subs=1
[taskset-1] [WARN] [1791040936.264954006] [mpc_corr]: ODOM non disponibile: stato ancora None
[taskset-1] [WARN] [1791040936.364877596] [mpc_corr]: ODOM non disponibile: stato ancora None
[taskset-1] [WARN] [1791040936.464973937] [mpc_corr]: ODOM non disponibile: stato ancora None
[taskset-1] [WARN] [1791040936.564858628] [mpc_corr]: ODOM non disponibile: stato ancora None
[taskset-1] [WARN] [1791040936.664892829] [mpc_corr]: ODOM non disponibile: stato ancora None
[taskset-1] [WARN] [1791040936.764948860] [mpc_corr]: ODOM non disponibile: stato ancora None
[taskset-1] [WARN] [1791040936.865218032] [mpc_corr]: ODOM non disponibile: stato ancora None
[taskset-1] [WARN] [1791040936.953543686] [mpc_corr]: BOUNDARY/costmap ricevuto ma stato ancora None: frame scartato.
[taskset-1] [WARN] [1791040936.965036964] [mpc_corr]: ODOM non disponibile: stato ancora None
[taskset-1] [WARN] [1791040937.027384728] [mpc_corr]: JOINT | giunti sterzo non trovati in /joint_states: ['left_rear_wheel_joint', 'right_rear_wheel_joint', 'left_steering_hinge_joint', 'right_steering_hinge_joint', 'left_front_wheel_joint', 'right_front_wheel_joint']
[taskset-1] [WARN] [1791040937.064883545] [mpc_corr]: ODOM non disponibile: stato ancora None
[taskset-1] [WARN] [1791040937.164912977] [mpc_corr]: ODOM non disponibile: stato ancora None
[taskset-1] [WARN] [1791040937.264954845] [mpc_corr]: ODOM non disponibile: stato ancora None
[taskset-1] [INFO] [1791040937.266144503] [mpc_corr]: PUB /drive | speed=+0.0000 steer=+0.0000 subs=1
[taskset-1] [WARN] [1791040937.364964008] [mpc_corr]: ODOM non disponibile: stato ancora None
[taskset-1] [WARN] [1791040937.464835720] [mpc_corr]: ODOM non disponibile: stato ancora None
[taskset-1] [WARN] [1791040937.564882022] [mpc_corr]: ODOM non disponibile: stato ancora None
[taskset-1] [WARN] [1791040937.664887019] [mpc_corr]: ODOM non disponibile: stato ancora None
[taskset-1] [INFO] [1791040937.763916395] [mpc_corr]: ODOMSEL | src=None hw_age=infs sim_age=infs timeout=0.500s
[taskset-1] [WARN] [1791040937.765027100] [mpc_corr]: ODOM non disponibile: stato ancora None
[taskset-1] [WARN] [1791040937.864962437] [mpc_corr]: ODOM non disponibile: stato ancora None
[taskset-1] [WARN] [1791040937.964793218] [mpc_corr]: ODOM non disponibile: stato ancora None
[taskset-1] [WARN] [1791040938.064847438] [mpc_corr]: ODOM non disponibile: stato ancora None
[taskset-1] [WARN] [1791040938.165009750] [mpc_corr]: ODOM non disponibile: stato ancora None
[taskset-1] [WARN] [1791040938.264971478] [mpc_corr]: ODOM non disponibile: stato ancora None
[taskset-1] [INFO] [1791040938.266152461] [mpc_corr]: PUB /drive | speed=+0.0000 steer=+0.0000 subs=1
[taskset-1] [WARN] [1791040938.365160532] [mpc_corr]: ODOM non disponibile: stato ancora None
[taskset-1] [WARN] [1791040938.464927946] [mpc_corr]: ODOM non disponibile: stato ancora None
[taskset-1] [WARN] [1791040938.564860795] [mpc_corr]: ODOM non disponibile: stato ancora None
[taskset-1] [WARN] [1791040938.664836736] [mpc_corr]: ODOM non disponibile: stato ancora None
[taskset-1] [WARN] [1791040938.764916456] [mpc_corr]: ODOM non disponibile: stato ancora None
[taskset-1] [WARN] [1791040938.864908978] [mpc_corr]: ODOM non disponibile: stato ancora None
[taskset-1] [WARN] [1791040938.964848500] [mpc_corr]: ODOM non disponibile: stato ancora None
[taskset-1] [WARN] [1791040939.064874738] [mpc_corr]: ODOM non disponibile: stato ancora None
[taskset-1] [WARN] [1791040939.164830272] [mpc_corr]: ODOM non disponibile: stato ancora None
[taskset-1] [WARN] [1791040939.264952797] [mpc_corr]: ODOM non disponibile: stato ancora None
[taskset-1] [WARN] [1791040939.364971073] [mpc_corr]: ODOM non disponibile: stato ancora None
[taskset-1] [INFO] [1791040939.366156213] [mpc_corr]: PUB /drive | speed=+0.0000 steer=+0.0000 subs=1
[taskset-1] [WARN] [1791040939.464857506] [mpc_corr]: ODOM non disponibile: stato ancora None
[taskset-1] [WARN] [1791040939.565061429] [mpc_corr]: ODOM non disponibile: stato ancora None
[taskset-1] [WARN] [1791040939.665061972] [mpc_corr]: ODOM non disponibile: stato ancora None
[taskset-1] [INFO] [1791040939.764164746] [mpc_corr]: ODOMSEL | src=None hw_age=infs sim_age=infs timeout=0.500s
[taskset-1] [WARN] [1791040939.765501562] [mpc_corr]: ODOM non disponibile: stato ancora None
[taskset-1] [WARN] [1791040939.864602763] [mpc_corr]: ODOM non disponibile: stato ancora None
[taskset-1] [WARN] [1791040939.964662971] [mpc_corr]: ODOM non disponibile: stato ancora None
[taskset-1] [WARN] [1791040940.064477214] [mpc_corr]: ODOM non disponibile: stato ancora None
[taskset-1] [WARN] [1791040940.164361896] [mpc_corr]: ODOM non disponibile: stato ancora None
[taskset-1] [WARN] [1791040940.264174263] [mpc_corr]: ODOM non disponibile: stato ancora None
[taskset-1] [WARN] [1791040940.365049808] [mpc_corr]: ODOM non disponibile: stato ancora None
[taskset-1] [INFO] [1791040940.366277133] [mpc_corr]: PUB /drive | speed=+0.0000 steer=+0.0000 subs=1
[taskset-1] [WARN] [1791040940.463810758] [mpc_corr]: ODOM non disponibile: stato ancora None
[taskset-1] [WARN] [1791040940.565615237] [mpc_corr]: ODOM non disponibile: stato ancora None
[taskset-1] [WARN] [1791040940.663638567] [mpc_corr]: ODOM non disponibile: stato ancora None
[taskset-1] [WARN] [1791040940.763620425] [mpc_corr]: ODOM non disponibile: stato ancora None
[taskset-1] [WARN] [1791040940.863580043] [mpc_corr]: ODOM non disponibile: stato ancora None
[taskset-1] [WARN] [1791040940.963588105] [mpc_corr]: ODOM non disponibile: stato ancora None
[taskset-1] [WARN] [1791040941.063581953] [mpc_corr]: ODOM non disponibile: stato ancora None
[taskset-1] [WARN] [1791040941.163690844] [mpc_corr]: ODOM non disponibile: stato ancora None
[taskset-1] [WARN] [1791040941.263759887] [mpc_corr]: ODOM non disponibile: stato ancora None
[taskset-1] [WARN] [1791040941.364896413] [mpc_corr]: ODOM non disponibile: stato ancora None
[taskset-1] [WARN] [1791040941.464750483] [mpc_corr]: ODOM non disponibile: stato ancora None
[taskset-1] [INFO] [1791040941.465936355] [mpc_corr]: PUB /drive | speed=+0.0000 steer=+0.0000 subs=1
[taskset-1] [WARN] [1791040941.564851768] [mpc_corr]: ODOM non disponibile: stato ancora None
[taskset-1] [WARN] [1791040941.665085812] [mpc_corr]: ODOM non disponibile: stato ancora None
[taskset-1] [WARN] [1791040941.764938252] [mpc_corr]: ODOM non disponibile: stato ancora None
[taskset-1] [INFO] [1791040941.863859046] [mpc_corr]: ODOMSEL | src=None hw_age=infs sim_age=infs timeout=0.500s
[taskset-1] [WARN] [1791040941.865039000] [mpc_corr]: ODOM non disponibile: stato ancora None
[taskset-1] [WARN] [1791040941.964881978] [mpc_corr]: ODOM non disponibile: stato ancora None
[taskset-1] [WARN] [1791040942.004283584] [mpc_corr]: BOUNDARY/costmap ricevuto ma stato ancora None: frame scartato.
[taskset-1] [WARN] [1791040942.064875299] [mpc_corr]: ODOM non disponibile: stato ancora None
[taskset-1] [WARN] [1791040942.126809913] [mpc_corr]: JOINT | giunti sterzo non trovati in /joint_states: ['left_rear_wheel_joint', 'right_rear_wheel_joint', 'left_steering_hinge_joint', 'right_steering_hinge_joint', 'left_front_wheel_joint', 'right_front_wheel_joint']
[taskset-1] [WARN] [1791040942.164956713] [mpc_corr]: ODOM non disponibile: stato ancora None
[taskset-1] [WARN] [1791040942.265015142] [mpc_corr]: ODOM non disponibile: stato ancora None
[taskset-1] [INFO] [1791040942.288171076] [mpc_corr]: ODOM/hw | x=+0.0000 y=+0.0000 yaw=+0.0000 v=+0.1198
[taskset-1] [INFO] [1791040942.364510016] [mpc_corr]: Odom source -> hardware
[taskset-1] [INFO] [1791040942.365433304] [mpc_corr]: psi_init_corridor (bootstrap) = 0.000
[taskset-1] [WARN] [1791040942.368560372] [mpc_corr]: Nessun comando su /mpc/goal_distance ancora ricevuto: robot fermo in attesa.
[taskset-1] [INFO] [1791040942.403276760] [mpc_corr]: BOUNDARY/costmap | n=0
[taskset-1] [INFO] [1791040942.467053237] [mpc_corr]: PUB /drive | speed=+0.0000 steer=+0.0000 subs=1
[taskset-1] [INFO] [1791040943.305881106] [mpc_corr]: ODOM/hw | x=+0.0882 y=+0.0019 yaw=+0.0502 v=-0.0000
[taskset-1] [INFO] [1791040943.467316564] [mpc_corr]: PUB /drive | speed=+0.0000 steer=+0.0000 subs=1
[taskset-1] [INFO] [1791040943.965047260] [mpc_corr]: ODOMSEL | src=hardware hw_age=0.001s sim_age=infs timeout=0.500s
[taskset-1] [INFO] [1791040944.306673386] [mpc_corr]: ODOM/hw | x=+0.1269 y=+0.0042 yaw=+0.0747 v=-0.0000
[taskset-1] [INFO] [1791040944.403333130] [mpc_corr]: BOUNDARY/costmap | n=0
[taskset-1] [INFO] [1791040944.467660041] [mpc_corr]: PUB /drive | speed=+0.0000 steer=+0.0000 subs=1
[taskset-1] [INFO] [1791040945.323829965] [mpc_corr]: ODOM/hw | x=+0.1268 y=+0.0042 yaw=+0.0747 v=-0.0000
[taskset-1] [INFO] [1791040945.567419317] [mpc_corr]: PUB /drive | speed=+0.0000 steer=+0.0000 subs=1
[taskset-1] [INFO] [1791040946.065731841] [mpc_corr]: ODOMSEL | src=hardware hw_age=0.002s sim_age=infs timeout=0.500s
[taskset-1] [INFO] [1791040946.324514307] [mpc_corr]: ODOM/hw | x=+0.1268 y=+0.0042 yaw=+0.0747 v=-0.0000
[taskset-1] [INFO] [1791040946.454596180] [mpc_corr]: BOUNDARY/costmap | n=0
[taskset-1] [INFO] [1791040946.666626656] [mpc_corr]: PUB /drive | speed=+0.0000 steer=+0.0000 subs=1
[taskset-1] [WARN] [1791040947.226341608] [mpc_corr]: JOINT | giunti sterzo non trovati in /joint_states: ['left_rear_wheel_joint', 'right_rear_wheel_joint', 'left_steering_hinge_joint', 'right_steering_hinge_joint', 'left_front_wheel_joint', 'right_front_wheel_joint']
[taskset-1] [INFO] [1791040947.324826965] [mpc_corr]: ODOM/hw | x=+0.1322 y=+0.0046 yaw=+0.0785 v=-0.0000
[taskset-1] [INFO] [1791040947.765208087] [mpc_corr]: PUB /drive | speed=+0.0000 steer=+0.0000 subs=1
[taskset-1] [INFO] [1791040948.163790807] [mpc_corr]: ODOMSEL | src=hardware hw_age=0.039s sim_age=infs timeout=0.500s
[taskset-1] [INFO] [1791040948.344056794] [mpc_corr]: ODOM/hw | x=+0.1391 y=+0.0052 yaw=+0.0822 v=+0.0000
[taskset-1] [INFO] [1791040948.503458320] [mpc_corr]: BOUNDARY/costmap | n=0
[taskset-1] [INFO] [1791040948.767178522] [mpc_corr]: PUB /drive | speed=+0.0000 steer=+0.0000 subs=1
[taskset-1] [INFO] [1791040949.363832919] [mpc_corr]: ODOM/hw | x=+0.2228 y=+0.0162 yaw=+0.1692 v=-0.0000
[taskset-1] [INFO] [1791040949.767394900] [mpc_corr]: PUB /drive | speed=+0.0000 steer=+0.0000 subs=1
[taskset-1] [INFO] [1791040950.165812944] [mpc_corr]: ODOMSEL | src=hardware hw_age=0.002s sim_age=infs timeout=0.500s
[taskset-1] [INFO] [1791040950.367657420] [mpc_corr]: ODOM/hw | x=+0.3347 y=+0.0452 yaw=+0.3092 v=+0.1337
[taskset-1] [INFO] [1791040950.553904244] [mpc_corr]: BOUNDARY/costmap | n=0
[taskset-1] [INFO] [1791040950.767744106] [mpc_corr]: PUB /drive | speed=+0.0000 steer=+0.0000 subs=1
[taskset-1] [INFO] [1791040951.385456431] [mpc_corr]: ODOM/hw | x=+0.5231 y=+0.1192 yaw=+0.4293 v=+0.2411
[taskset-1] [INFO] [1791040951.867263657] [mpc_corr]: PUB /drive | speed=+0.0000 steer=+0.0000 subs=1
[taskset-1] [WARN] [1791040952.227272231] [mpc_corr]: JOINT | giunti sterzo non trovati in /joint_states: ['left_rear_wheel_joint', 'right_rear_wheel_joint', 'left_steering_hinge_joint', 'right_steering_hinge_joint', 'left_front_wheel_joint', 'right_front_wheel_joint']
[taskset-1] [INFO] [1791040952.265911642] [mpc_corr]: ODOMSEL | src=hardware hw_age=0.002s sim_age=infs timeout=0.500s
[taskset-1] [INFO] [1791040952.385461830] [mpc_corr]: ODOM/hw | x=+0.7675 y=+0.2347 yaw=+0.3922 v=+0.2967
[taskset-1] [INFO] [1791040952.555468929] [mpc_corr]: BOUNDARY/costmap | n=0
[taskset-1] [INFO] [1791040952.967508141] [mpc_corr]: PUB /drive | speed=+0.0000 steer=+0.0000 subs=1
[taskset-1] [INFO] [1791040953.406568185] [mpc_corr]: ODOM/hw | x=+1.1100 y=+0.3415 yaw=+0.2249 v=+0.3310
[taskset-1] [INFO] [1791040953.967557683] [mpc_corr]: PUB /drive | speed=+0.0000 steer=+0.0000 subs=2
[taskset-1] [INFO] [1791040954.363652073] [mpc_corr]: ODOMSEL | src=hardware hw_age=0.020s sim_age=infs timeout=0.500s
[taskset-1] [INFO] [1791040954.406896968] [mpc_corr]: ODOM/hw | x=+1.4776 y=+0.4017 yaw=+0.0907 v=+0.3615
[taskset-1] [INFO] [1791040954.603348689] [mpc_corr]: BOUNDARY/costmap | n=0
[taskset-1] [INFO] [1791040954.967712336] [mpc_corr]: PUB /drive | speed=+0.0000 steer=+0.0000 subs=2
[taskset-1] [INFO] [1791040955.425100403] [mpc_corr]: ODOM/hw | x=+1.7599 y=+0.4120 yaw=-0.0134 v=+0.2225
[taskset-1] [INFO] [1791040956.066040945] [mpc_corr]: PUB /drive | speed=+0.0000 steer=+0.0000 subs=2
[taskset-1] [INFO] [1791040956.365826332] [mpc_corr]: ODOMSEL | src=hardware hw_age=0.002s sim_age=infs timeout=0.500s
[taskset-1] [INFO] [1791040956.425118157] [mpc_corr]: ODOM/hw | x=+1.9732 y=+0.3989 yaw=-0.1141 v=+0.1939
[taskset-1] [INFO] [1791040956.606106458] [mpc_corr]: BOUNDARY/costmap | n=0
[taskset-1] [INFO] [1791040957.067582357] [mpc_corr]: PUB /drive | speed=+0.0000 steer=+0.0000 subs=2
[taskset-1] [WARN] [1791040957.228091633] [mpc_corr]: JOINT | giunti sterzo non trovati in /joint_states: ['left_rear_wheel_joint', 'right_rear_wheel_joint', 'left_steering_hinge_joint', 'right_steering_hinge_joint', 'left_front_wheel_joint', 'right_front_wheel_joint']
[taskset-1] [INFO] [1791040957.428103394] [mpc_corr]: ODOM/hw | x=+2.2205 y=+0.3652 yaw=-0.1369 v=+0.2845
[taskset-1] [INFO] [1791040958.166307327] [mpc_corr]: PUB /drive | speed=+0.0000 steer=+0.0000 subs=2
[taskset-1] [INFO] [1791040958.444436871] [mpc_corr]: ODOM/hw | x=+2.5566 y=+0.3242 yaw=-0.1203 v=+0.3642
[taskset-1] [INFO] [1791040958.463800285] [mpc_corr]: ODOMSEL | src=hardware hw_age=0.019s sim_age=infs timeout=0.500s
[taskset-1] [INFO] [1791040958.654059473] [mpc_corr]: BOUNDARY/costmap | n=0
[taskset-1] [INFO] [1791040959.166373519] [mpc_corr]: PUB /drive | speed=+0.0000 steer=+0.0000 subs=2
[taskset-1] [INFO] [1791040959.444709550] [mpc_corr]: ODOM/hw | x=+2.9375 y=+0.2745 yaw=-0.1401 v=+0.3930
[taskset-1] [INFO] [1791040960.167168864] [mpc_corr]: PUB /drive | speed=+0.0000 steer=+0.0000 subs=2
[taskset-1] [INFO] [1791040960.467644912] [mpc_corr]: ODOM/hw | x=+3.3402 y=+0.2108 yaw=-0.1716 v=+0.4359
[taskset-1] [INFO] [1791040960.563576682] [mpc_corr]: ODOMSEL | src=hardware hw_age=0.019s sim_age=infs timeout=0.500s
[taskset-1] [INFO] [1791040960.654671634] [mpc_corr]: BOUNDARY/costmap | n=0
[taskset-1] [INFO] [1791040961.167303114] [mpc_corr]: PUB /drive | speed=+0.0000 steer=+0.0000 subs=2
[taskset-1] [INFO] [1791040961.484325410] [mpc_corr]: ODOM/hw | x=+3.7783 y=+0.1302 yaw=-0.1919 v=+0.4545
[taskset-1] [INFO] [1791040962.264124858] [mpc_corr]: PUB /drive | speed=+0.0000 steer=+0.0000 subs=1
[taskset-1] [WARN] [1791040962.325113906] [mpc_corr]: JOINT | giunti sterzo non trovati in /joint_states: ['left_rear_wheel_joint', 'right_rear_wheel_joint', 'left_steering_hinge_joint', 'right_steering_hinge_joint', 'left_front_wheel_joint', 'right_front_wheel_joint']
[taskset-1] [INFO] [1791040962.563740141] [mpc_corr]: ODOMSEL | src=hardware hw_age=0.095s sim_age=infs timeout=0.500s
[WARNING] [launch]: user interrupted with ctrl-c (SIGINT)
[INFO] [lifecycle_manager-3]: sending signal 'SIGINT' to process[lifecycle_manager-3]
[INFO] [map_server-2]: sending signal 'SIGINT' to process[map_server-2]
[INFO] [taskset-1]: sending signal 'SIGINT' to process[taskset-1]
[lifecycle_manager-3] [INFO] [1791040962.586473880] [rclcpp]: signal_handler(SIGINT/SIGTERM)
[lifecycle_manager-3] [INFO] [1791040962.586724131] [lifecycle_manager_map]: Running Nav2 LifecycleManager rcl preshutdown (lifecycle_manager_map)
[lifecycle_manager-3] [INFO] [1791040962.586828900] [lifecycle_manager_map]: [34m[1mTerminating bond timer...[0m[0m
[map_server-2] [INFO] [1791040962.590593966] [rclcpp]: signal_handler(SIGINT/SIGTERM)
[map_server-2] [INFO] [1791040962.590800346] [map_server]: Running Nav2 LifecycleNode rcl preshutdown (map_server)
[map_server-2] [INFO] [1791040962.591006606] [map_server]: Deactivating
[map_server-2] [INFO] [1791040962.591034875] [map_server]: Destroying bond (map_server) to lifecycle manager.
[map_server-2] [INFO] [1791040962.602884411] [map_server]: Cleaning up
[map_server-2] [INFO] [1791040962.602982911] [map_server]: Destroying bond (map_server) to lifecycle manager.
[lifecycle_manager-3] [INFO] [1791040962.609809434] [rclcpp]: signal_handler(SIGINT/SIGTERM)
[lifecycle_manager-3] [INFO] [1791040962.615640874] [lifecycle_manager_map]: Destroying lifecycle_manager_map
[map_server-2] [INFO] [1791040962.616913598] [rclcpp]: signal_handler(SIGINT/SIGTERM)
[map_server-2] [INFO] [1791040962.619620877] [map_server]: Destroying
[taskset-1] [INFO] [1791040962.585347018] [mpc_corr]: ODOM/hw | x=+4.2420 y=+0.0367 yaw=-0.2020 v=+0.4224
[taskset-1] Traceback (most recent call last):
[taskset-1]   File "/home/andre/dev_ws/f1tenth_more/install/mpc_controller/lib/mpc_controller/mpc_corr", line 33, in <module>
[taskset-1]     sys.exit(load_entry_point('mpc-controller', 'console_scripts', 'mpc_corr')())
[taskset-1]              ^^^^^^^^^^^^^^^^^^^^^^^^^^^^^^^^^^^^^^^^^^^^^^^^^^^^^^^^^^^^^^^^^^^
[taskset-1]   File "/home/andre/dev_ws/f1tenth_more/build/mpc_controller/mpc_controller/MPC_corr.py", line 5706, in main
[taskset-1]     node.destroy_node()
[taskset-1]   File "/home/andre/dev_ws/f1tenth_more/build/mpc_controller/mpc_controller/MPC_corr.py", line 1889, in destroy_node
[taskset-1]     super().destroy_node()
[taskset-1]   File "/opt/ros/jazzy/lib/python3.12/site-packages/rclpy/node.py", line 1958, in destroy_node
[taskset-1]     self.destroy_subscription(self._subscriptions[0])
[taskset-1]   File "/opt/ros/jazzy/lib/python3.12/site-packages/rclpy/node.py", line 1854, in destroy_subscription
[taskset-1]     subscription.destroy()
[taskset-1]   File "/opt/ros/jazzy/lib/python3.12/site-packages/rclpy/subscription.py", line 101, in destroy
[taskset-1]     self.handle.destroy_when_not_in_use()
[taskset-1] KeyboardInterrupt
[INFO] [map_server-2]: process has finished cleanly [pid 566805]
[INFO] [lifecycle_manager-3]: process has finished cleanly [pid 566807]
[ERROR] [taskset-1]: process has died [pid 566802, exit code -2, cmd 'taskset -c 10,11 /home/andre/dev_ws/f1tenth_more/install/mpc_controller/lib/mpc_controller/mpc_corr --ros-args -r __node:=mpc_corr --params-file /tmp/launch_params_z7w5pyx1'].
