[INFO] [launch]: All log files can be found below /home/andre/dev_ws/f1tenth_more/output/fix_batch_4/isolation/udp/run_09/ros_log/2026-10-03-17-21-59-072851-thor-566753
[INFO] [launch]: Default logging verbosity is set to INFO
[INFO] [taskset-1]: process started with pid [566918]
[taskset-1] [INFO] [1791040923.252195957] [swept_clearance_node]: swept_clearance_node up: lidar /scan, depth /zed2/zed_node/depth/depth_registered; steering /ackermann_drive as lagged_command (lag 0.30 s) -> /perception/swept_clearance
[taskset-1] [WARN] [1791040923.265592570] [swept_clearance_node]: every clearance sensor is stale (lidar never received, camera never received); publishing 0.0
[taskset-1] [WARN] [1791040925.293739788] [swept_clearance_node]: every clearance sensor is stale (lidar never received, camera never received); publishing 0.0
[taskset-1] [WARN] [1791040927.343278519] [swept_clearance_node]: every clearance sensor is stale (lidar never received, camera never received); publishing 0.0
[taskset-1] [WARN] [1791040929.343730659] [swept_clearance_node]: every clearance sensor is stale (lidar never received, camera never received); publishing 0.0
[taskset-1] [WARN] [1791040931.393821163] [swept_clearance_node]: every clearance sensor is stale (lidar never received, camera never received); publishing 0.0
[taskset-1] [WARN] [1791040933.443806136] [swept_clearance_node]: every clearance sensor is stale (lidar never received, camera never received); publishing 0.0
[taskset-1] [WARN] [1791040935.492998221] [swept_clearance_node]: every clearance sensor is stale (lidar never received, camera never received); publishing 0.0
[taskset-1] [WARN] [1791040937.493566964] [swept_clearance_node]: every clearance sensor is stale (lidar never received, camera never received); publishing 0.0
[taskset-1] [WARN] [1791040939.544382078] [swept_clearance_node]: every clearance sensor is stale (lidar never received, camera never received); publishing 0.0
[taskset-1] [WARN] [1791040941.593549245] [swept_clearance_node]: every clearance sensor is stale (lidar never received, camera never received); publishing 0.0
[taskset-1] [INFO] [1791040942.685514895] [swept_clearance_node]: base_link <- laser: t=(0.120, 0.000, 0.200) m
[taskset-1] [WARN] [1791040942.693157540] [swept_clearance_node]: ignoring stale clearance sensor (camera never received)
[taskset-1] [WARN] [1791040944.743689685] [swept_clearance_node]: ignoring stale clearance sensor (camera never received)
[taskset-1] [WARN] [1791040946.745266309] [swept_clearance_node]: ignoring stale clearance sensor (camera never received)
[taskset-1] [WARN] [1791040948.793072357] [swept_clearance_node]: ignoring stale clearance sensor (camera never received)
[taskset-1] [WARN] [1791040950.795453109] [swept_clearance_node]: ignoring stale clearance sensor (camera never received)
[taskset-1] [WARN] [1791040952.844770284] [swept_clearance_node]: ignoring stale clearance sensor (camera never received)
[taskset-1] [WARN] [1791040954.893214241] [swept_clearance_node]: ignoring stale clearance sensor (camera never received)
[taskset-1] [WARN] [1791040956.943222337] [swept_clearance_node]: ignoring stale clearance sensor (camera never received)
[taskset-1] [WARN] [1791040958.993124974] [swept_clearance_node]: ignoring stale clearance sensor (camera never received)
[taskset-1] [WARN] [1791040960.993198476] [swept_clearance_node]: ignoring stale clearance sensor (camera never received)
[taskset-1] [WARN] [1791040962.393613868] [swept_clearance_node]: every clearance sensor is stale (lidar 0.28 s old, camera never received); publishing 0.0
[WARNING] [launch]: user interrupted with ctrl-c (SIGINT)
[INFO] [taskset-1]: sending signal 'SIGINT' to process[taskset-1]
[INFO] [taskset-1]: process has finished cleanly [pid 566918]
