[INFO] [1791035907.323564440] [foxglove_bridge]: Starting foxglove_bridge (jazzy, 3.5.0@)
[INFO] [1791035907.325286440] [foxglove_bridge]: Server listening on port 8765
[INFO] [1791035907.329749173] [foxglove_bridge]: Advertising new channel 2 for topic "/rosout"
[INFO] [1791035907.330474161] [foxglove_bridge]: Advertising new channel 3 for topic "/parameter_events"
[INFO] [1791035908.409186358] [foxglove_bridge]: Advertising new channel 4 for topic "/tf"
[INFO] [1791035908.410103000] [foxglove_bridge]: Advertising new channel 5 for topic "/slam_toolbox/transition_event"
[INFO] [1791035908.412664801] [foxglove_bridge]: Advertising new channel 6 for topic "/slam/pose_calibrated"
[INFO] [1791035908.412760837] [foxglove_bridge]: Advertising new channel 7 for topic "/tf_static"
[INFO] [1791035908.412779151] [foxglove_bridge]: Advertising new channel 8 for topic "/set_pose"
[INFO] [1791035908.413258125] [foxglove_bridge]: Advertising new channel 9 for topic "/teleop"
[INFO] [1791035908.413557824] [foxglove_bridge]: Advertising new channel 10 for topic "/sensors/imu/raw"
[INFO] [1791035908.413568342] [foxglove_bridge]: Advertising new channel 11 for topic "/safety_stop"
[INFO] [1791035908.414395635] [foxglove_bridge]: Advertising new channel 12 for topic "/odom"
[INFO] [1791035908.414742471] [foxglove_bridge]: Advertising new channel 13 for topic "/mission/status"
[INFO] [1791035908.414763953] [foxglove_bridge]: Advertising new channel 14 for topic "/map_server/transition_event"
[INFO] [1791035908.415220612] [foxglove_bridge]: Advertising new channel 15 for topic "/map"
[INFO] [1791035908.415698909] [foxglove_bridge]: Advertising new channel 16 for topic "/robot_description"
[INFO] [1791035908.416070885] [foxglove_bridge]: Advertising new channel 17 for topic "/joint_states"
[INFO] [1791035908.416089709] [foxglove_bridge]: Advertising new channel 18 for topic "/drive"
[INFO] [1791035908.416870297] [foxglove_bridge]: Advertising new channel 19 for topic "/diagnostics"
[INFO] [1791035908.416901640] [foxglove_bridge]: Advertising new channel 20 for topic "/odometry/filtered"
[INFO] [1791035908.416917955] [foxglove_bridge]: Advertising new channel 21 for topic "/calibration_drive"
[INFO] [1791035908.416931852] [foxglove_bridge]: Advertising new channel 22 for topic "/ekf_global/odometry/filtered"
[INFO] [1791035908.417436501] [foxglove_bridge]: Advertising new channel 23 for topic "/bond"
[INFO] [1791035908.417460251] [foxglove_bridge]: Advertising new channel 24 for topic "/ekf_global/set_pose"
[INFO] [1791035908.417472659] [foxglove_bridge]: Advertising new channel 25 for topic "/ackermann_drive"
[INFO] [1791035909.413933604] [foxglove_bridge]: Advertising new channel 26 for topic "/slam_toolbox/scan_visualization"
[INFO] [1791035909.416347546] [foxglove_bridge]: Advertising new channel 27 for topic "/slam_toolbox/graph_visualization"
[INFO] [1791035909.416394406] [foxglove_bridge]: Advertising new channel 28 for topic "/slam/pose"
[INFO] [1791035909.416745873] [foxglove_bridge]: Advertising new channel 29 for topic "/slam/map_metadata"
[INFO] [1791035909.416773012] [foxglove_bridge]: Advertising new channel 30 for topic "/slam/map"
[INFO] [1791035909.417263531] [foxglove_bridge]: Advertising new channel 31 for topic "/sensors/core"
[INFO] [1791035909.417283836] [foxglove_bridge]: Advertising new channel 32 for topic "/scan"
[INFO] [1791035909.417303169] [foxglove_bridge]: Advertising new channel 33 for topic "/mpc/corridor_markers"
[INFO] [1791035909.417631229] [foxglove_bridge]: Advertising new channel 34 for topic "/slam_toolbox/feedback"
[INFO] [1791035909.418010288] [foxglove_bridge]: Advertising new channel 35 for topic "/diagnostics/battery_status"
[INFO] [1791035909.419325997] [foxglove_bridge]: Advertising new channel 36 for topic "/costmap/semantic_tracks"
[INFO] [1791035909.419346451] [foxglove_bridge]: Advertising new channel 37 for topic "/costmap/safe_corridor_report"
[INFO] [1791035909.419608679] [foxglove_bridge]: Advertising new channel 38 for topic "/costmap/front_clearance"
[INFO] [1791035909.420237891] [foxglove_bridge]: Advertising new channel 39 for topic "/costmap/boundaries"
[INFO] [1791035909.421752773] [foxglove_bridge]: Advertising new channel 40 for topic "/slam_toolbox/update"
[INFO] [1791035909.422068639] [foxglove_bridge]: Advertising new channel 41 for topic "/cmd_vel_nav"
[INFO] [1791035909.422089759] [foxglove_bridge]: Advertising new channel 42 for topic "/camera/detections_3d"
[INFO] [1791035909.422108185] [foxglove_bridge]: Advertising new channel 43 for topic "/costmap/semantic_markers"
[INFO] [1791035909.422366587] [foxglove_bridge]: Advertising new channel 44 for topic "/calibration/in_progress"
[INFO] [1791035909.422656287] [foxglove_bridge]: Advertising new channel 45 for topic "/diagnostics/system_status"
[INFO] [1791035909.422969560] [foxglove_bridge]: Advertising new channel 46 for topic "/costmap/visualization"
[INFO] [1791035910.378571099] [foxglove_bridge]: Advertising new channel 47 for topic "/test/mission_event"
[INFO] [1791035910.378732542] [foxglove_bridge]: Advertising new channel 48 for topic "/test_campaign/logger_status"
[INFO] [1791035910.379757404] [foxglove_bridge]: Advertising new channel 49 for topic "/perception/obstacles_2d"
[INFO] [1791035910.379800607] [foxglove_bridge]: Advertising new channel 50 for topic "/perception/d_wall/psi_correction"
[INFO] [1791035910.380117046] [foxglove_bridge]: Advertising new channel 51 for topic "/mpc/wall_track"
[INFO] [1791035910.380134778] [foxglove_bridge]: Advertising new channel 52 for topic "/mpc/status"
[INFO] [1791035910.380148333] [foxglove_bridge]: Advertising new channel 53 for topic "/mpc/predicted_min_clearance"
[INFO] [1791035910.380607270] [foxglove_bridge]: Advertising new channel 54 for topic "/mpc/object_status"
[INFO] [1791035910.380622261] [foxglove_bridge]: Advertising new channel 55 for topic "/mpc/min_obstacle_distance_forward"
[INFO] [1791035910.380635446] [foxglove_bridge]: Advertising new channel 56 for topic "/mpc/min_obstacle_distance"
[INFO] [1791035910.380678685] [foxglove_bridge]: Advertising new channel 57 for topic "/mpc/hold"
[INFO] [1791035910.380975125] [foxglove_bridge]: Advertising new channel 58 for topic "/mpc/goal_turn"
[INFO] [1791035910.381291657] [foxglove_bridge]: Advertising new channel 59 for topic "/mpc/goal_drive"
[INFO] [1791035910.381304925] [foxglove_bridge]: Advertising new channel 60 for topic "/mpc/goal_reached"
[INFO] [1791035910.381317361] [foxglove_bridge]: Advertising new channel 61 for topic "/mpc/goal_distance"
[INFO] [1791035910.381331703] [foxglove_bridge]: Advertising new channel 62 for topic "/perception/front_distance"
[INFO] [1791035910.381597115] [foxglove_bridge]: Advertising new channel 63 for topic "/mpc/drive_clamp"
[INFO] [1791035910.381615670] [foxglove_bridge]: Advertising new channel 64 for topic "/model/virtual_robot/odometry"
[INFO] [1791035910.381628309] [foxglove_bridge]: Advertising new channel 65 for topic "/mission/load_path"
[INFO] [1791035910.381644022] [foxglove_bridge]: Advertising new channel 66 for topic "/mpc/goal_object_end"
[INFO] [1791035910.381659725] [foxglove_bridge]: Advertising new channel 67 for topic "/imu"
[INFO] [1791035910.382053775] [foxglove_bridge]: Advertising new channel 68 for topic "/mpc/solver_status"
[INFO] [1791035910.382080200] [foxglove_bridge]: Advertising new channel 69 for topic "/safety/event"
[INFO] [1791035910.382451509] [foxglove_bridge]: Advertising new channel 70 for topic "/mpc/goal_object"
[INFO] [1791035910.384429449] [foxglove_bridge]: Advertising new channel 71 for topic "/mission/move_outcome"
[INFO] [1791035910.385817417] [foxglove_bridge]: Advertising new channel 72 for topic "/camera/detections"
[INFO] [1791035910.386284780] [foxglove_bridge]: Advertising new channel 73 for topic "/bt/tree_visualization"
[INFO] [1791035910.386628636] [foxglove_bridge]: Advertising new channel 74 for topic "/mpc/goal_pose"
[INFO] [1791035910.386969260] [foxglove_bridge]: Advertising new channel 75 for topic "/behavior/tree_status"
[INFO] [1791035910.386989361] [foxglove_bridge]: Advertising new channel 76 for topic "/corridor"
[INFO] [1791035911.584301292] [foxglove_bridge]: Advertising new channel 77 for topic "/perception/swept_clearance/lidar"
[INFO] [1791035911.584581853] [foxglove_bridge]: Advertising new channel 78 for topic "/perception/swept_clearance/camera"
[INFO] [1791035911.584638398] [foxglove_bridge]: Advertising new channel 79 for topic "/zed2/zed_node/depth/depth_registered"
[INFO] [1791035911.585552012] [foxglove_bridge]: Advertising new channel 80 for topic "/perception/lidar_front_wall"
[INFO] [1791035911.585581400] [foxglove_bridge]: Advertising new channel 81 for topic "/perception/d_wall/swept_arc"
[INFO] [1791035911.585603715] [foxglove_bridge]: Advertising new channel 82 for topic "/perception/swept_clearance"
[INFO] [1791035911.586032338] [foxglove_bridge]: Advertising new channel 83 for topic "/perception/d_wall/segment"
[INFO] [1791035911.586065606] [foxglove_bridge]: Advertising new channel 84 for topic "/perception/d_wall/gate_margin"
[INFO] [1791035911.586642189] [foxglove_bridge]: Advertising new channel 85 for topic "/perception/d_wall"
[INFO] [1791035911.586684717] [foxglove_bridge]: Advertising new channel 86 for topic "/obstacle_clearance"
[INFO] [1791035911.587753385] [foxglove_bridge]: Advertising new channel 87 for topic "/zed2/zed_node/depth/camera_info"
[INFO] [1791035911.587869883] [foxglove_bridge]: Advertising new channel 88 for topic "/perception/swept_clearance/steering"
[INFO] [1791035911.588259394] [foxglove_bridge]: Advertising new channel 89 for topic "/perception/lidar_front_wall_virtual"
[INFO] [1791035952.414808303] [foxglove_bridge]: Advertising new channel 90 for topic "/fb3_probe_own"
[INFO] [1791035962.434461052] [foxglove_bridge]: Removing channel 90 for topic "/fb3_probe_own" (std_msgs/msg/String)
[INFO] [1791036128.509330303] [rclcpp]: signal_handler(SIGINT/SIGTERM)
