[INFO] [1791035907.512685311] [map_server]: 
	map_server lifecycle node launched. 
	Waiting on external lifecycle transitions to activate
	See https://design.ros2.org/articles/node_lifecycle.html for more information.
[INFO] [1791035907.512938761] [map_server]: Creating
[INFO] [1791035908.264978005] [map_server]: Configuring
[INFO] [1791035908.265183798] [map_io]: Loading yaml file: /home/andre/dev_ws/f1tenth_more/install/f1tenth_navigation/share/f1tenth_navigation/maps/square_100m.yaml
[INFO] [1791035908.265752260] [map_io]: resolution: 0.05
[INFO] [1791035908.265769103] [map_io]: origin[0]: -50
[INFO] [1791035908.265772029] [map_io]: origin[1]: -50
[INFO] [1791035908.265775584] [map_io]: origin[2]: 0
[INFO] [1791035908.265778936] [map_io]: free_thresh: 0.196
[INFO] [1791035908.265782399] [map_io]: occupied_thresh: 0.65
[INFO] [1791035908.265789492] [map_io]: mode: trinary
[INFO] [1791035908.265795334] [map_io]: negate: 0
[INFO] [1791035908.266221957] [map_io]: Loading image_file: /home/andre/dev_ws/f1tenth_more/install/f1tenth_navigation/share/f1tenth_navigation/maps/square_100m.pgm
[INFO] [1791035908.327533687] [map_io]: Read map /home/andre/dev_ws/f1tenth_more/install/f1tenth_navigation/share/f1tenth_navigation/maps/square_100m.pgm: 2000 X 2000 map @ 0.05 m/cell
[INFO] [1791035908.368498117] [map_server]: Activating
[INFO] [1791035908.373367159] [map_server]: Creating bond (map_server) to lifecycle manager.
[INFO] [1791036128.509623800] [rclcpp]: signal_handler(SIGINT/SIGTERM)
[INFO] [1791036128.509923714] [map_server]: Running Nav2 LifecycleNode rcl preshutdown (map_server)
[INFO] [1791036128.510177266] [map_server]: Deactivating
[INFO] [1791036128.510207719] [map_server]: Destroying bond (map_server) to lifecycle manager.
[INFO] [1791036128.520958625] [map_server]: Cleaning up
[INFO] [1791036128.521160604] [map_server]: Destroying bond (map_server) to lifecycle manager.
