[WARN] [1791035906.380416419] [component_supervisor_node]: [component_supervisor] FastDDS SHM sweep (startup): found 38 fastrtps file(s) (16 still in use, 22 orphaned) -- removed 22/22 orphaned file(s). Sample removed: ['/dev/shm/fastrtps_01ffe2e60ba68e1c', '/dev/shm/fastrtps_76a32072966e3b36', '/dev/shm/fastrtps_771d2d3048cd9309', '/dev/shm/fastrtps_771d2d3048cd9309_el', '/dev/shm/fastrtps_92ee28af18a1fafe'].
[INFO] [1791035906.482253729] [component_supervisor_node]: [component_supervisor] Registry: ['behavior', 'calibrate_hardware', 'control', 'dev_tools', 'diagnostics', 'hardware', 'intelligence', 'lidar_front_wall', 'localization', 'navigation', 'obstacle_clearance', 'perception', 'slam', 'startup_sequence', 'swept_clearance', 'wall_distance']. Auto-starting: ['behavior', 'control', 'dev_tools', 'diagnostics', 'hardware', 'lidar_front_wall', 'localization', 'navigation', 'obstacle_clearance', 'perception', 'slam', 'swept_clearance', 'wall_distance']. Log dir: /home/andre/dev_ws/f1tenth_more/output/fix_batch_3/hold_after/supervisor
[INFO] [1791035906.484309723] [component_supervisor_node]: [component_supervisor] Started 'diagnostics': ros2 launch f1tenth_diagnostics system_observer.launch.py (pid 436416, log: /home/andre/dev_ws/f1tenth_more/output/fix_batch_3/hold_after/supervisor/f1tenth_diagnostics_system_observer.launch.py.log)
[INFO] [1791035906.485677071] [component_supervisor_node]: [component_supervisor] Started 'diagnostics': ros2 launch f1tenth_diagnostics diagnostics_server.launch.py (pid 436417, log: /home/andre/dev_ws/f1tenth_more/output/fix_batch_3/hold_after/supervisor/f1tenth_diagnostics_diagnostics_server.launch.py.log)
[INFO] [1791035906.486433328] [component_supervisor_node]: [component_supervisor] Started 'diagnostics': ros2 launch f1tenth_logger mission_logger.launch.py mission_logger_runs_dir:=/home/andre/dev_ws/f1tenth_more/output/fix_batch_3/hold_after/runs (pid 436418, log: /home/andre/dev_ws/f1tenth_more/output/fix_batch_3/hold_after/supervisor/f1tenth_logger_mission_logger.launch.py.log)
[INFO] [1791035906.487625002] [component_supervisor_node]: [component_supervisor] Started 'localization': ros2 launch f1tenth_localization localization.launch.py (pid 436419, log: /home/andre/dev_ws/f1tenth_more/output/fix_batch_3/hold_after/supervisor/f1tenth_localization_localization.launch.py.log)
[INFO] [1791035906.488805557] [component_supervisor_node]: [component_supervisor] Started 'swept_clearance': ros2 launch f1tenth_perception swept_clearance.launch.py (pid 436420, log: /home/andre/dev_ws/f1tenth_more/output/fix_batch_3/hold_after/supervisor/f1tenth_perception_swept_clearance.launch.py.log)
[INFO] [1791035906.490001714] [component_supervisor_node]: [component_supervisor] Started 'obstacle_clearance': ros2 launch f1tenth_perception obstacle_clearance.launch.py (pid 436421, log: /home/andre/dev_ws/f1tenth_more/output/fix_batch_3/hold_after/supervisor/f1tenth_perception_obstacle_clearance.launch.py.log)
[INFO] [1791035906.490853284] [component_supervisor_node]: [component_supervisor] Started 'behavior': ros2 launch f1tenth_behavior behavior_bringup.launch.py (pid 436422, log: /home/andre/dev_ws/f1tenth_more/output/fix_batch_3/hold_after/supervisor/f1tenth_behavior_behavior_bringup.launch.py.log)
[INFO] [1791035906.491687650] [component_supervisor_node]: [component_supervisor] Started 'control': ros2 launch f1tenth_control ackermann_mux.launch.py (pid 436423, log: /home/andre/dev_ws/f1tenth_more/output/fix_batch_3/hold_after/supervisor/f1tenth_control_ackermann_mux.launch.py.log)
[INFO] [1791035906.492560533] [component_supervisor_node]: [component_supervisor] Started 'slam': ros2 launch f1tenth_navigation slam.launch.py (pid 436424, log: /home/andre/dev_ws/f1tenth_more/output/fix_batch_3/hold_after/supervisor/f1tenth_navigation_slam.launch.py.log)
[INFO] [1791035906.493535333] [component_supervisor_node]: [component_supervisor] Started 'slam': ros2 launch f1tenth_costmap costmap.launch.py (pid 436425, log: /home/andre/dev_ws/f1tenth_more/output/fix_batch_3/hold_after/supervisor/f1tenth_costmap_costmap.launch.py.log)
[INFO] [1791035906.494401597] [component_supervisor_node]: [component_supervisor] Started 'dev_tools': ros2 launch f1tenth_bringup foxglove_bridge.launch.py (pid 436426, log: /home/andre/dev_ws/f1tenth_more/output/fix_batch_3/hold_after/supervisor/f1tenth_bringup_foxglove_bridge.launch.py.log)
[INFO] [1791035906.495367609] [component_supervisor_node]: [component_supervisor] Started 'wall_distance': ros2 launch f1tenth_perception wall_distance.launch.py (pid 436427, log: /home/andre/dev_ws/f1tenth_more/output/fix_batch_3/hold_after/supervisor/f1tenth_perception_wall_distance.launch.py.log)
[INFO] [1791035906.496196511] [component_supervisor_node]: [component_supervisor] Started 'navigation': ros2 launch f1tenth_navigation navigation.launch.py (pid 436428, log: /home/andre/dev_ws/f1tenth_more/output/fix_batch_3/hold_after/supervisor/f1tenth_navigation_navigation.launch.py.log)
[INFO] [1791035906.497927428] [component_supervisor_node]: [component_supervisor] Started 'lidar_front_wall': ros2 launch f1tenth_perception lidar_front_wall.launch.py (pid 436429, log: /home/andre/dev_ws/f1tenth_more/output/fix_batch_3/hold_after/supervisor/f1tenth_perception_lidar_front_wall.launch.py.log)
[INFO] [1791036128.507936060] [component_supervisor_node]: [component_supervisor] Received signal 2 -- shutting down all tracked components.
[INFO] [1791036128.508762607] [component_supervisor_node]: [component_supervisor] Shutting down -- stopping all components.
[INFO] [1791036129.316261697] [component_supervisor_node]: [component_supervisor] 'diagnostics' (mission_logger.launch.py): clean SIGINT exit in 0.4s
[INFO] [1791036129.317042253] [component_supervisor_node]: [component_supervisor] 'control' (ackermann_mux.launch.py): clean SIGINT exit in 0.4s
[INFO] [1791036129.317648366] [component_supervisor_node]: [component_supervisor] 'slam' (costmap.launch.py): clean SIGINT exit in 0.4s
[INFO] [1791036129.318226007] [component_supervisor_node]: [component_supervisor] 'diagnostics' (system_observer.launch.py): clean SIGINT exit in 0.5s
[INFO] [1791036129.318798538] [component_supervisor_node]: [component_supervisor] 'diagnostics' (diagnostics_server.launch.py): clean SIGINT exit in 0.5s
[INFO] [1791036129.319352532] [component_supervisor_node]: [component_supervisor] 'localization' (localization.launch.py): clean SIGINT exit in 0.5s
[INFO] [1791036129.319886193] [component_supervisor_node]: [component_supervisor] 'behavior' (behavior_bringup.launch.py): clean SIGINT exit in 0.5s
[INFO] [1791036129.320418298] [component_supervisor_node]: [component_supervisor] 'navigation' (navigation.launch.py): clean SIGINT exit in 0.5s
[INFO] [1791036129.320951070] [component_supervisor_node]: [component_supervisor] 'slam' (slam.launch.py): clean SIGINT exit in 0.6s
[INFO] [1791036129.321490220] [component_supervisor_node]: [component_supervisor] 'dev_tools' (foxglove_bridge.launch.py): clean SIGINT exit in 0.6s
[INFO] [1791036129.322021038] [component_supervisor_node]: [component_supervisor] 'swept_clearance' (swept_clearance.launch.py): clean SIGINT exit in 0.7s
[INFO] [1791036129.322571810] [component_supervisor_node]: [component_supervisor] 'obstacle_clearance' (obstacle_clearance.launch.py): clean SIGINT exit in 0.7s
[INFO] [1791036129.323110776] [component_supervisor_node]: [component_supervisor] 'wall_distance' (wall_distance.launch.py): clean SIGINT exit in 0.7s
[INFO] [1791036129.323676955] [component_supervisor_node]: [component_supervisor] 'lidar_front_wall' (lidar_front_wall.launch.py): clean SIGINT exit in 0.8s
[WARN] [1791036129.362401110] [component_supervisor_node]: [component_supervisor] FastDDS SHM sweep (shutdown): found 120 fastrtps file(s) (14 still in use, 106 orphaned) -- removed 106/106 orphaned file(s). Sample removed: ['/dev/shm/fastrtps_port28665', '/dev/shm/fastrtps_port28669', '/dev/shm/fastrtps_port28671', '/dev/shm/fastrtps_port28673', '/dev/shm/fastrtps_port28675'].
