[INFO] [1791035616.986875234] [map_server]: 
	map_server lifecycle node launched. 
	Waiting on external lifecycle transitions to activate
	See https://design.ros2.org/articles/node_lifecycle.html for more information.
[INFO] [1791035616.987087043] [map_server]: Creating
[INFO] [1791035617.888499087] [map_server]: Configuring
[INFO] [1791035617.889282251] [map_io]: Loading yaml file: /home/andre/dev_ws/f1tenth_more/install/f1tenth_navigation/share/f1tenth_navigation/maps/square_100m.yaml
[INFO] [1791035617.890264243] [map_io]: resolution: 0.05
[INFO] [1791035617.890283077] [map_io]: origin[0]: -50
[INFO] [1791035617.890287094] [map_io]: origin[1]: -50
[INFO] [1791035617.890290233] [map_io]: origin[2]: 0
[INFO] [1791035617.890293483] [map_io]: free_thresh: 0.196
[INFO] [1791035617.890297066] [map_io]: occupied_thresh: 0.65
[INFO] [1791035617.890304140] [map_io]: mode: trinary
[INFO] [1791035617.890312511] [map_io]: negate: 0
[INFO] [1791035617.890789840] [map_io]: Loading image_file: /home/andre/dev_ws/f1tenth_more/install/f1tenth_navigation/share/f1tenth_navigation/maps/square_100m.pgm
[INFO] [1791035617.942693790] [map_io]: Read map /home/andre/dev_ws/f1tenth_more/install/f1tenth_navigation/share/f1tenth_navigation/maps/square_100m.pgm: 2000 X 2000 map @ 0.05 m/cell
[INFO] [1791035617.959375223] [map_server]: Activating
[INFO] [1791035617.963095947] [map_server]: Creating bond (map_server) to lifecycle manager.
[INFO] [1791035840.123032705] [rclcpp]: signal_handler(SIGINT/SIGTERM)
[INFO] [1791035840.123264478] [map_server]: Running Nav2 LifecycleNode rcl preshutdown (map_server)
[INFO] [1791035840.123446818] [map_server]: Deactivating
[INFO] [1791035840.123469697] [map_server]: Destroying bond (map_server) to lifecycle manager.
[INFO] [1791035840.145191071] [map_server]: Cleaning up
[INFO] [1791035840.145330837] [map_server]: Destroying bond (map_server) to lifecycle manager.
