[WARN] [1791035615.961880971] [component_supervisor_node]: [component_supervisor] FastDDS SHM sweep (startup): found 32 fastrtps file(s) (16 still in use, 16 orphaned) -- removed 16/16 orphaned file(s). Sample removed: ['/dev/shm/fastrtps_253a4c1faa52e15c', '/dev/shm/fastrtps_253a4c1faa52e15c_el', '/dev/shm/fastrtps_62ee740795cef1db', '/dev/shm/fastrtps_62ee740795cef1db_el', '/dev/shm/fastrtps_64f1b1a1c6b3085c'].
[INFO] [1791035616.063333847] [component_supervisor_node]: [component_supervisor] Registry: ['behavior', 'calibrate_hardware', 'control', 'dev_tools', 'diagnostics', 'hardware', 'intelligence', 'lidar_front_wall', 'localization', 'navigation', 'obstacle_clearance', 'perception', 'slam', 'startup_sequence', 'swept_clearance', 'wall_distance']. Auto-starting: ['behavior', 'control', 'dev_tools', 'diagnostics', 'hardware', 'lidar_front_wall', 'localization', 'navigation', 'obstacle_clearance', 'perception', 'slam', 'swept_clearance', 'wall_distance']. Log dir: /home/andre/dev_ws/f1tenth_more/output/fix_batch_3/hold_before/supervisor
[INFO] [1791035616.065267804] [component_supervisor_node]: [component_supervisor] Started 'diagnostics': ros2 launch f1tenth_diagnostics system_observer.launch.py (pid 432949, log: /home/andre/dev_ws/f1tenth_more/output/fix_batch_3/hold_before/supervisor/f1tenth_diagnostics_system_observer.launch.py.log)
[INFO] [1791035616.066297055] [component_supervisor_node]: [component_supervisor] Started 'diagnostics': ros2 launch f1tenth_diagnostics diagnostics_server.launch.py (pid 432950, log: /home/andre/dev_ws/f1tenth_more/output/fix_batch_3/hold_before/supervisor/f1tenth_diagnostics_diagnostics_server.launch.py.log)
[INFO] [1791035616.066990295] [component_supervisor_node]: [component_supervisor] Started 'diagnostics': ros2 launch f1tenth_logger mission_logger.launch.py mission_logger_runs_dir:=/home/andre/dev_ws/f1tenth_more/output/fix_batch_3/hold_before/runs (pid 432951, log: /home/andre/dev_ws/f1tenth_more/output/fix_batch_3/hold_before/supervisor/f1tenth_logger_mission_logger.launch.py.log)
[INFO] [1791035616.068403387] [component_supervisor_node]: [component_supervisor] Started 'slam': ros2 launch f1tenth_navigation slam.launch.py (pid 432952, log: /home/andre/dev_ws/f1tenth_more/output/fix_batch_3/hold_before/supervisor/f1tenth_navigation_slam.launch.py.log)
[INFO] [1791035616.069641437] [component_supervisor_node]: [component_supervisor] Started 'slam': ros2 launch f1tenth_costmap costmap.launch.py (pid 432953, log: /home/andre/dev_ws/f1tenth_more/output/fix_batch_3/hold_before/supervisor/f1tenth_costmap_costmap.launch.py.log)
[INFO] [1791035616.070884561] [component_supervisor_node]: [component_supervisor] Started 'dev_tools': ros2 launch f1tenth_bringup foxglove_bridge.launch.py (pid 432954, log: /home/andre/dev_ws/f1tenth_more/output/fix_batch_3/hold_before/supervisor/f1tenth_bringup_foxglove_bridge.launch.py.log)
[INFO] [1791035616.073076197] [component_supervisor_node]: [component_supervisor] Started 'behavior': ros2 launch f1tenth_behavior behavior_bringup.launch.py (pid 432955, log: /home/andre/dev_ws/f1tenth_more/output/fix_batch_3/hold_before/supervisor/f1tenth_behavior_behavior_bringup.launch.py.log)
[INFO] [1791035616.074272989] [component_supervisor_node]: [component_supervisor] Started 'swept_clearance': ros2 launch f1tenth_perception swept_clearance.launch.py (pid 432956, log: /home/andre/dev_ws/f1tenth_more/output/fix_batch_3/hold_before/supervisor/f1tenth_perception_swept_clearance.launch.py.log)
[INFO] [1791035616.075675747] [component_supervisor_node]: [component_supervisor] Started 'obstacle_clearance': ros2 launch f1tenth_perception obstacle_clearance.launch.py (pid 432957, log: /home/andre/dev_ws/f1tenth_more/output/fix_batch_3/hold_before/supervisor/f1tenth_perception_obstacle_clearance.launch.py.log)
[INFO] [1791035616.076926760] [component_supervisor_node]: [component_supervisor] Started 'lidar_front_wall': ros2 launch f1tenth_perception lidar_front_wall.launch.py (pid 432958, log: /home/andre/dev_ws/f1tenth_more/output/fix_batch_3/hold_before/supervisor/f1tenth_perception_lidar_front_wall.launch.py.log)
[INFO] [1791035616.077901595] [component_supervisor_node]: [component_supervisor] Started 'control': ros2 launch f1tenth_control ackermann_mux.launch.py (pid 432959, log: /home/andre/dev_ws/f1tenth_more/output/fix_batch_3/hold_before/supervisor/f1tenth_control_ackermann_mux.launch.py.log)
[INFO] [1791035616.078983714] [component_supervisor_node]: [component_supervisor] Started 'localization': ros2 launch f1tenth_localization localization.launch.py (pid 432960, log: /home/andre/dev_ws/f1tenth_more/output/fix_batch_3/hold_before/supervisor/f1tenth_localization_localization.launch.py.log)
[INFO] [1791035616.081857730] [component_supervisor_node]: [component_supervisor] Started 'navigation': ros2 launch f1tenth_navigation navigation.launch.py (pid 432961, log: /home/andre/dev_ws/f1tenth_more/output/fix_batch_3/hold_before/supervisor/f1tenth_navigation_navigation.launch.py.log)
[INFO] [1791035616.087060182] [component_supervisor_node]: [component_supervisor] Started 'wall_distance': ros2 launch f1tenth_perception wall_distance.launch.py (pid 432962, log: /home/andre/dev_ws/f1tenth_more/output/fix_batch_3/hold_before/supervisor/f1tenth_perception_wall_distance.launch.py.log)
[INFO] [1791035840.111703114] [component_supervisor_node]: [component_supervisor] Received signal 2 -- shutting down all tracked components.
[INFO] [1791035840.112518331] [component_supervisor_node]: [component_supervisor] Shutting down -- stopping all components.
[INFO] [1791035841.019674227] [component_supervisor_node]: [component_supervisor] 'control' (ackermann_mux.launch.py): clean SIGINT exit in 0.3s
[INFO] [1791035841.020403112] [component_supervisor_node]: [component_supervisor] 'diagnostics' (diagnostics_server.launch.py): clean SIGINT exit in 0.4s
[INFO] [1791035841.020889455] [component_supervisor_node]: [component_supervisor] 'slam' (costmap.launch.py): clean SIGINT exit in 0.4s
[INFO] [1791035841.021358632] [component_supervisor_node]: [component_supervisor] 'localization' (localization.launch.py): clean SIGINT exit in 0.4s
[INFO] [1791035841.021824642] [component_supervisor_node]: [component_supervisor] 'navigation' (navigation.launch.py): clean SIGINT exit in 0.4s
[INFO] [1791035841.022294356] [component_supervisor_node]: [component_supervisor] 'diagnostics' (system_observer.launch.py): clean SIGINT exit in 0.5s
[INFO] [1791035841.022788051] [component_supervisor_node]: [component_supervisor] 'diagnostics' (mission_logger.launch.py): clean SIGINT exit in 0.5s
[INFO] [1791035841.023215330] [component_supervisor_node]: [component_supervisor] 'dev_tools' (foxglove_bridge.launch.py): clean SIGINT exit in 0.6s
[INFO] [1791035841.023647775] [component_supervisor_node]: [component_supervisor] 'behavior' (behavior_bringup.launch.py): clean SIGINT exit in 0.6s
[INFO] [1791035841.024074333] [component_supervisor_node]: [component_supervisor] 'obstacle_clearance' (obstacle_clearance.launch.py): clean SIGINT exit in 0.7s
[INFO] [1791035841.024500103] [component_supervisor_node]: [component_supervisor] 'swept_clearance' (swept_clearance.launch.py): clean SIGINT exit in 0.8s
[INFO] [1791035841.024921160] [component_supervisor_node]: [component_supervisor] 'lidar_front_wall' (lidar_front_wall.launch.py): clean SIGINT exit in 0.8s
[INFO] [1791035841.025345735] [component_supervisor_node]: [component_supervisor] 'wall_distance' (wall_distance.launch.py): clean SIGINT exit in 0.8s
[INFO] [1791035841.025769913] [component_supervisor_node]: [component_supervisor] 'slam' (slam.launch.py): clean SIGINT exit in 0.9s
[WARN] [1791035841.053288303] [component_supervisor_node]: [component_supervisor] FastDDS SHM sweep (shutdown): found 135 fastrtps file(s) (23 still in use, 112 orphaned) -- removed 112/112 orphaned file(s). Sample removed: ['/dev/shm/fastrtps_01ffe2e60ba68e1c_el', '/dev/shm/fastrtps_76a32072966e3b36_el', '/dev/shm/fastrtps_92ee28af18a1fafe_el', '/dev/shm/fastrtps_port28661', '/dev/shm/fastrtps_port28665_el'].
