[INFO] [launch]: All log files can be found below /home/andre/dev_ws/f1tenth_more/output/phase5/cycles/cycle_05/ros_log/2026-10-03-11-34-49-548931-thor-377514
[INFO] [launch]: Default logging verbosity is set to INFO
[INFO] [taskset-1]: process started with pid [377567]
[taskset-1] [INFO] [1791020093.192694705] [lidar_front_wall_node]: lidar_front_wall_node up: /scan -> /perception/lidar_front_wall, /perception/lidar_front_wall_virtual; sector +-10.0 deg, odometry /odometry/filtered, seed /costmap/front_clearance
[taskset-1] [INFO] [1791020112.559142596] [lidar_front_wall_node]: base_link <- laser: x=0.120 m y=0.000 m yaw=0.00 deg
[taskset-1] [INFO] [1791020112.571113225] [lidar_front_wall_node]: /odometry/filtered fresh: dead reckoning available
[WARNING] [launch]: user interrupted with ctrl-c (SIGINT)
[INFO] [taskset-1]: sending signal 'SIGINT' to process[taskset-1]
[taskset-1] Traceback (most recent call last):
[taskset-1]   File "/home/andre/dev_ws/f1tenth_more/install/f1tenth_perception/lib/f1tenth_perception/lidar_front_wall_node", line 33, in <module>
[taskset-1]     sys.exit(load_entry_point('f1tenth-perception', 'console_scripts', 'lidar_front_wall_node')())
[taskset-1]              ^^^^^^^^^^^^^^^^^^^^^^^^^^^^^^^^^^^^^^^^^^^^^^^^^^^^^^^^^^^^^^^^^^^^^^^^^^^^^^^^^^^^
[taskset-1]   File "/home/andre/dev_ws/f1tenth_more/build/f1tenth_perception/f1tenth_perception/lidar_front_wall_node.py", line 395, in main
[taskset-1]     node.destroy_node()
[taskset-1]   File "/opt/ros/jazzy/lib/python3.12/site-packages/rclpy/node.py", line 1956, in destroy_node
[taskset-1]     self.destroy_publisher(self._publishers[0])
[taskset-1]   File "/opt/ros/jazzy/lib/python3.12/site-packages/rclpy/node.py", line 1836, in destroy_publisher
[taskset-1]     publisher.destroy()
[taskset-1]   File "/opt/ros/jazzy/lib/python3.12/site-packages/rclpy/publisher.py", line 105, in destroy
[taskset-1]     self.__publisher.destroy_when_not_in_use()
[taskset-1] KeyboardInterrupt
[ERROR] [taskset-1]: process has died [pid 377567, exit code -2, cmd 'taskset -c 5 /home/andre/dev_ws/f1tenth_more/install/f1tenth_perception/lib/f1tenth_perception/lidar_front_wall_node --ros-args -r __node:=lidar_front_wall_node --params-file /tmp/launch_params_ud5l_wbf'].
