[INFO] [launch]: All log files can be found below /home/andre/dev_ws/f1tenth_more/output/phase5/cycles/cycle_05/ros_log/2026-10-03-11-34-49-646643-thor-377518
[INFO] [launch]: Default logging verbosity is set to INFO
[INFO] [taskset-1]: process started with pid [377586]
[INFO] [throttle-2]: process started with pid [377592]
[INFO] [throttle-3]: process started with pid [377599]
[taskset-1] [INFO] [1791020090.002813977] [foxglove_bridge]: Starting foxglove_bridge (jazzy, 3.5.0@)
[taskset-1] [2026-10-03T09:34:50Z INFO  foxglove::websocket::server] Started server on 0.0.0.0:8765
[taskset-1] [INFO] [1791020090.004512273] [foxglove_bridge]: Server listening on port 8765
[taskset-1] [INFO] [1791020090.007661649] [foxglove_bridge]: Advertising new channel 2 for topic "/rosout"
[taskset-1] [INFO] [1791020090.008368594] [foxglove_bridge]: Advertising new channel 3 for topic "/parameter_events"
[taskset-1] [INFO] [1791020091.029577445] [foxglove_bridge]: Advertising new channel 4 for topic "/slam/pose_calibrated"
[taskset-1] [INFO] [1791020091.029735936] [foxglove_bridge]: Advertising new channel 5 for topic "/set_pose"
[taskset-1] [INFO] [1791020091.030225686] [foxglove_bridge]: Advertising new channel 6 for topic "/safety_stop"
[taskset-1] [INFO] [1791020091.030238649] [foxglove_bridge]: Advertising new channel 7 for topic "/teleop"
[taskset-1] [INFO] [1791020091.030462907] [foxglove_bridge]: Advertising new channel 8 for topic "/robot_description"
[taskset-1] [INFO] [1791020091.035921189] [foxglove_bridge]: Advertising new channel 9 for topic "/odometry/filtered"
[taskset-1] [INFO] [1791020091.036049569] [foxglove_bridge]: Advertising new channel 10 for topic "/odom"
[taskset-1] [INFO] [1791020091.036496587] [foxglove_bridge]: Advertising new channel 11 for topic "/map"
[taskset-1] [INFO] [1791020091.036775828] [foxglove_bridge]: Advertising new channel 12 for topic "/joint_states"
[taskset-1] [INFO] [1791020091.036790300] [foxglove_bridge]: Advertising new channel 13 for topic "/ekf_global/set_pose"
[taskset-1] [INFO] [1791020091.040829037] [foxglove_bridge]: Advertising new channel 14 for topic "/tf_static"
[taskset-1] [INFO] [1791020091.040968639] [foxglove_bridge]: Advertising new channel 15 for topic "/ekf_global/odometry/filtered"
[taskset-1] [INFO] [1791020091.041309833] [foxglove_bridge]: Advertising new channel 16 for topic "/sensors/imu/raw"
[taskset-1] [INFO] [1791020091.042078888] [foxglove_bridge]: Advertising new channel 17 for topic "/map_server/transition_event"
[taskset-1] [INFO] [1791020091.042096119] [foxglove_bridge]: Advertising new channel 18 for topic "/drive"
[taskset-1] [INFO] [1791020091.042106906] [foxglove_bridge]: Advertising new channel 19 for topic "/tf"
[taskset-1] [INFO] [1791020091.048916187] [foxglove_bridge]: Advertising new channel 20 for topic "/diagnostics"
[taskset-1] [INFO] [1791020091.049034086] [foxglove_bridge]: Advertising new channel 21 for topic "/calibration_drive"
[taskset-1] [INFO] [1791020091.049325428] [foxglove_bridge]: Advertising new channel 22 for topic "/bond"
[taskset-1] [INFO] [1791020091.049343521] [foxglove_bridge]: Advertising new channel 23 for topic "/ackermann_drive"
[taskset-1] [INFO] [1791020091.864556230] [foxglove_bridge]: Advertising new channel 24 for topic "/slam_toolbox/transition_event"
[taskset-1] [INFO] [1791020091.864711230] [foxglove_bridge]: Advertising new channel 25 for topic "/slam/map"
[taskset-1] [INFO] [1791020091.864730489] [foxglove_bridge]: Advertising new channel 26 for topic "/slam/pose"
[taskset-1] [INFO] [1791020091.867181959] [foxglove_bridge]: Advertising new channel 27 for topic "/mpc/corridor_markers"
[taskset-1] [INFO] [1791020091.867550477] [foxglove_bridge]: Advertising new channel 28 for topic "/mission/status"
[taskset-1] [INFO] [1791020091.867825218] [foxglove_bridge]: Advertising new channel 29 for topic "/diagnostics/system_status"
[taskset-1] [INFO] [1791020091.868101727] [foxglove_bridge]: Advertising new channel 30 for topic "/diagnostics/battery_status"
[taskset-1] [INFO] [1791020091.868528624] [foxglove_bridge]: Advertising new channel 31 for topic "/sensors/core"
[taskset-1] [INFO] [1791020091.868824087] [foxglove_bridge]: Advertising new channel 32 for topic "/costmap/visualization"
[taskset-1] [INFO] [1791020091.868838800] [foxglove_bridge]: Advertising new channel 33 for topic "/costmap/semantic_markers"
[taskset-1] [INFO] [1791020091.868851392] [foxglove_bridge]: Advertising new channel 34 for topic "/costmap/safe_corridor_report"
[taskset-1] [INFO] [1791020091.869106494] [foxglove_bridge]: Advertising new channel 35 for topic "/costmap/front_clearance"
[taskset-1] [INFO] [1791020091.869601160] [foxglove_bridge]: Advertising new channel 36 for topic "/costmap/boundaries"
[taskset-1] [INFO] [1791020091.869881271] [foxglove_bridge]: Advertising new channel 37 for topic "/cmd_vel_nav"
[taskset-1] [INFO] [1791020091.870105466] [foxglove_bridge]: Advertising new channel 38 for topic "/calibration/in_progress"
[taskset-1] [INFO] [1791020092.657228364] [foxglove_bridge]: Advertising new channel 39 for topic "/test_campaign/logger_status"
[taskset-1] [INFO] [1791020092.658310724] [foxglove_bridge]: Advertising new channel 40 for topic "/slam_toolbox/feedback"
[taskset-1] [INFO] [1791020092.659158251] [foxglove_bridge]: Advertising new channel 41 for topic "/slam/map_metadata"
[taskset-1] [INFO] [1791020092.659538982] [foxglove_bridge]: Advertising new channel 42 for topic "/scan"
[taskset-1] [INFO] [1791020092.660094927] [foxglove_bridge]: Advertising new channel 43 for topic "/perception/obstacles_2d"
[taskset-1] [INFO] [1791020092.660116445] [foxglove_bridge]: Advertising new channel 44 for topic "/perception/d_wall/psi_correction"
[taskset-1] [INFO] [1791020092.660131964] [foxglove_bridge]: Advertising new channel 45 for topic "/mpc/status"
[taskset-1] [INFO] [1791020092.660144964] [foxglove_bridge]: Advertising new channel 46 for topic "/mpc/predicted_min_clearance"
[taskset-1] [INFO] [1791020092.660551889] [foxglove_bridge]: Advertising new channel 47 for topic "/mpc/object_status"
[taskset-1] [INFO] [1791020092.660568657] [foxglove_bridge]: Advertising new channel 48 for topic "/slam_toolbox/scan_visualization"
[taskset-1] [INFO] [1791020092.660834130] [foxglove_bridge]: Advertising new channel 49 for topic "/mpc/goal_turn"
[taskset-1] [INFO] [1791020092.661111611] [foxglove_bridge]: Advertising new channel 50 for topic "/mpc/wall_track"
[taskset-1] [INFO] [1791020092.661127556] [foxglove_bridge]: Advertising new channel 51 for topic "/mpc/goal_reached"
[taskset-1] [INFO] [1791020092.661138287] [foxglove_bridge]: Advertising new channel 52 for topic "/mpc/goal_object_end"
[taskset-1] [INFO] [1791020092.661472444] [foxglove_bridge]: Advertising new channel 53 for topic "/mpc/goal_object"
[taskset-1] [INFO] [1791020092.661765147] [foxglove_bridge]: Advertising new channel 54 for topic "/mpc/goal_drive"
[taskset-1] [INFO] [1791020092.662002536] [foxglove_bridge]: Advertising new channel 55 for topic "/mpc/drive_clamp"
[taskset-1] [INFO] [1791020092.662025684] [foxglove_bridge]: Advertising new channel 56 for topic "/model/virtual_robot/odometry"
[taskset-1] [INFO] [1791020092.662067934] [foxglove_bridge]: Advertising new channel 57 for topic "/imu"
[taskset-1] [INFO] [1791020092.662360018] [foxglove_bridge]: Advertising new channel 58 for topic "/mpc/goal_pose"
[taskset-1] [INFO] [1791020092.662375055] [foxglove_bridge]: Advertising new channel 59 for topic "/mpc/goal_distance"
[taskset-1] [INFO] [1791020092.663733591] [foxglove_bridge]: Advertising new channel 60 for topic "/slam_toolbox/update"
[taskset-1] [INFO] [1791020092.663763304] [foxglove_bridge]: Advertising new channel 61 for topic "/mpc/min_obstacle_distance"
[taskset-1] [INFO] [1791020092.663775415] [foxglove_bridge]: Advertising new channel 62 for topic "/mpc/hold"
[taskset-1] [INFO] [1791020092.665166579] [foxglove_bridge]: Advertising new channel 63 for topic "/costmap/semantic_tracks"
[taskset-1] [INFO] [1791020092.665200931] [foxglove_bridge]: Advertising new channel 64 for topic "/slam_toolbox/graph_visualization"
[taskset-1] [INFO] [1791020092.665220413] [foxglove_bridge]: Advertising new channel 65 for topic "/corridor"
[taskset-1] [INFO] [1791020092.665231718] [foxglove_bridge]: Advertising new channel 66 for topic "/mpc/min_obstacle_distance_forward"
[taskset-1] [INFO] [1791020092.665597200] [foxglove_bridge]: Advertising new channel 67 for topic "/mpc/solver_status"
[taskset-1] [INFO] [1791020092.665613228] [foxglove_bridge]: Advertising new channel 68 for topic "/camera/detections_3d"
[taskset-1] [INFO] [1791020092.665630468] [foxglove_bridge]: Advertising new channel 69 for topic "/perception/front_distance"
[taskset-1] [INFO] [1791020093.255269901] [foxglove_bridge]: Advertising new channel 70 for topic "/test/mission_event"
[taskset-1] [INFO] [1791020093.255490475] [foxglove_bridge]: Advertising new channel 71 for topic "/mission/load_path"
[taskset-1] [INFO] [1791020093.255527910] [foxglove_bridge]: Advertising new channel 72 for topic "/safety/event"
[taskset-1] [INFO] [1791020093.256385789] [foxglove_bridge]: Advertising new channel 73 for topic "/mission/move_outcome"
[taskset-1] [INFO] [1791020093.257618112] [foxglove_bridge]: Advertising new channel 74 for topic "/camera/detections"
[taskset-1] [INFO] [1791020093.258038047] [foxglove_bridge]: Advertising new channel 75 for topic "/bt/tree_visualization"
[taskset-1] [INFO] [1791020093.258354260] [foxglove_bridge]: Advertising new channel 76 for topic "/behavior/tree_status"
[taskset-1] [INFO] [1791020093.885385322] [foxglove_bridge]: Advertising new channel 77 for topic "/perception/swept_clearance/lidar"
[taskset-1] [INFO] [1791020093.885661026] [foxglove_bridge]: Advertising new channel 78 for topic "/perception/swept_clearance/camera"
[taskset-1] [INFO] [1791020093.885685100] [foxglove_bridge]: Advertising new channel 79 for topic "/perception/swept_clearance"
[taskset-1] [INFO] [1791020093.885723100] [foxglove_bridge]: Advertising new channel 80 for topic "/zed2/zed_node/depth/depth_registered"
[taskset-1] [INFO] [1791020093.886615376] [foxglove_bridge]: Advertising new channel 81 for topic "/perception/lidar_front_wall"
[taskset-1] [INFO] [1791020093.886660293] [foxglove_bridge]: Advertising new channel 82 for topic "/obstacle_clearance"
[taskset-1] [INFO] [1791020093.887486533] [foxglove_bridge]: Advertising new channel 83 for topic "/zed2/zed_node/depth/camera_info"
[taskset-1] [INFO] [1791020093.887571912] [foxglove_bridge]: Advertising new channel 84 for topic "/perception/swept_clearance/steering"
[taskset-1] [INFO] [1791020093.887873348] [foxglove_bridge]: Advertising new channel 85 for topic "/perception/lidar_front_wall_virtual"
[taskset-1] [INFO] [1791020096.317509192] [foxglove_bridge]: Advertising new channel 86 for topic "/perception/d_wall/swept_arc"
[taskset-1] [INFO] [1791020096.318731061] [foxglove_bridge]: Advertising new channel 87 for topic "/perception/d_wall/segment"
[taskset-1] [INFO] [1791020096.318813163] [foxglove_bridge]: Advertising new channel 88 for topic "/perception/d_wall/gate_margin"
[taskset-1] [INFO] [1791020096.319458838] [foxglove_bridge]: Advertising new channel 89 for topic "/perception/d_wall"
[WARNING] [launch]: user interrupted with ctrl-c (SIGINT)
[taskset-1] [INFO] [1791020133.172725728] [rclcpp]: signal_handler(SIGINT/SIGTERM)
[throttle-3] [INFO] [1791020133.172902588] [rclcpp]: signal_handler(SIGINT/SIGTERM)
[INFO] [throttle-3]: sending signal 'SIGINT' to process[throttle-3]
[INFO] [throttle-2]: sending signal 'SIGINT' to process[throttle-2]
[INFO] [taskset-1]: sending signal 'SIGINT' to process[taskset-1]
[throttle-2] [INFO] [1791020133.176974335] [rclcpp]: signal_handler(SIGINT/SIGTERM)
[throttle-3] [INFO] [1791020133.179362083] [rclcpp]: signal_handler(SIGINT/SIGTERM)
[throttle-2] [INFO] [1791020133.182064432] [rclcpp]: signal_handler(SIGINT/SIGTERM)
[taskset-1] [INFO] [1791020133.183370987] [foxglove_bridge]: Shutting down foxglove_bridge
[taskset-1] [2026-10-03T09:35:33Z INFO  foxglove::websocket::server] Shutting down
[taskset-1] [2026-10-03T09:35:33Z INFO  foxglove::websocket::server] Shutdown complete
[taskset-1] [INFO] [1791020133.184117163] [foxglove_bridge]: Shutdown complete
[taskset-1] [INFO] [1791020133.191785887] [rclcpp]: signal_handler(SIGINT/SIGTERM)
[INFO] [throttle-3]: process has finished cleanly [pid 377599]
[INFO] [throttle-2]: process has finished cleanly [pid 377592]
[INFO] [taskset-1]: process has finished cleanly [pid 377586]
