[INFO] [launch]: All log files can be found below /home/andre/dev_ws/f1tenth_more/output/phase5/cycles/cycle_05/ros_log/2026-10-03-11-34-49-603341-thor-377516
[INFO] [launch]: Default logging verbosity is set to INFO
[INFO] [launch.user]: [behavior_bringup] enable_nav2 is false -- skipping the Nav2 readiness gate, launching behavior_executor_node and twist_to_ackermann_node immediately (navigation lane will stay idle until enable_nav2 is turned back on).
[INFO] [taskset-1]: process started with pid [377578]
[INFO] [twist_to_ackermann_node-2]: process started with pid [377579]
[taskset-1] [INFO] [1791020092.406247078] [behavior_executor_node]: [mission] mission_file_name parameter not set -- waiting for a path on /mission/load_path, or a call to /mission/load_mission (mission.state stays IDLE until then).
[taskset-1] [INFO] [1791020092.407946484] [behavior_executor_node]: No goal pose received yet -- waiting on /goal_pose (see HasGoalPose).
[taskset-1] [INFO] [1791020092.410402621] [behavior_executor_node]: BT safety config: camera_obstacle_stop=False lidar_safety_stop=True (front=0.15m side=0.15m) sys_obs_load_trip=False (needs 3 consecutive samples); camera obstacles reach the MPC via /perception/obstacles_2d regardless.
[taskset-1] [INFO] [1791020092.514391829] [behavior_executor_node]: BT snapshot -- root=FAILURE, lanes: emergency=FAILURE | mission=FAILURE | navigation=FAILURE
[taskset-1] [o] root [x]
[taskset-1]     [-] emergency [x]
[taskset-1]         [o] emergency_condition [x]
[taskset-1]             --> IsBatteryLow [x]
[taskset-1]             --> IsEmergencyStopTriggered [x]
[taskset-1]             --> IsProximityTooClose [x]
[taskset-1]             --> IsSystemOverheated [x]
[taskset-1]         --> Stop [-]
[taskset-1]     [-] mission [x]
[taskset-1]         --> MissionActive [x]
[taskset-1]         [o] mission_selector [-]
[taskset-1]             [-] mission_object_response [-]
[taskset-1]                 --> ObjectSeen [-]
[taskset-1]                 --> HandleObjectAction [-]
[taskset-1]             [-] mission_progress [-]
[taskset-1]                 --> PublishMoveGoal [-]
[taskset-1]                 --> GoToObject [-]
[taskset-1]                 --> CheckStopCondition [-]
[taskset-1]                 --> AdvanceMove [-]
[taskset-1]     [-] navigation [x]
[taskset-1]         --> HasMpcGoal [x]
[taskset-1] 
[taskset-1] [INFO] [1791020093.513688195] [behavior_executor_node]: BT snapshot -- root=FAILURE, lanes: emergency=FAILURE | mission=FAILURE | navigation=FAILURE
[taskset-1] [o] root [x]
[taskset-1]     [-] emergency [x]
[taskset-1]         [o] emergency_condition [x]
[taskset-1]             --> IsBatteryLow [x]
[taskset-1]             --> IsEmergencyStopTriggered [x]
[taskset-1]             --> IsProximityTooClose [x]
[taskset-1]             --> IsSystemOverheated [x]
[taskset-1]         --> Stop [-]
[taskset-1]     [-] mission [x]
[taskset-1]         --> MissionActive [x]
[taskset-1]         [o] mission_selector [-]
[taskset-1]             [-] mission_object_response [-]
[taskset-1]                 --> ObjectSeen [-]
[taskset-1]                 --> HandleObjectAction [-]
[taskset-1]             [-] mission_progress [-]
[taskset-1]                 --> PublishMoveGoal [-]
[taskset-1]                 --> GoToObject [-]
[taskset-1]                 --> CheckStopCondition [-]
[taskset-1]                 --> AdvanceMove [-]
[taskset-1]     [-] navigation [x]
[taskset-1]         --> HasMpcGoal [x]
[taskset-1] 
[taskset-1] [INFO] [1791020094.613624696] [behavior_executor_node]: BT snapshot -- root=FAILURE, lanes: emergency=FAILURE | mission=FAILURE | navigation=FAILURE
[taskset-1] [o] root [x]
[taskset-1]     [-] emergency [x]
[taskset-1]         [o] emergency_condition [x]
[taskset-1]             --> IsBatteryLow [x]
[taskset-1]             --> IsEmergencyStopTriggered [x]
[taskset-1]             --> IsProximityTooClose [x]
[taskset-1]             --> IsSystemOverheated [x]
[taskset-1]         --> Stop [-]
[taskset-1]     [-] mission [x]
[taskset-1]         --> MissionActive [x]
[taskset-1]         [o] mission_selector [-]
[taskset-1]             [-] mission_object_response [-]
[taskset-1]                 --> ObjectSeen [-]
[taskset-1]                 --> HandleObjectAction [-]
[taskset-1]             [-] mission_progress [-]
[taskset-1]                 --> PublishMoveGoal [-]
[taskset-1]                 --> GoToObject [-]
[taskset-1]                 --> CheckStopCondition [-]
[taskset-1]                 --> AdvanceMove [-]
[taskset-1]     [-] navigation [x]
[taskset-1]         --> HasMpcGoal [x]
[taskset-1] 
[taskset-1] [INFO] [1791020095.613730759] [behavior_executor_node]: BT snapshot -- root=FAILURE, lanes: emergency=FAILURE | mission=FAILURE | navigation=FAILURE
[taskset-1] [o] root [x]
[taskset-1]     [-] emergency [x]
[taskset-1]         [o] emergency_condition [x]
[taskset-1]             --> IsBatteryLow [x]
[taskset-1]             --> IsEmergencyStopTriggered [x]
[taskset-1]             --> IsProximityTooClose [x]
[taskset-1]             --> IsSystemOverheated [x]
[taskset-1]         --> Stop [-]
[taskset-1]     [-] mission [x]
[taskset-1]         --> MissionActive [x]
[taskset-1]         [o] mission_selector [-]
[taskset-1]             [-] mission_object_response [-]
[taskset-1]                 --> ObjectSeen [-]
[taskset-1]                 --> HandleObjectAction [-]
[taskset-1]             [-] mission_progress [-]
[taskset-1]                 --> PublishMoveGoal [-]
[taskset-1]                 --> GoToObject [-]
[taskset-1]                 --> CheckStopCondition [-]
[taskset-1]                 --> AdvanceMove [-]
[taskset-1]     [-] navigation [x]
[taskset-1]         --> HasMpcGoal [x]
[taskset-1] 
[taskset-1] [INFO] [1791020096.613792975] [behavior_executor_node]: BT snapshot -- root=FAILURE, lanes: emergency=FAILURE | mission=FAILURE | navigation=FAILURE
[taskset-1] [o] root [x]
[taskset-1]     [-] emergency [x]
[taskset-1]         [o] emergency_condition [x]
[taskset-1]             --> IsBatteryLow [x]
[taskset-1]             --> IsEmergencyStopTriggered [x]
[taskset-1]             --> IsProximityTooClose [x]
[taskset-1]             --> IsSystemOverheated [x]
[taskset-1]         --> Stop [-]
[taskset-1]     [-] mission [x]
[taskset-1]         --> MissionActive [x]
[taskset-1]         [o] mission_selector [-]
[taskset-1]             [-] mission_object_response [-]
[taskset-1]                 --> ObjectSeen [-]
[taskset-1]                 --> HandleObjectAction [-]
[taskset-1]             [-] mission_progress [-]
[taskset-1]                 --> PublishMoveGoal [-]
[taskset-1]                 --> GoToObject [-]
[taskset-1]                 --> CheckStopCondition [-]
[taskset-1]                 --> AdvanceMove [-]
[taskset-1]     [-] navigation [x]
[taskset-1]         --> HasMpcGoal [x]
[taskset-1] 
[taskset-1] [INFO] [1791020097.613513283] [behavior_executor_node]: BT snapshot -- root=FAILURE, lanes: emergency=FAILURE | mission=FAILURE | navigation=FAILURE
[taskset-1] [o] root [x]
[taskset-1]     [-] emergency [x]
[taskset-1]         [o] emergency_condition [x]
[taskset-1]             --> IsBatteryLow [x]
[taskset-1]             --> IsEmergencyStopTriggered [x]
[taskset-1]             --> IsProximityTooClose [x]
[taskset-1]             --> IsSystemOverheated [x]
[taskset-1]         --> Stop [-]
[taskset-1]     [-] mission [x]
[taskset-1]         --> MissionActive [x]
[taskset-1]         [o] mission_selector [-]
[taskset-1]             [-] mission_object_response [-]
[taskset-1]                 --> ObjectSeen [-]
[taskset-1]                 --> HandleObjectAction [-]
[taskset-1]             [-] mission_progress [-]
[taskset-1]                 --> PublishMoveGoal [-]
[taskset-1]                 --> GoToObject [-]
[taskset-1]                 --> CheckStopCondition [-]
[taskset-1]                 --> AdvanceMove [-]
[taskset-1]     [-] navigation [x]
[taskset-1]         --> HasMpcGoal [x]
[taskset-1] 
[taskset-1] [INFO] [1791020098.713921468] [behavior_executor_node]: BT snapshot -- root=FAILURE, lanes: emergency=FAILURE | mission=FAILURE | navigation=FAILURE
[taskset-1] [o] root [x]
[taskset-1]     [-] emergency [x]
[taskset-1]         [o] emergency_condition [x]
[taskset-1]             --> IsBatteryLow [x]
[taskset-1]             --> IsEmergencyStopTriggered [x]
[taskset-1]             --> IsProximityTooClose [x]
[taskset-1]             --> IsSystemOverheated [x]
[taskset-1]         --> Stop [-]
[taskset-1]     [-] mission [x]
[taskset-1]         --> MissionActive [x]
[taskset-1]         [o] mission_selector [-]
[taskset-1]             [-] mission_object_response [-]
[taskset-1]                 --> ObjectSeen [-]
[taskset-1]                 --> HandleObjectAction [-]
[taskset-1]             [-] mission_progress [-]
[taskset-1]                 --> PublishMoveGoal [-]
[taskset-1]                 --> GoToObject [-]
[taskset-1]                 --> CheckStopCondition [-]
[taskset-1]                 --> AdvanceMove [-]
[taskset-1]     [-] navigation [x]
[taskset-1]         --> HasMpcGoal [x]
[taskset-1] 
[taskset-1] [INFO] [1791020099.713921541] [behavior_executor_node]: BT snapshot -- root=FAILURE, lanes: emergency=FAILURE | mission=FAILURE | navigation=FAILURE
[taskset-1] [o] root [x]
[taskset-1]     [-] emergency [x]
[taskset-1]         [o] emergency_condition [x]
[taskset-1]             --> IsBatteryLow [x]
[taskset-1]             --> IsEmergencyStopTriggered [x]
[taskset-1]             --> IsProximityTooClose [x]
[taskset-1]             --> IsSystemOverheated [x]
[taskset-1]         --> Stop [-]
[taskset-1]     [-] mission [x]
[taskset-1]         --> MissionActive [x]
[taskset-1]         [o] mission_selector [-]
[taskset-1]             [-] mission_object_response [-]
[taskset-1]                 --> ObjectSeen [-]
[taskset-1]                 --> HandleObjectAction [-]
[taskset-1]             [-] mission_progress [-]
[taskset-1]                 --> PublishMoveGoal [-]
[taskset-1]                 --> GoToObject [-]
[taskset-1]                 --> CheckStopCondition [-]
[taskset-1]                 --> AdvanceMove [-]
[taskset-1]     [-] navigation [x]
[taskset-1]         --> HasMpcGoal [x]
[taskset-1] 
[taskset-1] [INFO] [1791020100.714049541] [behavior_executor_node]: BT snapshot -- root=FAILURE, lanes: emergency=FAILURE | mission=FAILURE | navigation=FAILURE
[taskset-1] [o] root [x]
[taskset-1]     [-] emergency [x]
[taskset-1]         [o] emergency_condition [x]
[taskset-1]             --> IsBatteryLow [x]
[taskset-1]             --> IsEmergencyStopTriggered [x]
[taskset-1]             --> IsProximityTooClose [x]
[taskset-1]             --> IsSystemOverheated [x]
[taskset-1]         --> Stop [-]
[taskset-1]     [-] mission [x]
[taskset-1]         --> MissionActive [x]
[taskset-1]         [o] mission_selector [-]
[taskset-1]             [-] mission_object_response [-]
[taskset-1]                 --> ObjectSeen [-]
[taskset-1]                 --> HandleObjectAction [-]
[taskset-1]             [-] mission_progress [-]
[taskset-1]                 --> PublishMoveGoal [-]
[taskset-1]                 --> GoToObject [-]
[taskset-1]                 --> CheckStopCondition [-]
[taskset-1]                 --> AdvanceMove [-]
[taskset-1]     [-] navigation [x]
[taskset-1]         --> HasMpcGoal [x]
[taskset-1] 
[taskset-1] [INFO] [1791020101.826218157] [behavior_executor_node]: BT snapshot -- root=FAILURE, lanes: emergency=FAILURE | mission=FAILURE | navigation=FAILURE
[taskset-1] [o] root [x]
[taskset-1]     [-] emergency [x]
[taskset-1]         [o] emergency_condition [x]
[taskset-1]             --> IsBatteryLow [x]
[taskset-1]             --> IsEmergencyStopTriggered [x]
[taskset-1]             --> IsProximityTooClose [x]
[taskset-1]             --> IsSystemOverheated [x]
[taskset-1]         --> Stop [-]
[taskset-1]     [-] mission [x]
[taskset-1]         --> MissionActive [x]
[taskset-1]         [o] mission_selector [-]
[taskset-1]             [-] mission_object_response [-]
[taskset-1]                 --> ObjectSeen [-]
[taskset-1]                 --> HandleObjectAction [-]
[taskset-1]             [-] mission_progress [-]
[taskset-1]                 --> PublishMoveGoal [-]
[taskset-1]                 --> GoToObject [-]
[taskset-1]                 --> CheckStopCondition [-]
[taskset-1]                 --> AdvanceMove [-]
[taskset-1]     [-] navigation [x]
[taskset-1]         --> HasMpcGoal [x]
[taskset-1] 
[taskset-1] [INFO] [1791020102.913961525] [behavior_executor_node]: BT snapshot -- root=FAILURE, lanes: emergency=FAILURE | mission=FAILURE | navigation=FAILURE
[taskset-1] [o] root [x]
[taskset-1]     [-] emergency [x]
[taskset-1]         [o] emergency_condition [x]
[taskset-1]             --> IsBatteryLow [x]
[taskset-1]             --> IsEmergencyStopTriggered [x]
[taskset-1]             --> IsProximityTooClose [x]
[taskset-1]             --> IsSystemOverheated [x]
[taskset-1]         --> Stop [-]
[taskset-1]     [-] mission [x]
[taskset-1]         --> MissionActive [x]
[taskset-1]         [o] mission_selector [-]
[taskset-1]             [-] mission_object_response [-]
[taskset-1]                 --> ObjectSeen [-]
[taskset-1]                 --> HandleObjectAction [-]
[taskset-1]             [-] mission_progress [-]
[taskset-1]                 --> PublishMoveGoal [-]
[taskset-1]                 --> GoToObject [-]
[taskset-1]                 --> CheckStopCondition [-]
[taskset-1]                 --> AdvanceMove [-]
[taskset-1]     [-] navigation [x]
[taskset-1]         --> HasMpcGoal [x]
[taskset-1] 
[taskset-1] [INFO] [1791020104.018787841] [behavior_executor_node]: BT snapshot -- root=FAILURE, lanes: emergency=FAILURE | mission=FAILURE | navigation=FAILURE
[taskset-1] [o] root [x]
[taskset-1]     [-] emergency [x]
[taskset-1]         [o] emergency_condition [x]
[taskset-1]             --> IsBatteryLow [x]
[taskset-1]             --> IsEmergencyStopTriggered [x]
[taskset-1]             --> IsProximityTooClose [x]
[taskset-1]             --> IsSystemOverheated [x]
[taskset-1]         --> Stop [-]
[taskset-1]     [-] mission [x]
[taskset-1]         --> MissionActive [x]
[taskset-1]         [o] mission_selector [-]
[taskset-1]             [-] mission_object_response [-]
[taskset-1]                 --> ObjectSeen [-]
[taskset-1]                 --> HandleObjectAction [-]
[taskset-1]             [-] mission_progress [-]
[taskset-1]                 --> PublishMoveGoal [-]
[taskset-1]                 --> GoToObject [-]
[taskset-1]                 --> CheckStopCondition [-]
[taskset-1]                 --> AdvanceMove [-]
[taskset-1]     [-] navigation [x]
[taskset-1]         --> HasMpcGoal [x]
[taskset-1] 
[taskset-1] [INFO] [1791020105.018810541] [behavior_executor_node]: BT snapshot -- root=FAILURE, lanes: emergency=FAILURE | mission=FAILURE | navigation=FAILURE
[taskset-1] [o] root [x]
[taskset-1]     [-] emergency [x]
[taskset-1]         [o] emergency_condition [x]
[taskset-1]             --> IsBatteryLow [x]
[taskset-1]             --> IsEmergencyStopTriggered [x]
[taskset-1]             --> IsProximityTooClose [x]
[taskset-1]             --> IsSystemOverheated [x]
[taskset-1]         --> Stop [-]
[taskset-1]     [-] mission [x]
[taskset-1]         --> MissionActive [x]
[taskset-1]         [o] mission_selector [-]
[taskset-1]             [-] mission_object_response [-]
[taskset-1]                 --> ObjectSeen [-]
[taskset-1]                 --> HandleObjectAction [-]
[taskset-1]             [-] mission_progress [-]
[taskset-1]                 --> PublishMoveGoal [-]
[taskset-1]                 --> GoToObject [-]
[taskset-1]                 --> CheckStopCondition [-]
[taskset-1]                 --> AdvanceMove [-]
[taskset-1]     [-] navigation [x]
[taskset-1]         --> HasMpcGoal [x]
[taskset-1] 
[taskset-1] [INFO] [1791020106.021774554] [behavior_executor_node]: BT snapshot -- root=FAILURE, lanes: emergency=FAILURE | mission=FAILURE | navigation=FAILURE
[taskset-1] [o] root [x]
[taskset-1]     [-] emergency [x]
[taskset-1]         [o] emergency_condition [x]
[taskset-1]             --> IsBatteryLow [x]
[taskset-1]             --> IsEmergencyStopTriggered [x]
[taskset-1]             --> IsProximityTooClose [x]
[taskset-1]             --> IsSystemOverheated [x]
[taskset-1]         --> Stop [-]
[taskset-1]     [-] mission [x]
[taskset-1]         --> MissionActive [x]
[taskset-1]         [o] mission_selector [-]
[taskset-1]             [-] mission_object_response [-]
[taskset-1]                 --> ObjectSeen [-]
[taskset-1]                 --> HandleObjectAction [-]
[taskset-1]             [-] mission_progress [-]
[taskset-1]                 --> PublishMoveGoal [-]
[taskset-1]                 --> GoToObject [-]
[taskset-1]                 --> CheckStopCondition [-]
[taskset-1]                 --> AdvanceMove [-]
[taskset-1]     [-] navigation [x]
[taskset-1]         --> HasMpcGoal [x]
[taskset-1] 
[taskset-1] [INFO] [1791020107.114064175] [behavior_executor_node]: BT snapshot -- root=FAILURE, lanes: emergency=FAILURE | mission=FAILURE | navigation=FAILURE
[taskset-1] [o] root [x]
[taskset-1]     [-] emergency [x]
[taskset-1]         [o] emergency_condition [x]
[taskset-1]             --> IsBatteryLow [x]
[taskset-1]             --> IsEmergencyStopTriggered [x]
[taskset-1]             --> IsProximityTooClose [x]
[taskset-1]             --> IsSystemOverheated [x]
[taskset-1]         --> Stop [-]
[taskset-1]     [-] mission [x]
[taskset-1]         --> MissionActive [x]
[taskset-1]         [o] mission_selector [-]
[taskset-1]             [-] mission_object_response [-]
[taskset-1]                 --> ObjectSeen [-]
[taskset-1]                 --> HandleObjectAction [-]
[taskset-1]             [-] mission_progress [-]
[taskset-1]                 --> PublishMoveGoal [-]
[taskset-1]                 --> GoToObject [-]
[taskset-1]                 --> CheckStopCondition [-]
[taskset-1]                 --> AdvanceMove [-]
[taskset-1]     [-] navigation [x]
[taskset-1]         --> HasMpcGoal [x]
[taskset-1] 
[taskset-1] [INFO] [1791020108.114011615] [behavior_executor_node]: BT snapshot -- root=FAILURE, lanes: emergency=FAILURE | mission=FAILURE | navigation=FAILURE
[taskset-1] [o] root [x]
[taskset-1]     [-] emergency [x]
[taskset-1]         [o] emergency_condition [x]
[taskset-1]             --> IsBatteryLow [x]
[taskset-1]             --> IsEmergencyStopTriggered [x]
[taskset-1]             --> IsProximityTooClose [x]
[taskset-1]             --> IsSystemOverheated [x]
[taskset-1]         --> Stop [-]
[taskset-1]     [-] mission [x]
[taskset-1]         --> MissionActive [x]
[taskset-1]         [o] mission_selector [-]
[taskset-1]             [-] mission_object_response [-]
[taskset-1]                 --> ObjectSeen [-]
[taskset-1]                 --> HandleObjectAction [-]
[taskset-1]             [-] mission_progress [-]
[taskset-1]                 --> PublishMoveGoal [-]
[taskset-1]                 --> GoToObject [-]
[taskset-1]                 --> CheckStopCondition [-]
[taskset-1]                 --> AdvanceMove [-]
[taskset-1]     [-] navigation [x]
[taskset-1]         --> HasMpcGoal [x]
[taskset-1] 
[taskset-1] [INFO] [1791020109.118573208] [behavior_executor_node]: BT snapshot -- root=FAILURE, lanes: emergency=FAILURE | mission=FAILURE | navigation=FAILURE
[taskset-1] [o] root [x]
[taskset-1]     [-] emergency [x]
[taskset-1]         [o] emergency_condition [x]
[taskset-1]             --> IsBatteryLow [x]
[taskset-1]             --> IsEmergencyStopTriggered [x]
[taskset-1]             --> IsProximityTooClose [x]
[taskset-1]             --> IsSystemOverheated [x]
[taskset-1]         --> Stop [-]
[taskset-1]     [-] mission [x]
[taskset-1]         --> MissionActive [x]
[taskset-1]         [o] mission_selector [-]
[taskset-1]             [-] mission_object_response [-]
[taskset-1]                 --> ObjectSeen [-]
[taskset-1]                 --> HandleObjectAction [-]
[taskset-1]             [-] mission_progress [-]
[taskset-1]                 --> PublishMoveGoal [-]
[taskset-1]                 --> GoToObject [-]
[taskset-1]                 --> CheckStopCondition [-]
[taskset-1]                 --> AdvanceMove [-]
[taskset-1]     [-] navigation [x]
[taskset-1]         --> HasMpcGoal [x]
[taskset-1] 
[taskset-1] [INFO] [1791020110.132092221] [behavior_executor_node]: BT snapshot -- root=FAILURE, lanes: emergency=FAILURE | mission=FAILURE | navigation=FAILURE
[taskset-1] [o] root [x]
[taskset-1]     [-] emergency [x]
[taskset-1]         [o] emergency_condition [x]
[taskset-1]             --> IsBatteryLow [x]
[taskset-1]             --> IsEmergencyStopTriggered [x]
[taskset-1]             --> IsProximityTooClose [x]
[taskset-1]             --> IsSystemOverheated [x]
[taskset-1]         --> Stop [-]
[taskset-1]     [-] mission [x]
[taskset-1]         --> MissionActive [x]
[taskset-1]         [o] mission_selector [-]
[taskset-1]             [-] mission_object_response [-]
[taskset-1]                 --> ObjectSeen [-]
[taskset-1]                 --> HandleObjectAction [-]
[taskset-1]             [-] mission_progress [-]
[taskset-1]                 --> PublishMoveGoal [-]
[taskset-1]                 --> GoToObject [-]
[taskset-1]                 --> CheckStopCondition [-]
[taskset-1]                 --> AdvanceMove [-]
[taskset-1]     [-] navigation [x]
[taskset-1]         --> HasMpcGoal [x]
[taskset-1] 
[taskset-1] [INFO] [1791020111.214009933] [behavior_executor_node]: BT snapshot -- root=FAILURE, lanes: emergency=FAILURE | mission=FAILURE | navigation=FAILURE
[taskset-1] [o] root [x]
[taskset-1]     [-] emergency [x]
[taskset-1]         [o] emergency_condition [x]
[taskset-1]             --> IsBatteryLow [x]
[taskset-1]             --> IsEmergencyStopTriggered [x]
[taskset-1]             --> IsProximityTooClose [x]
[taskset-1]             --> IsSystemOverheated [x]
[taskset-1]         --> Stop [-]
[taskset-1]     [-] mission [x]
[taskset-1]         --> MissionActive [x]
[taskset-1]         [o] mission_selector [-]
[taskset-1]             [-] mission_object_response [-]
[taskset-1]                 --> ObjectSeen [-]
[taskset-1]                 --> HandleObjectAction [-]
[taskset-1]             [-] mission_progress [-]
[taskset-1]                 --> PublishMoveGoal [-]
[taskset-1]                 --> GoToObject [-]
[taskset-1]                 --> CheckStopCondition [-]
[taskset-1]                 --> AdvanceMove [-]
[taskset-1]     [-] navigation [x]
[taskset-1]         --> HasMpcGoal [x]
[taskset-1] 
[taskset-1] [INFO] [1791020112.214393139] [behavior_executor_node]: BT snapshot -- root=FAILURE, lanes: emergency=FAILURE | mission=FAILURE | navigation=FAILURE
[taskset-1] [o] root [x]
[taskset-1]     [-] emergency [x]
[taskset-1]         [o] emergency_condition [x]
[taskset-1]             --> IsBatteryLow [x]
[taskset-1]             --> IsEmergencyStopTriggered [x]
[taskset-1]             --> IsProximityTooClose [x]
[taskset-1]             --> IsSystemOverheated [x]
[taskset-1]         --> Stop [-]
[taskset-1]     [-] mission [x]
[taskset-1]         --> MissionActive [x]
[taskset-1]         [o] mission_selector [-]
[taskset-1]             [-] mission_object_response [-]
[taskset-1]                 --> ObjectSeen [-]
[taskset-1]                 --> HandleObjectAction [-]
[taskset-1]             [-] mission_progress [-]
[taskset-1]                 --> PublishMoveGoal [-]
[taskset-1]                 --> GoToObject [-]
[taskset-1]                 --> CheckStopCondition [-]
[taskset-1]                 --> AdvanceMove [-]
[taskset-1]     [-] navigation [x]
[taskset-1]         --> HasMpcGoal [x]
[taskset-1] 
[taskset-1] [INFO] [1791020113.216378982] [behavior_executor_node]: BT snapshot -- root=FAILURE, lanes: emergency=FAILURE | mission=FAILURE | navigation=FAILURE
[taskset-1] [o] root [x]
[taskset-1]     [-] emergency [x]
[taskset-1]         [o] emergency_condition [x]
[taskset-1]             --> IsBatteryLow [x]
[taskset-1]             --> IsEmergencyStopTriggered [x]
[taskset-1]             --> IsProximityTooClose [x]
[taskset-1]             --> IsSystemOverheated [x]
[taskset-1]         --> Stop [-]
[taskset-1]     [-] mission [x]
[taskset-1]         --> MissionActive [x]
[taskset-1]         [o] mission_selector [-]
[taskset-1]             [-] mission_object_response [-]
[taskset-1]                 --> ObjectSeen [-]
[taskset-1]                 --> HandleObjectAction [-]
[taskset-1]             [-] mission_progress [-]
[taskset-1]                 --> PublishMoveGoal [-]
[taskset-1]                 --> GoToObject [-]
[taskset-1]                 --> CheckStopCondition [-]
[taskset-1]                 --> AdvanceMove [-]
[taskset-1]     [-] navigation [x]
[taskset-1]         --> HasMpcGoal [x]
[taskset-1] 
[taskset-1] [INFO] [1791020114.313654001] [behavior_executor_node]: BT snapshot -- root=FAILURE, lanes: emergency=FAILURE | mission=FAILURE | navigation=FAILURE
[taskset-1] [o] root [x]
[taskset-1]     [-] emergency [x]
[taskset-1]         [o] emergency_condition [x]
[taskset-1]             --> IsBatteryLow [x]
[taskset-1]             --> IsEmergencyStopTriggered [x]
[taskset-1]             --> IsProximityTooClose [x]
[taskset-1]             --> IsSystemOverheated [x]
[taskset-1]         --> Stop [-]
[taskset-1]     [-] mission [x]
[taskset-1]         --> MissionActive [x]
[taskset-1]         [o] mission_selector [-]
[taskset-1]             [-] mission_object_response [-]
[taskset-1]                 --> ObjectSeen [-]
[taskset-1]                 --> HandleObjectAction [-]
[taskset-1]             [-] mission_progress [-]
[taskset-1]                 --> PublishMoveGoal [-]
[taskset-1]                 --> GoToObject [-]
[taskset-1]                 --> CheckStopCondition [-]
[taskset-1]                 --> AdvanceMove [-]
[taskset-1]     [-] navigation [x]
[taskset-1]         --> HasMpcGoal [x]
[taskset-1] 
[taskset-1] [INFO] [1791020115.413478918] [behavior_executor_node]: BT snapshot -- root=FAILURE, lanes: emergency=FAILURE | mission=FAILURE | navigation=FAILURE
[taskset-1] [o] root [x]
[taskset-1]     [-] emergency [x]
[taskset-1]         [o] emergency_condition [x]
[taskset-1]             --> IsBatteryLow [x]
[taskset-1]             --> IsEmergencyStopTriggered [x]
[taskset-1]             --> IsProximityTooClose [x]
[taskset-1]             --> IsSystemOverheated [x]
[taskset-1]         --> Stop [-]
[taskset-1]     [-] mission [x]
[taskset-1]         --> MissionActive [x]
[taskset-1]         [o] mission_selector [-]
[taskset-1]             [-] mission_object_response [-]
[taskset-1]                 --> ObjectSeen [-]
[taskset-1]                 --> HandleObjectAction [-]
[taskset-1]             [-] mission_progress [-]
[taskset-1]                 --> PublishMoveGoal [-]
[taskset-1]                 --> GoToObject [-]
[taskset-1]                 --> CheckStopCondition [-]
[taskset-1]                 --> AdvanceMove [-]
[taskset-1]     [-] navigation [x]
[taskset-1]         --> HasMpcGoal [x]
[taskset-1] 
[taskset-1] [INFO] [1791020116.413744201] [behavior_executor_node]: BT snapshot -- root=FAILURE, lanes: emergency=FAILURE | mission=FAILURE | navigation=FAILURE
[taskset-1] [o] root [x]
[taskset-1]     [-] emergency [x]
[taskset-1]         [o] emergency_condition [x]
[taskset-1]             --> IsBatteryLow [x]
[taskset-1]             --> IsEmergencyStopTriggered [x]
[taskset-1]             --> IsProximityTooClose [x]
[taskset-1]             --> IsSystemOverheated [x]
[taskset-1]         --> Stop [-]
[taskset-1]     [-] mission [x]
[taskset-1]         --> MissionActive [x]
[taskset-1]         [o] mission_selector [-]
[taskset-1]             [-] mission_object_response [-]
[taskset-1]                 --> ObjectSeen [-]
[taskset-1]                 --> HandleObjectAction [-]
[taskset-1]             [-] mission_progress [-]
[taskset-1]                 --> PublishMoveGoal [-]
[taskset-1]                 --> GoToObject [-]
[taskset-1]                 --> CheckStopCondition [-]
[taskset-1]                 --> AdvanceMove [-]
[taskset-1]     [-] navigation [x]
[taskset-1]         --> HasMpcGoal [x]
[taskset-1] 
[taskset-1] [INFO] [1791020117.513639835] [behavior_executor_node]: BT snapshot -- root=FAILURE, lanes: emergency=FAILURE | mission=FAILURE | navigation=FAILURE
[taskset-1] [o] root [x]
[taskset-1]     [-] emergency [x]
[taskset-1]         [o] emergency_condition [x]
[taskset-1]             --> IsBatteryLow [x]
[taskset-1]             --> IsEmergencyStopTriggered [x]
[taskset-1]             --> IsProximityTooClose [x]
[taskset-1]             --> IsSystemOverheated [x]
[taskset-1]         --> Stop [-]
[taskset-1]     [-] mission [x]
[taskset-1]         --> MissionActive [x]
[taskset-1]         [o] mission_selector [-]
[taskset-1]             [-] mission_object_response [-]
[taskset-1]                 --> ObjectSeen [-]
[taskset-1]                 --> HandleObjectAction [-]
[taskset-1]             [-] mission_progress [-]
[taskset-1]                 --> PublishMoveGoal [-]
[taskset-1]                 --> GoToObject [-]
[taskset-1]                 --> CheckStopCondition [-]
[taskset-1]                 --> AdvanceMove [-]
[taskset-1]     [-] navigation [x]
[taskset-1]         --> HasMpcGoal [x]
[taskset-1] 
[taskset-1] [INFO] [1791020118.613459720] [behavior_executor_node]: BT snapshot -- root=FAILURE, lanes: emergency=FAILURE | mission=FAILURE | navigation=FAILURE
[taskset-1] [o] root [x]
[taskset-1]     [-] emergency [x]
[taskset-1]         [o] emergency_condition [x]
[taskset-1]             --> IsBatteryLow [x]
[taskset-1]             --> IsEmergencyStopTriggered [x]
[taskset-1]             --> IsProximityTooClose [x]
[taskset-1]             --> IsSystemOverheated [x]
[taskset-1]         --> Stop [-]
[taskset-1]     [-] mission [x]
[taskset-1]         --> MissionActive [x]
[taskset-1]         [o] mission_selector [-]
[taskset-1]             [-] mission_object_response [-]
[taskset-1]                 --> ObjectSeen [-]
[taskset-1]                 --> HandleObjectAction [-]
[taskset-1]             [-] mission_progress [-]
[taskset-1]                 --> PublishMoveGoal [-]
[taskset-1]                 --> GoToObject [-]
[taskset-1]                 --> CheckStopCondition [-]
[taskset-1]                 --> AdvanceMove [-]
[taskset-1]     [-] navigation [x]
[taskset-1]         --> HasMpcGoal [x]
[taskset-1] 
[taskset-1] [INFO] [1791020119.714628352] [behavior_executor_node]: BT snapshot -- root=FAILURE, lanes: emergency=FAILURE | mission=FAILURE | navigation=FAILURE
[taskset-1] [o] root [x]
[taskset-1]     [-] emergency [x]
[taskset-1]         [o] emergency_condition [x]
[taskset-1]             --> IsBatteryLow [x]
[taskset-1]             --> IsEmergencyStopTriggered [x]
[taskset-1]             --> IsProximityTooClose [x]
[taskset-1]             --> IsSystemOverheated [x]
[taskset-1]         --> Stop [-]
[taskset-1]     [-] mission [x]
[taskset-1]         --> MissionActive [x]
[taskset-1]         [o] mission_selector [-]
[taskset-1]             [-] mission_object_response [-]
[taskset-1]                 --> ObjectSeen [-]
[taskset-1]                 --> HandleObjectAction [-]
[taskset-1]             [-] mission_progress [-]
[taskset-1]                 --> PublishMoveGoal [-]
[taskset-1]                 --> GoToObject [-]
[taskset-1]                 --> CheckStopCondition [-]
[taskset-1]                 --> AdvanceMove [-]
[taskset-1]     [-] navigation [x]
[taskset-1]         --> HasMpcGoal [x]
[taskset-1] 
[taskset-1] [INFO] [1791020120.727886135] [behavior_executor_node]: BT snapshot -- root=FAILURE, lanes: emergency=FAILURE | mission=FAILURE | navigation=FAILURE
[taskset-1] [o] root [x]
[taskset-1]     [-] emergency [x]
[taskset-1]         [o] emergency_condition [x]
[taskset-1]             --> IsBatteryLow [x]
[taskset-1]             --> IsEmergencyStopTriggered [x]
[taskset-1]             --> IsProximityTooClose [x]
[taskset-1]             --> IsSystemOverheated [x]
[taskset-1]         --> Stop [-]
[taskset-1]     [-] mission [x]
[taskset-1]         --> MissionActive [x]
[taskset-1]         [o] mission_selector [-]
[taskset-1]             [-] mission_object_response [-]
[taskset-1]                 --> ObjectSeen [-]
[taskset-1]                 --> HandleObjectAction [-]
[taskset-1]             [-] mission_progress [-]
[taskset-1]                 --> PublishMoveGoal [-]
[taskset-1]                 --> GoToObject [-]
[taskset-1]                 --> CheckStopCondition [-]
[taskset-1]                 --> AdvanceMove [-]
[taskset-1]     [-] navigation [x]
[taskset-1]         --> HasMpcGoal [x]
[taskset-1] 
[taskset-1] [INFO] [1791020121.813399381] [behavior_executor_node]: BT snapshot -- root=FAILURE, lanes: emergency=FAILURE | mission=FAILURE | navigation=FAILURE
[taskset-1] [o] root [x]
[taskset-1]     [-] emergency [x]
[taskset-1]         [o] emergency_condition [x]
[taskset-1]             --> IsBatteryLow [x]
[taskset-1]             --> IsEmergencyStopTriggered [x]
[taskset-1]             --> IsProximityTooClose [x]
[taskset-1]             --> IsSystemOverheated [x]
[taskset-1]         --> Stop [-]
[taskset-1]     [-] mission [x]
[taskset-1]         --> MissionActive [x]
[taskset-1]         [o] mission_selector [-]
[taskset-1]             [-] mission_object_response [-]
[taskset-1]                 --> ObjectSeen [-]
[taskset-1]                 --> HandleObjectAction [-]
[taskset-1]             [-] mission_progress [-]
[taskset-1]                 --> PublishMoveGoal [-]
[taskset-1]                 --> GoToObject [-]
[taskset-1]                 --> CheckStopCondition [-]
[taskset-1]                 --> AdvanceMove [-]
[taskset-1]     [-] navigation [x]
[taskset-1]         --> HasMpcGoal [x]
[taskset-1] 
[taskset-1] [INFO] [1791020122.816208773] [behavior_executor_node]: BT snapshot -- root=FAILURE, lanes: emergency=FAILURE | mission=FAILURE | navigation=FAILURE
[taskset-1] [o] root [x]
[taskset-1]     [-] emergency [x]
[taskset-1]         [o] emergency_condition [x]
[taskset-1]             --> IsBatteryLow [x]
[taskset-1]             --> IsEmergencyStopTriggered [x]
[taskset-1]             --> IsProximityTooClose [x]
[taskset-1]             --> IsSystemOverheated [x]
[taskset-1]         --> Stop [-]
[taskset-1]     [-] mission [x]
[taskset-1]         --> MissionActive [x]
[taskset-1]         [o] mission_selector [-]
[taskset-1]             [-] mission_object_response [-]
[taskset-1]                 --> ObjectSeen [-]
[taskset-1]                 --> HandleObjectAction [-]
[taskset-1]             [-] mission_progress [-]
[taskset-1]                 --> PublishMoveGoal [-]
[taskset-1]                 --> GoToObject [-]
[taskset-1]                 --> CheckStopCondition [-]
[taskset-1]                 --> AdvanceMove [-]
[taskset-1]     [-] navigation [x]
[taskset-1]         --> HasMpcGoal [x]
[taskset-1] 
[taskset-1] [INFO] [1791020123.829085192] [behavior_executor_node]: BT snapshot -- root=FAILURE, lanes: emergency=FAILURE | mission=FAILURE | navigation=FAILURE
[taskset-1] [o] root [x]
[taskset-1]     [-] emergency [x]
[taskset-1]         [o] emergency_condition [x]
[taskset-1]             --> IsBatteryLow [x]
[taskset-1]             --> IsEmergencyStopTriggered [x]
[taskset-1]             --> IsProximityTooClose [x]
[taskset-1]             --> IsSystemOverheated [x]
[taskset-1]         --> Stop [-]
[taskset-1]     [-] mission [x]
[taskset-1]         --> MissionActive [x]
[taskset-1]         [o] mission_selector [-]
[taskset-1]             [-] mission_object_response [-]
[taskset-1]                 --> ObjectSeen [-]
[taskset-1]                 --> HandleObjectAction [-]
[taskset-1]             [-] mission_progress [-]
[taskset-1]                 --> PublishMoveGoal [-]
[taskset-1]                 --> GoToObject [-]
[taskset-1]                 --> CheckStopCondition [-]
[taskset-1]                 --> AdvanceMove [-]
[taskset-1]     [-] navigation [x]
[taskset-1]         --> HasMpcGoal [x]
[taskset-1] 
[taskset-1] [INFO] [1791020124.913574235] [behavior_executor_node]: BT snapshot -- root=FAILURE, lanes: emergency=FAILURE | mission=FAILURE | navigation=FAILURE
[taskset-1] [o] root [x]
[taskset-1]     [-] emergency [x]
[taskset-1]         [o] emergency_condition [x]
[taskset-1]             --> IsBatteryLow [x]
[taskset-1]             --> IsEmergencyStopTriggered [x]
[taskset-1]             --> IsProximityTooClose [x]
[taskset-1]             --> IsSystemOverheated [x]
[taskset-1]         --> Stop [-]
[taskset-1]     [-] mission [x]
[taskset-1]         --> MissionActive [x]
[taskset-1]         [o] mission_selector [-]
[taskset-1]             [-] mission_object_response [-]
[taskset-1]                 --> ObjectSeen [-]
[taskset-1]                 --> HandleObjectAction [-]
[taskset-1]             [-] mission_progress [-]
[taskset-1]                 --> PublishMoveGoal [-]
[taskset-1]                 --> GoToObject [-]
[taskset-1]                 --> CheckStopCondition [-]
[taskset-1]                 --> AdvanceMove [-]
[taskset-1]     [-] navigation [x]
[taskset-1]         --> HasMpcGoal [x]
[taskset-1] 
[taskset-1] [INFO] [1791020126.119123401] [behavior_executor_node]: BT snapshot -- root=FAILURE, lanes: emergency=FAILURE | mission=FAILURE | navigation=FAILURE
[taskset-1] [o] root [x]
[taskset-1]     [-] emergency [x]
[taskset-1]         [o] emergency_condition [x]
[taskset-1]             --> IsBatteryLow [x]
[taskset-1]             --> IsEmergencyStopTriggered [x]
[taskset-1]             --> IsProximityTooClose [x]
[taskset-1]             --> IsSystemOverheated [x]
[taskset-1]         --> Stop [-]
[taskset-1]     [-] mission [x]
[taskset-1]         --> MissionActive [x]
[taskset-1]         [o] mission_selector [-]
[taskset-1]             [-] mission_object_response [-]
[taskset-1]                 --> ObjectSeen [-]
[taskset-1]                 --> HandleObjectAction [-]
[taskset-1]             [-] mission_progress [-]
[taskset-1]                 --> PublishMoveGoal [-]
[taskset-1]                 --> GoToObject [-]
[taskset-1]                 --> CheckStopCondition [-]
[taskset-1]                 --> AdvanceMove [-]
[taskset-1]     [-] navigation [x]
[taskset-1]         --> HasMpcGoal [x]
[taskset-1] 
[taskset-1] [INFO] [1791020127.213382137] [behavior_executor_node]: BT snapshot -- root=FAILURE, lanes: emergency=FAILURE | mission=FAILURE | navigation=FAILURE
[taskset-1] [o] root [x]
[taskset-1]     [-] emergency [x]
[taskset-1]         [o] emergency_condition [x]
[taskset-1]             --> IsBatteryLow [x]
[taskset-1]             --> IsEmergencyStopTriggered [x]
[taskset-1]             --> IsProximityTooClose [x]
[taskset-1]             --> IsSystemOverheated [x]
[taskset-1]         --> Stop [-]
[taskset-1]     [-] mission [x]
[taskset-1]         --> MissionActive [x]
[taskset-1]         [o] mission_selector [-]
[taskset-1]             [-] mission_object_response [-]
[taskset-1]                 --> ObjectSeen [-]
[taskset-1]                 --> HandleObjectAction [-]
[taskset-1]             [-] mission_progress [-]
[taskset-1]                 --> PublishMoveGoal [-]
[taskset-1]                 --> GoToObject [-]
[taskset-1]                 --> CheckStopCondition [-]
[taskset-1]                 --> AdvanceMove [-]
[taskset-1]     [-] navigation [x]
[taskset-1]         --> HasMpcGoal [x]
[taskset-1] 
[taskset-1] [INFO] [1791020128.216270723] [behavior_executor_node]: BT snapshot -- root=FAILURE, lanes: emergency=FAILURE | mission=FAILURE | navigation=FAILURE
[taskset-1] [o] root [x]
[taskset-1]     [-] emergency [x]
[taskset-1]         [o] emergency_condition [x]
[taskset-1]             --> IsBatteryLow [x]
[taskset-1]             --> IsEmergencyStopTriggered [x]
[taskset-1]             --> IsProximityTooClose [x]
[taskset-1]             --> IsSystemOverheated [x]
[taskset-1]         --> Stop [-]
[taskset-1]     [-] mission [x]
[taskset-1]         --> MissionActive [x]
[taskset-1]         [o] mission_selector [-]
[taskset-1]             [-] mission_object_response [-]
[taskset-1]                 --> ObjectSeen [-]
[taskset-1]                 --> HandleObjectAction [-]
[taskset-1]             [-] mission_progress [-]
[taskset-1]                 --> PublishMoveGoal [-]
[taskset-1]                 --> GoToObject [-]
[taskset-1]                 --> CheckStopCondition [-]
[taskset-1]                 --> AdvanceMove [-]
[taskset-1]     [-] navigation [x]
[taskset-1]         --> HasMpcGoal [x]
[taskset-1] 
[taskset-1] [INFO] [1791020129.313105086] [behavior_executor_node]: BT snapshot -- root=FAILURE, lanes: emergency=FAILURE | mission=FAILURE | navigation=FAILURE
[taskset-1] [o] root [x]
[taskset-1]     [-] emergency [x]
[taskset-1]         [o] emergency_condition [x]
[taskset-1]             --> IsBatteryLow [x]
[taskset-1]             --> IsEmergencyStopTriggered [x]
[taskset-1]             --> IsProximityTooClose [x]
[taskset-1]             --> IsSystemOverheated [x]
[taskset-1]         --> Stop [-]
[taskset-1]     [-] mission [x]
[taskset-1]         --> MissionActive [x]
[taskset-1]         [o] mission_selector [-]
[taskset-1]             [-] mission_object_response [-]
[taskset-1]                 --> ObjectSeen [-]
[taskset-1]                 --> HandleObjectAction [-]
[taskset-1]             [-] mission_progress [-]
[taskset-1]                 --> PublishMoveGoal [-]
[taskset-1]                 --> GoToObject [-]
[taskset-1]                 --> CheckStopCondition [-]
[taskset-1]                 --> AdvanceMove [-]
[taskset-1]     [-] navigation [x]
[taskset-1]         --> HasMpcGoal [x]
[taskset-1] 
[taskset-1] [INFO] [1791020130.313111606] [behavior_executor_node]: BT snapshot -- root=FAILURE, lanes: emergency=FAILURE | mission=FAILURE | navigation=FAILURE
[taskset-1] [o] root [x]
[taskset-1]     [-] emergency [x]
[taskset-1]         [o] emergency_condition [x]
[taskset-1]             --> IsBatteryLow [x]
[taskset-1]             --> IsEmergencyStopTriggered [x]
[taskset-1]             --> IsProximityTooClose [x]
[taskset-1]             --> IsSystemOverheated [x]
[taskset-1]         --> Stop [-]
[taskset-1]     [-] mission [x]
[taskset-1]         --> MissionActive [x]
[taskset-1]         [o] mission_selector [-]
[taskset-1]             [-] mission_object_response [-]
[taskset-1]                 --> ObjectSeen [-]
[taskset-1]                 --> HandleObjectAction [-]
[taskset-1]             [-] mission_progress [-]
[taskset-1]                 --> PublishMoveGoal [-]
[taskset-1]                 --> GoToObject [-]
[taskset-1]                 --> CheckStopCondition [-]
[taskset-1]                 --> AdvanceMove [-]
[taskset-1]     [-] navigation [x]
[taskset-1]         --> HasMpcGoal [x]
[taskset-1] 
[taskset-1] [INFO] [1791020131.314295058] [behavior_executor_node]: BT snapshot -- root=FAILURE, lanes: emergency=FAILURE | mission=FAILURE | navigation=FAILURE
[taskset-1] [o] root [x]
[taskset-1]     [-] emergency [x]
[taskset-1]         [o] emergency_condition [x]
[taskset-1]             --> IsBatteryLow [x]
[taskset-1]             --> IsEmergencyStopTriggered [x]
[taskset-1]             --> IsProximityTooClose [x]
[taskset-1]             --> IsSystemOverheated [x]
[taskset-1]         --> Stop [-]
[taskset-1]     [-] mission [x]
[taskset-1]         --> MissionActive [x]
[taskset-1]         [o] mission_selector [-]
[taskset-1]             [-] mission_object_response [-]
[taskset-1]                 --> ObjectSeen [-]
[taskset-1]                 --> HandleObjectAction [-]
[taskset-1]             [-] mission_progress [-]
[taskset-1]                 --> PublishMoveGoal [-]
[taskset-1]                 --> GoToObject [-]
[taskset-1]                 --> CheckStopCondition [-]
[taskset-1]                 --> AdvanceMove [-]
[taskset-1]     [-] navigation [x]
[taskset-1]         --> HasMpcGoal [x]
[taskset-1] 
[taskset-1] [INFO] [1791020132.422560871] [behavior_executor_node]: BT snapshot -- root=FAILURE, lanes: emergency=FAILURE | mission=FAILURE | navigation=FAILURE
[taskset-1] [o] root [x]
[taskset-1]     [-] emergency [x]
[taskset-1]         [o] emergency_condition [x]
[taskset-1]             --> IsBatteryLow [x]
[taskset-1]             --> IsEmergencyStopTriggered [x]
[taskset-1]             --> IsProximityTooClose [x]
[taskset-1]             --> IsSystemOverheated [x]
[taskset-1]         --> Stop [-]
[taskset-1]     [-] mission [x]
[taskset-1]         --> MissionActive [x]
[taskset-1]         [o] mission_selector [-]
[taskset-1]             [-] mission_object_response [-]
[taskset-1]                 --> ObjectSeen [-]
[taskset-1]                 --> HandleObjectAction [-]
[taskset-1]             [-] mission_progress [-]
[taskset-1]                 --> PublishMoveGoal [-]
[taskset-1]                 --> GoToObject [-]
[taskset-1]                 --> CheckStopCondition [-]
[taskset-1]                 --> AdvanceMove [-]
[taskset-1]     [-] navigation [x]
[taskset-1]         --> HasMpcGoal [x]
[taskset-1] 
[WARNING] [launch]: user interrupted with ctrl-c (SIGINT)
[INFO] [twist_to_ackermann_node-2]: sending signal 'SIGINT' to process[twist_to_ackermann_node-2]
[INFO] [taskset-1]: sending signal 'SIGINT' to process[taskset-1]
[taskset-1] Traceback (most recent call last):
[taskset-1]   File "/home/andre/dev_ws/f1tenth_more/install/f1tenth_behavior/lib/f1tenth_behavior/behavior_executor_node", line 33, in <module>
[taskset-1]     sys.exit(load_entry_point('f1tenth-behavior', 'console_scripts', 'behavior_executor_node')())
[taskset-1]              ^^^^^^^^^^^^^^^^^^^^^^^^^^^^^^^^^^^^^^^^^^^^^^^^^^^^^^^^^^^^^^^^^^^^^^^^^^^^^^^^^^^
[taskset-1]   File "/home/andre/dev_ws/f1tenth_more/build/f1tenth_behavior/f1tenth_behavior/behavior_executor_node.py", line 765, in main
[taskset-1]     tree.shutdown()
[taskset-1]   File "/opt/ros/jazzy/lib/python3.12/site-packages/py_trees_ros/trees.py", line 596, in shutdown
[taskset-1]     self.node.destroy_node()
[taskset-1]   File "/opt/ros/jazzy/lib/python3.12/site-packages/rclpy/node.py", line 1956, in destroy_node
[taskset-1]     self.destroy_publisher(self._publishers[0])
[taskset-1]   File "/opt/ros/jazzy/lib/python3.12/site-packages/rclpy/node.py", line 1836, in destroy_publisher
[taskset-1]     publisher.destroy()
[taskset-1]   File "/opt/ros/jazzy/lib/python3.12/site-packages/rclpy/publisher.py", line 105, in destroy
[taskset-1]     self.__publisher.destroy_when_not_in_use()
[taskset-1] KeyboardInterrupt
[twist_to_ackermann_node-2] Traceback (most recent call last):
[twist_to_ackermann_node-2]   File "/home/andre/dev_ws/f1tenth_more/install/f1tenth_behavior/lib/f1tenth_behavior/twist_to_ackermann_node", line 33, in <module>
[twist_to_ackermann_node-2]     sys.exit(load_entry_point('f1tenth-behavior', 'console_scripts', 'twist_to_ackermann_node')())
[twist_to_ackermann_node-2]              ^^^^^^^^^^^^^^^^^^^^^^^^^^^^^^^^^^^^^^^^^^^^^^^^^^^^^^^^^^^^^^^^^^^^^^^^^^^^^^^^^^^^
[twist_to_ackermann_node-2]   File "/home/andre/dev_ws/f1tenth_more/build/f1tenth_behavior/f1tenth_behavior/twist_to_ackermann_node.py", line 62, in main
[twist_to_ackermann_node-2]     node.destroy_node()
[twist_to_ackermann_node-2]   File "/opt/ros/jazzy/lib/python3.12/site-packages/rclpy/node.py", line 1962, in destroy_node
[twist_to_ackermann_node-2]     self.destroy_service(self._services[0])
[twist_to_ackermann_node-2]   File "/opt/ros/jazzy/lib/python3.12/site-packages/rclpy/node.py", line 1886, in destroy_service
[twist_to_ackermann_node-2]     service.destroy()
[twist_to_ackermann_node-2]   File "/opt/ros/jazzy/lib/python3.12/site-packages/rclpy/service.py", line 123, in destroy
[twist_to_ackermann_node-2]     self.__service.destroy_when_not_in_use()
[twist_to_ackermann_node-2] KeyboardInterrupt
[ERROR] [twist_to_ackermann_node-2]: process has died [pid 377579, exit code -2, cmd '/home/andre/dev_ws/f1tenth_more/install/f1tenth_behavior/lib/f1tenth_behavior/twist_to_ackermann_node --ros-args -r __node:=twist_to_ackermann_node --params-file /home/andre/dev_ws/f1tenth_more/install/f1tenth_behavior/share/f1tenth_behavior/config/twist_to_ackermann.yaml'].
[ERROR] [taskset-1]: process has died [pid 377578, exit code -2, cmd 'taskset -c 4 /home/andre/dev_ws/f1tenth_more/install/f1tenth_behavior/lib/f1tenth_behavior/behavior_executor_node --ros-args -r __node:=behavior_executor_node --params-file /tmp/launch_params_f4h9gdmf'].
