[INFO] [launch]: All log files can be found below /home/andre/dev_ws/f1tenth_more/output/fix_batch_4/isolation/baseline/run_29/ros_log/2026-10-03-16-44-35-241492-thor-498885
[INFO] [launch]: Default logging verbosity is set to INFO
[INFO] [fastdds_discovery_server-1]: process started with pid [498943]
[INFO] [component_supervisor_node-2]: process started with pid [498944]
[fastdds_discovery_server-1] [ensure_discovery_server] 127.0.0.1:11811 already has a live listener (an earlier session's server, deliberately still running by design -- see stack_params.yaml's own discovery_server_address/_port comment) -- reusing it, not starting a duplicate. This process will now idle harmlessly for the life of this launch.
[component_supervisor_node-2] [WARN] [1791038675.967057654] [component_supervisor_node]: [component_supervisor] FastDDS SHM sweep (startup): found 43 fastrtps file(s) (22 still in use, 21 orphaned) -- removed 9/21 orphaned file(s). Sample removed: ['/dev/shm/fastrtps_e9e9f2331b58a089', '/dev/shm/fastrtps_e9e9f2331b58a089_el', '/dev/shm/fastrtps_port7004', '/dev/shm/sem.fastrtps_port28661_mutex', '/dev/shm/sem.fastrtps_port28663_mutex'].
[component_supervisor_node-2] [WARN] [1791038675.967596016] [component_supervisor_node]: [component_supervisor] FastDDS SHM sweep (startup): failed to remove 12 file(s): [('/dev/shm/fastrtps_port7003', "[Errno 2] No such file or directory: '/dev/shm/fastrtps_port7003'"), ('/dev/shm/fastrtps_port7005', "[Errno 2] No such file or directory: '/dev/shm/fastrtps_port7005'"), ('/dev/shm/fastrtps_port7010', "[Errno 2] No such file or directory: '/dev/shm/fastrtps_port7010'"), ('/dev/shm/fastrtps_port7011', "[Errno 2] No such file or directory: '/dev/shm/fastrtps_port7011'"), ('/dev/shm/fastrtps_port7012', "[Errno 2] No such file or directory: '/dev/shm/fastrtps_port7012'")].
[component_supervisor_node-2] [INFO] [1791038676.069791448] [component_supervisor_node]: [component_supervisor] Registry: ['behavior', 'calibrate_hardware', 'control', 'dev_tools', 'diagnostics', 'hardware', 'intelligence', 'lidar_front_wall', 'localization', 'navigation', 'obstacle_clearance', 'perception', 'slam', 'startup_sequence', 'swept_clearance', 'wall_distance']. Auto-starting: ['behavior', 'control', 'dev_tools', 'diagnostics', 'hardware', 'lidar_front_wall', 'localization', 'navigation', 'obstacle_clearance', 'perception', 'slam', 'swept_clearance', 'wall_distance']. Log dir: /home/andre/dev_ws/f1tenth_more/output/fix_batch_4/isolation/baseline/run_29/supervisor
[component_supervisor_node-2] [INFO] [1791038676.072040395] [component_supervisor_node]: [component_supervisor] Started 'slam': ros2 launch f1tenth_navigation slam.launch.py (pid 498979, log: /home/andre/dev_ws/f1tenth_more/output/fix_batch_4/isolation/baseline/run_29/supervisor/f1tenth_navigation_slam.launch.py.log)
[component_supervisor_node-2] [INFO] [1791038676.073509165] [component_supervisor_node]: [component_supervisor] Started 'slam': ros2 launch f1tenth_costmap costmap.launch.py (pid 498980, log: /home/andre/dev_ws/f1tenth_more/output/fix_batch_4/isolation/baseline/run_29/supervisor/f1tenth_costmap_costmap.launch.py.log)
[component_supervisor_node-2] [INFO] [1791038676.074601193] [component_supervisor_node]: [component_supervisor] Started 'obstacle_clearance': ros2 launch f1tenth_perception obstacle_clearance.launch.py (pid 498981, log: /home/andre/dev_ws/f1tenth_more/output/fix_batch_4/isolation/baseline/run_29/supervisor/f1tenth_perception_obstacle_clearance.launch.py.log)
[component_supervisor_node-2] [INFO] [1791038676.076323122] [component_supervisor_node]: [component_supervisor] Started 'wall_distance': ros2 launch f1tenth_perception wall_distance.launch.py (pid 498982, log: /home/andre/dev_ws/f1tenth_more/output/fix_batch_4/isolation/baseline/run_29/supervisor/f1tenth_perception_wall_distance.launch.py.log)
[component_supervisor_node-2] [INFO] [1791038676.077761142] [component_supervisor_node]: [component_supervisor] Started 'navigation': ros2 launch f1tenth_navigation navigation.launch.py (pid 498983, log: /home/andre/dev_ws/f1tenth_more/output/fix_batch_4/isolation/baseline/run_29/supervisor/f1tenth_navigation_navigation.launch.py.log)
[component_supervisor_node-2] [INFO] [1791038676.078902773] [component_supervisor_node]: [component_supervisor] Started 'control': ros2 launch f1tenth_control ackermann_mux.launch.py (pid 498984, log: /home/andre/dev_ws/f1tenth_more/output/fix_batch_4/isolation/baseline/run_29/supervisor/f1tenth_control_ackermann_mux.launch.py.log)
[component_supervisor_node-2] [INFO] [1791038676.079885247] [component_supervisor_node]: [component_supervisor] Started 'swept_clearance': ros2 launch f1tenth_perception swept_clearance.launch.py (pid 498985, log: /home/andre/dev_ws/f1tenth_more/output/fix_batch_4/isolation/baseline/run_29/supervisor/f1tenth_perception_swept_clearance.launch.py.log)
[component_supervisor_node-2] [INFO] [1791038676.080870201] [component_supervisor_node]: [component_supervisor] Started 'behavior': ros2 launch f1tenth_behavior behavior_bringup.launch.py (pid 498986, log: /home/andre/dev_ws/f1tenth_more/output/fix_batch_4/isolation/baseline/run_29/supervisor/f1tenth_behavior_behavior_bringup.launch.py.log)
[component_supervisor_node-2] [INFO] [1791038676.081846128] [component_supervisor_node]: [component_supervisor] Started 'localization': ros2 launch f1tenth_localization localization.launch.py (pid 498987, log: /home/andre/dev_ws/f1tenth_more/output/fix_batch_4/isolation/baseline/run_29/supervisor/f1tenth_localization_localization.launch.py.log)
[component_supervisor_node-2] [INFO] [1791038676.083043148] [component_supervisor_node]: [component_supervisor] Started 'dev_tools': ros2 launch f1tenth_bringup foxglove_bridge.launch.py (pid 498988, log: /home/andre/dev_ws/f1tenth_more/output/fix_batch_4/isolation/baseline/run_29/supervisor/f1tenth_bringup_foxglove_bridge.launch.py.log)
[component_supervisor_node-2] [INFO] [1791038676.084162112] [component_supervisor_node]: [component_supervisor] Started 'diagnostics': ros2 launch f1tenth_diagnostics system_observer.launch.py (pid 498989, log: /home/andre/dev_ws/f1tenth_more/output/fix_batch_4/isolation/baseline/run_29/supervisor/f1tenth_diagnostics_system_observer.launch.py.log)
[component_supervisor_node-2] [INFO] [1791038676.084915437] [component_supervisor_node]: [component_supervisor] Started 'diagnostics': ros2 launch f1tenth_diagnostics diagnostics_server.launch.py (pid 498990, log: /home/andre/dev_ws/f1tenth_more/output/fix_batch_4/isolation/baseline/run_29/supervisor/f1tenth_diagnostics_diagnostics_server.launch.py.log)
[component_supervisor_node-2] [INFO] [1791038676.087022144] [component_supervisor_node]: [component_supervisor] Started 'diagnostics': ros2 launch f1tenth_logger mission_logger.launch.py mission_logger_runs_dir:=/home/andre/dev_ws/f1tenth_more/output/fix_batch_4/isolation/baseline/run_29/runs (pid 498991, log: /home/andre/dev_ws/f1tenth_more/output/fix_batch_4/isolation/baseline/run_29/supervisor/f1tenth_logger_mission_logger.launch.py.log)
[component_supervisor_node-2] [INFO] [1791038676.090092415] [component_supervisor_node]: [component_supervisor] Started 'lidar_front_wall': ros2 launch f1tenth_perception lidar_front_wall.launch.py (pid 498992, log: /home/andre/dev_ws/f1tenth_more/output/fix_batch_4/isolation/baseline/run_29/supervisor/f1tenth_perception_lidar_front_wall.launch.py.log)
[WARNING] [launch]: user interrupted with ctrl-c (SIGINT)
[INFO] [component_supervisor_node-2]: sending signal 'SIGINT' to process[component_supervisor_node-2]
[INFO] [fastdds_discovery_server-1]: sending signal 'SIGINT' to process[fastdds_discovery_server-1]
[fastdds_discovery_server-1] Traceback (most recent call last):
[fastdds_discovery_server-1]   File "/home/andre/dev_ws/f1tenth_more/install/f1tenth_bringup/share/f1tenth_bringup/scripts/ensure_discovery_server.py", line 124, in <module>
[fastdds_discovery_server-1]     main()
[fastdds_discovery_server-1]   File "/home/andre/dev_ws/f1tenth_more/install/f1tenth_bringup/share/f1tenth_bringup/scripts/ensure_discovery_server.py", line 89, in main
[fastdds_discovery_server-1]     signal_wait.wait()
[fastdds_discovery_server-1]   File "/usr/lib/python3.12/subprocess.py", line 1264, in wait
[fastdds_discovery_server-1]     return self._wait(timeout=timeout)
[fastdds_discovery_server-1]            ^^^^^^^^^^^^^^^^^^^^^^^^^^^
[fastdds_discovery_server-1]   File "/usr/lib/python3.12/subprocess.py", line 2053, in _wait
[fastdds_discovery_server-1]     (pid, sts) = self._try_wait(0)
[fastdds_discovery_server-1]                  ^^^^^^^^^^^^^^^^^
[fastdds_discovery_server-1]   File "/usr/lib/python3.12/subprocess.py", line 2011, in _try_wait
[fastdds_discovery_server-1]     (pid, sts) = os.waitpid(self.pid, wait_flags)
[fastdds_discovery_server-1]                  ^^^^^^^^^^^^^^^^^^^^^^^^^^^^^^^^
[fastdds_discovery_server-1] KeyboardInterrupt
[ERROR] [fastdds_discovery_server-1]: process has died [pid 498943, exit code -2, cmd 'python3 /home/andre/dev_ws/f1tenth_more/install/f1tenth_bringup/share/f1tenth_bringup/scripts/ensure_discovery_server.py 127.0.0.1 11811'].
[component_supervisor_node-2] [INFO] [1791038722.113521055] [component_supervisor_node]: [component_supervisor] Received signal 2 -- shutting down all tracked components.
[component_supervisor_node-2] [INFO] [1791038722.114294751] [component_supervisor_node]: [component_supervisor] Shutting down -- stopping all components.
[ERROR] [component_supervisor_node-2]: process[component_supervisor_node-2] failed to terminate '5' seconds after receiving 'SIGINT', escalating to 'SIGTERM'
[INFO] [component_supervisor_node-2]: sending signal 'SIGTERM' to process[component_supervisor_node-2]
[component_supervisor_node-2] [WARN] [1791038726.004766616] [component_supervisor_node]: [component_supervisor] Received signal 15 while a shutdown was already in progress -- force-killing every tracked component immediately.
[component_supervisor_node-2] [WARN] [1791038726.347963528] [component_supervisor_node]: [component_supervisor] FastDDS SHM sweep (shutdown (force-kill)): found 134 fastrtps file(s) (25 still in use, 109 orphaned) -- removed 109/109 orphaned file(s). Sample removed: ['/dev/shm/fastrtps_e80890e588516fa4_el', '/dev/shm/fastrtps_port28661', '/dev/shm/fastrtps_port28667', '/dev/shm/fastrtps_port28669', '/dev/shm/fastrtps_port28671'].
[INFO] [component_supervisor_node-2]: process has finished cleanly [pid 498944]
