[INFO] [launch]: All log files can be found below /home/andre/dev_ws/f1tenth_more/output/fix_batch_5/discload/before/run_04/ros_log/2026-10-04-05-45-24-627827-thor-830714
[INFO] [launch]: Default logging verbosity is set to INFO
[INFO] [fastdds_discovery_server-1]: process started with pid [830757]
[INFO] [component_supervisor_node-2]: process started with pid [830758]
[fastdds_discovery_server-1] [ensure_discovery_server] 127.0.0.1:11811 already has a live listener (an earlier session's server, deliberately still running by design -- see stack_params.yaml's own discovery_server_address/_port comment) -- reusing it, not starting a duplicate. This process will now idle harmlessly for the life of this launch.
[component_supervisor_node-2] [WARN] [1791085525.259413468] [component_supervisor_node]: [component_supervisor] FastDDS SHM sweep (startup): found 85 fastrtps file(s) (32 still in use, 53 orphaned) -- removed 29/53 orphaned file(s). Sample removed: ['/dev/shm/fastrtps_180b353d2d3e4efa', '/dev/shm/fastrtps_180b353d2d3e4efa_el', '/dev/shm/fastrtps_1957be5dfffdb491', '/dev/shm/fastrtps_2088b9e34b16c5ed', '/dev/shm/fastrtps_2ca1a992f4a00456'].
[component_supervisor_node-2] [WARN] [1791085525.259935970] [component_supervisor_node]: [component_supervisor] FastDDS SHM sweep (startup): failed to remove 24 file(s): [('/dev/shm/fastrtps_7407d0862be81302', "[Errno 1] Operation not permitted: '/dev/shm/fastrtps_7407d0862be81302'"), ('/dev/shm/fastrtps_7407d0862be81302_el', "[Errno 1] Operation not permitted: '/dev/shm/fastrtps_7407d0862be81302_el'"), ('/dev/shm/fastrtps_9cd56be4590cf61f', "[Errno 1] Operation not permitted: '/dev/shm/fastrtps_9cd56be4590cf61f'"), ('/dev/shm/fastrtps_9cd56be4590cf61f_el', "[Errno 1] Operation not permitted: '/dev/shm/fastrtps_9cd56be4590cf61f_el'"), ('/dev/shm/fastrtps_port31165', "[Errno 1] Operation not permitted: '/dev/shm/fastrtps_port31165'")].
[component_supervisor_node-2] [INFO] [1791085525.361196142] [component_supervisor_node]: [component_supervisor] Registry: ['behavior', 'calibrate_hardware', 'control', 'dev_tools', 'diagnostics', 'hardware', 'intelligence', 'lidar_front_wall', 'localization', 'navigation', 'obstacle_clearance', 'perception', 'slam', 'startup_sequence', 'swept_clearance', 'wall_distance']. Auto-starting: ['behavior', 'control', 'dev_tools', 'diagnostics', 'hardware', 'lidar_front_wall', 'localization', 'navigation', 'obstacle_clearance', 'perception', 'slam', 'swept_clearance', 'wall_distance']. Log dir: /home/andre/dev_ws/f1tenth_more/output/fix_batch_5/discload/before/run_04/supervisor
[component_supervisor_node-2] [INFO] [1791085525.362579961] [component_supervisor_node]: [component_supervisor] Started 'slam': ros2 launch f1tenth_navigation slam.launch.py (pid 830790, log: /home/andre/dev_ws/f1tenth_more/output/fix_batch_5/discload/before/run_04/supervisor/f1tenth_navigation_slam.launch.py.log)
[component_supervisor_node-2] [INFO] [1791085525.363697290] [component_supervisor_node]: [component_supervisor] Started 'slam': ros2 launch f1tenth_costmap costmap.launch.py (pid 830791, log: /home/andre/dev_ws/f1tenth_more/output/fix_batch_5/discload/before/run_04/supervisor/f1tenth_costmap_costmap.launch.py.log)
[component_supervisor_node-2] [INFO] [1791085525.364952415] [component_supervisor_node]: [component_supervisor] Started 'dev_tools': ros2 launch f1tenth_bringup foxglove_bridge.launch.py (pid 830792, log: /home/andre/dev_ws/f1tenth_more/output/fix_batch_5/discload/before/run_04/supervisor/f1tenth_bringup_foxglove_bridge.launch.py.log)
[component_supervisor_node-2] [INFO] [1791085525.366175762] [component_supervisor_node]: [component_supervisor] Started 'diagnostics': ros2 launch f1tenth_diagnostics system_observer.launch.py (pid 830793, log: /home/andre/dev_ws/f1tenth_more/output/fix_batch_5/discload/before/run_04/supervisor/f1tenth_diagnostics_system_observer.launch.py.log)
[component_supervisor_node-2] [INFO] [1791085525.366953542] [component_supervisor_node]: [component_supervisor] Started 'diagnostics': ros2 launch f1tenth_diagnostics diagnostics_server.launch.py (pid 830794, log: /home/andre/dev_ws/f1tenth_more/output/fix_batch_5/discload/before/run_04/supervisor/f1tenth_diagnostics_diagnostics_server.launch.py.log)
[component_supervisor_node-2] [INFO] [1791085525.367641101] [component_supervisor_node]: [component_supervisor] Started 'diagnostics': ros2 launch f1tenth_logger mission_logger.launch.py mission_logger_runs_dir:=/home/andre/dev_ws/f1tenth_more/output/fix_batch_5/discload/before/run_04/runs (pid 830795, log: /home/andre/dev_ws/f1tenth_more/output/fix_batch_5/discload/before/run_04/supervisor/f1tenth_logger_mission_logger.launch.py.log)
[component_supervisor_node-2] [INFO] [1791085525.368704522] [component_supervisor_node]: [component_supervisor] Started 'wall_distance': ros2 launch f1tenth_perception wall_distance.launch.py (pid 830796, log: /home/andre/dev_ws/f1tenth_more/output/fix_batch_5/discload/before/run_04/supervisor/f1tenth_perception_wall_distance.launch.py.log)
[component_supervisor_node-2] [INFO] [1791085525.369557913] [component_supervisor_node]: [component_supervisor] Started 'lidar_front_wall': ros2 launch f1tenth_perception lidar_front_wall.launch.py (pid 830797, log: /home/andre/dev_ws/f1tenth_more/output/fix_batch_5/discload/before/run_04/supervisor/f1tenth_perception_lidar_front_wall.launch.py.log)
[component_supervisor_node-2] [INFO] [1791085525.370416842] [component_supervisor_node]: [component_supervisor] Started 'localization': ros2 launch f1tenth_localization localization.launch.py (pid 830798, log: /home/andre/dev_ws/f1tenth_more/output/fix_batch_5/discload/before/run_04/supervisor/f1tenth_localization_localization.launch.py.log)
[component_supervisor_node-2] [INFO] [1791085525.371333781] [component_supervisor_node]: [component_supervisor] Started 'navigation': ros2 launch f1tenth_navigation navigation.launch.py (pid 830799, log: /home/andre/dev_ws/f1tenth_more/output/fix_batch_5/discload/before/run_04/supervisor/f1tenth_navigation_navigation.launch.py.log)
[component_supervisor_node-2] [INFO] [1791085525.372218950] [component_supervisor_node]: [component_supervisor] Started 'obstacle_clearance': ros2 launch f1tenth_perception obstacle_clearance.launch.py (pid 830800, log: /home/andre/dev_ws/f1tenth_more/output/fix_batch_5/discload/before/run_04/supervisor/f1tenth_perception_obstacle_clearance.launch.py.log)
[component_supervisor_node-2] [INFO] [1791085525.373102314] [component_supervisor_node]: [component_supervisor] Started 'behavior': ros2 launch f1tenth_behavior behavior_bringup.launch.py (pid 830801, log: /home/andre/dev_ws/f1tenth_more/output/fix_batch_5/discload/before/run_04/supervisor/f1tenth_behavior_behavior_bringup.launch.py.log)
[component_supervisor_node-2] [INFO] [1791085525.379097003] [component_supervisor_node]: [component_supervisor] Started 'control': ros2 launch f1tenth_control ackermann_mux.launch.py (pid 830802, log: /home/andre/dev_ws/f1tenth_more/output/fix_batch_5/discload/before/run_04/supervisor/f1tenth_control_ackermann_mux.launch.py.log)
[component_supervisor_node-2] [INFO] [1791085525.380740879] [component_supervisor_node]: [component_supervisor] Started 'swept_clearance': ros2 launch f1tenth_perception swept_clearance.launch.py (pid 830803, log: /home/andre/dev_ws/f1tenth_more/output/fix_batch_5/discload/before/run_04/supervisor/f1tenth_perception_swept_clearance.launch.py.log)
[WARNING] [launch]: user interrupted with ctrl-c (SIGINT)
[INFO] [component_supervisor_node-2]: sending signal 'SIGINT' to process[component_supervisor_node-2]
[INFO] [fastdds_discovery_server-1]: sending signal 'SIGINT' to process[fastdds_discovery_server-1]
[fastdds_discovery_server-1] Traceback (most recent call last):
[fastdds_discovery_server-1]   File "/home/andre/dev_ws/f1tenth_more/install/f1tenth_bringup/share/f1tenth_bringup/scripts/ensure_discovery_server.py", line 124, in <module>
[fastdds_discovery_server-1]     main()
[fastdds_discovery_server-1]   File "/home/andre/dev_ws/f1tenth_more/install/f1tenth_bringup/share/f1tenth_bringup/scripts/ensure_discovery_server.py", line 89, in main
[fastdds_discovery_server-1]     signal_wait.wait()
[fastdds_discovery_server-1]   File "/usr/lib/python3.12/subprocess.py", line 1264, in wait
[fastdds_discovery_server-1]     return self._wait(timeout=timeout)
[fastdds_discovery_server-1]            ^^^^^^^^^^^^^^^^^^^^^^^^^^^
[fastdds_discovery_server-1]   File "/usr/lib/python3.12/subprocess.py", line 2053, in _wait
[fastdds_discovery_server-1]     (pid, sts) = self._try_wait(0)
[fastdds_discovery_server-1]                  ^^^^^^^^^^^^^^^^^
[fastdds_discovery_server-1]   File "/usr/lib/python3.12/subprocess.py", line 2011, in _try_wait
[fastdds_discovery_server-1]     (pid, sts) = os.waitpid(self.pid, wait_flags)
[fastdds_discovery_server-1]                  ^^^^^^^^^^^^^^^^^^^^^^^^^^^^^^^^
[fastdds_discovery_server-1] KeyboardInterrupt
[ERROR] [fastdds_discovery_server-1]: process has died [pid 830757, exit code -2, cmd 'python3 /home/andre/dev_ws/f1tenth_more/install/f1tenth_bringup/share/f1tenth_bringup/scripts/ensure_discovery_server.py 127.0.0.1 11811'].
[component_supervisor_node-2] [INFO] [1791085639.395363489] [component_supervisor_node]: [component_supervisor] Received signal 2 -- shutting down all tracked components.
[component_supervisor_node-2] [INFO] [1791085639.396197141] [component_supervisor_node]: [component_supervisor] Shutting down -- stopping all components.
[component_supervisor_node-2] [INFO] [1791085640.204712485] [component_supervisor_node]: [component_supervisor] 'diagnostics' (diagnostics_server.launch.py): clean SIGINT exit in 0.4s
[component_supervisor_node-2] [INFO] [1791085640.205377757] [component_supervisor_node]: [component_supervisor] 'localization' (localization.launch.py): clean SIGINT exit in 0.4s
[component_supervisor_node-2] [INFO] [1791085640.205921768] [component_supervisor_node]: [component_supervisor] 'control' (ackermann_mux.launch.py): clean SIGINT exit in 0.4s
[component_supervisor_node-2] [INFO] [1791085640.206456316] [component_supervisor_node]: [component_supervisor] 'slam' (slam.launch.py): clean SIGINT exit in 0.5s
[component_supervisor_node-2] [INFO] [1791085640.207040587] [component_supervisor_node]: [component_supervisor] 'slam' (costmap.launch.py): clean SIGINT exit in 0.5s
[component_supervisor_node-2] [INFO] [1791085640.207576654] [component_supervisor_node]: [component_supervisor] 'diagnostics' (system_observer.launch.py): clean SIGINT exit in 0.5s
[component_supervisor_node-2] [INFO] [1791085640.208104507] [component_supervisor_node]: [component_supervisor] 'diagnostics' (mission_logger.launch.py): clean SIGINT exit in 0.5s
[component_supervisor_node-2] [INFO] [1791085640.208638694] [component_supervisor_node]: [component_supervisor] 'navigation' (navigation.launch.py): clean SIGINT exit in 0.5s
[component_supervisor_node-2] [INFO] [1791085640.209164594] [component_supervisor_node]: [component_supervisor] 'dev_tools' (foxglove_bridge.launch.py): clean SIGINT exit in 0.7s
[component_supervisor_node-2] [INFO] [1791085640.209696929] [component_supervisor_node]: [component_supervisor] 'behavior' (behavior_bringup.launch.py): clean SIGINT exit in 0.7s
[component_supervisor_node-2] [INFO] [1791085640.210224274] [component_supervisor_node]: [component_supervisor] 'wall_distance' (wall_distance.launch.py): clean SIGINT exit in 0.8s
[component_supervisor_node-2] [INFO] [1791085640.211305695] [component_supervisor_node]: [component_supervisor] 'lidar_front_wall' (lidar_front_wall.launch.py): clean SIGINT exit in 0.8s
[component_supervisor_node-2] [INFO] [1791085640.211847076] [component_supervisor_node]: [component_supervisor] 'obstacle_clearance' (obstacle_clearance.launch.py): clean SIGINT exit in 0.8s
[component_supervisor_node-2] [INFO] [1791085640.212373995] [component_supervisor_node]: [component_supervisor] 'swept_clearance' (swept_clearance.launch.py): clean SIGINT exit in 0.8s
[component_supervisor_node-2] [WARN] [1791085640.247415491] [component_supervisor_node]: [component_supervisor] FastDDS SHM sweep (shutdown): found 194 fastrtps file(s) (34 still in use, 160 orphaned) -- removed 136/160 orphaned file(s). Sample removed: ['/dev/shm/fastrtps_0f3533dfade31538_el', '/dev/shm/fastrtps_2d5477f96f950236', '/dev/shm/fastrtps_2d5477f96f950236_el', '/dev/shm/fastrtps_3d2201acc6b5e5ee', '/dev/shm/fastrtps_3d2201acc6b5e5ee_el'].
[component_supervisor_node-2] [WARN] [1791085640.248068263] [component_supervisor_node]: [component_supervisor] FastDDS SHM sweep (shutdown): failed to remove 24 file(s): [('/dev/shm/fastrtps_7407d0862be81302', "[Errno 1] Operation not permitted: '/dev/shm/fastrtps_7407d0862be81302'"), ('/dev/shm/fastrtps_7407d0862be81302_el', "[Errno 1] Operation not permitted: '/dev/shm/fastrtps_7407d0862be81302_el'"), ('/dev/shm/fastrtps_9cd56be4590cf61f', "[Errno 1] Operation not permitted: '/dev/shm/fastrtps_9cd56be4590cf61f'"), ('/dev/shm/fastrtps_9cd56be4590cf61f_el', "[Errno 1] Operation not permitted: '/dev/shm/fastrtps_9cd56be4590cf61f_el'"), ('/dev/shm/fastrtps_port31165', "[Errno 1] Operation not permitted: '/dev/shm/fastrtps_port31165'")].
[INFO] [component_supervisor_node-2]: process has finished cleanly [pid 830758]
