[INFO] [1791019987.136602961] [map_server]: 
	map_server lifecycle node launched. 
	Waiting on external lifecycle transitions to activate
	See https://design.ros2.org/articles/node_lifecycle.html for more information.
[INFO] [1791019987.136852544] [map_server]: Creating
[INFO] [1791019988.143750994] [map_server]: Configuring
[INFO] [1791019988.143965623] [map_io]: Loading yaml file: /home/andre/dev_ws/f1tenth_more/install/f1tenth_navigation/share/f1tenth_navigation/maps/square_100m.yaml
[INFO] [1791019988.144461466] [map_io]: resolution: 0.05
[INFO] [1791019988.144477605] [map_io]: origin[0]: -50
[INFO] [1791019988.144480623] [map_io]: origin[1]: -50
[INFO] [1791019988.144482873] [map_io]: origin[2]: 0
[INFO] [1791019988.144485799] [map_io]: free_thresh: 0.196
[INFO] [1791019988.144488281] [map_io]: occupied_thresh: 0.65
[INFO] [1791019988.144494235] [map_io]: mode: trinary
[INFO] [1791019988.144499012] [map_io]: negate: 0
[INFO] [1791019988.145038105] [map_io]: Loading image_file: /home/andre/dev_ws/f1tenth_more/install/f1tenth_navigation/share/f1tenth_navigation/maps/square_100m.pgm
[INFO] [1791019988.191478920] [map_io]: Read map /home/andre/dev_ws/f1tenth_more/install/f1tenth_navigation/share/f1tenth_navigation/maps/square_100m.pgm: 2000 X 2000 map @ 0.05 m/cell
[INFO] [1791019988.210907951] [map_server]: Activating
[INFO] [1791019988.222252609] [map_server]: Creating bond (map_server) to lifecycle manager.
[INFO] [1791020028.401261950] [rclcpp]: signal_handler(SIGINT/SIGTERM)
[INFO] [1791020028.401444867] [map_server]: Running Nav2 LifecycleNode rcl preshutdown (map_server)
[INFO] [1791020028.401605190] [map_server]: Deactivating
[INFO] [1791020028.401626014] [map_server]: Destroying bond (map_server) to lifecycle manager.
[INFO] [1791020028.413252866] [map_server]: Cleaning up
[INFO] [1791020028.413373588] [map_server]: Destroying bond (map_server) to lifecycle manager.
