[INFO] [launch]: All log files can be found below /home/andre/dev_ws/f1tenth_more/output/phase5/step4/ros_log/2026-10-03-11-03-21-506427-thor-354291
[INFO] [launch]: Default logging verbosity is set to INFO
[INFO] [taskset-1]: process started with pid [354331]
[INFO] [taskset-2]: process started with pid [354332]
[INFO] [slam_pose_relay_node-3]: process started with pid [354333]
[INFO] [taskset-4]: process started with pid [354334]
[INFO] [robot_state_publisher-5]: process started with pid [354335]
[INFO] [joint_state_publisher-6]: process started with pid [354336]
[INFO] [static_transform_publisher-7]: process started with pid [354337]
[static_transform_publisher-7] [WARN] [1791018201.909231700] []: Old-style arguments are deprecated; see --help for new-style arguments
[static_transform_publisher-7] [INFO] [1791018201.936213465] [static_baselink_to_laser]: Spinning until stopped - publishing transform
[static_transform_publisher-7] translation: ('0.120000', '0.000000', '0.200000')
[static_transform_publisher-7] rotation: ('0.000000', '0.000000', '0.000000', '1.000000')
[static_transform_publisher-7] from 'base_link' to 'laser'
[robot_state_publisher-5] [INFO] [1791018201.945009396] [robot_state_publisher]: Robot initialized
[joint_state_publisher-6] [INFO] [1791018202.804836333] [joint_state_publisher]: Waiting for robot_description to be published on the robot_description topic...
[slam_pose_relay_node-3] [INFO] [1791018202.824404081] [slam_pose_relay_node]: slam_pose_relay_node started: "/slam/pose" -> "/slam/pose_calibrated", covariance stamped with var_x=0.100000 var_y=0.100000 var_yaw=0.050000
[taskset-4] [INFO] [1791018202.863331081] [ekf_cost_observer_node]: [ekf_cost] per-update cost metric up at 1.00 Hz on /diagnostics; watching ekf_filter_node, ekf_global_filter_node
[joint_state_publisher-6] [INFO] [1791018203.781904916] [joint_state_publisher]: Got description, configuring robot
[WARNING] [launch]: user interrupted with ctrl-c (SIGINT)
[INFO] [static_transform_publisher-7]: sending signal 'SIGINT' to process[static_transform_publisher-7]
[INFO] [joint_state_publisher-6]: sending signal 'SIGINT' to process[joint_state_publisher-6]
[INFO] [robot_state_publisher-5]: sending signal 'SIGINT' to process[robot_state_publisher-5]
[INFO] [taskset-4]: sending signal 'SIGINT' to process[taskset-4]
[INFO] [slam_pose_relay_node-3]: sending signal 'SIGINT' to process[slam_pose_relay_node-3]
[INFO] [taskset-2]: sending signal 'SIGINT' to process[taskset-2]
[INFO] [taskset-1]: sending signal 'SIGINT' to process[taskset-1]
[taskset-2] [INFO] [1791018285.088076662] [rclcpp]: signal_handler(SIGINT/SIGTERM)
[taskset-1] [INFO] [1791018285.089676947] [rclcpp]: signal_handler(SIGINT/SIGTERM)
[robot_state_publisher-5] [INFO] [1791018285.090242085] [rclcpp]: signal_handler(SIGINT/SIGTERM)
[static_transform_publisher-7] [INFO] [1791018285.096909159] [rclcpp]: signal_handler(SIGINT/SIGTERM)
[static_transform_publisher-7] [INFO] [1791018285.109805566] [rclcpp]: signal_handler(SIGINT/SIGTERM)
[taskset-4] Traceback (most recent call last):
[taskset-4]   File "/home/andre/dev_ws/f1tenth_more/install/f1tenth_diagnostics/lib/f1tenth_diagnostics/ekf_cost_observer_node", line 33, in <module>
[taskset-4]     sys.exit(load_entry_point('f1tenth-diagnostics', 'console_scripts', 'ekf_cost_observer_node')())
[taskset-4]              ^^^^^^^^^^^^^^^^^^^^^^^^^^^^^^^^^^^^^^^^^^^^^^^^^^^^^^^^^^^^^^^^^^^^^^^^^^^^^^^^^^^^^^
[taskset-4]   File "/home/andre/dev_ws/f1tenth_more/build/f1tenth_diagnostics/f1tenth_diagnostics/ekf_cost_observer_node.py", line 396, in main
[taskset-4]     node.destroy_node()
[taskset-4]   File "/opt/ros/jazzy/lib/python3.12/site-packages/rclpy/node.py", line 1958, in destroy_node
[taskset-4]     self.destroy_subscription(self._subscriptions[0])
[taskset-4]   File "/opt/ros/jazzy/lib/python3.12/site-packages/rclpy/node.py", line 1854, in destroy_subscription
[taskset-4]     subscription.destroy()
[taskset-4]   File "/opt/ros/jazzy/lib/python3.12/site-packages/rclpy/subscription.py", line 101, in destroy
[taskset-4]     self.handle.destroy_when_not_in_use()
[taskset-4] KeyboardInterrupt
[joint_state_publisher-6] Traceback (most recent call last):
[joint_state_publisher-6]   File "/opt/ros/jazzy/lib/joint_state_publisher/joint_state_publisher", line 33, in <module>
[joint_state_publisher-6]     sys.exit(load_entry_point('joint-state-publisher==2.4.3', 'console_scripts', 'joint_state_publisher')())
[joint_state_publisher-6]              ^^^^^^^^^^^^^^^^^^^^^^^^^^^^^^^^^^^^^^^^^^^^^^^^^^^^^^^^^^^^^^^^^^^^^^^^^^^^^^^^^^^^^^^^^^^^^^
[joint_state_publisher-6]   File "/opt/ros/jazzy/lib/python3.12/site-packages/joint_state_publisher/joint_state_publisher.py", line 571, in main
[joint_state_publisher-6]     jsp.destroy_node()
[joint_state_publisher-6]   File "/opt/ros/jazzy/lib/python3.12/site-packages/rclpy/node.py", line 1962, in destroy_node
[joint_state_publisher-6]     self.destroy_service(self._services[0])
[joint_state_publisher-6]   File "/opt/ros/jazzy/lib/python3.12/site-packages/rclpy/node.py", line 1886, in destroy_service
[joint_state_publisher-6]     service.destroy()
[joint_state_publisher-6]   File "/opt/ros/jazzy/lib/python3.12/site-packages/rclpy/service.py", line 123, in destroy
[joint_state_publisher-6]     self.__service.destroy_when_not_in_use()
[joint_state_publisher-6] KeyboardInterrupt
[slam_pose_relay_node-3] Traceback (most recent call last):
[slam_pose_relay_node-3]   File "/home/andre/dev_ws/f1tenth_more/install/f1tenth_localization/lib/f1tenth_localization/slam_pose_relay_node", line 33, in <module>
[slam_pose_relay_node-3]     sys.exit(load_entry_point('f1tenth-localization', 'console_scripts', 'slam_pose_relay_node')())
[slam_pose_relay_node-3]              ^^^^^^^^^^^^^^^^^^^^^^^^^^^^^^^^^^^^^^^^^^^^^^^^^^^^^^^^^^^^^^^^^^^^^^^^^^^^^^^^^^^^^
[slam_pose_relay_node-3]   File "/home/andre/dev_ws/f1tenth_more/build/f1tenth_localization/f1tenth_localization/slam_pose_relay_node.py", line 98, in main
[slam_pose_relay_node-3]     node.destroy_node()
[slam_pose_relay_node-3]   File "/opt/ros/jazzy/lib/python3.12/site-packages/rclpy/node.py", line 1962, in destroy_node
[robot_state_publisher-5] [INFO] [1791018285.118492034] [rclcpp]: signal_handler(SIGINT/SIGTERM)
[slam_pose_relay_node-3]     self.destroy_service(self._services[0])
[slam_pose_relay_node-3]   File "/opt/ros/jazzy/lib/python3.12/site-packages/rclpy/node.py", line 1886, in destroy_service
[slam_pose_relay_node-3]     service.destroy()
[slam_pose_relay_node-3]   File "/opt/ros/jazzy/lib/python3.12/site-packages/rclpy/service.py", line 123, in destroy
[slam_pose_relay_node-3]     self.__service.destroy_when_not_in_use()
[slam_pose_relay_node-3] KeyboardInterrupt
[ERROR] [taskset-2]: process has died [pid 354332, exit code -2, cmd 'taskset -c 0,1 /opt/ros/jazzy/lib/robot_localization/ekf_node --ros-args -r __node:=ekf_global_filter_node -r __ns:=/ekf_global --params-file /home/andre/dev_ws/f1tenth_more/install/f1tenth_bringup/share/f1tenth_bringup/config/ekf_global.yaml'].
[ERROR] [taskset-1]: process has died [pid 354331, exit code -2, cmd 'taskset -c 0,1 /opt/ros/jazzy/lib/robot_localization/ekf_node --ros-args -r __node:=ekf_filter_node --params-file /home/andre/dev_ws/f1tenth_more/install/f1tenth_bringup/share/f1tenth_bringup/config/ekf.yaml'].
[ERROR] [slam_pose_relay_node-3]: process has died [pid 354333, exit code -2, cmd '/home/andre/dev_ws/f1tenth_more/install/f1tenth_localization/lib/f1tenth_localization/slam_pose_relay_node --ros-args -r __node:=slam_pose_relay_node --params-file /home/andre/dev_ws/f1tenth_more/install/f1tenth_bringup/share/f1tenth_bringup/config/ekf_global.yaml'].
[INFO] [robot_state_publisher-5]: process has finished cleanly [pid 354335]
[ERROR] [joint_state_publisher-6]: process has died [pid 354336, exit code -2, cmd '/opt/ros/jazzy/lib/joint_state_publisher/joint_state_publisher --ros-args -r __node:=joint_state_publisher --params-file /tmp/launch_params_e5te6ikl'].
[ERROR] [taskset-4]: process has died [pid 354334, exit code -2, cmd 'taskset -c 2-11 /home/andre/dev_ws/f1tenth_more/install/f1tenth_diagnostics/lib/f1tenth_diagnostics/ekf_cost_observer_node --ros-args -r __node:=ekf_cost_observer_node'].
[INFO] [static_transform_publisher-7]: process has finished cleanly [pid 354337]
