1791035906.8980954 [INFO] [launch]: All log files can be found below /home/andre/dev_ws/f1tenth_more/output/fix_batch_3/hold_after/ros_log/2026-10-03-15-58-26-893797-thor-436426
1791035906.8985958 [INFO] [launch]: Default logging verbosity is set to INFO
1791035907.1877656 [INFO] [taskset-1]: process started with pid [436500]
1791035907.1883585 [INFO] [throttle-2]: process started with pid [436501]
1791035907.1885135 [INFO] [throttle-3]: process started with pid [436502]
1791035907.3243306 [taskset-1] [INFO] [1791035907.323564440] [foxglove_bridge]: Starting foxglove_bridge (jazzy, 3.5.0@)
1791035907.3254538 [taskset-1] [2026-10-03T13:58:27Z INFO  foxglove::websocket::server] Started server on 0.0.0.0:8765
1791035907.3256984 [taskset-1] [INFO] [1791035907.325286440] [foxglove_bridge]: Server listening on port 8765
1791035907.3302467 [taskset-1] [INFO] [1791035907.329749173] [foxglove_bridge]: Advertising new channel 2 for topic "/rosout"
1791035907.3308125 [taskset-1] [INFO] [1791035907.330474161] [foxglove_bridge]: Advertising new channel 3 for topic "/parameter_events"
1791035908.4111106 [taskset-1] [INFO] [1791035908.409186358] [foxglove_bridge]: Advertising new channel 4 for topic "/tf"
1791035908.4114981 [taskset-1] [INFO] [1791035908.410103000] [foxglove_bridge]: Advertising new channel 5 for topic "/slam_toolbox/transition_event"
1791035908.4153028 [taskset-1] [INFO] [1791035908.412664801] [foxglove_bridge]: Advertising new channel 6 for topic "/slam/pose_calibrated"
1791035908.4155157 [taskset-1] [INFO] [1791035908.412760837] [foxglove_bridge]: Advertising new channel 7 for topic "/tf_static"
1791035908.4155736 [taskset-1] [INFO] [1791035908.412779151] [foxglove_bridge]: Advertising new channel 8 for topic "/set_pose"
1791035908.4156058 [taskset-1] [INFO] [1791035908.413258125] [foxglove_bridge]: Advertising new channel 9 for topic "/teleop"
1791035908.4156361 [taskset-1] [INFO] [1791035908.413557824] [foxglove_bridge]: Advertising new channel 10 for topic "/sensors/imu/raw"
1791035908.4156611 [taskset-1] [INFO] [1791035908.413568342] [foxglove_bridge]: Advertising new channel 11 for topic "/safety_stop"
1791035908.4156849 [taskset-1] [INFO] [1791035908.414395635] [foxglove_bridge]: Advertising new channel 12 for topic "/odom"
1791035908.4157081 [taskset-1] [INFO] [1791035908.414742471] [foxglove_bridge]: Advertising new channel 13 for topic "/mission/status"
1791035908.4157305 [taskset-1] [INFO] [1791035908.414763953] [foxglove_bridge]: Advertising new channel 14 for topic "/map_server/transition_event"
1791035908.4159744 [taskset-1] [INFO] [1791035908.415220612] [foxglove_bridge]: Advertising new channel 15 for topic "/map"
1791035908.4160199 [taskset-1] [INFO] [1791035908.415698909] [foxglove_bridge]: Advertising new channel 16 for topic "/robot_description"
1791035908.4161341 [taskset-1] [INFO] [1791035908.416070885] [foxglove_bridge]: Advertising new channel 17 for topic "/joint_states"
1791035908.4161696 [taskset-1] [INFO] [1791035908.416089709] [foxglove_bridge]: Advertising new channel 18 for topic "/drive"
1791035908.4169879 [taskset-1] [INFO] [1791035908.416870297] [foxglove_bridge]: Advertising new channel 19 for topic "/diagnostics"
1791035908.4170644 [taskset-1] [INFO] [1791035908.416901640] [foxglove_bridge]: Advertising new channel 20 for topic "/odometry/filtered"
1791035908.4176569 [taskset-1] [INFO] [1791035908.416917955] [foxglove_bridge]: Advertising new channel 21 for topic "/calibration_drive"
1791035908.4177246 [taskset-1] [INFO] [1791035908.416931852] [foxglove_bridge]: Advertising new channel 22 for topic "/ekf_global/odometry/filtered"
1791035908.4177577 [taskset-1] [INFO] [1791035908.417436501] [foxglove_bridge]: Advertising new channel 23 for topic "/bond"
1791035908.4178569 [taskset-1] [INFO] [1791035908.417460251] [foxglove_bridge]: Advertising new channel 24 for topic "/ekf_global/set_pose"
1791035908.4178920 [taskset-1] [INFO] [1791035908.417472659] [foxglove_bridge]: Advertising new channel 25 for topic "/ackermann_drive"
1791035909.4146485 [taskset-1] [INFO] [1791035909.413933604] [foxglove_bridge]: Advertising new channel 26 for topic "/slam_toolbox/scan_visualization"
1791035909.4165232 [taskset-1] [INFO] [1791035909.416347546] [foxglove_bridge]: Advertising new channel 27 for topic "/slam_toolbox/graph_visualization"
1791035909.4166629 [taskset-1] [INFO] [1791035909.416394406] [foxglove_bridge]: Advertising new channel 28 for topic "/slam/pose"
1791035909.4168565 [taskset-1] [INFO] [1791035909.416745873] [foxglove_bridge]: Advertising new channel 29 for topic "/slam/map_metadata"
1791035909.4169087 [taskset-1] [INFO] [1791035909.416773012] [foxglove_bridge]: Advertising new channel 30 for topic "/slam/map"
1791035909.4173319 [taskset-1] [INFO] [1791035909.417263531] [foxglove_bridge]: Advertising new channel 31 for topic "/sensors/core"
1791035909.4174705 [taskset-1] [INFO] [1791035909.417283836] [foxglove_bridge]: Advertising new channel 32 for topic "/scan"
1791035909.4175560 [taskset-1] [INFO] [1791035909.417303169] [foxglove_bridge]: Advertising new channel 33 for topic "/mpc/corridor_markers"
1791035909.4176815 [taskset-1] [INFO] [1791035909.417631229] [foxglove_bridge]: Advertising new channel 34 for topic "/slam_toolbox/feedback"
1791035909.4180582 [taskset-1] [INFO] [1791035909.418010288] [foxglove_bridge]: Advertising new channel 35 for topic "/diagnostics/battery_status"
1791035909.4195752 [taskset-1] [INFO] [1791035909.419325997] [foxglove_bridge]: Advertising new channel 36 for topic "/costmap/semantic_tracks"
1791035909.4196773 [taskset-1] [INFO] [1791035909.419346451] [foxglove_bridge]: Advertising new channel 37 for topic "/costmap/safe_corridor_report"
1791035909.4198658 [taskset-1] [INFO] [1791035909.419608679] [foxglove_bridge]: Advertising new channel 38 for topic "/costmap/front_clearance"
1791035909.4203198 [taskset-1] [INFO] [1791035909.420237891] [foxglove_bridge]: Advertising new channel 39 for topic "/costmap/boundaries"
1791035909.4218345 [taskset-1] [INFO] [1791035909.421752773] [foxglove_bridge]: Advertising new channel 40 for topic "/slam_toolbox/update"
1791035909.4221463 [taskset-1] [INFO] [1791035909.422068639] [foxglove_bridge]: Advertising new channel 41 for topic "/cmd_vel_nav"
1791035909.4222994 [taskset-1] [INFO] [1791035909.422089759] [foxglove_bridge]: Advertising new channel 42 for topic "/camera/detections_3d"
1791035909.4223647 [taskset-1] [INFO] [1791035909.422108185] [foxglove_bridge]: Advertising new channel 43 for topic "/costmap/semantic_markers"
1791035909.4225531 [taskset-1] [INFO] [1791035909.422366587] [foxglove_bridge]: Advertising new channel 44 for topic "/calibration/in_progress"
1791035909.4227335 [taskset-1] [INFO] [1791035909.422656287] [foxglove_bridge]: Advertising new channel 45 for topic "/diagnostics/system_status"
1791035909.4230483 [taskset-1] [INFO] [1791035909.422969560] [foxglove_bridge]: Advertising new channel 46 for topic "/costmap/visualization"
1791035910.3792422 [taskset-1] [INFO] [1791035910.378571099] [foxglove_bridge]: Advertising new channel 47 for topic "/test/mission_event"
1791035910.3796690 [taskset-1] [INFO] [1791035910.378732542] [foxglove_bridge]: Advertising new channel 48 for topic "/test_campaign/logger_status"
1791035910.3801918 [taskset-1] [INFO] [1791035910.379757404] [foxglove_bridge]: Advertising new channel 49 for topic "/perception/obstacles_2d"
1791035910.3803141 [taskset-1] [INFO] [1791035910.379800607] [foxglove_bridge]: Advertising new channel 50 for topic "/perception/d_wall/psi_correction"
1791035910.3810174 [taskset-1] [INFO] [1791035910.380117046] [foxglove_bridge]: Advertising new channel 51 for topic "/mpc/wall_track"
1791035910.3811870 [taskset-1] [INFO] [1791035910.380134778] [foxglove_bridge]: Advertising new channel 52 for topic "/mpc/status"
1791035910.3812551 [taskset-1] [INFO] [1791035910.380148333] [foxglove_bridge]: Advertising new channel 53 for topic "/mpc/predicted_min_clearance"
1791035910.3815114 [taskset-1] [INFO] [1791035910.380607270] [foxglove_bridge]: Advertising new channel 54 for topic "/mpc/object_status"
1791035910.3815930 [taskset-1] [INFO] [1791035910.380622261] [foxglove_bridge]: Advertising new channel 55 for topic "/mpc/min_obstacle_distance_forward"
1791035910.3816962 [taskset-1] [INFO] [1791035910.380635446] [foxglove_bridge]: Advertising new channel 56 for topic "/mpc/min_obstacle_distance"
1791035910.3817599 [taskset-1] [INFO] [1791035910.380678685] [foxglove_bridge]: Advertising new channel 57 for topic "/mpc/hold"
1791035910.3818188 [taskset-1] [INFO] [1791035910.380975125] [foxglove_bridge]: Advertising new channel 58 for topic "/mpc/goal_turn"
1791035910.3818762 [taskset-1] [INFO] [1791035910.381291657] [foxglove_bridge]: Advertising new channel 59 for topic "/mpc/goal_drive"
1791035910.3819354 [taskset-1] [INFO] [1791035910.381304925] [foxglove_bridge]: Advertising new channel 60 for topic "/mpc/goal_reached"
1791035910.3819959 [taskset-1] [INFO] [1791035910.381317361] [foxglove_bridge]: Advertising new channel 61 for topic "/mpc/goal_distance"
1791035910.3820546 [taskset-1] [INFO] [1791035910.381331703] [foxglove_bridge]: Advertising new channel 62 for topic "/perception/front_distance"
1791035910.3822596 [taskset-1] [INFO] [1791035910.381597115] [foxglove_bridge]: Advertising new channel 63 for topic "/mpc/drive_clamp"
1791035910.3823471 [taskset-1] [INFO] [1791035910.381615670] [foxglove_bridge]: Advertising new channel 64 for topic "/model/virtual_robot/odometry"
1791035910.3824065 [taskset-1] [INFO] [1791035910.381628309] [foxglove_bridge]: Advertising new channel 65 for topic "/mission/load_path"
1791035910.3824732 [taskset-1] [INFO] [1791035910.381644022] [foxglove_bridge]: Advertising new channel 66 for topic "/mpc/goal_object_end"
1791035910.3826053 [taskset-1] [INFO] [1791035910.381659725] [foxglove_bridge]: Advertising new channel 67 for topic "/imu"
1791035910.3826683 [taskset-1] [INFO] [1791035910.382053775] [foxglove_bridge]: Advertising new channel 68 for topic "/mpc/solver_status"
1791035910.3827264 [taskset-1] [INFO] [1791035910.382080200] [foxglove_bridge]: Advertising new channel 69 for topic "/safety/event"
1791035910.3829327 [taskset-1] [INFO] [1791035910.382451509] [foxglove_bridge]: Advertising new channel 70 for topic "/mpc/goal_object"
1791035910.3846025 [taskset-1] [INFO] [1791035910.384429449] [foxglove_bridge]: Advertising new channel 71 for topic "/mission/move_outcome"
1791035910.3859169 [taskset-1] [INFO] [1791035910.385817417] [foxglove_bridge]: Advertising new channel 72 for topic "/camera/detections"
1791035910.3863695 [taskset-1] [INFO] [1791035910.386284780] [foxglove_bridge]: Advertising new channel 73 for topic "/bt/tree_visualization"
1791035910.3867152 [taskset-1] [INFO] [1791035910.386628636] [foxglove_bridge]: Advertising new channel 74 for topic "/mpc/goal_pose"
1791035910.3875966 [taskset-1] [INFO] [1791035910.386969260] [foxglove_bridge]: Advertising new channel 75 for topic "/behavior/tree_status"
1791035910.3876815 [taskset-1] [INFO] [1791035910.386989361] [foxglove_bridge]: Advertising new channel 76 for topic "/corridor"
1791035911.5851300 [taskset-1] [INFO] [1791035911.584301292] [foxglove_bridge]: Advertising new channel 77 for topic "/perception/swept_clearance/lidar"
1791035911.5859604 [taskset-1] [INFO] [1791035911.584581853] [foxglove_bridge]: Advertising new channel 78 for topic "/perception/swept_clearance/camera"
1791035911.5861011 [taskset-1] [INFO] [1791035911.584638398] [foxglove_bridge]: Advertising new channel 79 for topic "/zed2/zed_node/depth/depth_registered"
1791035911.5863490 [taskset-1] [INFO] [1791035911.585552012] [foxglove_bridge]: Advertising new channel 80 for topic "/perception/lidar_front_wall"
1791035911.5864298 [taskset-1] [INFO] [1791035911.585581400] [foxglove_bridge]: Advertising new channel 81 for topic "/perception/d_wall/swept_arc"
1791035911.5865347 [taskset-1] [INFO] [1791035911.585603715] [foxglove_bridge]: Advertising new channel 82 for topic "/perception/swept_clearance"
1791035911.5867229 [taskset-1] [INFO] [1791035911.586032338] [foxglove_bridge]: Advertising new channel 83 for topic "/perception/d_wall/segment"
1791035911.5867977 [taskset-1] [INFO] [1791035911.586065606] [foxglove_bridge]: Advertising new channel 84 for topic "/perception/d_wall/gate_margin"
1791035911.5870168 [taskset-1] [INFO] [1791035911.586642189] [foxglove_bridge]: Advertising new channel 85 for topic "/perception/d_wall"
1791035911.5870907 [taskset-1] [INFO] [1791035911.586684717] [foxglove_bridge]: Advertising new channel 86 for topic "/obstacle_clearance"
1791035911.5878634 [taskset-1] [INFO] [1791035911.587753385] [foxglove_bridge]: Advertising new channel 87 for topic "/zed2/zed_node/depth/camera_info"
1791035911.5880520 [taskset-1] [INFO] [1791035911.587869883] [foxglove_bridge]: Advertising new channel 88 for topic "/perception/swept_clearance/steering"
1791035911.5884144 [taskset-1] [INFO] [1791035911.588259394] [foxglove_bridge]: Advertising new channel 89 for topic "/perception/lidar_front_wall_virtual"
1791035952.4155004 [taskset-1] [INFO] [1791035952.414808303] [foxglove_bridge]: Advertising new channel 90 for topic "/fb3_probe_own"
1791035962.4351664 [taskset-1] [INFO] [1791035962.434461052] [foxglove_bridge]: Removing channel 90 for topic "/fb3_probe_own" (std_msgs/msg/String)
1791036128.5163622 [WARNING] [launch]: user interrupted with ctrl-c (SIGINT)
1791036128.5222366 [taskset-1] [INFO] [1791036128.509330303] [rclcpp]: signal_handler(SIGINT/SIGTERM)
1791036128.5227237 [INFO] [throttle-3]: sending signal 'SIGINT' to process[throttle-3]
1791036128.5230899 [INFO] [throttle-2]: sending signal 'SIGINT' to process[throttle-2]
1791036128.5247705 [INFO] [taskset-1]: sending signal 'SIGINT' to process[taskset-1]
1791036128.5350883 [taskset-1] [INFO] [1791036128.534616332] [foxglove_bridge]: Shutting down foxglove_bridge
1791036128.5356233 [taskset-1] [2026-10-03T14:02:08Z INFO  foxglove::websocket::server] Shutting down
1791036128.5357704 [taskset-1] [2026-10-03T14:02:08Z INFO  foxglove::websocket::server] Shutdown complete
1791036128.5465155 [taskset-1] [INFO] [1791036128.545311572] [rclcpp]: signal_handler(SIGINT/SIGTERM)
1791036128.5480437 [taskset-1] [INFO] [1791036128.547871654] [foxglove_bridge]: Shutdown complete
1791036128.7807152 [INFO] [throttle-2]: process has finished cleanly [pid 436501]
1791036128.7852056 [INFO] [throttle-3]: process has finished cleanly [pid 436502]
1791036128.9687181 [INFO] [taskset-1]: process has finished cleanly [pid 436500]
