[INFO] [launch]: All log files can be found below /home/andre/dev_ws/f1tenth_more/output/fix_batch_5/watchdog_live/sim/ros_log/2026-10-04-07-04-32-239998-thor-868651
[INFO] [launch]: Default logging verbosity is set to INFO
[INFO] [fastdds_discovery_server-1]: process started with pid [868682]
[INFO] [component_supervisor_node-2]: process started with pid [868683]
[fastdds_discovery_server-1] [ensure_discovery_server] 127.0.0.1:11811 already has a live listener (an earlier session's server, deliberately still running by design -- see stack_params.yaml's own discovery_server_address/_port comment) -- reusing it, not starting a duplicate. This process will now idle harmlessly for the life of this launch.
[component_supervisor_node-2] [WARN] [1791090272.870755084] [component_supervisor_node]: [component_supervisor] FastDDS SHM sweep (startup): found 55 fastrtps file(s) (19 still in use, 36 orphaned) -- removed 12/36 orphaned file(s). Sample removed: ['/dev/shm/fastrtps_af53747144c16bc5', '/dev/shm/fastrtps_af53747144c16bc5_el', '/dev/shm/fastrtps_df208ebcba4cb98e', '/dev/shm/fastrtps_port28721', '/dev/shm/fastrtps_port7030'].
[component_supervisor_node-2] [WARN] [1791090272.871270667] [component_supervisor_node]: [component_supervisor] FastDDS SHM sweep (startup): failed to remove 24 file(s): [('/dev/shm/fastrtps_7407d0862be81302', "[Errno 1] Operation not permitted: '/dev/shm/fastrtps_7407d0862be81302'"), ('/dev/shm/fastrtps_7407d0862be81302_el', "[Errno 1] Operation not permitted: '/dev/shm/fastrtps_7407d0862be81302_el'"), ('/dev/shm/fastrtps_9cd56be4590cf61f', "[Errno 1] Operation not permitted: '/dev/shm/fastrtps_9cd56be4590cf61f'"), ('/dev/shm/fastrtps_9cd56be4590cf61f_el', "[Errno 1] Operation not permitted: '/dev/shm/fastrtps_9cd56be4590cf61f_el'"), ('/dev/shm/fastrtps_port31165', "[Errno 1] Operation not permitted: '/dev/shm/fastrtps_port31165'")].
[component_supervisor_node-2] [WARN] [1791090272.881486458] [component_supervisor_node]: [component_supervisor] SIM MODE: hardware drivers not started (['camera.launch.py', 'lidar.launch.py', 'vesc.launch.py']), every component on use_sim_time, /clock expected from the simulator.
[component_supervisor_node-2] [INFO] [1791090272.980274434] [component_supervisor_node]: [component_supervisor] Registry: ['behavior', 'calibrate_hardware', 'control', 'dev_tools', 'diagnostics', 'hardware', 'intelligence', 'lidar_front_wall', 'localization', 'navigation', 'obstacle_clearance', 'perception', 'slam', 'startup_sequence', 'swept_clearance', 'wall_distance']. Auto-starting: ['behavior', 'control', 'dev_tools', 'diagnostics', 'hardware', 'lidar_front_wall', 'localization', 'navigation', 'obstacle_clearance', 'perception', 'slam', 'swept_clearance', 'wall_distance']. Log dir: /home/andre/dev_ws/f1tenth_more/output/fix_batch_5/watchdog_live/sim/supervisor
[component_supervisor_node-2] [INFO] [1791090272.982147498] [component_supervisor_node]: [component_supervisor] Started 'localization': ros2 launch f1tenth_bringup sim_component.launch.py component_package:=f1tenth_localization component_launch_file:=localization.launch.py (pid 868712, log: /home/andre/dev_ws/f1tenth_more/output/fix_batch_5/watchdog_live/sim/supervisor/f1tenth_localization_localization.launch.py.log)
[component_supervisor_node-2] [INFO] [1791090272.983975774] [component_supervisor_node]: [component_supervisor] Started 'control': ros2 launch f1tenth_bringup sim_component.launch.py component_package:=f1tenth_control component_launch_file:=ackermann_mux.launch.py (pid 868713, log: /home/andre/dev_ws/f1tenth_more/output/fix_batch_5/watchdog_live/sim/supervisor/f1tenth_control_ackermann_mux.launch.py.log)
[component_supervisor_node-2] [INFO] [1791090272.985182746] [component_supervisor_node]: [component_supervisor] Started 'slam': ros2 launch f1tenth_bringup sim_component.launch.py component_package:=f1tenth_navigation component_launch_file:=slam.launch.py (pid 868714, log: /home/andre/dev_ws/f1tenth_more/output/fix_batch_5/watchdog_live/sim/supervisor/f1tenth_navigation_slam.launch.py.log)
[component_supervisor_node-2] [INFO] [1791090272.986144690] [component_supervisor_node]: [component_supervisor] Started 'slam': ros2 launch f1tenth_bringup sim_component.launch.py component_package:=f1tenth_costmap component_launch_file:=costmap.launch.py (pid 868715, log: /home/andre/dev_ws/f1tenth_more/output/fix_batch_5/watchdog_live/sim/supervisor/f1tenth_costmap_costmap.launch.py.log)
[component_supervisor_node-2] [INFO] [1791090272.987034976] [component_supervisor_node]: [component_supervisor] Started 'diagnostics': ros2 launch f1tenth_bringup sim_component.launch.py component_package:=f1tenth_diagnostics component_launch_file:=system_observer.launch.py (pid 868716, log: /home/andre/dev_ws/f1tenth_more/output/fix_batch_5/watchdog_live/sim/supervisor/f1tenth_diagnostics_system_observer.launch.py.log)
[component_supervisor_node-2] [INFO] [1791090272.987747096] [component_supervisor_node]: [component_supervisor] Started 'diagnostics': ros2 launch f1tenth_bringup sim_component.launch.py component_package:=f1tenth_diagnostics component_launch_file:=diagnostics_server.launch.py (pid 868717, log: /home/andre/dev_ws/f1tenth_more/output/fix_batch_5/watchdog_live/sim/supervisor/f1tenth_diagnostics_diagnostics_server.launch.py.log)
[component_supervisor_node-2] [INFO] [1791090272.988734040] [component_supervisor_node]: [component_supervisor] Started 'diagnostics': ros2 launch f1tenth_bringup sim_component.launch.py component_package:=f1tenth_logger component_launch_file:=mission_logger.launch.py mission_logger_runs_dir:=/home/andre/dev_ws/f1tenth_more/output/fix_batch_5/watchdog_live/sim/runs (pid 868718, log: /home/andre/dev_ws/f1tenth_more/output/fix_batch_5/watchdog_live/sim/supervisor/f1tenth_logger_mission_logger.launch.py.log)
[component_supervisor_node-2] [INFO] [1791090272.989891142] [component_supervisor_node]: [component_supervisor] Started 'wall_distance': ros2 launch f1tenth_bringup sim_component.launch.py component_package:=f1tenth_perception component_launch_file:=wall_distance.launch.py (pid 868719, log: /home/andre/dev_ws/f1tenth_more/output/fix_batch_5/watchdog_live/sim/supervisor/f1tenth_perception_wall_distance.launch.py.log)
[component_supervisor_node-2] [INFO] [1791090272.990995854] [component_supervisor_node]: [component_supervisor] Started 'lidar_front_wall': ros2 launch f1tenth_bringup sim_component.launch.py component_package:=f1tenth_perception component_launch_file:=lidar_front_wall.launch.py (pid 868720, log: /home/andre/dev_ws/f1tenth_more/output/fix_batch_5/watchdog_live/sim/supervisor/f1tenth_perception_lidar_front_wall.launch.py.log)
[component_supervisor_node-2] [INFO] [1791090272.991797354] [component_supervisor_node]: [component_supervisor] Started 'swept_clearance': ros2 launch f1tenth_bringup sim_component.launch.py component_package:=f1tenth_perception component_launch_file:=swept_clearance.launch.py (pid 868721, log: /home/andre/dev_ws/f1tenth_more/output/fix_batch_5/watchdog_live/sim/supervisor/f1tenth_perception_swept_clearance.launch.py.log)
[component_supervisor_node-2] [INFO] [1791090272.992612992] [component_supervisor_node]: [component_supervisor] Started 'navigation': ros2 launch f1tenth_bringup sim_component.launch.py component_package:=f1tenth_navigation component_launch_file:=navigation.launch.py (pid 868722, log: /home/andre/dev_ws/f1tenth_more/output/fix_batch_5/watchdog_live/sim/supervisor/f1tenth_navigation_navigation.launch.py.log)
[component_supervisor_node-2] [INFO] [1791090272.993460742] [component_supervisor_node]: [component_supervisor] Started 'dev_tools': ros2 launch f1tenth_bringup sim_component.launch.py component_package:=f1tenth_bringup component_launch_file:=foxglove_bridge.launch.py (pid 868723, log: /home/andre/dev_ws/f1tenth_more/output/fix_batch_5/watchdog_live/sim/supervisor/f1tenth_bringup_foxglove_bridge.launch.py.log)
[component_supervisor_node-2] [INFO] [1791090272.995256417] [component_supervisor_node]: [component_supervisor] Started 'obstacle_clearance': ros2 launch f1tenth_bringup sim_component.launch.py component_package:=f1tenth_perception component_launch_file:=obstacle_clearance.launch.py (pid 868724, log: /home/andre/dev_ws/f1tenth_more/output/fix_batch_5/watchdog_live/sim/supervisor/f1tenth_perception_obstacle_clearance.launch.py.log)
[component_supervisor_node-2] [INFO] [1791090272.999034748] [component_supervisor_node]: [component_supervisor] Started 'behavior': ros2 launch f1tenth_bringup sim_component.launch.py component_package:=f1tenth_behavior component_launch_file:=behavior_bringup.launch.py (pid 868725, log: /home/andre/dev_ws/f1tenth_more/output/fix_batch_5/watchdog_live/sim/supervisor/f1tenth_behavior_behavior_bringup.launch.py.log)
[component_supervisor_node-2] [INFO] [1791090273.003280532] [component_supervisor_node]: [component_supervisor] Started 'hardware': ros2 launch f1tenth_bringup sim_component.launch.py component_package:=f1tenth_bringup component_launch_file:=sim_hardware_tf.launch.py (pid 868726, log: /home/andre/dev_ws/f1tenth_more/output/fix_batch_5/watchdog_live/sim/supervisor/f1tenth_bringup_sim_hardware_tf.launch.py.log)
[component_supervisor_node-2] [INFO] [1791090273.263445478] [component_supervisor_node]: [health] topic-liveness watchdog enforce: watching ['behavior', 'control', 'diagnostics', 'hardware', 'lidar_front_wall', 'localization', 'navigation', 'obstacle_clearance', 'perception', 'slam', 'swept_clearance', 'wall_distance'] on 18 topics, sim pause gate on /clock
[component_supervisor_node-2] [WARN] [1791090273.768292901] [component_supervisor_node]: [health] sim clock paused: liveness checks suspended
[component_supervisor_node-2] [WARN] [1791090297.763748244] [component_supervisor_node]: [health] sim clock running again: checks resume after 5 s
[component_supervisor_node-2] [WARN] [1791090389.763666620] [component_supervisor_node]: [health] sim clock paused: liveness checks suspended
[component_supervisor_node-2] [WARN] [1791090421.264377800] [component_supervisor_node]: [health] sim clock running again: checks resume after 5 s
[WARNING] [launch]: user interrupted with ctrl-c (SIGINT)
[INFO] [component_supervisor_node-2]: sending signal 'SIGINT' to process[component_supervisor_node-2]
[INFO] [fastdds_discovery_server-1]: sending signal 'SIGINT' to process[fastdds_discovery_server-1]
[component_supervisor_node-2] [INFO] [1791090535.264197925] [component_supervisor_node]: [component_supervisor] Received signal 2 -- shutting down all tracked components.
[component_supervisor_node-2] [INFO] [1791090535.264999248] [component_supervisor_node]: [component_supervisor] Shutting down -- stopping all components.
[fastdds_discovery_server-1] Traceback (most recent call last):
[fastdds_discovery_server-1]   File "/home/andre/dev_ws/f1tenth_more/install/f1tenth_bringup/share/f1tenth_bringup/scripts/ensure_discovery_server.py", line 124, in <module>
[fastdds_discovery_server-1]     main()
[fastdds_discovery_server-1]   File "/home/andre/dev_ws/f1tenth_more/install/f1tenth_bringup/share/f1tenth_bringup/scripts/ensure_discovery_server.py", line 89, in main
[fastdds_discovery_server-1]     signal_wait.wait()
[fastdds_discovery_server-1]   File "/usr/lib/python3.12/subprocess.py", line 1264, in wait
[fastdds_discovery_server-1]     return self._wait(timeout=timeout)
[fastdds_discovery_server-1]            ^^^^^^^^^^^^^^^^^^^^^^^^^^^
[fastdds_discovery_server-1]   File "/usr/lib/python3.12/subprocess.py", line 2053, in _wait
[fastdds_discovery_server-1]     (pid, sts) = self._try_wait(0)
[fastdds_discovery_server-1]                  ^^^^^^^^^^^^^^^^^
[fastdds_discovery_server-1]   File "/usr/lib/python3.12/subprocess.py", line 2011, in _try_wait
[fastdds_discovery_server-1]     (pid, sts) = os.waitpid(self.pid, wait_flags)
[fastdds_discovery_server-1]                  ^^^^^^^^^^^^^^^^^^^^^^^^^^^^^^^^
[fastdds_discovery_server-1] KeyboardInterrupt
[ERROR] [fastdds_discovery_server-1]: process has died [pid 868682, exit code -2, cmd 'python3 /home/andre/dev_ws/f1tenth_more/install/f1tenth_bringup/share/f1tenth_bringup/scripts/ensure_discovery_server.py 127.0.0.1 11811'].
[component_supervisor_node-2] [INFO] [1791090537.478032991] [component_supervisor_node]: [component_supervisor] 'diagnostics' (system_observer.launch.py): clean SIGINT exit in 0.3s
[component_supervisor_node-2] [INFO] [1791090537.478879490] [component_supervisor_node]: [component_supervisor] 'diagnostics' (diagnostics_server.launch.py): clean SIGINT exit in 0.3s
[component_supervisor_node-2] [INFO] [1791090537.479456767] [component_supervisor_node]: [component_supervisor] 'hardware' (sim_hardware_tf.launch.py): clean SIGINT exit in 0.3s
[component_supervisor_node-2] [INFO] [1791090537.480002581] [component_supervisor_node]: [component_supervisor] 'dev_tools' (foxglove_bridge.launch.py): clean SIGINT exit in 0.5s
[component_supervisor_node-2] [INFO] [1791090537.480543145] [component_supervisor_node]: [component_supervisor] 'swept_clearance' (swept_clearance.launch.py): clean SIGINT exit in 0.6s
[component_supervisor_node-2] [INFO] [1791090537.481085812] [component_supervisor_node]: [component_supervisor] 'obstacle_clearance' (obstacle_clearance.launch.py): clean SIGINT exit in 0.6s
[component_supervisor_node-2] [INFO] [1791090537.481629238] [component_supervisor_node]: [component_supervisor] 'wall_distance' (wall_distance.launch.py): clean SIGINT exit in 0.7s
[component_supervisor_node-2] [INFO] [1791090537.482172579] [component_supervisor_node]: [component_supervisor] 'lidar_front_wall' (lidar_front_wall.launch.py): clean SIGINT exit in 0.7s
[component_supervisor_node-2] [INFO] [1791090537.482738061] [component_supervisor_node]: [component_supervisor] 'slam' (slam.launch.py): clean SIGINT exit in 1.2s
[component_supervisor_node-2] [INFO] [1791090537.483282847] [component_supervisor_node]: [component_supervisor] 'control' (ackermann_mux.launch.py): clean SIGINT exit in 1.4s
[component_supervisor_node-2] [INFO] [1791090537.483827782] [component_supervisor_node]: [component_supervisor] 'localization' (localization.launch.py): clean SIGINT exit in 1.5s
[component_supervisor_node-2] [INFO] [1791090537.484368374] [component_supervisor_node]: [component_supervisor] 'slam' (costmap.launch.py): clean SIGINT exit in 1.6s
[component_supervisor_node-2] [INFO] [1791090537.484914040] [component_supervisor_node]: [component_supervisor] 'behavior' (behavior_bringup.launch.py): clean SIGINT exit in 1.7s
[component_supervisor_node-2] [INFO] [1791090537.485456298] [component_supervisor_node]: [component_supervisor] 'navigation' (navigation.launch.py): clean SIGINT exit in 2.1s
[component_supervisor_node-2] [INFO] [1791090537.485997465] [component_supervisor_node]: [component_supervisor] 'diagnostics' (mission_logger.launch.py): clean SIGINT exit in 2.2s
[component_supervisor_node-2] [WARN] [1791090537.530666505] [component_supervisor_node]: [component_supervisor] FastDDS SHM sweep (shutdown): found 162 fastrtps file(s) (25 still in use, 137 orphaned) -- removed 113/137 orphaned file(s). Sample removed: ['/dev/shm/fastrtps_port28665', '/dev/shm/fastrtps_port28665_el', '/dev/shm/fastrtps_port28667', '/dev/shm/fastrtps_port28669_el', '/dev/shm/fastrtps_port28671_el'].
[component_supervisor_node-2] [WARN] [1791090537.531390292] [component_supervisor_node]: [component_supervisor] FastDDS SHM sweep (shutdown): failed to remove 24 file(s): [('/dev/shm/fastrtps_7407d0862be81302', "[Errno 1] Operation not permitted: '/dev/shm/fastrtps_7407d0862be81302'"), ('/dev/shm/fastrtps_7407d0862be81302_el', "[Errno 1] Operation not permitted: '/dev/shm/fastrtps_7407d0862be81302_el'"), ('/dev/shm/fastrtps_9cd56be4590cf61f', "[Errno 1] Operation not permitted: '/dev/shm/fastrtps_9cd56be4590cf61f'"), ('/dev/shm/fastrtps_9cd56be4590cf61f_el', "[Errno 1] Operation not permitted: '/dev/shm/fastrtps_9cd56be4590cf61f_el'"), ('/dev/shm/fastrtps_port31165', "[Errno 1] Operation not permitted: '/dev/shm/fastrtps_port31165'")].
[INFO] [component_supervisor_node-2]: process has finished cleanly [pid 868683]
