[INFO] [launch]: All log files can be found below /home/andre/dev_ws/f1tenth_more/output/fix_batch_5/isolation/proof/run_32/ros_log/2026-10-04-07-45-34-201331-thor-922792
[INFO] [launch]: Default logging verbosity is set to INFO
[INFO] [fastdds_discovery_server-1]: process started with pid [922849]
[INFO] [component_supervisor_node-2]: process started with pid [922850]
[fastdds_discovery_server-1] [ensure_discovery_server] 127.0.0.1:11811 already has a live listener (an earlier session's server, deliberately still running by design -- see stack_params.yaml's own discovery_server_address/_port comment) -- reusing it, not starting a duplicate. This process will now idle harmlessly for the life of this launch.
[component_supervisor_node-2] [WARN] [1791092734.831341234] [component_supervisor_node]: [component_supervisor] FastDDS SHM sweep (startup): found 62 fastrtps file(s) (22 still in use, 40 orphaned) -- removed 16/40 orphaned file(s). Sample removed: ['/dev/shm/fastrtps_39b00560384dd712', '/dev/shm/fastrtps_5042be77151dbe98', '/dev/shm/fastrtps_61521fad1831ca9e', '/dev/shm/fastrtps_6dbace5a7984b9d1', '/dev/shm/fastrtps_6f7b7a004ee409df'].
[component_supervisor_node-2] [WARN] [1791092734.831866929] [component_supervisor_node]: [component_supervisor] FastDDS SHM sweep (startup): failed to remove 24 file(s): [('/dev/shm/fastrtps_7407d0862be81302', "[Errno 1] Operation not permitted: '/dev/shm/fastrtps_7407d0862be81302'"), ('/dev/shm/fastrtps_7407d0862be81302_el', "[Errno 1] Operation not permitted: '/dev/shm/fastrtps_7407d0862be81302_el'"), ('/dev/shm/fastrtps_9cd56be4590cf61f', "[Errno 1] Operation not permitted: '/dev/shm/fastrtps_9cd56be4590cf61f'"), ('/dev/shm/fastrtps_9cd56be4590cf61f_el', "[Errno 1] Operation not permitted: '/dev/shm/fastrtps_9cd56be4590cf61f_el'"), ('/dev/shm/fastrtps_port31165', "[Errno 1] Operation not permitted: '/dev/shm/fastrtps_port31165'")].
[component_supervisor_node-2] [INFO] [1791092734.939604701] [component_supervisor_node]: [component_supervisor] Registry: ['behavior', 'calibrate_hardware', 'control', 'dev_tools', 'diagnostics', 'hardware', 'intelligence', 'lidar_front_wall', 'localization', 'navigation', 'obstacle_clearance', 'perception', 'slam', 'startup_sequence', 'swept_clearance', 'wall_distance']. Auto-starting: ['behavior', 'control', 'dev_tools', 'diagnostics', 'hardware', 'lidar_front_wall', 'localization', 'navigation', 'obstacle_clearance', 'perception', 'slam', 'swept_clearance', 'wall_distance']. Log dir: /home/andre/dev_ws/f1tenth_more/output/fix_batch_5/isolation/proof/run_32/supervisor
[component_supervisor_node-2] [INFO] [1791092734.941345832] [component_supervisor_node]: [component_supervisor] Started 'swept_clearance': ros2 launch f1tenth_perception swept_clearance.launch.py (pid 922878, log: /home/andre/dev_ws/f1tenth_more/output/fix_batch_5/isolation/proof/run_32/supervisor/f1tenth_perception_swept_clearance.launch.py.log)
[component_supervisor_node-2] [INFO] [1791092734.942442369] [component_supervisor_node]: [component_supervisor] Started 'obstacle_clearance': ros2 launch f1tenth_perception obstacle_clearance.launch.py (pid 922879, log: /home/andre/dev_ws/f1tenth_more/output/fix_batch_5/isolation/proof/run_32/supervisor/f1tenth_perception_obstacle_clearance.launch.py.log)
[component_supervisor_node-2] [INFO] [1791092734.944466666] [component_supervisor_node]: [component_supervisor] Started 'wall_distance': ros2 launch f1tenth_perception wall_distance.launch.py (pid 922880, log: /home/andre/dev_ws/f1tenth_more/output/fix_batch_5/isolation/proof/run_32/supervisor/f1tenth_perception_wall_distance.launch.py.log)
[component_supervisor_node-2] [INFO] [1791092734.945743630] [component_supervisor_node]: [component_supervisor] Started 'control': ros2 launch f1tenth_control ackermann_mux.launch.py (pid 922881, log: /home/andre/dev_ws/f1tenth_more/output/fix_batch_5/isolation/proof/run_32/supervisor/f1tenth_control_ackermann_mux.launch.py.log)
[component_supervisor_node-2] [INFO] [1791092734.946798704] [component_supervisor_node]: [component_supervisor] Started 'lidar_front_wall': ros2 launch f1tenth_perception lidar_front_wall.launch.py (pid 922882, log: /home/andre/dev_ws/f1tenth_more/output/fix_batch_5/isolation/proof/run_32/supervisor/f1tenth_perception_lidar_front_wall.launch.py.log)
[component_supervisor_node-2] [INFO] [1791092734.947939752] [component_supervisor_node]: [component_supervisor] Started 'diagnostics': ros2 launch f1tenth_diagnostics system_observer.launch.py (pid 922883, log: /home/andre/dev_ws/f1tenth_more/output/fix_batch_5/isolation/proof/run_32/supervisor/f1tenth_diagnostics_system_observer.launch.py.log)
[component_supervisor_node-2] [INFO] [1791092734.948902798] [component_supervisor_node]: [component_supervisor] Started 'diagnostics': ros2 launch f1tenth_diagnostics diagnostics_server.launch.py (pid 922884, log: /home/andre/dev_ws/f1tenth_more/output/fix_batch_5/isolation/proof/run_32/supervisor/f1tenth_diagnostics_diagnostics_server.launch.py.log)
[component_supervisor_node-2] [INFO] [1791092734.949760678] [component_supervisor_node]: [component_supervisor] Started 'diagnostics': ros2 launch f1tenth_logger mission_logger.launch.py mission_logger_runs_dir:=/home/andre/dev_ws/f1tenth_more/output/fix_batch_5/isolation/proof/run_32/runs (pid 922885, log: /home/andre/dev_ws/f1tenth_more/output/fix_batch_5/isolation/proof/run_32/supervisor/f1tenth_logger_mission_logger.launch.py.log)
[component_supervisor_node-2] [INFO] [1791092734.950698771] [component_supervisor_node]: [component_supervisor] Started 'localization': ros2 launch f1tenth_localization localization.launch.py (pid 922886, log: /home/andre/dev_ws/f1tenth_more/output/fix_batch_5/isolation/proof/run_32/supervisor/f1tenth_localization_localization.launch.py.log)
[component_supervisor_node-2] [INFO] [1791092734.951538706] [component_supervisor_node]: [component_supervisor] Started 'behavior': ros2 launch f1tenth_behavior behavior_bringup.launch.py (pid 922887, log: /home/andre/dev_ws/f1tenth_more/output/fix_batch_5/isolation/proof/run_32/supervisor/f1tenth_behavior_behavior_bringup.launch.py.log)
[component_supervisor_node-2] [INFO] [1791092734.952424355] [component_supervisor_node]: [component_supervisor] Started 'dev_tools': ros2 launch f1tenth_bringup foxglove_bridge.launch.py (pid 922888, log: /home/andre/dev_ws/f1tenth_more/output/fix_batch_5/isolation/proof/run_32/supervisor/f1tenth_bringup_foxglove_bridge.launch.py.log)
[component_supervisor_node-2] [INFO] [1791092734.953218420] [component_supervisor_node]: [component_supervisor] Started 'navigation': ros2 launch f1tenth_navigation navigation.launch.py (pid 922889, log: /home/andre/dev_ws/f1tenth_more/output/fix_batch_5/isolation/proof/run_32/supervisor/f1tenth_navigation_navigation.launch.py.log)
[component_supervisor_node-2] [INFO] [1791092734.954072041] [component_supervisor_node]: [component_supervisor] Started 'slam': ros2 launch f1tenth_navigation slam.launch.py (pid 922890, log: /home/andre/dev_ws/f1tenth_more/output/fix_batch_5/isolation/proof/run_32/supervisor/f1tenth_navigation_slam.launch.py.log)
[component_supervisor_node-2] [INFO] [1791092734.955189912] [component_supervisor_node]: [component_supervisor] Started 'slam': ros2 launch f1tenth_costmap costmap.launch.py (pid 922891, log: /home/andre/dev_ws/f1tenth_more/output/fix_batch_5/isolation/proof/run_32/supervisor/f1tenth_costmap_costmap.launch.py.log)
[component_supervisor_node-2] [INFO] [1791092735.120622619] [component_supervisor_node]: [health] topic-liveness watchdog alert: watching ['behavior', 'control', 'diagnostics', 'lidar_front_wall', 'localization', 'navigation', 'obstacle_clearance', 'slam', 'swept_clearance', 'wall_distance'] on 18 topics
[WARNING] [launch]: user interrupted with ctrl-c (SIGINT)
[INFO] [component_supervisor_node-2]: sending signal 'SIGINT' to process[component_supervisor_node-2]
[INFO] [fastdds_discovery_server-1]: sending signal 'SIGINT' to process[fastdds_discovery_server-1]
[component_supervisor_node-2] [INFO] [1791092778.273452827] [component_supervisor_node]: [component_supervisor] Received signal 2 -- shutting down all tracked components.
[component_supervisor_node-2] [INFO] [1791092778.274008227] [component_supervisor_node]: [component_supervisor] Shutting down -- stopping all components.
[fastdds_discovery_server-1] Traceback (most recent call last):
[fastdds_discovery_server-1]   File "/home/andre/dev_ws/f1tenth_more/install/f1tenth_bringup/share/f1tenth_bringup/scripts/ensure_discovery_server.py", line 124, in <module>
[fastdds_discovery_server-1]     main()
[fastdds_discovery_server-1]   File "/home/andre/dev_ws/f1tenth_more/install/f1tenth_bringup/share/f1tenth_bringup/scripts/ensure_discovery_server.py", line 89, in main
[fastdds_discovery_server-1]     signal_wait.wait()
[fastdds_discovery_server-1]   File "/usr/lib/python3.12/subprocess.py", line 1264, in wait
[fastdds_discovery_server-1]     return self._wait(timeout=timeout)
[fastdds_discovery_server-1]            ^^^^^^^^^^^^^^^^^^^^^^^^^^^
[fastdds_discovery_server-1]   File "/usr/lib/python3.12/subprocess.py", line 2053, in _wait
[fastdds_discovery_server-1]     (pid, sts) = self._try_wait(0)
[fastdds_discovery_server-1]                  ^^^^^^^^^^^^^^^^^
[fastdds_discovery_server-1]   File "/usr/lib/python3.12/subprocess.py", line 2011, in _try_wait
[fastdds_discovery_server-1]     (pid, sts) = os.waitpid(self.pid, wait_flags)
[fastdds_discovery_server-1]                  ^^^^^^^^^^^^^^^^^^^^^^^^^^^^^^^^
[fastdds_discovery_server-1] KeyboardInterrupt
[ERROR] [fastdds_discovery_server-1]: process has died [pid 922849, exit code -2, cmd 'python3 /home/andre/dev_ws/f1tenth_more/install/f1tenth_bringup/share/f1tenth_bringup/scripts/ensure_discovery_server.py 127.0.0.1 11811'].
[ERROR] [component_supervisor_node-2]: process[component_supervisor_node-2] failed to terminate '5' seconds after receiving 'SIGINT', escalating to 'SIGTERM'
[INFO] [component_supervisor_node-2]: sending signal 'SIGTERM' to process[component_supervisor_node-2]
[component_supervisor_node-2] [WARN] [1791092783.273672083] [component_supervisor_node]: [component_supervisor] Received signal 15 while a shutdown was already in progress -- force-killing every tracked component immediately.
[component_supervisor_node-2] [WARN] [1791092783.627852550] [component_supervisor_node]: [component_supervisor] FastDDS SHM sweep (shutdown (force-kill)): found 187 fastrtps file(s) (28 still in use, 159 orphaned) -- removed 135/159 orphaned file(s). Sample removed: ['/dev/shm/fastrtps_b0e506c657bbdeb8_el', '/dev/shm/fastrtps_c64107000871a7d6_el', '/dev/shm/fastrtps_d7ceeaea3908e53c_el', '/dev/shm/fastrtps_f7a1a38868703f2c_el', '/dev/shm/fastrtps_port28667'].
[component_supervisor_node-2] [WARN] [1791092783.629798033] [component_supervisor_node]: [component_supervisor] FastDDS SHM sweep (shutdown (force-kill)): failed to remove 24 file(s): [('/dev/shm/fastrtps_7407d0862be81302', "[Errno 1] Operation not permitted: '/dev/shm/fastrtps_7407d0862be81302'"), ('/dev/shm/fastrtps_7407d0862be81302_el', "[Errno 1] Operation not permitted: '/dev/shm/fastrtps_7407d0862be81302_el'"), ('/dev/shm/fastrtps_9cd56be4590cf61f', "[Errno 1] Operation not permitted: '/dev/shm/fastrtps_9cd56be4590cf61f'"), ('/dev/shm/fastrtps_9cd56be4590cf61f_el', "[Errno 1] Operation not permitted: '/dev/shm/fastrtps_9cd56be4590cf61f_el'"), ('/dev/shm/fastrtps_port31165', "[Errno 1] Operation not permitted: '/dev/shm/fastrtps_port31165'")].
[INFO] [component_supervisor_node-2]: process has finished cleanly [pid 922850]
