[INFO] [launch]: All log files can be found below /home/andre/dev_ws/f1tenth_more/output/fix_batch_4/isolation/fresh/run_05/ros_log/2026-10-03-16-50-15-658631-thor-509248
[INFO] [launch]: Default logging verbosity is set to INFO
[INFO] [fastdds_discovery_server-1]: process started with pid [509306]
[INFO] [component_supervisor_node-2]: process started with pid [509307]
[fastdds_discovery_server-1] [ensure_discovery_server] 127.0.0.1:11811 is free -- starting a fresh fastdds discovery server.
[fastdds_discovery_server-1] ### Server is running ###
[fastdds_discovery_server-1]   Participant Type:   SERVER
[fastdds_discovery_server-1]   Security:           NO
[fastdds_discovery_server-1]   Server ID:          0
[fastdds_discovery_server-1]   Server GUID prefix: 44.53.00.5f.45.50.52.4f.53.49.4d.41
[fastdds_discovery_server-1]   Server Addresses:   UDPv4:[127.0.0.1]:11811
[component_supervisor_node-2] [WARN] [1791039016.294621539] [component_supervisor_node]: [component_supervisor] FastDDS SHM sweep (startup): found 36 fastrtps file(s) (22 still in use, 14 orphaned) -- removed 14/14 orphaned file(s). Sample removed: ['/dev/shm/fastrtps_34b92c20fa08e2c3', '/dev/shm/fastrtps_34b92c20fa08e2c3_el', '/dev/shm/fastrtps_port28671', '/dev/shm/fastrtps_port28673', '/dev/shm/fastrtps_port28687'].
[component_supervisor_node-2] [INFO] [1791039016.396598382] [component_supervisor_node]: [component_supervisor] Registry: ['behavior', 'calibrate_hardware', 'control', 'dev_tools', 'diagnostics', 'hardware', 'intelligence', 'lidar_front_wall', 'localization', 'navigation', 'obstacle_clearance', 'perception', 'slam', 'startup_sequence', 'swept_clearance', 'wall_distance']. Auto-starting: ['behavior', 'control', 'dev_tools', 'diagnostics', 'hardware', 'lidar_front_wall', 'localization', 'navigation', 'obstacle_clearance', 'perception', 'slam', 'swept_clearance', 'wall_distance']. Log dir: /home/andre/dev_ws/f1tenth_more/output/fix_batch_4/isolation/fresh/run_05/supervisor
[component_supervisor_node-2] [INFO] [1791039016.398943365] [component_supervisor_node]: [component_supervisor] Started 'behavior': ros2 launch f1tenth_behavior behavior_bringup.launch.py (pid 509347, log: /home/andre/dev_ws/f1tenth_more/output/fix_batch_4/isolation/fresh/run_05/supervisor/f1tenth_behavior_behavior_bringup.launch.py.log)
[component_supervisor_node-2] [INFO] [1791039016.400526477] [component_supervisor_node]: [component_supervisor] Started 'slam': ros2 launch f1tenth_navigation slam.launch.py (pid 509348, log: /home/andre/dev_ws/f1tenth_more/output/fix_batch_4/isolation/fresh/run_05/supervisor/f1tenth_navigation_slam.launch.py.log)
[component_supervisor_node-2] [INFO] [1791039016.401547227] [component_supervisor_node]: [component_supervisor] Started 'slam': ros2 launch f1tenth_costmap costmap.launch.py (pid 509349, log: /home/andre/dev_ws/f1tenth_more/output/fix_batch_4/isolation/fresh/run_05/supervisor/f1tenth_costmap_costmap.launch.py.log)
[component_supervisor_node-2] [INFO] [1791039016.402523728] [component_supervisor_node]: [component_supervisor] Started 'wall_distance': ros2 launch f1tenth_perception wall_distance.launch.py (pid 509350, log: /home/andre/dev_ws/f1tenth_more/output/fix_batch_4/isolation/fresh/run_05/supervisor/f1tenth_perception_wall_distance.launch.py.log)
[component_supervisor_node-2] [INFO] [1791039016.403386941] [component_supervisor_node]: [component_supervisor] Started 'swept_clearance': ros2 launch f1tenth_perception swept_clearance.launch.py (pid 509351, log: /home/andre/dev_ws/f1tenth_more/output/fix_batch_4/isolation/fresh/run_05/supervisor/f1tenth_perception_swept_clearance.launch.py.log)
[component_supervisor_node-2] [INFO] [1791039016.404199451] [component_supervisor_node]: [component_supervisor] Started 'navigation': ros2 launch f1tenth_navigation navigation.launch.py (pid 509352, log: /home/andre/dev_ws/f1tenth_more/output/fix_batch_4/isolation/fresh/run_05/supervisor/f1tenth_navigation_navigation.launch.py.log)
[component_supervisor_node-2] [INFO] [1791039016.405102090] [component_supervisor_node]: [component_supervisor] Started 'localization': ros2 launch f1tenth_localization localization.launch.py (pid 509353, log: /home/andre/dev_ws/f1tenth_more/output/fix_batch_4/isolation/fresh/run_05/supervisor/f1tenth_localization_localization.launch.py.log)
[component_supervisor_node-2] [INFO] [1791039016.406126220] [component_supervisor_node]: [component_supervisor] Started 'obstacle_clearance': ros2 launch f1tenth_perception obstacle_clearance.launch.py (pid 509354, log: /home/andre/dev_ws/f1tenth_more/output/fix_batch_4/isolation/fresh/run_05/supervisor/f1tenth_perception_obstacle_clearance.launch.py.log)
[component_supervisor_node-2] [INFO] [1791039016.407085007] [component_supervisor_node]: [component_supervisor] Started 'diagnostics': ros2 launch f1tenth_diagnostics system_observer.launch.py (pid 509355, log: /home/andre/dev_ws/f1tenth_more/output/fix_batch_4/isolation/fresh/run_05/supervisor/f1tenth_diagnostics_system_observer.launch.py.log)
[component_supervisor_node-2] [INFO] [1791039016.407874684] [component_supervisor_node]: [component_supervisor] Started 'diagnostics': ros2 launch f1tenth_diagnostics diagnostics_server.launch.py (pid 509356, log: /home/andre/dev_ws/f1tenth_more/output/fix_batch_4/isolation/fresh/run_05/supervisor/f1tenth_diagnostics_diagnostics_server.launch.py.log)
[component_supervisor_node-2] [INFO] [1791039016.411024927] [component_supervisor_node]: [component_supervisor] Started 'diagnostics': ros2 launch f1tenth_logger mission_logger.launch.py mission_logger_runs_dir:=/home/andre/dev_ws/f1tenth_more/output/fix_batch_4/isolation/fresh/run_05/runs (pid 509357, log: /home/andre/dev_ws/f1tenth_more/output/fix_batch_4/isolation/fresh/run_05/supervisor/f1tenth_logger_mission_logger.launch.py.log)
[component_supervisor_node-2] [INFO] [1791039016.412360585] [component_supervisor_node]: [component_supervisor] Started 'control': ros2 launch f1tenth_control ackermann_mux.launch.py (pid 509358, log: /home/andre/dev_ws/f1tenth_more/output/fix_batch_4/isolation/fresh/run_05/supervisor/f1tenth_control_ackermann_mux.launch.py.log)
[component_supervisor_node-2] [INFO] [1791039016.413631058] [component_supervisor_node]: [component_supervisor] Started 'dev_tools': ros2 launch f1tenth_bringup foxglove_bridge.launch.py (pid 509359, log: /home/andre/dev_ws/f1tenth_more/output/fix_batch_4/isolation/fresh/run_05/supervisor/f1tenth_bringup_foxglove_bridge.launch.py.log)
[component_supervisor_node-2] [INFO] [1791039016.414802355] [component_supervisor_node]: [component_supervisor] Started 'lidar_front_wall': ros2 launch f1tenth_perception lidar_front_wall.launch.py (pid 509360, log: /home/andre/dev_ws/f1tenth_more/output/fix_batch_4/isolation/fresh/run_05/supervisor/f1tenth_perception_lidar_front_wall.launch.py.log)
[WARNING] [launch]: user interrupted with ctrl-c (SIGINT)
[INFO] [component_supervisor_node-2]: sending signal 'SIGINT' to process[component_supervisor_node-2]
[INFO] [fastdds_discovery_server-1]: sending signal 'SIGINT' to process[fastdds_discovery_server-1]
[component_supervisor_node-2] [INFO] [1791039062.425325190] [component_supervisor_node]: [component_supervisor] Received signal 2 -- shutting down all tracked components.
[component_supervisor_node-2] [INFO] [1791039062.426119227] [component_supervisor_node]: [component_supervisor] Shutting down -- stopping all components.
[component_supervisor_node-2] [INFO] [1791039063.236743359] [component_supervisor_node]: [component_supervisor] 'slam' (costmap.launch.py): clean SIGINT exit in 0.4s
[component_supervisor_node-2] [INFO] [1791039063.237429174] [component_supervisor_node]: [component_supervisor] 'navigation' (navigation.launch.py): clean SIGINT exit in 0.4s
[component_supervisor_node-2] [INFO] [1791039063.237979591] [component_supervisor_node]: [component_supervisor] 'diagnostics' (system_observer.launch.py): clean SIGINT exit in 0.4s
[component_supervisor_node-2] [INFO] [1791039063.238573573] [component_supervisor_node]: [component_supervisor] 'control' (ackermann_mux.launch.py): clean SIGINT exit in 0.4s
[component_supervisor_node-2] [INFO] [1791039063.239118185] [component_supervisor_node]: [component_supervisor] 'slam' (slam.launch.py): clean SIGINT exit in 0.5s
[component_supervisor_node-2] [INFO] [1791039063.240080055] [component_supervisor_node]: [component_supervisor] 'localization' (localization.launch.py): clean SIGINT exit in 0.5s
[component_supervisor_node-2] [INFO] [1791039063.240652685] [component_supervisor_node]: [component_supervisor] 'diagnostics' (diagnostics_server.launch.py): clean SIGINT exit in 0.5s
[component_supervisor_node-2] [INFO] [1791039063.241190186] [component_supervisor_node]: [component_supervisor] 'diagnostics' (mission_logger.launch.py): clean SIGINT exit in 0.5s
[component_supervisor_node-2] [INFO] [1791039063.241728695] [component_supervisor_node]: [component_supervisor] 'behavior' (behavior_bringup.launch.py): clean SIGINT exit in 0.6s
[component_supervisor_node-2] [INFO] [1791039063.242260426] [component_supervisor_node]: [component_supervisor] 'dev_tools' (foxglove_bridge.launch.py): clean SIGINT exit in 0.6s
[component_supervisor_node-2] [INFO] [1791039063.242817122] [component_supervisor_node]: [component_supervisor] 'wall_distance' (wall_distance.launch.py): clean SIGINT exit in 0.8s
[component_supervisor_node-2] [INFO] [1791039063.243351224] [component_supervisor_node]: [component_supervisor] 'swept_clearance' (swept_clearance.launch.py): clean SIGINT exit in 0.8s
[component_supervisor_node-2] [INFO] [1791039063.243883242] [component_supervisor_node]: [component_supervisor] 'obstacle_clearance' (obstacle_clearance.launch.py): clean SIGINT exit in 0.8s
[component_supervisor_node-2] [INFO] [1791039063.244415529] [component_supervisor_node]: [component_supervisor] 'lidar_front_wall' (lidar_front_wall.launch.py): clean SIGINT exit in 0.8s
[component_supervisor_node-2] [WARN] [1791039063.278724156] [component_supervisor_node]: [component_supervisor] FastDDS SHM sweep (shutdown): found 142 fastrtps file(s) (26 still in use, 116 orphaned) -- removed 116/116 orphaned file(s). Sample removed: ['/dev/shm/fastrtps_a87a59124687eb4c_el', '/dev/shm/fastrtps_c05670927eb1024b_el', '/dev/shm/fastrtps_port28663', '/dev/shm/fastrtps_port28667', '/dev/shm/fastrtps_port28669'].
[INFO] [component_supervisor_node-2]: process has finished cleanly [pid 509307]
[ERROR] [fastdds_discovery_server-1]: process[fastdds_discovery_server-1] failed to terminate '5' seconds after receiving 'SIGINT', escalating to 'SIGTERM'
[INFO] [fastdds_discovery_server-1]: sending signal 'SIGTERM' to process[fastdds_discovery_server-1]
[ERROR] [fastdds_discovery_server-1]: process has died [pid 509306, exit code -15, cmd 'python3 /home/andre/dev_ws/f1tenth_more/install/f1tenth_bringup/share/f1tenth_bringup/scripts/ensure_discovery_server.py 127.0.0.1 11811'].
