/opt/ros/jazzy/lib/python3.12/site-packages/launch/logging/__init__.py:149: UserWarning: Cannot create a symlink to latest log directory: [Errno 17] File exists: '/home/andre/dev_ws/f1tenth_more/output/phase5/step4/ros_log/2026-10-03-11-11-35-674084-thor-359809' -> '/home/andre/dev_ws/f1tenth_more/output/phase5/step4/ros_log/latest'

  warnings.warn(
[INFO] [launch]: All log files can be found below /home/andre/dev_ws/f1tenth_more/output/phase5/step4/ros_log/2026-10-03-11-11-35-674084-thor-359809
[INFO] [launch]: Default logging verbosity is set to INFO
[INFO] [taskset-1]: process started with pid [359853]
[taskset-1] [INFO] [1791018699.725260077] [wall_distance_node]: wall_distance_node up: scan /scan, odom /odometry/filtered, phase from /mpc/wall_track (3 silent ticks -> exit) -> /perception/d_wall at 10.0 Hz. d_ref=0.60 m, k=0.333 rad/m (convergence 3.0 m), |dpsi|<=0.200 rad. coast caps 0.50 m / 0.35 rad. PHASE=UNKNOWN until /mpc/wall_track speaks.
[taskset-1] [INFO] [1791018699.790967000] [wall_distance_node]: DWALL | phase=UNKNOWN track=0 valid=False d_wall=+nan heading_rel=+nan rms=nan n=0 age=nan prov=NONE coast=0.00m/0.00rad dpsi=+0.0000
[taskset-1] [INFO] [1791018700.884388376] [wall_distance_node]: DWALL | phase=UNKNOWN track=0 valid=False d_wall=+nan heading_rel=+nan rms=nan n=0 age=nan prov=NONE coast=0.00m/0.00rad dpsi=+0.0000
[taskset-1] [INFO] [1791018701.984214983] [wall_distance_node]: DWALL | phase=UNKNOWN track=0 valid=False d_wall=+nan heading_rel=+nan rms=nan n=0 age=nan prov=NONE coast=0.00m/0.00rad dpsi=+0.0000
[taskset-1] [INFO] [1791018703.083749748] [wall_distance_node]: DWALL | phase=UNKNOWN track=0 valid=False d_wall=+nan heading_rel=+nan rms=nan n=0 age=nan prov=NONE coast=0.00m/0.00rad dpsi=+0.0000
[taskset-1] [INFO] [1791018704.183853892] [wall_distance_node]: DWALL | phase=UNKNOWN track=0 valid=False d_wall=+nan heading_rel=+nan rms=nan n=0 age=nan prov=NONE coast=0.00m/0.00rad dpsi=+0.0000
[taskset-1] [INFO] [1791018705.283174398] [wall_distance_node]: DWALL | phase=UNKNOWN track=0 valid=False d_wall=+nan heading_rel=+nan rms=nan n=0 age=nan prov=NONE coast=0.00m/0.00rad dpsi=+0.0000
[taskset-1] [INFO] [1791018706.283626779] [wall_distance_node]: DWALL | phase=UNKNOWN track=0 valid=False d_wall=+nan heading_rel=+nan rms=nan n=0 age=nan prov=NONE coast=0.00m/0.00rad dpsi=+0.0000
[taskset-1] [INFO] [1791018707.383661969] [wall_distance_node]: DWALL | phase=UNKNOWN track=0 valid=False d_wall=+nan heading_rel=+nan rms=nan n=0 age=nan prov=NONE coast=0.00m/0.00rad dpsi=+0.0000
[taskset-1] [INFO] [1791018708.483758594] [wall_distance_node]: DWALL | phase=UNKNOWN track=0 valid=False d_wall=+nan heading_rel=+nan rms=nan n=0 age=nan prov=NONE coast=0.00m/0.00rad dpsi=+0.0000
[taskset-1] [INFO] [1791018709.583527322] [wall_distance_node]: DWALL | phase=UNKNOWN track=0 valid=False d_wall=+nan heading_rel=+nan rms=nan n=0 age=nan prov=NONE coast=0.00m/0.00rad dpsi=+0.0000
[taskset-1] [INFO] [1791018710.683173402] [wall_distance_node]: DWALL | phase=UNKNOWN track=0 valid=False d_wall=+nan heading_rel=+nan rms=nan n=0 age=nan prov=NONE coast=0.00m/0.00rad dpsi=+0.0000
[taskset-1] [INFO] [1791018711.683968356] [wall_distance_node]: DWALL | phase=UNKNOWN track=0 valid=False d_wall=+nan heading_rel=+nan rms=nan n=0 age=nan prov=NONE coast=0.00m/0.00rad dpsi=+0.0000
[taskset-1] [INFO] [1791018712.783898778] [wall_distance_node]: DWALL | phase=UNKNOWN track=0 valid=False d_wall=+nan heading_rel=+nan rms=nan n=0 age=nan prov=NONE coast=0.00m/0.00rad dpsi=+0.0000
[taskset-1] [INFO] [1791018713.784439918] [wall_distance_node]: DWALL | phase=UNKNOWN track=0 valid=False d_wall=+nan heading_rel=+nan rms=nan n=0 age=nan prov=NONE coast=0.00m/0.00rad dpsi=+0.0000
[taskset-1] [INFO] [1791018714.784463267] [wall_distance_node]: DWALL | phase=UNKNOWN track=0 valid=False d_wall=+nan heading_rel=+nan rms=nan n=0 age=nan prov=NONE coast=0.00m/0.00rad dpsi=+0.0000
[taskset-1] [INFO] [1791018715.883947492] [wall_distance_node]: DWALL | phase=UNKNOWN track=0 valid=False d_wall=+nan heading_rel=+nan rms=nan n=0 age=nan prov=NONE coast=0.00m/0.00rad dpsi=+0.0000
[taskset-1] [INFO] [1791018716.982950248] [wall_distance_node]: DWALL | phase=UNKNOWN track=0 valid=False d_wall=+nan heading_rel=+nan rms=nan n=0 age=nan prov=NONE coast=0.00m/0.00rad dpsi=+0.0000
[taskset-1] [INFO] [1791018717.984579890] [wall_distance_node]: DWALL | phase=UNKNOWN track=0 valid=False d_wall=+nan heading_rel=+nan rms=nan n=0 age=nan prov=NONE coast=0.00m/0.00rad dpsi=+0.0000
[taskset-1] [INFO] [1791018719.084529923] [wall_distance_node]: DWALL | phase=UNKNOWN track=0 valid=False d_wall=+nan heading_rel=+nan rms=nan n=0 age=nan prov=NONE coast=0.00m/0.00rad dpsi=+0.0000
[taskset-1] [INFO] [1791018720.184049999] [wall_distance_node]: DWALL | phase=UNKNOWN track=0 valid=False d_wall=+nan heading_rel=+nan rms=nan n=0 age=nan prov=NONE coast=0.00m/0.00rad dpsi=+0.0000
[taskset-1] [INFO] [1791018720.782382454] [wall_distance_node]: base_link <- laser: (0.120, 0.000) m, yaw +0.000 rad. NOTE description.launch.py calls these ruler-measured placeholders, not a calibration.
[taskset-1] [INFO] [1791018721.201655776] [wall_distance_node]: DWALL | phase=UNKNOWN track=1 valid=True d_wall=+1.493 heading_rel=+0.284 rms=0.0151 n=130 age=0.00 prov=GEOMETRIC coast=0.00m/0.00rad dpsi=+0.0000
[taskset-1] [INFO] [1791018722.206826823] [wall_distance_node]: DWALL | phase=UNKNOWN track=1 valid=True d_wall=+1.494 heading_rel=+0.285 rms=0.0161 n=132 age=0.00 prov=GEOMETRIC coast=0.00m/0.00rad dpsi=+0.0000
[taskset-1] [INFO] [1791018723.213682362] [wall_distance_node]: DWALL | phase=UNKNOWN track=1 valid=True d_wall=+1.494 heading_rel=+0.285 rms=0.0158 n=136 age=0.00 prov=GEOMETRIC coast=0.00m/0.00rad dpsi=+0.0000
[taskset-1] [INFO] [1791018724.217263021] [wall_distance_node]: DWALL | phase=UNKNOWN track=1 valid=True d_wall=+1.505 heading_rel=+0.323 rms=0.0101 n=40 age=0.37 prov=PREDICTED coast=0.01m/0.00rad dpsi=+0.0000
[taskset-1] [INFO] [1791018725.283882903] [wall_distance_node]: DWALL | phase=UNKNOWN track=1 valid=True d_wall=+1.505 heading_rel=+0.323 rms=0.0101 n=40 age=1.47 prov=PREDICTED coast=0.01m/0.00rad dpsi=+0.0000
[taskset-1] [INFO] [1791018726.320778727] [wall_distance_node]: DWALL | phase=UNKNOWN track=1 valid=True d_wall=+1.469 heading_rel=+0.396 rms=0.0099 n=42 age=0.00 prov=GEOMETRIC coast=0.00m/0.00rad dpsi=+0.0000
[taskset-1] [INFO] [1791018727.418506336] [wall_distance_node]: DWALL | phase=UNKNOWN track=1 valid=True d_wall=+1.428 heading_rel=+0.482 rms=0.0082 n=42 age=0.77 prov=PREDICTED coast=0.09m/0.09rad dpsi=+0.0000
[taskset-1] [INFO] [1791018728.504949185] [wall_distance_node]: DWALL | phase=UNKNOWN track=1 valid=True d_wall=+1.317 heading_rel=+0.608 rms=0.0082 n=42 age=1.87 prov=PREDICTED coast=0.31m/0.21rad dpsi=+0.0000
[taskset-1] [INFO] [1791018729.532035898] [wall_distance_node]: DWALL | phase=UNKNOWN track=1 valid=True d_wall=+1.115 heading_rel=+0.578 rms=0.0143 n=165 age=0.00 prov=GEOMETRIC coast=0.00m/0.00rad dpsi=+0.0000
[taskset-1] [INFO] [1791018730.605632932] [wall_distance_node]: DWALL | phase=UNKNOWN track=1 valid=True d_wall=+0.964 heading_rel=+0.389 rms=0.0154 n=167 age=0.69 prov=PREDICTED coast=0.25m/0.10rad dpsi=+0.0000
[taskset-1] [WARN] [1791018731.305197544] [wall_distance_node]: COAST/cap | track 1 coasted 0.52 m / 0.19 rad past the cap (0.50 m / 0.35 rad): d_wall is no longer trusted. The caps are set by the measured odometry bias (distance 17-20% short, gyro yaw gain 0.93-1.09), not by caution -- raise them only after that calibration lands.
[taskset-1] [WARN] [1791018731.404586853] [wall_distance_node]: COAST/cap | track 8 coasted 1.36 m / 0.73 rad past the cap (0.50 m / 0.35 rad): d_wall is no longer trusted. The caps are set by the measured odometry bias (distance 17-20% short, gyro yaw gain 0.93-1.09), not by caution -- raise them only after that calibration lands.
[taskset-1] [INFO] [1791018731.710248949] [wall_distance_node]: DWALL | phase=UNKNOWN track=8 valid=False d_wall=+nan heading_rel=+nan rms=0.0092 n=43 age=6.08 prov=NONE coast=1.45m/0.76rad dpsi=+0.0000
[taskset-1] [INFO] [1791018732.809283947] [wall_distance_node]: DWALL | phase=UNKNOWN track=8 valid=False d_wall=+nan heading_rel=+nan rms=0.0092 n=43 age=7.18 prov=NONE coast=1.74m/0.87rad dpsi=+0.0000
[taskset-1] [INFO] [1791018733.909249194] [wall_distance_node]: DWALL | phase=UNKNOWN track=8 valid=False d_wall=+nan heading_rel=+nan rms=0.0092 n=43 age=8.28 prov=NONE coast=1.98m/0.97rad dpsi=+0.0000
[taskset-1] [INFO] [1791018735.016344643] [wall_distance_node]: DWALL | phase=UNKNOWN track=8 valid=False d_wall=+nan heading_rel=+nan rms=0.0092 n=43 age=9.38 prov=NONE coast=2.29m/1.00rad dpsi=+0.0000
[taskset-1] [INFO] [1791018736.016481212] [wall_distance_node]: DWALL | phase=UNKNOWN track=8 valid=False d_wall=+nan heading_rel=+nan rms=0.0092 n=43 age=10.38 prov=NONE coast=2.66m/1.02rad dpsi=+0.0000
[taskset-1] [INFO] [1791018737.083130313] [wall_distance_node]: DWALL | phase=UNKNOWN track=8 valid=False d_wall=+nan heading_rel=+nan rms=0.0092 n=43 age=11.48 prov=NONE coast=3.09m/1.05rad dpsi=+0.0000
[taskset-1] [INFO] [1791018738.119257049] [wall_distance_node]: DWALL | phase=UNKNOWN track=8 valid=False d_wall=+nan heading_rel=+nan rms=0.0092 n=43 age=12.48 prov=NONE coast=3.51m/1.07rad dpsi=+0.0000
[taskset-1] [WARN] [1791018738.921404108] [wall_distance_node]: COAST/cap | track 12 coasted 3.36 m / 0.72 rad past the cap (0.50 m / 0.35 rad): d_wall is no longer trusted. The caps are set by the measured odometry bias (distance 17-20% short, gyro yaw gain 0.93-1.09), not by caution -- raise them only after that calibration lands.
[taskset-1] [INFO] [1791018739.121401225] [wall_distance_node]: DWALL | phase=UNKNOWN track=12 valid=False d_wall=+nan heading_rel=+nan rms=0.0134 n=161 age=10.17 prov=NONE coast=3.45m/0.72rad dpsi=+0.0000
[taskset-1] [INFO] [1791018740.214214786] [wall_distance_node]: DWALL | phase=UNKNOWN track=12 valid=False d_wall=+nan heading_rel=+nan rms=0.0134 n=161 age=11.27 prov=NONE coast=3.92m/0.73rad dpsi=+0.0000
[taskset-1] [INFO] [1791018741.306436219] [wall_distance_node]: DWALL | phase=UNKNOWN track=12 valid=False d_wall=+nan heading_rel=+nan rms=0.0134 n=161 age=12.37 prov=NONE coast=4.41m/0.73rad dpsi=+0.0000
[taskset-1] [INFO] [1791018742.318002565] [wall_distance_node]: DWALL | phase=UNKNOWN track=12 valid=False d_wall=+nan heading_rel=+nan rms=0.0134 n=161 age=13.37 prov=NONE coast=4.84m/0.74rad dpsi=+0.0000
[taskset-1] [INFO] [1791018743.406155542] [wall_distance_node]: DWALL | phase=UNKNOWN track=12 valid=False d_wall=+nan heading_rel=+nan rms=0.0134 n=161 age=14.47 prov=NONE coast=5.33m/0.75rad dpsi=+0.0000
[taskset-1] [INFO] [1791018744.492811399] [wall_distance_node]: DWALL | phase=UNKNOWN track=12 valid=False d_wall=+nan heading_rel=+nan rms=0.0134 n=161 age=15.57 prov=NONE coast=5.81m/0.78rad dpsi=+0.0000
[taskset-1] [INFO] [1791018745.504073367] [wall_distance_node]: DWALL | phase=UNKNOWN track=12 valid=False d_wall=+nan heading_rel=+nan rms=0.0134 n=161 age=16.57 prov=NONE coast=6.25m/0.80rad dpsi=+0.0000
[taskset-1] [INFO] [1791018746.504876154] [wall_distance_node]: DWALL | phase=UNKNOWN track=12 valid=False d_wall=+nan heading_rel=+nan rms=0.0134 n=161 age=17.57 prov=NONE coast=6.69m/0.81rad dpsi=+0.0000
[taskset-1] [INFO] [1791018747.507286172] [wall_distance_node]: DWALL | phase=UNKNOWN track=12 valid=False d_wall=+nan heading_rel=+nan rms=0.0134 n=161 age=18.57 prov=NONE coast=7.14m/0.82rad dpsi=+0.0000
[taskset-1] [INFO] [1791018748.536685178] [wall_distance_node]: DWALL | phase=UNKNOWN track=12 valid=False d_wall=+nan heading_rel=+nan rms=0.0134 n=161 age=19.57 prov=NONE coast=7.57m/0.83rad dpsi=+0.0000
[taskset-1] [INFO] [1791018749.616382907] [wall_distance_node]: DWALL | phase=UNKNOWN track=12 valid=False d_wall=+nan heading_rel=+nan rms=0.0134 n=161 age=20.67 prov=NONE coast=8.06m/0.83rad dpsi=+0.0000
[taskset-1] [INFO] [1791018750.622896690] [wall_distance_node]: DWALL | phase=UNKNOWN track=12 valid=False d_wall=+nan heading_rel=+nan rms=0.0134 n=161 age=21.67 prov=NONE coast=8.50m/0.84rad dpsi=+0.0000
[taskset-1] [INFO] [1791018751.725437248] [wall_distance_node]: DWALL | phase=UNKNOWN track=12 valid=False d_wall=+nan heading_rel=+nan rms=0.0134 n=161 age=22.77 prov=NONE coast=8.98m/0.84rad dpsi=+0.0000
[taskset-1] [INFO] [1791018752.817140951] [wall_distance_node]: DWALL | phase=UNKNOWN track=12 valid=False d_wall=+nan heading_rel=+nan rms=0.0134 n=161 age=23.87 prov=NONE coast=9.47m/0.85rad dpsi=+0.0000
[taskset-1] [INFO] [1791018753.817997017] [wall_distance_node]: DWALL | phase=UNKNOWN track=12 valid=False d_wall=+nan heading_rel=+nan rms=0.0134 n=161 age=24.87 prov=NONE coast=9.91m/0.85rad dpsi=+0.0000
[taskset-1] [INFO] [1791018754.831825230] [wall_distance_node]: DWALL | phase=UNKNOWN track=53 valid=True d_wall=+0.492 heading_rel=+1.532 rms=0.0056 n=91 age=0.77 prov=PREDICTED coast=0.36m/0.00rad dpsi=+0.0000
[taskset-1] [WARN] [1791018755.220556402] [wall_distance_node]: COAST/cap | track 53 coasted 0.53 m / 0.00 rad past the cap (0.50 m / 0.35 rad): d_wall is no longer trusted. The caps are set by the measured odometry bias (distance 17-20% short, gyro yaw gain 0.93-1.09), not by caution -- raise them only after that calibration lands.
[taskset-1] [INFO] [1791018755.928904012] [wall_distance_node]: DWALL | phase=UNKNOWN track=53 valid=False d_wall=+nan heading_rel=+nan rms=0.0056 n=91 age=1.87 prov=NONE coast=0.84m/0.01rad dpsi=+0.0000
[taskset-1] [INFO] [1791018757.004554197] [wall_distance_node]: DWALL | phase=UNKNOWN track=53 valid=False d_wall=+nan heading_rel=+nan rms=0.0056 n=91 age=2.97 prov=NONE coast=1.33m/0.01rad dpsi=+0.0000
[taskset-1] [INFO] [1791018758.005709025] [wall_distance_node]: DWALL | phase=UNKNOWN track=12 valid=False d_wall=+nan heading_rel=+nan rms=0.0134 n=161 age=29.07 prov=NONE coast=11.77m/0.86rad dpsi=+0.0000
[taskset-1] [INFO] [1791018759.019000714] [wall_distance_node]: DWALL | phase=UNKNOWN track=12 valid=False d_wall=+nan heading_rel=+nan rms=0.0134 n=161 age=30.07 prov=NONE coast=12.21m/0.87rad dpsi=+0.0000
[taskset-1] [INFO] [1791018760.114724436] [wall_distance_node]: DWALL | phase=UNKNOWN track=12 valid=False d_wall=+nan heading_rel=+nan rms=0.0134 n=161 age=31.17 prov=NONE coast=12.70m/0.89rad dpsi=+0.0000
[taskset-1] [INFO] [1791018761.120646896] [wall_distance_node]: DWALL | phase=UNKNOWN track=12 valid=False d_wall=+nan heading_rel=+nan rms=0.0134 n=161 age=32.17 prov=NONE coast=13.15m/0.89rad dpsi=+0.0000
[taskset-1] [WARN] [1791018761.621585306] [wall_distance_node]: COAST/cap | track 33 coasted 9.23 m / 0.17 rad past the cap (0.50 m / 0.35 rad): d_wall is no longer trusted. The caps are set by the measured odometry bias (distance 17-20% short, gyro yaw gain 0.93-1.09), not by caution -- raise them only after that calibration lands.
[taskset-1] [WARN] [1791018761.906713236] [wall_distance_node]: COAST/cap | track 60 coasted 122.66 m / 3.77 rad past the cap (0.50 m / 0.35 rad): d_wall is no longer trusted. The caps are set by the measured odometry bias (distance 17-20% short, gyro yaw gain 0.93-1.09), not by caution -- raise them only after that calibration lands.
[taskset-1] [INFO] [1791018762.183982212] [wall_distance_node]: DWALL | phase=UNKNOWN track=60 valid=False d_wall=+nan heading_rel=+nan rms=0.0052 n=258 age=0.37 prov=NONE coast=212.09m/15.60rad dpsi=+0.0000
[taskset-1] [INFO] [1791018763.205984259] [wall_distance_node]: DWALL | phase=UNKNOWN track=68 valid=True d_wall=+1.495 heading_rel=+0.281 rms=0.0151 n=132 age=0.00 prov=GEOMETRIC coast=0.00m/0.00rad dpsi=+0.0000
[taskset-1] [INFO] [1791018764.312375648] [wall_distance_node]: DWALL | phase=UNKNOWN track=68 valid=True d_wall=+1.533 heading_rel=+0.289 rms=0.0082 n=41 age=0.09 prov=PREDICTED coast=0.03m/0.00rad dpsi=+0.0000
[taskset-1] [INFO] [1791018765.313350969] [wall_distance_node]: DWALL | phase=UNKNOWN track=68 valid=True d_wall=+1.493 heading_rel=+0.285 rms=0.0157 n=133 age=0.00 prov=GEOMETRIC coast=0.00m/0.00rad dpsi=+0.0000
[taskset-1] [INFO] [1791018766.314700196] [wall_distance_node]: DWALL | phase=UNKNOWN track=68 valid=True d_wall=+1.488 heading_rel=+0.298 rms=0.0154 n=131 age=0.08 prov=PREDICTED coast=0.00m/0.00rad dpsi=+0.0000
[taskset-1] [INFO] [1791018767.399285718] [wall_distance_node]: DWALL | phase=UNKNOWN track=68 valid=True d_wall=+1.486 heading_rel=+0.302 rms=0.0154 n=131 age=1.18 prov=PREDICTED coast=0.07m/0.00rad dpsi=+0.0000
[taskset-1] [INFO] [1791018768.408894142] [wall_distance_node]: DWALL | phase=UNKNOWN track=68 valid=True d_wall=+1.465 heading_rel=+0.359 rms=0.0154 n=131 age=2.18 prov=PREDICTED coast=0.17m/0.06rad dpsi=+0.0000
[taskset-1] [INFO] [1791018769.415693907] [wall_distance_node]: DWALL | phase=UNKNOWN track=68 valid=True d_wall=+1.447 heading_rel=+0.477 rms=0.0099 n=43 age=0.38 prov=PREDICTED coast=0.05m/0.08rad dpsi=+0.0000
[taskset-1] [INFO] [1791018770.505708247] [wall_distance_node]: DWALL | phase=UNKNOWN track=68 valid=True d_wall=+1.360 heading_rel=+0.605 rms=0.0099 n=43 age=1.48 prov=PREDICTED coast=0.22m/0.21rad dpsi=+0.0000
[taskset-1] [INFO] [1791018771.605143673] [wall_distance_node]: DWALL | phase=UNKNOWN track=68 valid=True d_wall=+1.199 heading_rel=+0.682 rms=0.0099 n=43 age=2.58 prov=PREDICTED coast=0.48m/0.30rad dpsi=+0.0000
[taskset-1] [WARN] [1791018771.705758879] [wall_distance_node]: COAST/cap | track 68 coasted 0.51 m / 0.31 rad past the cap (0.50 m / 0.35 rad): d_wall is no longer trusted. The caps are set by the measured odometry bias (distance 17-20% short, gyro yaw gain 0.93-1.09), not by caution -- raise them only after that calibration lands.
[taskset-1] [INFO] [1791018772.616116780] [wall_distance_node]: DWALL | phase=UNKNOWN track=68 valid=True d_wall=+1.053 heading_rel=+0.475 rms=0.0106 n=49 age=0.39 prov=PREDICTED coast=0.14m/0.06rad dpsi=+0.0000
[taskset-1] [WARN] [1791018773.603778069] [wall_distance_node]: COAST/cap | track 68 coasted 0.52 m / 0.20 rad past the cap (0.50 m / 0.35 rad): d_wall is no longer trusted. The caps are set by the measured odometry bias (distance 17-20% short, gyro yaw gain 0.93-1.09), not by caution -- raise them only after that calibration lands.
[taskset-1] [WARN] [1791018773.701727890] [wall_distance_node]: COAST/cap | track 76 coasted 1.26 m / 0.65 rad past the cap (0.50 m / 0.35 rad): d_wall is no longer trusted. The caps are set by the measured odometry bias (distance 17-20% short, gyro yaw gain 0.93-1.09), not by caution -- raise them only after that calibration lands.
[taskset-1] [INFO] [1791018773.703105628] [wall_distance_node]: DWALL | phase=UNKNOWN track=76 valid=False d_wall=+nan heading_rel=+nan rms=0.0093 n=42 age=5.18 prov=NONE coast=1.26m/0.65rad dpsi=+0.0000
[taskset-1] [INFO] [1791018774.705237193] [wall_distance_node]: DWALL | phase=UNKNOWN track=76 valid=False d_wall=+nan heading_rel=+nan rms=0.0093 n=42 age=6.18 prov=NONE coast=1.57m/0.78rad dpsi=+0.0000
[taskset-1] [INFO] [1791018775.796772395] [wall_distance_node]: DWALL | phase=UNKNOWN track=76 valid=False d_wall=+nan heading_rel=+nan rms=0.0093 n=42 age=7.28 prov=NONE coast=1.82m/0.88rad dpsi=+0.0000
[taskset-1] [INFO] [1791018776.808599601] [wall_distance_node]: DWALL | phase=UNKNOWN track=76 valid=False d_wall=+nan heading_rel=+nan rms=0.0093 n=42 age=8.28 prov=NONE coast=2.05m/0.93rad dpsi=+0.0000
[taskset-1] [INFO] [1791018777.809323687] [wall_distance_node]: DWALL | phase=UNKNOWN track=76 valid=False d_wall=+nan heading_rel=+nan rms=0.0093 n=42 age=9.28 prov=NONE coast=2.36m/0.96rad dpsi=+0.0000
[taskset-1] [INFO] [1791018778.814660436] [wall_distance_node]: DWALL | phase=UNKNOWN track=76 valid=False d_wall=+nan heading_rel=+nan rms=0.0093 n=42 age=10.28 prov=NONE coast=2.75m/0.98rad dpsi=+0.0000
[taskset-1] [INFO] [1791018779.913616554] [wall_distance_node]: DWALL | phase=UNKNOWN track=76 valid=False d_wall=+nan heading_rel=+nan rms=0.0093 n=42 age=11.38 prov=NONE coast=3.18m/1.01rad dpsi=+0.0000
[taskset-1] [INFO] [1791018781.008384992] [wall_distance_node]: DWALL | phase=UNKNOWN track=76 valid=False d_wall=+nan heading_rel=+nan rms=0.0093 n=42 age=12.48 prov=NONE coast=3.65m/1.03rad dpsi=+0.0000
[taskset-1] [WARN] [1791018781.110590897] [wall_distance_node]: COAST/cap | track 80 coasted 3.22 m / 0.71 rad past the cap (0.50 m / 0.35 rad): d_wall is no longer trusted. The caps are set by the measured odometry bias (distance 17-20% short, gyro yaw gain 0.93-1.09), not by caution -- raise them only after that calibration lands.
[taskset-1] [INFO] [1791018782.013178135] [wall_distance_node]: DWALL | phase=UNKNOWN track=80 valid=False d_wall=+nan heading_rel=+nan rms=0.0130 n=161 age=10.58 prov=NONE coast=3.62m/0.72rad dpsi=+0.0000
[taskset-1] [INFO] [1791018783.018457658] [wall_distance_node]: DWALL | phase=UNKNOWN track=80 valid=False d_wall=+nan heading_rel=+nan rms=0.0130 n=161 age=11.58 prov=NONE coast=4.06m/0.73rad dpsi=+0.0000
[taskset-1] [INFO] [1791018784.100374893] [wall_distance_node]: DWALL | phase=UNKNOWN track=80 valid=False d_wall=+nan heading_rel=+nan rms=0.0130 n=161 age=12.68 prov=NONE coast=4.54m/0.73rad dpsi=+0.0000
[taskset-1] [INFO] [1791018785.105549110] [wall_distance_node]: DWALL | phase=UNKNOWN track=80 valid=False d_wall=+nan heading_rel=+nan rms=0.0130 n=161 age=13.68 prov=NONE coast=4.98m/0.74rad dpsi=+0.0000
[taskset-1] [INFO] [1791018786.197927080] [wall_distance_node]: DWALL | phase=UNKNOWN track=80 valid=False d_wall=+nan heading_rel=+nan rms=0.0130 n=161 age=14.78 prov=NONE coast=5.46m/0.75rad dpsi=+0.0000
[taskset-1] [INFO] [1791018787.198958358] [wall_distance_node]: DWALL | phase=UNKNOWN track=80 valid=False d_wall=+nan heading_rel=+nan rms=0.0130 n=161 age=15.78 prov=NONE coast=5.90m/0.78rad dpsi=+0.0000
[taskset-1] [INFO] [1791018788.302453802] [wall_distance_node]: DWALL | phase=UNKNOWN track=80 valid=False d_wall=+nan heading_rel=+nan rms=0.0130 n=161 age=16.88 prov=NONE coast=6.38m/0.80rad dpsi=+0.0000
[taskset-1] [INFO] [1791018789.403668796] [wall_distance_node]: DWALL | phase=UNKNOWN track=80 valid=False d_wall=+nan heading_rel=+nan rms=0.0130 n=161 age=17.98 prov=NONE coast=6.87m/0.81rad dpsi=+0.0000
[taskset-1] [INFO] [1791018790.404674741] [wall_distance_node]: DWALL | phase=UNKNOWN track=80 valid=False d_wall=+nan heading_rel=+nan rms=0.0130 n=161 age=18.98 prov=NONE coast=7.31m/0.82rad dpsi=+0.0000
[taskset-1] [INFO] [1791018791.445437138] [wall_distance_node]: DWALL | phase=UNKNOWN track=80 valid=False d_wall=+nan heading_rel=+nan rms=0.0130 n=161 age=19.98 prov=NONE coast=7.75m/0.83rad dpsi=+0.0000
[taskset-1] [WARN] [1791018792.002843216] [wall_distance_node]: COAST/cap | track 100 coasted 3.87 m / 0.11 rad past the cap (0.50 m / 0.35 rad): d_wall is no longer trusted. The caps are set by the measured odometry bias (distance 17-20% short, gyro yaw gain 0.93-1.09), not by caution -- raise them only after that calibration lands.
[taskset-1] [INFO] [1791018792.483636223] [wall_distance_node]: DWALL | phase=UNKNOWN track=100 valid=False d_wall=+nan heading_rel=+nan rms=0.0090 n=209 age=9.29 prov=NONE coast=4.10m/0.11rad dpsi=+0.0000
[taskset-1] [INFO] [1791018793.504621399] [wall_distance_node]: DWALL | phase=UNKNOWN track=100 valid=False d_wall=+nan heading_rel=+nan rms=0.0090 n=209 age=10.29 prov=NONE coast=4.53m/0.11rad dpsi=+0.0000
[taskset-1] [INFO] [1791018794.504911940] [wall_distance_node]: DWALL | phase=UNKNOWN track=100 valid=False d_wall=+nan heading_rel=+nan rms=0.0090 n=209 age=11.29 prov=NONE coast=4.98m/0.12rad dpsi=+0.0000
[taskset-1] [INFO] [1791018795.514932865] [wall_distance_node]: DWALL | phase=UNKNOWN track=100 valid=False d_wall=+nan heading_rel=+nan rms=0.0090 n=209 age=12.29 prov=NONE coast=5.41m/0.12rad dpsi=+0.0000
[taskset-1] [INFO] [1791018796.607334909] [wall_distance_node]: DWALL | phase=UNKNOWN track=100 valid=False d_wall=+nan heading_rel=+nan rms=0.0090 n=209 age=13.39 prov=NONE coast=5.90m/0.12rad dpsi=+0.0000
[taskset-1] [INFO] [1791018797.625307376] [wall_distance_node]: DWALL | phase=UNKNOWN track=120 valid=True d_wall=+0.368 heading_rel=+1.531 rms=0.0056 n=91 age=1.08 prov=PREDICTED coast=0.48m/0.00rad dpsi=+0.0000
[taskset-1] [WARN] [1791018797.729102356] [wall_distance_node]: COAST/cap | track 120 coasted 0.53 m / 0.00 rad past the cap (0.50 m / 0.35 rad): d_wall is no longer trusted. The caps are set by the measured odometry bias (distance 17-20% short, gyro yaw gain 0.93-1.09), not by caution -- raise them only after that calibration lands.
[taskset-1] [INFO] [1791018798.730988545] [wall_distance_node]: DWALL | phase=UNKNOWN track=120 valid=False d_wall=+nan heading_rel=+nan rms=0.0056 n=91 age=2.18 prov=NONE coast=0.97m/0.01rad dpsi=+0.0000
[taskset-1] [INFO] [1791018799.733161248] [wall_distance_node]: DWALL | phase=UNKNOWN track=100 valid=False d_wall=+nan heading_rel=+nan rms=0.0090 n=209 age=16.49 prov=NONE coast=7.27m/0.13rad dpsi=+0.0000
[taskset-1] [INFO] [1791018800.820256868] [wall_distance_node]: DWALL | phase=UNKNOWN track=100 valid=False d_wall=+nan heading_rel=+nan rms=0.0090 n=209 age=17.59 prov=NONE coast=7.76m/0.14rad dpsi=+0.0000
[taskset-1] [INFO] [1791018801.914698959] [wall_distance_node]: DWALL | phase=UNKNOWN track=100 valid=False d_wall=+nan heading_rel=+nan rms=0.0090 n=209 age=18.69 prov=NONE coast=8.25m/0.15rad dpsi=+0.0000
[taskset-1] [INFO] [1791018802.924180664] [wall_distance_node]: DWALL | phase=UNKNOWN track=100 valid=False d_wall=+nan heading_rel=+nan rms=0.0090 n=209 age=19.69 prov=NONE coast=8.69m/0.16rad dpsi=+0.0000
[taskset-1] [INFO] [1791018804.017636243] [wall_distance_node]: DWALL | phase=UNKNOWN track=100 valid=False d_wall=+nan heading_rel=+nan rms=0.0090 n=209 age=20.79 prov=NONE coast=9.18m/0.17rad dpsi=+0.0000
[taskset-1] [WARN] [1791018804.404811238] [wall_distance_node]: COAST/cap | track 127 coasted 172.43 m / 4.23 rad past the cap (0.50 m / 0.35 rad): d_wall is no longer trusted. The caps are set by the measured odometry bias (distance 17-20% short, gyro yaw gain 0.93-1.09), not by caution -- raise them only after that calibration lands.
[taskset-1] [INFO] [1791018805.107121883] [wall_distance_node]: DWALL | phase=UNKNOWN track=135 valid=True d_wall=+1.496 heading_rel=+0.277 rms=0.0151 n=126 age=0.00 prov=GEOMETRIC coast=0.00m/0.00rad dpsi=+0.0000
[taskset-1] [INFO] [1791018806.209050536] [wall_distance_node]: DWALL | phase=UNKNOWN track=135 valid=True d_wall=+1.460 heading_rel=+0.285 rms=0.0142 n=127 age=0.38 prov=PREDICTED coast=0.17m/0.01rad dpsi=+0.0000
[taskset-1] [WARN] [1791018807.298326174] [wall_distance_node]: COAST/cap | track 135 coasted 0.50 m / 0.01 rad past the cap (0.50 m / 0.35 rad): d_wall is no longer trusted. The caps are set by the measured odometry bias (distance 17-20% short, gyro yaw gain 0.93-1.09), not by caution -- raise them only after that calibration lands.
[taskset-1] [INFO] [1791018807.307864475] [wall_distance_node]: DWALL | phase=UNKNOWN track=135 valid=False d_wall=+nan heading_rel=+nan rms=0.0142 n=127 age=1.48 prov=NONE coast=0.50m/0.01rad dpsi=+0.0000
[taskset-1] [INFO] [1791018808.404144182] [wall_distance_node]: DWALL | phase=UNKNOWN track=135 valid=False d_wall=+nan heading_rel=+nan rms=0.0142 n=127 age=2.58 prov=NONE coast=0.74m/0.01rad dpsi=+0.0000
[taskset-1] [INFO] [1791018809.498581009] [wall_distance_node]: DWALL | phase=UNKNOWN track=135 valid=True d_wall=+1.492 heading_rel=+0.358 rms=0.0104 n=48 age=0.58 prov=PREDICTED coast=0.04m/0.00rad dpsi=+0.0000
[taskset-1] [INFO] [1791018810.608052443] [wall_distance_node]: DWALL | phase=UNKNOWN track=135 valid=True d_wall=+1.480 heading_rel=+0.377 rms=0.0092 n=43 age=0.00 prov=GEOMETRIC coast=0.00m/0.00rad dpsi=+0.0000
[taskset-1] [INFO] [1791018811.713705745] [wall_distance_node]: DWALL | phase=UNKNOWN track=135 valid=True d_wall=+1.446 heading_rel=+0.502 rms=0.0103 n=46 age=0.89 prov=PREDICTED coast=0.10m/0.12rad dpsi=+0.0000
[taskset-1] [INFO] [1791018812.815842200] [wall_distance_node]: DWALL | phase=UNKNOWN track=135 valid=True d_wall=+1.371 heading_rel=+0.617 rms=0.0103 n=46 age=1.99 prov=PREDICTED coast=0.24m/0.23rad dpsi=+0.0000
[taskset-1] [INFO] [1791018813.903081456] [wall_distance_node]: DWALL | phase=UNKNOWN track=135 valid=True d_wall=+1.212 heading_rel=+0.724 rms=0.0103 n=46 age=3.09 prov=PREDICTED coast=0.49m/0.34rad dpsi=+0.0000
[taskset-1] [WARN] [1791018814.023669640] [wall_distance_node]: COAST/cap | track 135 coasted 0.52 m / 0.34 rad past the cap (0.50 m / 0.35 rad): d_wall is no longer trusted. The caps are set by the measured odometry bias (distance 17-20% short, gyro yaw gain 0.93-1.09), not by caution -- raise them only after that calibration lands.
[taskset-1] [INFO] [1791018814.997672634] [wall_distance_node]: DWALL | phase=UNKNOWN track=135 valid=False d_wall=+nan heading_rel=+nan rms=0.0103 n=46 age=4.19 prov=NONE coast=0.84m/0.51rad dpsi=+0.0000
[taskset-1] [INFO] [1791018816.005417322] [wall_distance_node]: DWALL | phase=UNKNOWN track=135 valid=False d_wall=+nan heading_rel=+nan rms=0.0103 n=46 age=5.19 prov=NONE coast=1.22m/0.64rad dpsi=+0.0000
[taskset-1] [INFO] [1791018817.105245959] [wall_distance_node]: DWALL | phase=UNKNOWN track=135 valid=False d_wall=+nan heading_rel=+nan rms=0.0103 n=46 age=6.29 prov=NONE coast=1.57m/0.78rad dpsi=+0.0000
[taskset-1] [INFO] [1791018818.203761448] [wall_distance_node]: DWALL | phase=UNKNOWN track=135 valid=False d_wall=+nan heading_rel=+nan rms=0.0103 n=46 age=7.39 prov=NONE coast=1.82m/0.89rad dpsi=+0.0000
[taskset-1] [INFO] [1791018819.307400943] [wall_distance_node]: DWALL | phase=UNKNOWN track=135 valid=False d_wall=+nan heading_rel=+nan rms=0.0103 n=46 age=8.49 prov=NONE coast=2.07m/0.95rad dpsi=+0.0000
[taskset-1] [INFO] [1791018820.309000493] [wall_distance_node]: DWALL | phase=UNKNOWN track=135 valid=False d_wall=+nan heading_rel=+nan rms=0.0103 n=46 age=9.49 prov=NONE coast=2.39m/0.98rad dpsi=+0.0000
[taskset-1] [INFO] [1791018821.321313598] [wall_distance_node]: DWALL | phase=UNKNOWN track=135 valid=False d_wall=+nan heading_rel=+nan rms=0.0103 n=46 age=10.49 prov=NONE coast=2.77m/1.00rad dpsi=+0.0000
[taskset-1] [INFO] [1791018822.414118511] [wall_distance_node]: DWALL | phase=UNKNOWN track=135 valid=False d_wall=+nan heading_rel=+nan rms=0.0103 n=46 age=11.59 prov=NONE coast=3.21m/1.03rad dpsi=+0.0000
[taskset-1] [WARN] [1791018823.213301260] [wall_distance_node]: COAST/cap | track 147 coasted 3.06 m / 0.71 rad past the cap (0.50 m / 0.35 rad): d_wall is no longer trusted. The caps are set by the measured odometry bias (distance 17-20% short, gyro yaw gain 0.93-1.09), not by caution -- raise them only after that calibration lands.
[taskset-1] [INFO] [1791018823.512250195] [wall_distance_node]: DWALL | phase=UNKNOWN track=147 valid=False d_wall=+nan heading_rel=+nan rms=0.0130 n=161 age=9.58 prov=NONE coast=3.19m/0.71rad dpsi=+0.0000
[taskset-1] [INFO] [1791018824.605259044] [wall_distance_node]: DWALL | phase=UNKNOWN track=147 valid=False d_wall=+nan heading_rel=+nan rms=0.0130 n=161 age=10.68 prov=NONE coast=3.67m/0.72rad dpsi=+0.0000
[taskset-1] [INFO] [1791018825.605493221] [wall_distance_node]: DWALL | phase=UNKNOWN track=147 valid=False d_wall=+nan heading_rel=+nan rms=0.0130 n=161 age=11.68 prov=NONE coast=4.10m/0.72rad dpsi=+0.0000
[taskset-1] [INFO] [1791018826.625321713] [wall_distance_node]: DWALL | phase=UNKNOWN track=147 valid=False d_wall=+nan heading_rel=+nan rms=0.0130 n=161 age=12.69 prov=NONE coast=4.54m/0.73rad dpsi=+0.0000
[taskset-1] [INFO] [1791018827.700868494] [wall_distance_node]: DWALL | phase=UNKNOWN track=147 valid=False d_wall=+nan heading_rel=+nan rms=0.0130 n=161 age=13.78 prov=NONE coast=5.02m/0.74rad dpsi=+0.0000
[taskset-1] [INFO] [1791018828.798455929] [wall_distance_node]: DWALL | phase=UNKNOWN track=147 valid=False d_wall=+nan heading_rel=+nan rms=0.0130 n=161 age=14.88 prov=NONE coast=5.51m/0.75rad dpsi=+0.0000
[taskset-1] [INFO] [1791018829.896977769] [wall_distance_node]: DWALL | phase=UNKNOWN track=147 valid=False d_wall=+nan heading_rel=+nan rms=0.0130 n=161 age=15.98 prov=NONE coast=5.98m/0.78rad dpsi=+0.0000
[taskset-1] [INFO] [1791018830.899292342] [wall_distance_node]: DWALL | phase=UNKNOWN track=147 valid=False d_wall=+nan heading_rel=+nan rms=0.0130 n=161 age=16.98 prov=NONE coast=6.42m/0.80rad dpsi=+0.0000
[taskset-1] [INFO] [1791018831.909330273] [wall_distance_node]: DWALL | phase=UNKNOWN track=147 valid=False d_wall=+nan heading_rel=+nan rms=0.0130 n=161 age=17.98 prov=NONE coast=6.87m/0.81rad dpsi=+0.0000
[taskset-1] [INFO] [1791018832.917840875] [wall_distance_node]: DWALL | phase=UNKNOWN track=147 valid=False d_wall=+nan heading_rel=+nan rms=0.0130 n=161 age=18.98 prov=NONE coast=7.31m/0.82rad dpsi=+0.0000
[taskset-1] [INFO] [1791018834.010317575] [wall_distance_node]: DWALL | phase=UNKNOWN track=147 valid=False d_wall=+nan heading_rel=+nan rms=0.0130 n=161 age=20.08 prov=NONE coast=7.80m/0.83rad dpsi=+0.0000
[taskset-1] [WARN] [1791018834.503413672] [wall_distance_node]: COAST/cap | track 169 coasted 3.87 m / 0.11 rad past the cap (0.50 m / 0.35 rad): d_wall is no longer trusted. The caps are set by the measured odometry bias (distance 17-20% short, gyro yaw gain 0.93-1.09), not by caution -- raise them only after that calibration lands.
[taskset-1] [INFO] [1791018835.112747567] [wall_distance_node]: DWALL | phase=UNKNOWN track=169 valid=False d_wall=+nan heading_rel=+nan rms=0.0090 n=209 age=9.38 prov=NONE coast=4.14m/0.11rad dpsi=+0.0000
[taskset-1] [INFO] [1791018836.117132567] [wall_distance_node]: DWALL | phase=UNKNOWN track=169 valid=False d_wall=+nan heading_rel=+nan rms=0.0090 n=209 age=10.39 prov=NONE coast=4.57m/0.11rad dpsi=+0.0000
[taskset-1] [INFO] [1791018837.213898645] [wall_distance_node]: DWALL | phase=UNKNOWN track=169 valid=False d_wall=+nan heading_rel=+nan rms=0.0090 n=209 age=11.49 prov=NONE coast=5.06m/0.12rad dpsi=+0.0000
[taskset-1] [INFO] [1791018838.313323606] [wall_distance_node]: DWALL | phase=UNKNOWN track=169 valid=False d_wall=+nan heading_rel=+nan rms=0.0090 n=209 age=12.59 prov=NONE coast=5.54m/0.12rad dpsi=+0.0000
[taskset-1] [INFO] [1791018839.328476303] [wall_distance_node]: DWALL | phase=UNKNOWN track=169 valid=False d_wall=+nan heading_rel=+nan rms=0.0090 n=209 age=13.59 prov=NONE coast=5.99m/0.13rad dpsi=+0.0000
[taskset-1] [WARN] [1791018840.225854195] [wall_distance_node]: COAST/cap | track 190 coasted 0.53 m / 0.00 rad past the cap (0.50 m / 0.35 rad): d_wall is no longer trusted. The caps are set by the measured odometry bias (distance 17-20% short, gyro yaw gain 0.93-1.09), not by caution -- raise them only after that calibration lands.
[taskset-1] [INFO] [1791018840.333135386] [wall_distance_node]: DWALL | phase=UNKNOWN track=190 valid=False d_wall=+nan heading_rel=+nan rms=0.0056 n=91 age=1.28 prov=NONE coast=0.57m/0.00rad dpsi=+0.0000
[taskset-1] [INFO] [1791018841.423410990] [wall_distance_node]: DWALL | phase=UNKNOWN track=190 valid=False d_wall=+nan heading_rel=+nan rms=0.0056 n=91 age=2.38 prov=NONE coast=1.06m/0.01rad dpsi=+0.0000
[taskset-1] [INFO] [1791018842.430242449] [wall_distance_node]: DWALL | phase=UNKNOWN track=169 valid=False d_wall=+nan heading_rel=+nan rms=0.0090 n=209 age=16.69 prov=NONE coast=7.36m/0.14rad dpsi=+0.0000
[taskset-1] [INFO] [1791018843.447263144] [wall_distance_node]: DWALL | phase=UNKNOWN track=169 valid=False d_wall=+nan heading_rel=+nan rms=0.0090 n=209 age=17.69 prov=NONE coast=7.79m/0.14rad dpsi=+0.0000
[taskset-1] [INFO] [1791018844.513548322] [wall_distance_node]: DWALL | phase=UNKNOWN track=169 valid=False d_wall=+nan heading_rel=+nan rms=0.0090 n=209 age=18.78 prov=NONE coast=8.29m/0.15rad dpsi=+0.0000
[taskset-1] [INFO] [1791018845.612525560] [wall_distance_node]: DWALL | phase=UNKNOWN track=169 valid=False d_wall=+nan heading_rel=+nan rms=0.0090 n=209 age=19.89 prov=NONE coast=8.77m/0.16rad dpsi=+0.0000
[taskset-1] [INFO] [1791018846.622874166] [wall_distance_node]: DWALL | phase=UNKNOWN track=169 valid=False d_wall=+nan heading_rel=+nan rms=0.0090 n=209 age=20.89 prov=NONE coast=9.22m/0.17rad dpsi=+0.0000
[taskset-1] [INFO] [1791018847.703626783] [wall_distance_node]: DWALL | phase=UNKNOWN track=205 valid=True d_wall=+1.494 heading_rel=+0.279 rms=0.0148 n=124 age=0.00 prov=GEOMETRIC coast=0.00m/0.00rad dpsi=+0.0000
[taskset-1] [INFO] [1791018848.716864368] [wall_distance_node]: DWALL | phase=UNKNOWN track=205 valid=True d_wall=+1.493 heading_rel=+0.284 rms=0.0151 n=130 age=0.00 prov=GEOMETRIC coast=0.00m/0.00rad dpsi=+0.0000
[taskset-1] [INFO] [1791018849.724553122] [wall_distance_node]: DWALL | phase=UNKNOWN track=205 valid=True d_wall=+1.494 heading_rel=+0.285 rms=0.0161 n=132 age=0.00 prov=GEOMETRIC coast=0.00m/0.00rad dpsi=+0.0000
[taskset-1] [INFO] [1791018850.808169449] [wall_distance_node]: DWALL | phase=UNKNOWN track=205 valid=True d_wall=+1.493 heading_rel=+0.285 rms=0.0157 n=134 age=0.00 prov=GEOMETRIC coast=0.00m/0.00rad dpsi=+0.0000
[taskset-1] [INFO] [1791018851.812656407] [wall_distance_node]: DWALL | phase=UNKNOWN track=205 valid=True d_wall=+1.485 heading_rel=+0.302 rms=0.0154 n=131 age=0.58 prov=PREDICTED coast=0.03m/0.00rad dpsi=+0.0000
[taskset-1] [INFO] [1791018852.922731110] [wall_distance_node]: DWALL | phase=UNKNOWN track=205 valid=True d_wall=+1.478 heading_rel=+0.306 rms=0.0154 n=131 age=1.68 prov=PREDICTED coast=0.09m/0.01rad dpsi=+0.0000
[taskset-1] [INFO] [1791018854.006897165] [wall_distance_node]: DWALL | phase=UNKNOWN track=205 valid=True d_wall=+1.465 heading_rel=+0.397 rms=0.0072 n=41 age=0.00 prov=GEOMETRIC coast=0.00m/0.00rad dpsi=+0.0000
[taskset-1] [INFO] [1791018855.011572021] [wall_distance_node]: DWALL | phase=UNKNOWN track=205 valid=True d_wall=+1.411 heading_rel=+0.516 rms=0.0072 n=41 age=0.98 prov=PREDICTED coast=0.12m/0.12rad dpsi=+0.0000
[taskset-1] [INFO] [1791018856.102023012] [wall_distance_node]: DWALL | phase=UNKNOWN track=205 valid=True d_wall=+1.285 heading_rel=+0.643 rms=0.0072 n=41 age=2.08 prov=PREDICTED coast=0.35m/0.25rad dpsi=+0.0000
[taskset-1] [INFO] [1791018857.201906573] [wall_distance_node]: DWALL | phase=UNKNOWN track=205 valid=True d_wall=+1.121 heading_rel=+0.537 rms=0.0106 n=49 age=0.00 prov=GEOMETRIC coast=0.00m/0.00rad dpsi=+0.0000
[taskset-1] [INFO] [1791018858.302388466] [wall_distance_node]: DWALL | phase=UNKNOWN track=205 valid=True d_wall=+0.964 heading_rel=+0.337 rms=0.0147 n=159 age=0.00 prov=GEOMETRIC coast=0.00m/0.00rad dpsi=+0.0000
[taskset-1] [INFO] [1791018859.307811794] [wall_distance_node]: DWALL | phase=UNKNOWN track=205 valid=True d_wall=+0.870 heading_rel=+0.203 rms=0.0147 n=159 age=0.99 prov=PREDICTED coast=0.35m/0.13rad dpsi=+0.0000
[taskset-1] [WARN] [1791018859.900386935] [wall_distance_node]: COAST/cap | track 205 coasted 0.51 m / 0.19 rad past the cap (0.50 m / 0.35 rad): d_wall is no longer trusted. The caps are set by the measured odometry bias (distance 17-20% short, gyro yaw gain 0.93-1.09), not by caution -- raise them only after that calibration lands.
[taskset-1] [WARN] [1791018859.997391241] [wall_distance_node]: COAST/cap | track 213 coasted 1.65 m / 0.82 rad past the cap (0.50 m / 0.35 rad): d_wall is no longer trusted. The caps are set by the measured odometry bias (distance 17-20% short, gyro yaw gain 0.93-1.09), not by caution -- raise them only after that calibration lands.
[taskset-1] [INFO] [1791018860.397269441] [wall_distance_node]: DWALL | phase=UNKNOWN track=213 valid=False d_wall=+nan heading_rel=+nan rms=0.0090 n=42 age=6.98 prov=NONE coast=1.74m/0.86rad dpsi=+0.0000
