[INFO] [launch]: All log files can be found below /home/andre/dev_ws/f1tenth_more/output/fix_batch_3/hold_before/ros_log/2026-10-03-15-53-36-517279-thor-432954
[INFO] [launch]: Default logging verbosity is set to INFO
[INFO] [taskset-1]: process started with pid [433012]
[INFO] [throttle-2]: process started with pid [433014]
[INFO] [throttle-3]: process started with pid [433015]
[taskset-1] [INFO] [1791035616.847417107] [foxglove_bridge]: Starting foxglove_bridge (jazzy, 3.5.0@)
[taskset-1] [2026-10-03T13:53:36Z INFO  foxglove::websocket::server] Started server on 0.0.0.0:8765
[taskset-1] [INFO] [1791035616.849653908] [foxglove_bridge]: Server listening on port 8765
[taskset-1] [INFO] [1791035616.854183269] [foxglove_bridge]: Advertising new channel 2 for topic "/rosout"
[taskset-1] [INFO] [1791035616.854944803] [foxglove_bridge]: Advertising new channel 3 for topic "/parameter_events"
[taskset-1] [INFO] [1791035617.875747096] [foxglove_bridge]: Advertising new channel 4 for topic "/safety_stop"
[taskset-1] [INFO] [1791035617.875915721] [foxglove_bridge]: Advertising new channel 5 for topic "/teleop"
[taskset-1] [INFO] [1791035617.875928777] [foxglove_bridge]: Advertising new channel 6 for topic "/drive"
[taskset-1] [INFO] [1791035617.876558741] [foxglove_bridge]: Advertising new channel 7 for topic "/diagnostics"
[taskset-1] [INFO] [1791035617.876575361] [foxglove_bridge]: Advertising new channel 8 for topic "/calibration_drive"
[taskset-1] [INFO] [1791035617.876585953] [foxglove_bridge]: Advertising new channel 9 for topic "/ackermann_drive"
[taskset-1] [INFO] [1791035618.503373621] [foxglove_bridge]: Advertising new channel 10 for topic "/slam/pose_calibrated"
[taskset-1] [INFO] [1791035618.504179896] [foxglove_bridge]: Advertising new channel 11 for topic "/slam/map"
[taskset-1] [INFO] [1791035618.504570552] [foxglove_bridge]: Advertising new channel 12 for topic "/robot_description"
[taskset-1] [INFO] [1791035618.504585765] [foxglove_bridge]: Advertising new channel 13 for topic "/slam/pose"
[taskset-1] [INFO] [1791035618.505806306] [foxglove_bridge]: Advertising new channel 14 for topic "/odometry/filtered"
[taskset-1] [INFO] [1791035618.505834064] [foxglove_bridge]: Advertising new channel 15 for topic "/odom"
[taskset-1] [INFO] [1791035618.506281089] [foxglove_bridge]: Advertising new channel 16 for topic "/mission/status"
[taskset-1] [INFO] [1791035618.507747939] [foxglove_bridge]: Advertising new channel 17 for topic "/map_server/transition_event"
[taskset-1] [INFO] [1791035618.507777373] [foxglove_bridge]: Advertising new channel 18 for topic "/set_pose"
[taskset-1] [INFO] [1791035618.507787938] [foxglove_bridge]: Advertising new channel 19 for topic "/ekf_global/set_pose"
[taskset-1] [INFO] [1791035618.508142272] [foxglove_bridge]: Advertising new channel 20 for topic "/diagnostics/system_status"
[taskset-1] [INFO] [1791035618.508476244] [foxglove_bridge]: Advertising new channel 21 for topic "/diagnostics/battery_status"
[taskset-1] [INFO] [1791035618.509030739] [foxglove_bridge]: Advertising new channel 22 for topic "/sensors/core"
[taskset-1] [INFO] [1791035618.509046617] [foxglove_bridge]: Advertising new channel 23 for topic "/map"
[taskset-1] [INFO] [1791035618.509468208] [foxglove_bridge]: Advertising new channel 24 for topic "/costmap/visualization"
[taskset-1] [INFO] [1791035618.510426534] [foxglove_bridge]: Advertising new channel 25 for topic "/tf"
[taskset-1] [INFO] [1791035618.510442414] [foxglove_bridge]: Advertising new channel 26 for topic "/slam_toolbox/transition_event"
[taskset-1] [INFO] [1791035618.512018112] [foxglove_bridge]: Advertising new channel 27 for topic "/costmap/semantic_tracks"
[taskset-1] [INFO] [1791035618.514414632] [foxglove_bridge]: Advertising new channel 28 for topic "/costmap/semantic_markers"
[taskset-1] [INFO] [1791035618.514764974] [foxglove_bridge]: Advertising new channel 29 for topic "/joint_states"
[taskset-1] [INFO] [1791035618.515087317] [foxglove_bridge]: Advertising new channel 30 for topic "/cmd_vel_nav"
[taskset-1] [INFO] [1791035618.515103992] [foxglove_bridge]: Advertising new channel 31 for topic "/camera/detections_3d"
[taskset-1] [INFO] [1791035618.515118566] [foxglove_bridge]: Advertising new channel 32 for topic "/ekf_global/odometry/filtered"
[taskset-1] [INFO] [1791035618.515467465] [foxglove_bridge]: Advertising new channel 33 for topic "/sensors/imu/raw"
[taskset-1] [INFO] [1791035618.515771354] [foxglove_bridge]: Advertising new channel 34 for topic "/calibration/in_progress"
[taskset-1] [INFO] [1791035618.516111567] [foxglove_bridge]: Advertising new channel 35 for topic "/bond"
[taskset-1] [INFO] [1791035618.516128141] [foxglove_bridge]: Advertising new channel 36 for topic "/tf_static"
[taskset-1] [INFO] [1791035619.487596970] [foxglove_bridge]: Advertising new channel 37 for topic "/test_campaign/logger_status"
[taskset-1] [INFO] [1791035619.488521723] [foxglove_bridge]: Advertising new channel 38 for topic "/slam_toolbox/feedback"
[taskset-1] [INFO] [1791035619.488901148] [foxglove_bridge]: Advertising new channel 39 for topic "/slam/map_metadata"
[taskset-1] [INFO] [1791035619.489373942] [foxglove_bridge]: Advertising new channel 40 for topic "/scan"
[taskset-1] [INFO] [1791035619.490151559] [foxglove_bridge]: Advertising new channel 41 for topic "/perception/obstacles_2d"
[taskset-1] [INFO] [1791035619.490478143] [foxglove_bridge]: Advertising new channel 42 for topic "/perception/d_wall/psi_correction"
[taskset-1] [INFO] [1791035619.490512161] [foxglove_bridge]: Advertising new channel 43 for topic "/mpc/status"
[taskset-1] [INFO] [1791035619.490527559] [foxglove_bridge]: Advertising new channel 44 for topic "/mpc/predicted_min_clearance"
[taskset-1] [INFO] [1791035619.491013249] [foxglove_bridge]: Advertising new channel 45 for topic "/mpc/object_status"
[taskset-1] [INFO] [1791035619.491031100] [foxglove_bridge]: Advertising new channel 46 for topic "/slam_toolbox/scan_visualization"
[taskset-1] [INFO] [1791035619.491341046] [foxglove_bridge]: Advertising new channel 47 for topic "/mpc/goal_turn"
[taskset-1] [INFO] [1791035619.491668898] [foxglove_bridge]: Advertising new channel 48 for topic "/mpc/wall_track"
[taskset-1] [INFO] [1791035619.491686880] [foxglove_bridge]: Advertising new channel 49 for topic "/mpc/goal_reached"
[taskset-1] [INFO] [1791035619.491700565] [foxglove_bridge]: Advertising new channel 50 for topic "/mpc/goal_object_end"
[taskset-1] [INFO] [1791035619.492095304] [foxglove_bridge]: Advertising new channel 51 for topic "/mpc/goal_object"
[taskset-1] [INFO] [1791035619.492440221] [foxglove_bridge]: Advertising new channel 52 for topic "/mpc/goal_drive"
[taskset-1] [INFO] [1791035619.492716981] [foxglove_bridge]: Advertising new channel 53 for topic "/mpc/drive_clamp"
[taskset-1] [INFO] [1791035619.492737870] [foxglove_bridge]: Advertising new channel 54 for topic "/model/virtual_robot/odometry"
[taskset-1] [INFO] [1791035619.492762165] [foxglove_bridge]: Advertising new channel 55 for topic "/imu"
[taskset-1] [INFO] [1791035619.493091351] [foxglove_bridge]: Advertising new channel 56 for topic "/mpc/goal_pose"
[taskset-1] [INFO] [1791035619.493126118] [foxglove_bridge]: Advertising new channel 57 for topic "/mpc/goal_distance"
[taskset-1] [INFO] [1791035619.493148952] [foxglove_bridge]: Advertising new channel 58 for topic "/mpc/corridor_markers"
[taskset-1] [INFO] [1791035619.494650532] [foxglove_bridge]: Advertising new channel 59 for topic "/slam_toolbox/update"
[taskset-1] [INFO] [1791035619.494681179] [foxglove_bridge]: Advertising new channel 60 for topic "/mpc/min_obstacle_distance"
[taskset-1] [INFO] [1791035619.494694716] [foxglove_bridge]: Advertising new channel 61 for topic "/mpc/hold"
[taskset-1] [INFO] [1791035619.494718123] [foxglove_bridge]: Advertising new channel 62 for topic "/slam_toolbox/graph_visualization"
[taskset-1] [INFO] [1791035619.494730475] [foxglove_bridge]: Advertising new channel 63 for topic "/costmap/safe_corridor_report"
[taskset-1] [INFO] [1791035619.494742955] [foxglove_bridge]: Advertising new channel 64 for topic "/costmap/front_clearance"
[taskset-1] [INFO] [1791035619.495325125] [foxglove_bridge]: Advertising new channel 65 for topic "/costmap/boundaries"
[taskset-1] [INFO] [1791035619.495343809] [foxglove_bridge]: Advertising new channel 66 for topic "/corridor"
[taskset-1] [INFO] [1791035619.495355411] [foxglove_bridge]: Advertising new channel 67 for topic "/mpc/min_obstacle_distance_forward"
[taskset-1] [INFO] [1791035619.495756206] [foxglove_bridge]: Advertising new channel 68 for topic "/mpc/solver_status"
[taskset-1] [INFO] [1791035619.495783548] [foxglove_bridge]: Advertising new channel 69 for topic "/perception/front_distance"
[taskset-1] [INFO] [1791035620.121765707] [foxglove_bridge]: Advertising new channel 70 for topic "/test/mission_event"
[taskset-1] [INFO] [1791035620.121994034] [foxglove_bridge]: Advertising new channel 71 for topic "/mission/load_path"
[taskset-1] [INFO] [1791035620.122036774] [foxglove_bridge]: Advertising new channel 72 for topic "/safety/event"
[taskset-1] [INFO] [1791035620.122876557] [foxglove_bridge]: Advertising new channel 73 for topic "/mission/move_outcome"
[taskset-1] [INFO] [1791035620.124238503] [foxglove_bridge]: Advertising new channel 74 for topic "/camera/detections"
[taskset-1] [INFO] [1791035620.124721425] [foxglove_bridge]: Advertising new channel 75 for topic "/bt/tree_visualization"
[taskset-1] [INFO] [1791035620.125080730] [foxglove_bridge]: Advertising new channel 76 for topic "/behavior/tree_status"
[taskset-1] [INFO] [1791035620.721026029] [foxglove_bridge]: Advertising new channel 77 for topic "/perception/swept_clearance/steering"
[taskset-1] [INFO] [1791035620.721297364] [foxglove_bridge]: Advertising new channel 78 for topic "/perception/swept_clearance/camera"
[taskset-1] [INFO] [1791035620.722752436] [foxglove_bridge]: Advertising new channel 79 for topic "/zed2/zed_node/depth/camera_info"
[taskset-1] [INFO] [1791035620.722806417] [foxglove_bridge]: Advertising new channel 80 for topic "/perception/swept_clearance/lidar"
[taskset-1] [INFO] [1791035620.722848425] [foxglove_bridge]: Advertising new channel 81 for topic "/zed2/zed_node/depth/depth_registered"
[taskset-1] [INFO] [1791035620.722868952] [foxglove_bridge]: Advertising new channel 82 for topic "/perception/swept_clearance"
[taskset-1] [INFO] [1791035623.019013702] [foxglove_bridge]: Advertising new channel 83 for topic "/perception/lidar_front_wall"
[taskset-1] [INFO] [1791035623.019160319] [foxglove_bridge]: Advertising new channel 84 for topic "/perception/d_wall/swept_arc"
[taskset-1] [INFO] [1791035623.019559502] [foxglove_bridge]: Advertising new channel 85 for topic "/perception/d_wall/segment"
[taskset-1] [INFO] [1791035623.019592871] [foxglove_bridge]: Advertising new channel 86 for topic "/perception/d_wall/gate_margin"
[taskset-1] [INFO] [1791035623.020032712] [foxglove_bridge]: Advertising new channel 87 for topic "/perception/d_wall"
[taskset-1] [INFO] [1791035623.020059119] [foxglove_bridge]: Advertising new channel 88 for topic "/obstacle_clearance"
[taskset-1] [INFO] [1791035623.020480802] [foxglove_bridge]: Advertising new channel 89 for topic "/perception/lidar_front_wall_virtual"
[taskset-1] [INFO] [1791035663.792524576] [foxglove_bridge]: Advertising new channel 90 for topic "/fb3_probe_own"
[taskset-1] [INFO] [1791035673.871738968] [foxglove_bridge]: Removing channel 90 for topic "/fb3_probe_own" (std_msgs/msg/String)
[WARNING] [launch]: user interrupted with ctrl-c (SIGINT)
[INFO] [throttle-3]: sending signal 'SIGINT' to process[throttle-3]
[INFO] [throttle-2]: sending signal 'SIGINT' to process[throttle-2]
[INFO] [taskset-1]: sending signal 'SIGINT' to process[taskset-1]
[taskset-1] [INFO] [1791035840.112921628] [rclcpp]: signal_handler(SIGINT/SIGTERM)
[throttle-2] [INFO] [1791035840.112925323] [rclcpp]: signal_handler(SIGINT/SIGTERM)
[throttle-3] [INFO] [1791035840.113812603] [rclcpp]: signal_handler(SIGINT/SIGTERM)
[taskset-1] [INFO] [1791035840.123840736] [foxglove_bridge]: Shutting down foxglove_bridge
[taskset-1] [2026-10-03T13:57:20Z INFO  foxglove::websocket::server] Shutting down
[taskset-1] [2026-10-03T13:57:20Z INFO  foxglove::websocket::server] Shutdown complete
[taskset-1] [INFO] [1791035840.129919357] [foxglove_bridge]: Shutdown complete
[taskset-1] [INFO] [1791035840.136330621] [rclcpp]: signal_handler(SIGINT/SIGTERM)
[ERROR] [throttle-2]: process has died [pid 433014, exit code -2, cmd '/opt/ros/jazzy/lib/topic_tools/throttle messages /camera/image_raw 5.0 /camera/image_raw/viz --ros-args -r __node:=image_raw_viz_throttle'].
[ERROR] [throttle-3]: process has died [pid 433015, exit code -2, cmd '/opt/ros/jazzy/lib/topic_tools/throttle messages /camera/image_annotated 5.0 /camera/image_annotated/viz --ros-args -r __node:=image_annotated_viz_throttle'].
[INFO] [taskset-1]: process has finished cleanly [pid 433012]
