[INFO] [launch]: All log files can be found below /home/andre/dev_ws/f1tenth_more/output/phase5/cycles/cycle_02/ros_log/2026-10-03-11-32-14-143975-thor-372787
[INFO] [launch]: Default logging verbosity is set to INFO
[INFO] [taskset-1]: process started with pid [372894]
[INFO] [throttle-2]: process started with pid [372895]
[INFO] [throttle-3]: process started with pid [372896]
[taskset-1] [INFO] [1791019934.491322937] [foxglove_bridge]: Starting foxglove_bridge (jazzy, 3.5.0@)
[taskset-1] [2026-10-03T09:32:14Z INFO  foxglove::websocket::server] Started server on 0.0.0.0:8765
[taskset-1] [INFO] [1791019934.493184936] [foxglove_bridge]: Server listening on port 8765
[taskset-1] [INFO] [1791019934.496539914] [foxglove_bridge]: Advertising new channel 2 for topic "/rosout"
[taskset-1] [INFO] [1791019934.497200923] [foxglove_bridge]: Advertising new channel 3 for topic "/parameter_events"
[taskset-1] [INFO] [1791019935.517250332] [foxglove_bridge]: Advertising new channel 4 for topic "/tf"
[taskset-1] [INFO] [1791019935.517888952] [foxglove_bridge]: Advertising new channel 5 for topic "/safety_stop"
[taskset-1] [INFO] [1791019935.518729757] [foxglove_bridge]: Advertising new channel 6 for topic "/slam_toolbox/transition_event"
[taskset-1] [INFO] [1791019935.518752988] [foxglove_bridge]: Advertising new channel 7 for topic "/map_server/transition_event"
[taskset-1] [INFO] [1791019935.519602496] [foxglove_bridge]: Advertising new channel 8 for topic "/map"
[taskset-1] [INFO] [1791019935.519619274] [foxglove_bridge]: Advertising new channel 9 for topic "/tf_static"
[taskset-1] [INFO] [1791019935.520388709] [foxglove_bridge]: Advertising new channel 10 for topic "/ekf_global/odometry/filtered"
[taskset-1] [INFO] [1791019935.520991597] [foxglove_bridge]: Advertising new channel 11 for topic "/diagnostics"
[taskset-1] [INFO] [1791019935.521006986] [foxglove_bridge]: Advertising new channel 12 for topic "/odometry/filtered"
[taskset-1] [INFO] [1791019935.521016569] [foxglove_bridge]: Advertising new channel 13 for topic "/calibration_drive"
[taskset-1] [INFO] [1791019935.521272014] [foxglove_bridge]: Advertising new channel 14 for topic "/bond"
[taskset-1] [INFO] [1791019935.521289162] [foxglove_bridge]: Advertising new channel 15 for topic "/teleop"
[taskset-1] [INFO] [1791019935.521301523] [foxglove_bridge]: Advertising new channel 16 for topic "/drive"
[taskset-1] [INFO] [1791019935.521310042] [foxglove_bridge]: Advertising new channel 17 for topic "/ackermann_drive"
[taskset-1] [INFO] [1791019936.394526808] [foxglove_bridge]: Advertising new channel 18 for topic "/slam_toolbox/update"
[taskset-1] [INFO] [1791019936.395086390] [foxglove_bridge]: Advertising new channel 19 for topic "/slam/pose"
[taskset-1] [INFO] [1791019936.395119465] [foxglove_bridge]: Advertising new channel 20 for topic "/slam/map"
[taskset-1] [INFO] [1791019936.395451983] [foxglove_bridge]: Advertising new channel 21 for topic "/slam_toolbox/scan_visualization"
[taskset-1] [INFO] [1791019936.395464057] [foxglove_bridge]: Advertising new channel 22 for topic "/set_pose"
[taskset-1] [INFO] [1791019936.395763252] [foxglove_bridge]: Advertising new channel 23 for topic "/sensors/imu/raw"
[taskset-1] [INFO] [1791019936.396260492] [foxglove_bridge]: Advertising new channel 24 for topic "/sensors/core"
[taskset-1] [INFO] [1791019936.396274770] [foxglove_bridge]: Advertising new channel 25 for topic "/scan"
[taskset-1] [INFO] [1791019936.396289437] [foxglove_bridge]: Advertising new channel 26 for topic "/odom"
[taskset-1] [INFO] [1791019936.396602880] [foxglove_bridge]: Advertising new channel 27 for topic "/slam/map_metadata"
[taskset-1] [INFO] [1791019936.396909908] [foxglove_bridge]: Advertising new channel 28 for topic "/mpc/corridor_markers"
[taskset-1] [INFO] [1791019936.397225658] [foxglove_bridge]: Advertising new channel 29 for topic "/slam_toolbox/feedback"
[taskset-1] [INFO] [1791019936.397240065] [foxglove_bridge]: Advertising new channel 30 for topic "/slam/pose_calibrated"
[taskset-1] [INFO] [1791019936.397261149] [foxglove_bridge]: Advertising new channel 31 for topic "/slam_toolbox/graph_visualization"
[taskset-1] [INFO] [1791019936.397562121] [foxglove_bridge]: Advertising new channel 32 for topic "/joint_states"
[taskset-1] [INFO] [1791019936.397575825] [foxglove_bridge]: Advertising new channel 33 for topic "/ekf_global/set_pose"
[taskset-1] [INFO] [1791019936.397923537] [foxglove_bridge]: Advertising new channel 34 for topic "/diagnostics/battery_status"
[taskset-1] [INFO] [1791019936.398266879] [foxglove_bridge]: Advertising new channel 35 for topic "/costmap/visualization"
[taskset-1] [INFO] [1791019936.398286925] [foxglove_bridge]: Advertising new channel 36 for topic "/costmap/semantic_markers"
[taskset-1] [INFO] [1791019936.398631814] [foxglove_bridge]: Advertising new channel 37 for topic "/costmap/safe_corridor_report"
[taskset-1] [INFO] [1791019936.398944083] [foxglove_bridge]: Advertising new channel 38 for topic "/diagnostics/system_status"
[taskset-1] [INFO] [1791019936.399217360] [foxglove_bridge]: Advertising new channel 39 for topic "/costmap/front_clearance"
[taskset-1] [INFO] [1791019936.399973147] [foxglove_bridge]: Advertising new channel 40 for topic "/costmap/boundaries"
[taskset-1] [INFO] [1791019936.400287434] [foxglove_bridge]: Advertising new channel 41 for topic "/cmd_vel_nav"
[taskset-1] [INFO] [1791019936.400549934] [foxglove_bridge]: Advertising new channel 42 for topic "/calibration/in_progress"
[taskset-1] [INFO] [1791019936.400563712] [foxglove_bridge]: Advertising new channel 43 for topic "/robot_description"
[taskset-1] [INFO] [1791019936.400853016] [foxglove_bridge]: Advertising new channel 44 for topic "/mission/status"
[taskset-1] [INFO] [1791019937.278868797] [foxglove_bridge]: Advertising new channel 45 for topic "/test_campaign/logger_status"
[taskset-1] [INFO] [1791019937.279008075] [foxglove_bridge]: Advertising new channel 46 for topic "/safety/event"
[taskset-1] [INFO] [1791019937.279027001] [foxglove_bridge]: Advertising new channel 47 for topic "/perception/d_wall/psi_correction"
[taskset-1] [INFO] [1791019937.279043501] [foxglove_bridge]: Advertising new channel 48 for topic "/perception/front_distance"
[taskset-1] [INFO] [1791019937.279941694] [foxglove_bridge]: Advertising new channel 49 for topic "/mpc/wall_track"
[taskset-1] [INFO] [1791019937.279969981] [foxglove_bridge]: Advertising new channel 50 for topic "/mpc/status"
[taskset-1] [INFO] [1791019937.280427157] [foxglove_bridge]: Advertising new channel 51 for topic "/mpc/solver_status"
[taskset-1] [INFO] [1791019937.280935740] [foxglove_bridge]: Advertising new channel 52 for topic "/mpc/object_status"
[taskset-1] [INFO] [1791019937.280957499] [foxglove_bridge]: Advertising new channel 53 for topic "/mpc/min_obstacle_distance_forward"
[taskset-1] [INFO] [1791019937.280972591] [foxglove_bridge]: Advertising new channel 54 for topic "/mpc/min_obstacle_distance"
[taskset-1] [INFO] [1791019937.280987860] [foxglove_bridge]: Advertising new channel 55 for topic "/mpc/hold"
[taskset-1] [INFO] [1791019937.281303656] [foxglove_bridge]: Advertising new channel 56 for topic "/mpc/goal_turn"
[taskset-1] [INFO] [1791019937.281350527] [foxglove_bridge]: Advertising new channel 57 for topic "/mpc/goal_object_end"
[taskset-1] [INFO] [1791019937.281711156] [foxglove_bridge]: Advertising new channel 58 for topic "/mpc/goal_drive"
[taskset-1] [INFO] [1791019937.281732175] [foxglove_bridge]: Advertising new channel 59 for topic "/mpc/goal_distance"
[taskset-1] [INFO] [1791019937.287557262] [foxglove_bridge]: Advertising new channel 60 for topic "/mpc/goal_object"
[taskset-1] [INFO] [1791019937.287905049] [foxglove_bridge]: Advertising new channel 61 for topic "/mpc/drive_clamp"
[taskset-1] [INFO] [1791019937.288146336] [foxglove_bridge]: Advertising new channel 62 for topic "/mission/move_outcome"
[taskset-1] [INFO] [1791019937.288164587] [foxglove_bridge]: Advertising new channel 63 for topic "/mpc/goal_reached"
[taskset-1] [INFO] [1791019937.288181170] [foxglove_bridge]: Advertising new channel 64 for topic "/imu"
[taskset-1] [INFO] [1791019937.288202161] [foxglove_bridge]: Advertising new channel 65 for topic "/mpc/predicted_min_clearance"
[taskset-1] [INFO] [1791019937.288603596] [foxglove_bridge]: Advertising new channel 66 for topic "/perception/obstacles_2d"
[taskset-1] [INFO] [1791019937.289650160] [foxglove_bridge]: Advertising new channel 67 for topic "/costmap/semantic_tracks"
[taskset-1] [INFO] [1791019937.289677910] [foxglove_bridge]: Advertising new channel 68 for topic "/test/mission_event"
[taskset-1] [INFO] [1791019937.289947308] [foxglove_bridge]: Advertising new channel 69 for topic "/mpc/goal_pose"
[taskset-1] [INFO] [1791019937.289962993] [foxglove_bridge]: Advertising new channel 70 for topic "/camera/detections_3d"
[taskset-1] [INFO] [1791019937.289979178] [foxglove_bridge]: Advertising new channel 71 for topic "/model/virtual_robot/odometry"
[taskset-1] [INFO] [1791019937.290324909] [foxglove_bridge]: Advertising new channel 72 for topic "/bt/tree_visualization"
[taskset-1] [INFO] [1791019937.290340473] [foxglove_bridge]: Advertising new channel 73 for topic "/corridor"
[taskset-1] [INFO] [1791019937.293571221] [foxglove_bridge]: Advertising new channel 74 for topic "/behavior/tree_status"
[taskset-1] [INFO] [1791019938.260393453] [foxglove_bridge]: Advertising new channel 75 for topic "/zed2/zed_node/depth/depth_registered"
[taskset-1] [INFO] [1791019938.260575139] [foxglove_bridge]: Advertising new channel 76 for topic "/perception/swept_clearance/lidar"
[taskset-1] [INFO] [1791019938.260685852] [foxglove_bridge]: Advertising new channel 77 for topic "/perception/swept_clearance/camera"
[taskset-1] [INFO] [1791019938.260707166] [foxglove_bridge]: Advertising new channel 78 for topic "/perception/d_wall/swept_arc"
[taskset-1] [INFO] [1791019938.260727620] [foxglove_bridge]: Advertising new channel 79 for topic "/perception/swept_clearance"
[taskset-1] [INFO] [1791019938.261677509] [foxglove_bridge]: Advertising new channel 80 for topic "/perception/d_wall/segment"
[taskset-1] [INFO] [1791019938.261714017] [foxglove_bridge]: Advertising new channel 81 for topic "/perception/d_wall/gate_margin"
[taskset-1] [INFO] [1791019938.262298212] [foxglove_bridge]: Advertising new channel 82 for topic "/perception/d_wall"
[taskset-1] [INFO] [1791019938.262329388] [foxglove_bridge]: Advertising new channel 83 for topic "/obstacle_clearance"
[taskset-1] [INFO] [1791019938.263458785] [foxglove_bridge]: Advertising new channel 84 for topic "/zed2/zed_node/depth/camera_info"
[taskset-1] [INFO] [1791019938.263568998] [foxglove_bridge]: Advertising new channel 85 for topic "/mission/load_path"
[taskset-1] [INFO] [1791019938.263596025] [foxglove_bridge]: Advertising new channel 86 for topic "/perception/swept_clearance/steering"
[taskset-1] [INFO] [1791019938.265440969] [foxglove_bridge]: Advertising new channel 87 for topic "/camera/detections"
[taskset-1] [INFO] [1791019938.889419515] [foxglove_bridge]: Advertising new channel 88 for topic "/perception/lidar_front_wall"
[taskset-1] [INFO] [1791019938.890180191] [foxglove_bridge]: Advertising new channel 89 for topic "/perception/lidar_front_wall_virtual"
[WARNING] [launch]: user interrupted with ctrl-c (SIGINT)
[INFO] [throttle-3]: sending signal 'SIGINT' to process[throttle-3]
[INFO] [throttle-2]: sending signal 'SIGINT' to process[throttle-2]
[INFO] [taskset-1]: sending signal 'SIGINT' to process[taskset-1]
[taskset-1] [INFO] [1791019977.657851718] [rclcpp]: signal_handler(SIGINT/SIGTERM)
[throttle-2] [INFO] [1791019977.658548171] [rclcpp]: signal_handler(SIGINT/SIGTERM)
[throttle-3] [INFO] [1791019977.661482983] [rclcpp]: signal_handler(SIGINT/SIGTERM)
[taskset-1] [ERROR] [1791019977.669240163] [foxglove_bridge]: Exception thrown in rosgraphPollThread: failed to get topic names and types: rcl node's context is invalid, at ./src/rcl/node.c:404
[taskset-1] [INFO] [1791019977.671719392] [foxglove_bridge]: Shutting down foxglove_bridge
[taskset-1] [2026-10-03T09:32:57Z INFO  foxglove::websocket::server] Shutting down
[taskset-1] [2026-10-03T09:32:57Z INFO  foxglove::websocket::server] Shutdown complete
[taskset-1] [INFO] [1791019977.674033760] [foxglove_bridge]: Shutdown complete
[taskset-1] [INFO] [1791019977.676510888] [rclcpp]: signal_handler(SIGINT/SIGTERM)
[ERROR] [throttle-2]: process has died [pid 372895, exit code -2, cmd '/opt/ros/jazzy/lib/topic_tools/throttle messages /camera/image_raw 5.0 /camera/image_raw/viz --ros-args -r __node:=image_raw_viz_throttle'].
[ERROR] [throttle-3]: process has died [pid 372896, exit code -2, cmd '/opt/ros/jazzy/lib/topic_tools/throttle messages /camera/image_annotated 5.0 /camera/image_annotated/viz --ros-args -r __node:=image_annotated_viz_throttle'].
[INFO] [taskset-1]: process has finished cleanly [pid 372894]
