[INFO] [launch]: All log files can be found below /home/andre/dev_ws/f1tenth_more/output/phase5/cycles/cycle_02/ros_log/2026-10-03-11-32-14-079826-thor-372786
[INFO] [launch]: Default logging verbosity is set to INFO
[INFO] [semantic_layer_node-1]: process started with pid [372844]
[INFO] [costmap_renderer_node-2]: process started with pid [372849]
[INFO] [costmap_boundary_node-3]: process started with pid [372852]
[costmap_renderer_node-2] [INFO] [1791019935.364620963] [costmap_renderer_node]: costmap_renderer_node started
[costmap_boundary_node-3] [INFO] [1791019935.543133202] [costmap_boundary_node]: costmap_boundary_node started -- map_topic=/slam/map pose_topic=/ekf_global/odometry/filtered extraction_rate_hz=20.0 (periodic-publish pass: publishes every tick from whatever is currently cached, regardless of how recently either input last updated -- fail-safe empty/withheld only if a message of that kind has never arrived at all yet. See module docstring for why gating on upstream recency was removed.)
[costmap_boundary_node-3] [WARN] [1791019935.575476141] [costmap_boundary_node]: publishing EMPTY boundary constraints, front_clearance withheld -- map_topic: no message ever received; pose_topic: no message ever received
[semantic_layer_node-1] [INFO] [1791019935.672784838] [semantic_layer_node]: semantic_layer_node started
[costmap_boundary_node-3] [WARN] [1791019940.622274896] [costmap_boundary_node]: publishing EMPTY boundary constraints, front_clearance withheld -- map_topic: no message ever received; pose_topic: no message ever received
[costmap_boundary_node-3] [WARN] [1791019945.622603308] [costmap_boundary_node]: publishing EMPTY boundary constraints, front_clearance withheld -- map_topic: no message ever received; pose_topic: no message ever received
[costmap_boundary_node-3] [WARN] [1791019950.672427305] [costmap_boundary_node]: publishing EMPTY boundary constraints, front_clearance withheld -- map_topic: no message ever received; pose_topic: no message ever received
[costmap_boundary_node-3] [WARN] [1791019955.672741130] [costmap_boundary_node]: publishing EMPTY boundary constraints, front_clearance withheld -- map_topic: no message ever received; pose_topic: no message ever received
[costmap_boundary_node-3] [WARN] [1791019960.722533387] [costmap_boundary_node]: publishing EMPTY boundary constraints, front_clearance withheld -- map_topic: no message ever received
[costmap_boundary_node-3] [INFO] [1791019960.934572574] [costmap_boundary_node]: n_constraints=3 front_clearance=2.26m
[costmap_boundary_node-3] [INFO] [1791019962.937086648] [costmap_boundary_node]: n_constraints=3 front_clearance=2.25m
[costmap_boundary_node-3] [INFO] [1791019964.938470336] [costmap_boundary_node]: n_constraints=3 front_clearance=1.66m
[costmap_boundary_node-3] [INFO] [1791019966.986286805] [costmap_boundary_node]: n_constraints=3 front_clearance=1.26m
[costmap_boundary_node-3] [INFO] [1791019968.987255186] [costmap_boundary_node]: n_constraints=3 front_clearance=1.10m
[costmap_boundary_node-3] [INFO] [1791019970.987597116] [costmap_boundary_node]: n_constraints=3 front_clearance=2.00m
[costmap_boundary_node-3] [INFO] [1791019972.990605680] [costmap_boundary_node]: n_constraints=3 front_clearance=1.61m
[costmap_boundary_node-3] [INFO] [1791019975.040952131] [costmap_boundary_node]: n_constraints=3 front_clearance=1.75m
[costmap_boundary_node-3] [INFO] [1791019977.087475506] [costmap_boundary_node]: n_constraints=3 front_clearance=3.48m
[WARNING] [launch]: user interrupted with ctrl-c (SIGINT)
[INFO] [costmap_boundary_node-3]: sending signal 'SIGINT' to process[costmap_boundary_node-3]
[INFO] [costmap_renderer_node-2]: sending signal 'SIGINT' to process[costmap_renderer_node-2]
[INFO] [semantic_layer_node-1]: sending signal 'SIGINT' to process[semantic_layer_node-1]
[costmap_boundary_node-3] Traceback (most recent call last):
[costmap_boundary_node-3]   File "/home/andre/dev_ws/f1tenth_more/install/f1tenth_costmap/lib/f1tenth_costmap/costmap_boundary_node", line 33, in <module>
[costmap_boundary_node-3]     sys.exit(load_entry_point('f1tenth-costmap', 'console_scripts', 'costmap_boundary_node')())
[costmap_boundary_node-3]              ^^^^^^^^^^^^^^^^^^^^^^^^^^^^^^^^^^^^^^^^^^^^^^^^^^^^^^^^^^^^^^^^^^^^^^^^^^^^^^^^^
[costmap_boundary_node-3]   File "/home/andre/dev_ws/f1tenth_more/build/f1tenth_costmap/f1tenth_costmap/costmap_boundary_node.py", line 776, in main
[costmap_boundary_node-3]     node.destroy_node()
[costmap_boundary_node-3]   File "/opt/ros/jazzy/lib/python3.12/site-packages/rclpy/node.py", line 1956, in destroy_node
[costmap_boundary_node-3]     self.destroy_publisher(self._publishers[0])
[costmap_boundary_node-3]   File "/opt/ros/jazzy/lib/python3.12/site-packages/rclpy/node.py", line 1836, in destroy_publisher
[costmap_boundary_node-3]     publisher.destroy()
[costmap_boundary_node-3]   File "/opt/ros/jazzy/lib/python3.12/site-packages/rclpy/publisher.py", line 105, in destroy
[costmap_boundary_node-3]     self.__publisher.destroy_when_not_in_use()
[costmap_boundary_node-3] KeyboardInterrupt
[semantic_layer_node-1] Traceback (most recent call last):
[semantic_layer_node-1]   File "/home/andre/dev_ws/f1tenth_more/install/f1tenth_costmap/lib/f1tenth_costmap/semantic_layer_node", line 33, in <module>
[semantic_layer_node-1]     sys.exit(load_entry_point('f1tenth-costmap', 'console_scripts', 'semantic_layer_node')())
[semantic_layer_node-1]              ^^^^^^^^^^^^^^^^^^^^^^^^^^^^^^^^^^^^^^^^^^^^^^^^^^^^^^^^^^^^^^^^^^^^^^^^^^^^^^^
[semantic_layer_node-1]   File "/home/andre/dev_ws/f1tenth_more/build/f1tenth_costmap/f1tenth_costmap/semantic_layer_node.py", line 608, in main
[semantic_layer_node-1]     node.destroy_node()
[semantic_layer_node-1]   File "/opt/ros/jazzy/lib/python3.12/site-packages/rclpy/node.py", line 1956, in destroy_node
[semantic_layer_node-1]     self.destroy_publisher(self._publishers[0])
[semantic_layer_node-1]   File "/opt/ros/jazzy/lib/python3.12/site-packages/rclpy/node.py", line 1836, in destroy_publisher
[semantic_layer_node-1]     publisher.destroy()
[semantic_layer_node-1]   File "/opt/ros/jazzy/lib/python3.12/site-packages/rclpy/publisher.py", line 105, in destroy
[semantic_layer_node-1]     self.__publisher.destroy_when_not_in_use()
[semantic_layer_node-1] KeyboardInterrupt
[ERROR] [semantic_layer_node-1]: process has died [pid 372844, exit code -2, cmd '/home/andre/dev_ws/f1tenth_more/install/f1tenth_costmap/lib/f1tenth_costmap/semantic_layer_node --ros-args -r __node:=semantic_layer_node --params-file /tmp/launch_params_4l1u6uq8'].
[costmap_renderer_node-2] Traceback (most recent call last):
[costmap_renderer_node-2]   File "/home/andre/dev_ws/f1tenth_more/install/f1tenth_costmap/lib/f1tenth_costmap/costmap_renderer_node", line 33, in <module>
[costmap_renderer_node-2]     sys.exit(load_entry_point('f1tenth-costmap', 'console_scripts', 'costmap_renderer_node')())
[costmap_renderer_node-2]              ^^^^^^^^^^^^^^^^^^^^^^^^^^^^^^^^^^^^^^^^^^^^^^^^^^^^^^^^^^^^^^^^^^^^^^^^^^^^^^^^^
[costmap_renderer_node-2]   File "/home/andre/dev_ws/f1tenth_more/build/f1tenth_costmap/f1tenth_costmap/costmap_renderer_node.py", line 125, in main
[costmap_renderer_node-2]     node.destroy_node()
[costmap_renderer_node-2]   File "/opt/ros/jazzy/lib/python3.12/site-packages/rclpy/node.py", line 1956, in destroy_node
[costmap_renderer_node-2]     self.destroy_publisher(self._publishers[0])
[costmap_renderer_node-2]   File "/opt/ros/jazzy/lib/python3.12/site-packages/rclpy/node.py", line 1836, in destroy_publisher
[costmap_renderer_node-2]     publisher.destroy()
[costmap_renderer_node-2]   File "/opt/ros/jazzy/lib/python3.12/site-packages/rclpy/publisher.py", line 105, in destroy
[costmap_renderer_node-2]     self.__publisher.destroy_when_not_in_use()
[costmap_renderer_node-2] KeyboardInterrupt
[ERROR] [costmap_boundary_node-3]: process has died [pid 372852, exit code -2, cmd '/home/andre/dev_ws/f1tenth_more/install/f1tenth_costmap/lib/f1tenth_costmap/costmap_boundary_node --ros-args -r __node:=costmap_boundary_node --params-file /tmp/launch_params_fjt6v4oi'].
[ERROR] [costmap_renderer_node-2]: process has died [pid 372849, exit code -2, cmd '/home/andre/dev_ws/f1tenth_more/install/f1tenth_costmap/lib/f1tenth_costmap/costmap_renderer_node --ros-args -r __node:=costmap_renderer_node --params-file /tmp/launch_params_c2mwti_s'].
