1791019785.8174682 [INFO] [launch]: All log files can be found below /home/andre/dev_ws/f1tenth_more/output/phase5/logger_superclient/ros_log/2026-10-03-11-29-45-814475-thor-369474
1791019785.8179836 [INFO] [launch]: Default logging verbosity is set to INFO
1791019786.0073786 [INFO] [taskset-1]: process started with pid [369525]
1791019786.0077784 [INFO] [throttle-2]: process started with pid [369526]
1791019786.0078692 [INFO] [throttle-3]: process started with pid [369527]
1791019786.1034069 [taskset-1] [INFO] [1791019786.102450656] [foxglove_bridge]: Starting foxglove_bridge (jazzy, 3.5.0@)
1791019786.1095839 [taskset-1] [2026-10-03T09:29:46Z INFO  foxglove::websocket::server] Started server on 0.0.0.0:8765
1791019786.1117830 [taskset-1] [INFO] [1791019786.106042441] [foxglove_bridge]: Server listening on port 8765
1791019786.1150608 [taskset-1] [INFO] [1791019786.112975761] [foxglove_bridge]: Advertising new channel 2 for topic "/rosout"
1791019786.1152744 [taskset-1] [INFO] [1791019786.113809011] [foxglove_bridge]: Advertising new channel 3 for topic "/parameter_events"
1791019787.5471880 [taskset-1] [INFO] [1791019787.546525861] [foxglove_bridge]: Advertising new channel 4 for topic "/safety_stop"
1791019787.5501418 [taskset-1] [INFO] [1791019787.547987314] [foxglove_bridge]: Advertising new channel 5 for topic "/teleop"
1791019787.5504608 [taskset-1] [INFO] [1791019787.548018342] [foxglove_bridge]: Advertising new channel 6 for topic "/drive"
1791019787.5505619 [taskset-1] [INFO] [1791019787.549079183] [foxglove_bridge]: Advertising new channel 7 for topic "/slam_toolbox/transition_event"
1791019787.5506005 [taskset-1] [INFO] [1791019787.549116017] [foxglove_bridge]: Advertising new channel 8 for topic "/map_server/transition_event"
1791019787.5515349 [taskset-1] [INFO] [1791019787.551322451] [foxglove_bridge]: Advertising new channel 9 for topic "/diagnostics"
1791019787.5538499 [taskset-1] [INFO] [1791019787.551853395] [foxglove_bridge]: Advertising new channel 10 for topic "/calibration_drive"
1791019787.5540872 [taskset-1] [INFO] [1791019787.551872840] [foxglove_bridge]: Advertising new channel 11 for topic "/ackermann_drive"
1791019788.2197692 [taskset-1] [INFO] [1791019788.216430231] [foxglove_bridge]: Advertising new channel 12 for topic "/tf"
1791019788.2201855 [taskset-1] [INFO] [1791019788.217417924] [foxglove_bridge]: Advertising new channel 13 for topic "/slam/pose_calibrated"
1791019788.2202554 [taskset-1] [INFO] [1791019788.217450202] [foxglove_bridge]: Advertising new channel 14 for topic "/tf_static"
1791019788.2202876 [taskset-1] [INFO] [1791019788.217473008] [foxglove_bridge]: Advertising new channel 15 for topic "/set_pose"
1791019788.2203166 [taskset-1] [INFO] [1791019788.217785174] [foxglove_bridge]: Advertising new channel 16 for topic "/sensors/imu/raw"
1791019788.2203481 [taskset-1] [INFO] [1791019788.218213360] [foxglove_bridge]: Advertising new channel 17 for topic "/sensors/core"
1791019788.2251647 [taskset-1] [INFO] [1791019788.223089060] [foxglove_bridge]: Advertising new channel 18 for topic "/odom"
1791019788.2255275 [taskset-1] [INFO] [1791019788.223680430] [foxglove_bridge]: Advertising new channel 19 for topic "/map"
1791019788.2255917 [taskset-1] [INFO] [1791019788.223950346] [foxglove_bridge]: Advertising new channel 20 for topic "/robot_description"
1791019788.2256367 [taskset-1] [INFO] [1791019788.224212569] [foxglove_bridge]: Advertising new channel 21 for topic "/joint_states"
1791019788.2256756 [taskset-1] [INFO] [1791019788.224530569] [foxglove_bridge]: Advertising new channel 22 for topic "/mission/status"
1791019788.2259910 [taskset-1] [INFO] [1791019788.224804476] [foxglove_bridge]: Advertising new channel 23 for topic "/diagnostics/system_status"
1791019788.2260430 [taskset-1] [INFO] [1791019788.224915263] [foxglove_bridge]: Advertising new channel 24 for topic "/odometry/filtered"
1791019788.2274907 [taskset-1] [INFO] [1791019788.226911817] [foxglove_bridge]: Advertising new channel 25 for topic "/diagnostics/battery_status"
1791019788.2275920 [taskset-1] [INFO] [1791019788.227013409] [foxglove_bridge]: Advertising new channel 26 for topic "/ekf_global/odometry/filtered"
1791019788.2276652 [taskset-1] [INFO] [1791019788.227373965] [foxglove_bridge]: Advertising new channel 27 for topic "/calibration/in_progress"
1791019788.2278013 [taskset-1] [INFO] [1791019788.227624502] [foxglove_bridge]: Advertising new channel 28 for topic "/bond"
1791019788.2278464 [taskset-1] [INFO] [1791019788.227657891] [foxglove_bridge]: Advertising new channel 29 for topic "/ekf_global/set_pose"
1791019789.1703954 [taskset-1] [INFO] [1791019789.169469879] [foxglove_bridge]: Advertising new channel 30 for topic "/test_campaign/logger_status"
1791019789.1711221 [taskset-1] [INFO] [1791019789.170374906] [foxglove_bridge]: Advertising new channel 31 for topic "/slam_toolbox/feedback"
1791019789.1712673 [taskset-1] [INFO] [1791019789.170432175] [foxglove_bridge]: Advertising new channel 32 for topic "/slam/pose"
1791019789.1713269 [taskset-1] [INFO] [1791019789.170772471] [foxglove_bridge]: Advertising new channel 33 for topic "/slam/map_metadata"
1791019789.1715114 [taskset-1] [INFO] [1791019789.171095841] [foxglove_bridge]: Advertising new channel 34 for topic "/scan"
1791019789.1716802 [taskset-1] [INFO] [1791019789.171607647] [foxglove_bridge]: Advertising new channel 35 for topic "/perception/obstacles_2d"
1791019789.1719289 [taskset-1] [INFO] [1791019789.171857665] [foxglove_bridge]: Advertising new channel 36 for topic "/perception/d_wall/psi_correction"
1791019789.1719782 [taskset-1] [INFO] [1791019789.171879776] [foxglove_bridge]: Advertising new channel 37 for topic "/mpc/status"
1791019789.1720743 [taskset-1] [INFO] [1791019789.171894388] [foxglove_bridge]: Advertising new channel 38 for topic "/mpc/predicted_min_clearance"
1791019789.1723077 [taskset-1] [INFO] [1791019789.172258164] [foxglove_bridge]: Advertising new channel 39 for topic "/mpc/object_status"
1791019789.1724017 [taskset-1] [INFO] [1791019789.172325942] [foxglove_bridge]: Advertising new channel 40 for topic "/slam_toolbox/scan_visualization"
1791019789.1726966 [taskset-1] [INFO] [1791019789.172649183] [foxglove_bridge]: Advertising new channel 41 for topic "/mpc/goal_turn"
1791019789.1729701 [taskset-1] [INFO] [1791019789.172921164] [foxglove_bridge]: Advertising new channel 42 for topic "/mpc/wall_track"
1791019789.1730576 [taskset-1] [INFO] [1791019789.172938433] [foxglove_bridge]: Advertising new channel 43 for topic "/mpc/goal_reached"
1791019789.1731007 [taskset-1] [INFO] [1791019789.172951044] [foxglove_bridge]: Advertising new channel 44 for topic "/mpc/goal_object_end"
1791019789.1732900 [taskset-1] [INFO] [1791019789.173243840] [foxglove_bridge]: Advertising new channel 45 for topic "/mpc/goal_object"
1791019789.1736031 [taskset-1] [INFO] [1791019789.173558164] [foxglove_bridge]: Advertising new channel 46 for topic "/mpc/goal_drive"
1791019789.1738138 [taskset-1] [INFO] [1791019789.173765821] [foxglove_bridge]: Advertising new channel 47 for topic "/mpc/drive_clamp"
1791019789.1739278 [taskset-1] [INFO] [1791019789.173786173] [foxglove_bridge]: Advertising new channel 48 for topic "/slam/map"
1791019789.1739717 [taskset-1] [INFO] [1791019789.173801126] [foxglove_bridge]: Advertising new channel 49 for topic "/model/virtual_robot/odometry"
1791019789.1740077 [taskset-1] [INFO] [1791019789.173820413] [foxglove_bridge]: Advertising new channel 50 for topic "/imu"
1791019789.1741612 [taskset-1] [INFO] [1791019789.174085154] [foxglove_bridge]: Advertising new channel 51 for topic "/mpc/goal_pose"
1791019789.1742904 [taskset-1] [INFO] [1791019789.174102941] [foxglove_bridge]: Advertising new channel 52 for topic "/mpc/goal_distance"
1791019789.1757958 [taskset-1] [INFO] [1791019789.175722977] [foxglove_bridge]: Advertising new channel 53 for topic "/mpc/corridor_markers"
1791019789.1768825 [taskset-1] [INFO] [1791019789.176808329] [foxglove_bridge]: Advertising new channel 54 for topic "/slam_toolbox/update"
1791019789.1770160 [taskset-1] [INFO] [1791019789.176837394] [foxglove_bridge]: Advertising new channel 55 for topic "/mpc/min_obstacle_distance"
1791019789.1770871 [taskset-1] [INFO] [1791019789.176852561] [foxglove_bridge]: Advertising new channel 56 for topic "/mpc/hold"
1791019789.1779377 [taskset-1] [INFO] [1791019789.177865180] [foxglove_bridge]: Advertising new channel 57 for topic "/costmap/semantic_tracks"
1791019789.1780770 [taskset-1] [INFO] [1791019789.177890328] [foxglove_bridge]: Advertising new channel 58 for topic "/costmap/semantic_markers"
1791019789.1781335 [taskset-1] [INFO] [1791019789.177906689] [foxglove_bridge]: Advertising new channel 59 for topic "/slam_toolbox/graph_visualization"
1791019789.1781862 [taskset-1] [INFO] [1791019789.177918847] [foxglove_bridge]: Advertising new channel 60 for topic "/costmap/safe_corridor_report"
1791019789.1782377 [taskset-1] [INFO] [1791019789.177930180] [foxglove_bridge]: Advertising new channel 61 for topic "/costmap/front_clearance"
1791019789.1784604 [taskset-1] [INFO] [1791019789.178387069] [foxglove_bridge]: Advertising new channel 62 for topic "/costmap/boundaries"
1791019789.1786015 [taskset-1] [INFO] [1791019789.178402060] [foxglove_bridge]: Advertising new channel 63 for topic "/corridor"
1791019789.1786606 [taskset-1] [INFO] [1791019789.178410976] [foxglove_bridge]: Advertising new channel 64 for topic "/mpc/min_obstacle_distance_forward"
1791019789.1789899 [taskset-1] [INFO] [1791019789.178915540] [foxglove_bridge]: Advertising new channel 65 for topic "/cmd_vel_nav"
1791019789.1793554 [taskset-1] [INFO] [1791019789.179281059] [foxglove_bridge]: Advertising new channel 66 for topic "/mpc/solver_status"
1791019789.1794984 [taskset-1] [INFO] [1791019789.179302503] [foxglove_bridge]: Advertising new channel 67 for topic "/camera/detections_3d"
1791019789.1801708 [taskset-1] [INFO] [1791019789.179321364] [foxglove_bridge]: Advertising new channel 68 for topic "/perception/front_distance"
1791019789.1803706 [taskset-1] [INFO] [1791019789.179584447] [foxglove_bridge]: Advertising new channel 69 for topic "/costmap/visualization"
1791019790.6366079 [taskset-1] [INFO] [1791019790.635987830] [foxglove_bridge]: Advertising new channel 70 for topic "/test/mission_event"
1791019790.6372042 [taskset-1] [INFO] [1791019790.636200858] [foxglove_bridge]: Advertising new channel 71 for topic "/mission/load_path"
1791019790.6373053 [taskset-1] [INFO] [1791019790.636231765] [foxglove_bridge]: Advertising new channel 72 for topic "/safety/event"
1791019790.6374404 [taskset-1] [INFO] [1791019790.637077154] [foxglove_bridge]: Advertising new channel 73 for topic "/mission/move_outcome"
1791019790.6383667 [taskset-1] [INFO] [1791019790.638263857] [foxglove_bridge]: Advertising new channel 74 for topic "/camera/detections"
1791019790.6484814 [taskset-1] [INFO] [1791019790.647206593] [foxglove_bridge]: Advertising new channel 75 for topic "/bt/tree_visualization"
1791019790.6501951 [taskset-1] [INFO] [1791019790.648011212] [foxglove_bridge]: Advertising new channel 76 for topic "/behavior/tree_status"
1791019791.3430500 [taskset-1] [INFO] [1791019791.339624820] [foxglove_bridge]: Advertising new channel 77 for topic "/perception/swept_clearance/steering"
1791019791.3433733 [taskset-1] [INFO] [1791019791.339789311] [foxglove_bridge]: Advertising new channel 78 for topic "/perception/swept_clearance/camera"
1791019791.3434455 [taskset-1] [INFO] [1791019791.339817959] [foxglove_bridge]: Advertising new channel 79 for topic "/obstacle_clearance"
1791019791.3434823 [taskset-1] [INFO] [1791019791.341345402] [foxglove_bridge]: Advertising new channel 80 for topic "/zed2/zed_node/depth/camera_info"
1791019791.3435128 [taskset-1] [INFO] [1791019791.341402106] [foxglove_bridge]: Advertising new channel 81 for topic "/perception/swept_clearance/lidar"
1791019791.3435409 [taskset-1] [INFO] [1791019791.341450180] [foxglove_bridge]: Advertising new channel 82 for topic "/zed2/zed_node/depth/depth_registered"
1791019791.3435695 [taskset-1] [INFO] [1791019791.341469106] [foxglove_bridge]: Advertising new channel 83 for topic "/perception/swept_clearance"
1791019792.3460870 [taskset-1] [INFO] [1791019792.345498378] [foxglove_bridge]: Advertising new channel 84 for topic "/perception/lidar_front_wall"
1791019792.3464589 [taskset-1] [INFO] [1791019792.345650924] [foxglove_bridge]: Advertising new channel 85 for topic "/perception/d_wall/swept_arc"
1791019792.3468897 [taskset-1] [INFO] [1791019792.346293387] [foxglove_bridge]: Advertising new channel 86 for topic "/perception/d_wall/segment"
1791019792.3469694 [taskset-1] [INFO] [1791019792.346371962] [foxglove_bridge]: Advertising new channel 87 for topic "/perception/d_wall/gate_margin"
1791019792.3471150 [taskset-1] [INFO] [1791019792.346852979] [foxglove_bridge]: Advertising new channel 88 for topic "/perception/d_wall"
1791019792.3475847 [taskset-1] [INFO] [1791019792.347516081] [foxglove_bridge]: Advertising new channel 89 for topic "/perception/lidar_front_wall_virtual"
1791019822.0577815 [taskset-1] [INFO] [1791019822.057137494] [foxglove_bridge]: Advertising new channel 90 for topic "/events/write_split"
1791019833.4876447 [taskset-1] [INFO] [1791019833.487036088] [foxglove_bridge]: Removing channel 90 for topic "/events/write_split" (rosbag2_interfaces/msg/WriteSplitEvent)
1791019849.4215343 [WARNING] [launch]: user interrupted with ctrl-c (SIGINT)
1791019849.4248295 [taskset-1] [INFO] [1791019849.417677388] [rclcpp]: signal_handler(SIGINT/SIGTERM)
1791019849.4251499 [INFO] [throttle-3]: sending signal 'SIGINT' to process[throttle-3]
1791019849.4256208 [INFO] [throttle-2]: sending signal 'SIGINT' to process[throttle-2]
1791019849.4259374 [INFO] [taskset-1]: sending signal 'SIGINT' to process[taskset-1]
1791019849.4331582 [taskset-1] [INFO] [1791019849.431377194] [foxglove_bridge]: Shutting down foxglove_bridge
1791019849.4402492 [ERROR] [throttle-2]: process has died [pid 369526, exit code -2, cmd '/opt/ros/jazzy/lib/topic_tools/throttle messages /camera/image_raw 5.0 /camera/image_raw/viz --ros-args -r __node:=image_raw_viz_throttle'].
1791019849.4409897 [ERROR] [throttle-3]: process has died [pid 369527, exit code -2, cmd '/opt/ros/jazzy/lib/topic_tools/throttle messages /camera/image_annotated 5.0 /camera/image_annotated/viz --ros-args -r __node:=image_annotated_viz_throttle'].
1791019849.6634367 [taskset-1] [2026-10-03T09:30:49Z INFO  foxglove::websocket::server] Shutting down
1791019849.6639469 [taskset-1] [2026-10-03T09:30:49Z INFO  foxglove::websocket::server] Shutdown complete
1791019849.6648438 [taskset-1] [INFO] [1791019849.664638558] [foxglove_bridge]: Shutdown complete
1791019851.5793245 [taskset-1] [INFO] [1791019851.578577647] [rclcpp]: signal_handler(SIGINT/SIGTERM)
