[INFO] [launch]: All log files can be found below /home/andre/dev_ws/f1tenth_more/output/fix_batch_4/isolation/fresh/run_29/ros_log/2026-10-03-17-13-11-421482-thor-550933
[INFO] [launch]: Default logging verbosity is set to INFO
[INFO] [fastdds_discovery_server-1]: process started with pid [550991]
[INFO] [component_supervisor_node-2]: process started with pid [550992]
[fastdds_discovery_server-1] [ensure_discovery_server] 127.0.0.1:11811 is free -- starting a fresh fastdds discovery server.
[fastdds_discovery_server-1] ### Server is running ###
[fastdds_discovery_server-1]   Participant Type:   SERVER
[fastdds_discovery_server-1]   Security:           NO
[fastdds_discovery_server-1]   Server ID:          0
[fastdds_discovery_server-1]   Server GUID prefix: 44.53.00.5f.45.50.52.4f.53.49.4d.41
[fastdds_discovery_server-1]   Server Addresses:   UDPv4:[127.0.0.1]:11811
[component_supervisor_node-2] [WARN] [1791040392.098151221] [component_supervisor_node]: [component_supervisor] FastDDS SHM sweep (startup): found 34 fastrtps file(s) (22 still in use, 12 orphaned) -- removed 12/12 orphaned file(s). Sample removed: ['/dev/shm/fastrtps_21de097318780acd', '/dev/shm/fastrtps_21de097318780acd_el', '/dev/shm/fastrtps_port28667', '/dev/shm/fastrtps_port28681', '/dev/shm/fastrtps_port28683'].
[component_supervisor_node-2] [INFO] [1791040392.199682037] [component_supervisor_node]: [component_supervisor] Registry: ['behavior', 'calibrate_hardware', 'control', 'dev_tools', 'diagnostics', 'hardware', 'intelligence', 'lidar_front_wall', 'localization', 'navigation', 'obstacle_clearance', 'perception', 'slam', 'startup_sequence', 'swept_clearance', 'wall_distance']. Auto-starting: ['behavior', 'control', 'dev_tools', 'diagnostics', 'hardware', 'lidar_front_wall', 'localization', 'navigation', 'obstacle_clearance', 'perception', 'slam', 'swept_clearance', 'wall_distance']. Log dir: /home/andre/dev_ws/f1tenth_more/output/fix_batch_4/isolation/fresh/run_29/supervisor
[component_supervisor_node-2] [INFO] [1791040392.201735419] [component_supervisor_node]: [component_supervisor] Started 'obstacle_clearance': ros2 launch f1tenth_perception obstacle_clearance.launch.py (pid 551038, log: /home/andre/dev_ws/f1tenth_more/output/fix_batch_4/isolation/fresh/run_29/supervisor/f1tenth_perception_obstacle_clearance.launch.py.log)
[component_supervisor_node-2] [INFO] [1791040392.202993985] [component_supervisor_node]: [component_supervisor] Started 'diagnostics': ros2 launch f1tenth_diagnostics system_observer.launch.py (pid 551039, log: /home/andre/dev_ws/f1tenth_more/output/fix_batch_4/isolation/fresh/run_29/supervisor/f1tenth_diagnostics_system_observer.launch.py.log)
[component_supervisor_node-2] [INFO] [1791040392.203706311] [component_supervisor_node]: [component_supervisor] Started 'diagnostics': ros2 launch f1tenth_diagnostics diagnostics_server.launch.py (pid 551040, log: /home/andre/dev_ws/f1tenth_more/output/fix_batch_4/isolation/fresh/run_29/supervisor/f1tenth_diagnostics_diagnostics_server.launch.py.log)
[component_supervisor_node-2] [INFO] [1791040392.204703108] [component_supervisor_node]: [component_supervisor] Started 'diagnostics': ros2 launch f1tenth_logger mission_logger.launch.py mission_logger_runs_dir:=/home/andre/dev_ws/f1tenth_more/output/fix_batch_4/isolation/fresh/run_29/runs (pid 551041, log: /home/andre/dev_ws/f1tenth_more/output/fix_batch_4/isolation/fresh/run_29/supervisor/f1tenth_logger_mission_logger.launch.py.log)
[component_supervisor_node-2] [INFO] [1791040392.205721925] [component_supervisor_node]: [component_supervisor] Started 'localization': ros2 launch f1tenth_localization localization.launch.py (pid 551042, log: /home/andre/dev_ws/f1tenth_more/output/fix_batch_4/isolation/fresh/run_29/supervisor/f1tenth_localization_localization.launch.py.log)
[component_supervisor_node-2] [INFO] [1791040392.206983519] [component_supervisor_node]: [component_supervisor] Started 'swept_clearance': ros2 launch f1tenth_perception swept_clearance.launch.py (pid 551043, log: /home/andre/dev_ws/f1tenth_more/output/fix_batch_4/isolation/fresh/run_29/supervisor/f1tenth_perception_swept_clearance.launch.py.log)
[component_supervisor_node-2] [INFO] [1791040392.207909687] [component_supervisor_node]: [component_supervisor] Started 'lidar_front_wall': ros2 launch f1tenth_perception lidar_front_wall.launch.py (pid 551044, log: /home/andre/dev_ws/f1tenth_more/output/fix_batch_4/isolation/fresh/run_29/supervisor/f1tenth_perception_lidar_front_wall.launch.py.log)
[component_supervisor_node-2] [INFO] [1791040392.209023679] [component_supervisor_node]: [component_supervisor] Started 'wall_distance': ros2 launch f1tenth_perception wall_distance.launch.py (pid 551045, log: /home/andre/dev_ws/f1tenth_more/output/fix_batch_4/isolation/fresh/run_29/supervisor/f1tenth_perception_wall_distance.launch.py.log)
[component_supervisor_node-2] [INFO] [1791040392.210309829] [component_supervisor_node]: [component_supervisor] Started 'control': ros2 launch f1tenth_control ackermann_mux.launch.py (pid 551046, log: /home/andre/dev_ws/f1tenth_more/output/fix_batch_4/isolation/fresh/run_29/supervisor/f1tenth_control_ackermann_mux.launch.py.log)
[component_supervisor_node-2] [INFO] [1791040392.211187922] [component_supervisor_node]: [component_supervisor] Started 'behavior': ros2 launch f1tenth_behavior behavior_bringup.launch.py (pid 551047, log: /home/andre/dev_ws/f1tenth_more/output/fix_batch_4/isolation/fresh/run_29/supervisor/f1tenth_behavior_behavior_bringup.launch.py.log)
[component_supervisor_node-2] [INFO] [1791040392.212025572] [component_supervisor_node]: [component_supervisor] Started 'dev_tools': ros2 launch f1tenth_bringup foxglove_bridge.launch.py (pid 551048, log: /home/andre/dev_ws/f1tenth_more/output/fix_batch_4/isolation/fresh/run_29/supervisor/f1tenth_bringup_foxglove_bridge.launch.py.log)
[component_supervisor_node-2] [INFO] [1791040392.212881518] [component_supervisor_node]: [component_supervisor] Started 'navigation': ros2 launch f1tenth_navigation navigation.launch.py (pid 551049, log: /home/andre/dev_ws/f1tenth_more/output/fix_batch_4/isolation/fresh/run_29/supervisor/f1tenth_navigation_navigation.launch.py.log)
[component_supervisor_node-2] [INFO] [1791040392.215056530] [component_supervisor_node]: [component_supervisor] Started 'slam': ros2 launch f1tenth_navigation slam.launch.py (pid 551050, log: /home/andre/dev_ws/f1tenth_more/output/fix_batch_4/isolation/fresh/run_29/supervisor/f1tenth_navigation_slam.launch.py.log)
[component_supervisor_node-2] [INFO] [1791040392.219092721] [component_supervisor_node]: [component_supervisor] Started 'slam': ros2 launch f1tenth_costmap costmap.launch.py (pid 551051, log: /home/andre/dev_ws/f1tenth_more/output/fix_batch_4/isolation/fresh/run_29/supervisor/f1tenth_costmap_costmap.launch.py.log)
[WARNING] [launch]: user interrupted with ctrl-c (SIGINT)
[INFO] [component_supervisor_node-2]: sending signal 'SIGINT' to process[component_supervisor_node-2]
[INFO] [fastdds_discovery_server-1]: sending signal 'SIGINT' to process[fastdds_discovery_server-1]
[component_supervisor_node-2] [INFO] [1791040436.235684340] [component_supervisor_node]: [component_supervisor] Received signal 2 -- shutting down all tracked components.
[component_supervisor_node-2] [INFO] [1791040436.236471073] [component_supervisor_node]: [component_supervisor] Shutting down -- stopping all components.
[ERROR] [component_supervisor_node-2]: process[component_supervisor_node-2] failed to terminate '5' seconds after receiving 'SIGINT', escalating to 'SIGTERM'
[ERROR] [fastdds_discovery_server-1]: process[fastdds_discovery_server-1] failed to terminate '5' seconds after receiving 'SIGINT', escalating to 'SIGTERM'
[INFO] [component_supervisor_node-2]: sending signal 'SIGTERM' to process[component_supervisor_node-2]
[INFO] [fastdds_discovery_server-1]: sending signal 'SIGTERM' to process[fastdds_discovery_server-1]
[ERROR] [fastdds_discovery_server-1]: process has died [pid 550991, exit code -15, cmd 'python3 /home/andre/dev_ws/f1tenth_more/install/f1tenth_bringup/share/f1tenth_bringup/scripts/ensure_discovery_server.py 127.0.0.1 11811'].
[component_supervisor_node-2] [WARN] [1791040440.842443390] [component_supervisor_node]: [component_supervisor] Received signal 15 while a shutdown was already in progress -- force-killing every tracked component immediately.
[component_supervisor_node-2] [WARN] [1791040441.184685632] [component_supervisor_node]: [component_supervisor] FastDDS SHM sweep (shutdown (force-kill)): found 145 fastrtps file(s) (26 still in use, 119 orphaned) -- removed 119/119 orphaned file(s). Sample removed: ['/dev/shm/fastrtps_0bfbc57cf41d885e_el', '/dev/shm/fastrtps_port28661', '/dev/shm/fastrtps_port28667', '/dev/shm/fastrtps_port28669', '/dev/shm/fastrtps_port28671'].
[INFO] [component_supervisor_node-2]: process has finished cleanly [pid 550992]
