[INFO] [launch]: All log files can be found below /home/andre/dev_ws/f1tenth_more/output/fix_batch_4/isolation/fresh/run_03/ros_log/2026-10-03-16-48-21-890448-thor-505803
[INFO] [launch]: Default logging verbosity is set to INFO
[INFO] [fastdds_discovery_server-1]: process started with pid [505861]
[INFO] [component_supervisor_node-2]: process started with pid [505862]
[fastdds_discovery_server-1] [ensure_discovery_server] 127.0.0.1:11811 is free -- starting a fresh fastdds discovery server.
[fastdds_discovery_server-1] ### Server is running ###
[fastdds_discovery_server-1]   Participant Type:   SERVER
[fastdds_discovery_server-1]   Security:           NO
[fastdds_discovery_server-1]   Server ID:          0
[fastdds_discovery_server-1]   Server GUID prefix: 44.53.00.5f.45.50.52.4f.53.49.4d.41
[fastdds_discovery_server-1]   Server Addresses:   UDPv4:[127.0.0.1]:11811
[component_supervisor_node-2] [WARN] [1791038902.527721402] [component_supervisor_node]: [component_supervisor] FastDDS SHM sweep (startup): found 37 fastrtps file(s) (22 still in use, 15 orphaned) -- removed 15/15 orphaned file(s). Sample removed: ['/dev/shm/fastrtps_acdebf8d07b59e53', '/dev/shm/fastrtps_acdebf8d07b59e53_el', '/dev/shm/fastrtps_port28671', '/dev/shm/fastrtps_port28675', '/dev/shm/fastrtps_port28681'].
[component_supervisor_node-2] [INFO] [1791038902.630920946] [component_supervisor_node]: [component_supervisor] Registry: ['behavior', 'calibrate_hardware', 'control', 'dev_tools', 'diagnostics', 'hardware', 'intelligence', 'lidar_front_wall', 'localization', 'navigation', 'obstacle_clearance', 'perception', 'slam', 'startup_sequence', 'swept_clearance', 'wall_distance']. Auto-starting: ['behavior', 'control', 'dev_tools', 'diagnostics', 'hardware', 'lidar_front_wall', 'localization', 'navigation', 'obstacle_clearance', 'perception', 'slam', 'swept_clearance', 'wall_distance']. Log dir: /home/andre/dev_ws/f1tenth_more/output/fix_batch_4/isolation/fresh/run_03/supervisor
[component_supervisor_node-2] [INFO] [1791038902.632441929] [component_supervisor_node]: [component_supervisor] Started 'slam': ros2 launch f1tenth_navigation slam.launch.py (pid 505902, log: /home/andre/dev_ws/f1tenth_more/output/fix_batch_4/isolation/fresh/run_03/supervisor/f1tenth_navigation_slam.launch.py.log)
[component_supervisor_node-2] [INFO] [1791038902.633339754] [component_supervisor_node]: [component_supervisor] Started 'slam': ros2 launch f1tenth_costmap costmap.launch.py (pid 505903, log: /home/andre/dev_ws/f1tenth_more/output/fix_batch_4/isolation/fresh/run_03/supervisor/f1tenth_costmap_costmap.launch.py.log)
[component_supervisor_node-2] [INFO] [1791038902.634831736] [component_supervisor_node]: [component_supervisor] Started 'behavior': ros2 launch f1tenth_behavior behavior_bringup.launch.py (pid 505904, log: /home/andre/dev_ws/f1tenth_more/output/fix_batch_4/isolation/fresh/run_03/supervisor/f1tenth_behavior_behavior_bringup.launch.py.log)
[component_supervisor_node-2] [INFO] [1791038902.636242052] [component_supervisor_node]: [component_supervisor] Started 'control': ros2 launch f1tenth_control ackermann_mux.launch.py (pid 505905, log: /home/andre/dev_ws/f1tenth_more/output/fix_batch_4/isolation/fresh/run_03/supervisor/f1tenth_control_ackermann_mux.launch.py.log)
[component_supervisor_node-2] [INFO] [1791038902.637368118] [component_supervisor_node]: [component_supervisor] Started 'diagnostics': ros2 launch f1tenth_diagnostics system_observer.launch.py (pid 505906, log: /home/andre/dev_ws/f1tenth_more/output/fix_batch_4/isolation/fresh/run_03/supervisor/f1tenth_diagnostics_system_observer.launch.py.log)
[component_supervisor_node-2] [INFO] [1791038902.638397443] [component_supervisor_node]: [component_supervisor] Started 'diagnostics': ros2 launch f1tenth_diagnostics diagnostics_server.launch.py (pid 505907, log: /home/andre/dev_ws/f1tenth_more/output/fix_batch_4/isolation/fresh/run_03/supervisor/f1tenth_diagnostics_diagnostics_server.launch.py.log)
[component_supervisor_node-2] [INFO] [1791038902.639373304] [component_supervisor_node]: [component_supervisor] Started 'diagnostics': ros2 launch f1tenth_logger mission_logger.launch.py mission_logger_runs_dir:=/home/andre/dev_ws/f1tenth_more/output/fix_batch_4/isolation/fresh/run_03/runs (pid 505908, log: /home/andre/dev_ws/f1tenth_more/output/fix_batch_4/isolation/fresh/run_03/supervisor/f1tenth_logger_mission_logger.launch.py.log)
[component_supervisor_node-2] [INFO] [1791038902.640474398] [component_supervisor_node]: [component_supervisor] Started 'localization': ros2 launch f1tenth_localization localization.launch.py (pid 505909, log: /home/andre/dev_ws/f1tenth_more/output/fix_batch_4/isolation/fresh/run_03/supervisor/f1tenth_localization_localization.launch.py.log)
[component_supervisor_node-2] [INFO] [1791038902.641685427] [component_supervisor_node]: [component_supervisor] Started 'dev_tools': ros2 launch f1tenth_bringup foxglove_bridge.launch.py (pid 505910, log: /home/andre/dev_ws/f1tenth_more/output/fix_batch_4/isolation/fresh/run_03/supervisor/f1tenth_bringup_foxglove_bridge.launch.py.log)
[component_supervisor_node-2] [INFO] [1791038902.642728233] [component_supervisor_node]: [component_supervisor] Started 'swept_clearance': ros2 launch f1tenth_perception swept_clearance.launch.py (pid 505911, log: /home/andre/dev_ws/f1tenth_more/output/fix_batch_4/isolation/fresh/run_03/supervisor/f1tenth_perception_swept_clearance.launch.py.log)
[component_supervisor_node-2] [INFO] [1791038902.643659390] [component_supervisor_node]: [component_supervisor] Started 'obstacle_clearance': ros2 launch f1tenth_perception obstacle_clearance.launch.py (pid 505912, log: /home/andre/dev_ws/f1tenth_more/output/fix_batch_4/isolation/fresh/run_03/supervisor/f1tenth_perception_obstacle_clearance.launch.py.log)
[component_supervisor_node-2] [INFO] [1791038902.645000892] [component_supervisor_node]: [component_supervisor] Started 'lidar_front_wall': ros2 launch f1tenth_perception lidar_front_wall.launch.py (pid 505913, log: /home/andre/dev_ws/f1tenth_more/output/fix_batch_4/isolation/fresh/run_03/supervisor/f1tenth_perception_lidar_front_wall.launch.py.log)
[component_supervisor_node-2] [INFO] [1791038902.646434152] [component_supervisor_node]: [component_supervisor] Started 'navigation': ros2 launch f1tenth_navigation navigation.launch.py (pid 505914, log: /home/andre/dev_ws/f1tenth_more/output/fix_batch_4/isolation/fresh/run_03/supervisor/f1tenth_navigation_navigation.launch.py.log)
[component_supervisor_node-2] [INFO] [1791038902.649602479] [component_supervisor_node]: [component_supervisor] Started 'wall_distance': ros2 launch f1tenth_perception wall_distance.launch.py (pid 505915, log: /home/andre/dev_ws/f1tenth_more/output/fix_batch_4/isolation/fresh/run_03/supervisor/f1tenth_perception_wall_distance.launch.py.log)
[WARNING] [launch]: user interrupted with ctrl-c (SIGINT)
[INFO] [component_supervisor_node-2]: sending signal 'SIGINT' to process[component_supervisor_node-2]
[INFO] [fastdds_discovery_server-1]: sending signal 'SIGINT' to process[fastdds_discovery_server-1]
[component_supervisor_node-2] [INFO] [1791038946.660480671] [component_supervisor_node]: [component_supervisor] Received signal 2 -- shutting down all tracked components.
[component_supervisor_node-2] [INFO] [1791038946.661279811] [component_supervisor_node]: [component_supervisor] Shutting down -- stopping all components.
[component_supervisor_node-2] [INFO] [1791038947.469872025] [component_supervisor_node]: [component_supervisor] 'control' (ackermann_mux.launch.py): clean SIGINT exit in 0.3s
[component_supervisor_node-2] [INFO] [1791038947.470593998] [component_supervisor_node]: [component_supervisor] 'diagnostics' (system_observer.launch.py): clean SIGINT exit in 0.4s
[component_supervisor_node-2] [INFO] [1791038947.471153980] [component_supervisor_node]: [component_supervisor] 'localization' (localization.launch.py): clean SIGINT exit in 0.4s
[component_supervisor_node-2] [INFO] [1791038947.471695100] [component_supervisor_node]: [component_supervisor] 'slam' (costmap.launch.py): clean SIGINT exit in 0.5s
[component_supervisor_node-2] [INFO] [1791038947.472231897] [component_supervisor_node]: [component_supervisor] 'behavior' (behavior_bringup.launch.py): clean SIGINT exit in 0.5s
[component_supervisor_node-2] [INFO] [1791038947.472772907] [component_supervisor_node]: [component_supervisor] 'diagnostics' (diagnostics_server.launch.py): clean SIGINT exit in 0.5s
[component_supervisor_node-2] [INFO] [1791038947.473304861] [component_supervisor_node]: [component_supervisor] 'diagnostics' (mission_logger.launch.py): clean SIGINT exit in 0.5s
[component_supervisor_node-2] [INFO] [1791038947.473839712] [component_supervisor_node]: [component_supervisor] 'navigation' (navigation.launch.py): clean SIGINT exit in 0.5s
[component_supervisor_node-2] [INFO] [1791038947.474377277] [component_supervisor_node]: [component_supervisor] 'dev_tools' (foxglove_bridge.launch.py): clean SIGINT exit in 0.6s
[component_supervisor_node-2] [INFO] [1791038947.474921917] [component_supervisor_node]: [component_supervisor] 'slam' (slam.launch.py): clean SIGINT exit in 0.7s
[component_supervisor_node-2] [INFO] [1791038947.475457658] [component_supervisor_node]: [component_supervisor] 'swept_clearance' (swept_clearance.launch.py): clean SIGINT exit in 0.7s
[component_supervisor_node-2] [INFO] [1791038947.475989501] [component_supervisor_node]: [component_supervisor] 'lidar_front_wall' (lidar_front_wall.launch.py): clean SIGINT exit in 0.7s
[component_supervisor_node-2] [INFO] [1791038947.476523446] [component_supervisor_node]: [component_supervisor] 'obstacle_clearance' (obstacle_clearance.launch.py): clean SIGINT exit in 0.8s
[component_supervisor_node-2] [INFO] [1791038947.477056659] [component_supervisor_node]: [component_supervisor] 'wall_distance' (wall_distance.launch.py): clean SIGINT exit in 0.8s
[component_supervisor_node-2] [WARN] [1791038947.509384929] [component_supervisor_node]: [component_supervisor] FastDDS SHM sweep (shutdown): found 148 fastrtps file(s) (29 still in use, 119 orphaned) -- removed 119/119 orphaned file(s). Sample removed: ['/dev/shm/fastrtps_3dfeedc433400218_el', '/dev/shm/fastrtps_port28661', '/dev/shm/fastrtps_port28667_el', '/dev/shm/fastrtps_port28669', '/dev/shm/fastrtps_port28671'].
[INFO] [component_supervisor_node-2]: process has finished cleanly [pid 505862]
[ERROR] [fastdds_discovery_server-1]: process[fastdds_discovery_server-1] failed to terminate '5' seconds after receiving 'SIGINT', escalating to 'SIGTERM'
[INFO] [fastdds_discovery_server-1]: sending signal 'SIGTERM' to process[fastdds_discovery_server-1]
[ERROR] [fastdds_discovery_server-1]: process has died [pid 505861, exit code -15, cmd 'python3 /home/andre/dev_ws/f1tenth_more/install/f1tenth_bringup/share/f1tenth_bringup/scripts/ensure_discovery_server.py 127.0.0.1 11811'].
