[INFO] [launch]: All log files can be found below /home/andre/dev_ws/f1tenth_more/output/fix_batch_4/isolation/udp/run_29/ros_log/2026-10-03-17-38-54-171682-thor-597355
[INFO] [launch]: Default logging verbosity is set to INFO
[INFO] [taskset-1]: process started with pid [597459]
[taskset-1] [INFO] [1791041938.132499360] [swept_clearance_node]: swept_clearance_node up: lidar /scan, depth /zed2/zed_node/depth/depth_registered; steering /ackermann_drive as lagged_command (lag 0.30 s) -> /perception/swept_clearance
[taskset-1] [WARN] [1791041938.140430398] [swept_clearance_node]: every clearance sensor is stale (lidar never received, camera never received); publishing 0.0
[taskset-1] [WARN] [1791041940.183637584] [swept_clearance_node]: every clearance sensor is stale (lidar never received, camera never received); publishing 0.0
[taskset-1] [WARN] [1791041942.184360737] [swept_clearance_node]: every clearance sensor is stale (lidar never received, camera never received); publishing 0.0
[taskset-1] [WARN] [1791041944.234376983] [swept_clearance_node]: every clearance sensor is stale (lidar never received, camera never received); publishing 0.0
[taskset-1] [WARN] [1791041946.234439034] [swept_clearance_node]: every clearance sensor is stale (lidar never received, camera never received); publishing 0.0
[taskset-1] [WARN] [1791041948.283822104] [swept_clearance_node]: every clearance sensor is stale (lidar never received, camera never received); publishing 0.0
[taskset-1] [WARN] [1791041950.284202155] [swept_clearance_node]: every clearance sensor is stale (lidar never received, camera never received); publishing 0.0
[taskset-1] [WARN] [1791041952.334294907] [swept_clearance_node]: every clearance sensor is stale (lidar never received, camera never received); publishing 0.0
[taskset-1] [WARN] [1791041954.334332958] [swept_clearance_node]: every clearance sensor is stale (lidar never received, camera never received); publishing 0.0
[taskset-1] [WARN] [1791041956.384846671] [swept_clearance_node]: every clearance sensor is stale (lidar never received, camera never received); publishing 0.0
[taskset-1] [INFO] [1791041956.832764372] [swept_clearance_node]: base_link <- laser: t=(0.120, 0.000, 0.200) m
[taskset-1] [WARN] [1791041956.843726756] [swept_clearance_node]: ignoring stale clearance sensor (camera never received)
[taskset-1] [WARN] [1791041958.883812914] [swept_clearance_node]: ignoring stale clearance sensor (camera never received)
[taskset-1] [WARN] [1791041960.933720497] [swept_clearance_node]: ignoring stale clearance sensor (camera never received)
[taskset-1] [WARN] [1791041962.933839196] [swept_clearance_node]: ignoring stale clearance sensor (camera never received)
[taskset-1] [WARN] [1791041964.983857972] [swept_clearance_node]: ignoring stale clearance sensor (camera never received)
[taskset-1] [WARN] [1791041966.987476961] [swept_clearance_node]: ignoring stale clearance sensor (camera never received)
[taskset-1] [WARN] [1791041969.033776946] [swept_clearance_node]: ignoring stale clearance sensor (camera never received)
[taskset-1] [WARN] [1791041971.033859501] [swept_clearance_node]: ignoring stale clearance sensor (camera never received)
[taskset-1] [WARN] [1791041973.033952964] [swept_clearance_node]: ignoring stale clearance sensor (camera never received)
[taskset-1] [WARN] [1791041975.083935799] [swept_clearance_node]: ignoring stale clearance sensor (camera never received)
[taskset-1] [WARN] [1791041976.633828568] [swept_clearance_node]: every clearance sensor is stale (lidar 0.27 s old, camera never received); publishing 0.0
[WARNING] [launch]: user interrupted with ctrl-c (SIGINT)
[INFO] [taskset-1]: sending signal 'SIGINT' to process[taskset-1]
[taskset-1] Traceback (most recent call last):
[taskset-1]   File "/home/andre/dev_ws/f1tenth_more/install/f1tenth_perception/lib/f1tenth_perception/swept_clearance_node", line 33, in <module>
[taskset-1]     sys.exit(load_entry_point('f1tenth-perception', 'console_scripts', 'swept_clearance_node')())
[taskset-1]              ^^^^^^^^^^^^^^^^^^^^^^^^^^^^^^^^^^^^^^^^^^^^^^^^^^^^^^^^^^^^^^^^^^^^^^^^^^^^^^^^^^^
[taskset-1]   File "/home/andre/dev_ws/f1tenth_more/build/f1tenth_perception/f1tenth_perception/swept_clearance_node.py", line 317, in main
[taskset-1]     node.destroy_node()
[taskset-1]   File "/opt/ros/jazzy/lib/python3.12/site-packages/rclpy/node.py", line 1956, in destroy_node
[taskset-1]     self.destroy_publisher(self._publishers[0])
[taskset-1]   File "/opt/ros/jazzy/lib/python3.12/site-packages/rclpy/node.py", line 1836, in destroy_publisher
[taskset-1]     publisher.destroy()
[taskset-1]   File "/opt/ros/jazzy/lib/python3.12/site-packages/rclpy/publisher.py", line 105, in destroy
[taskset-1]     self.__publisher.destroy_when_not_in_use()
[taskset-1] KeyboardInterrupt
[ERROR] [taskset-1]: process has died [pid 597459, exit code -2, cmd 'taskset -c 5 /home/andre/dev_ws/f1tenth_more/install/f1tenth_perception/lib/f1tenth_perception/swept_clearance_node --ros-args -r __node:=swept_clearance_node --params-file /tmp/launch_params_g3e6sw14'].
