[INFO] [launch]: All log files can be found below /home/andre/dev_ws/f1tenth_more/output/fix_batch_4/isolation/udp/run_03/ros_log/2026-10-03-17-16-50-192517-thor-557546
[INFO] [launch]: Default logging verbosity is set to INFO
[INFO] [taskset-1]: process started with pid [557619]
[INFO] [throttle-2]: process started with pid [557620]
[INFO] [throttle-3]: process started with pid [557621]
[taskset-1] [INFO] [1791040610.538343953] [foxglove_bridge]: Starting foxglove_bridge (jazzy, 3.5.0@)
[taskset-1] [2026-10-03T15:16:50Z INFO  foxglove::websocket::server] Started server on 0.0.0.0:8765
[taskset-1] [INFO] [1791040610.540513307] [foxglove_bridge]: Server listening on port 8765
[taskset-1] [INFO] [1791040610.545270960] [foxglove_bridge]: Advertising new channel 2 for topic "/rosout"
[taskset-1] [INFO] [1791040610.546056655] [foxglove_bridge]: Advertising new channel 3 for topic "/parameter_events"
[taskset-1] [INFO] [1791040611.569395104] [foxglove_bridge]: Advertising new channel 4 for topic "/tf_static"
[taskset-1] [INFO] [1791040611.569567048] [foxglove_bridge]: Advertising new channel 5 for topic "/tf"
[taskset-1] [INFO] [1791040611.571154772] [foxglove_bridge]: Advertising new channel 6 for topic "/odometry/filtered"
[taskset-1] [INFO] [1791040611.571959005] [foxglove_bridge]: Advertising new channel 7 for topic "/map_server/transition_event"
[taskset-1] [INFO] [1791040611.571994903] [foxglove_bridge]: Advertising new channel 8 for topic "/ekf_global/odometry/filtered"
[taskset-1] [INFO] [1791040611.572659737] [foxglove_bridge]: Advertising new channel 9 for topic "/diagnostics"
[taskset-1] [INFO] [1791040611.573055210] [foxglove_bridge]: Advertising new channel 10 for topic "/bond"
[taskset-1] [INFO] [1791040611.573088673] [foxglove_bridge]: Advertising new channel 11 for topic "/slam_toolbox/transition_event"
[taskset-1] [INFO] [1791040611.573591516] [foxglove_bridge]: Advertising new channel 12 for topic "/map"
[taskset-1] [INFO] [1791040611.574305192] [foxglove_bridge]: Advertising new channel 13 for topic "/ackermann_drive"
[taskset-1] [INFO] [1791040612.436577244] [foxglove_bridge]: Advertising new channel 14 for topic "/teleop"
[taskset-1] [INFO] [1791040612.437045653] [foxglove_bridge]: Advertising new channel 15 for topic "/slam/map"
[taskset-1] [INFO] [1791040612.438116154] [foxglove_bridge]: Advertising new channel 16 for topic "/sensors/imu/raw"
[taskset-1] [INFO] [1791040612.438692848] [foxglove_bridge]: Advertising new channel 17 for topic "/sensors/core"
[taskset-1] [INFO] [1791040612.439034822] [foxglove_bridge]: Advertising new channel 18 for topic "/robot_description"
[taskset-1] [INFO] [1791040612.439053710] [foxglove_bridge]: Advertising new channel 19 for topic "/odom"
[taskset-1] [INFO] [1791040612.440973444] [foxglove_bridge]: Advertising new channel 20 for topic "/mpc/corridor_markers"
[taskset-1] [INFO] [1791040612.441321638] [foxglove_bridge]: Advertising new channel 21 for topic "/mission/status"
[taskset-1] [INFO] [1791040612.441627314] [foxglove_bridge]: Advertising new channel 22 for topic "/slam/pose_calibrated"
[taskset-1] [INFO] [1791040612.441641759] [foxglove_bridge]: Advertising new channel 23 for topic "/ekf_global/set_pose"
[taskset-1] [INFO] [1791040612.441655009] [foxglove_bridge]: Advertising new channel 24 for topic "/safety_stop"
[taskset-1] [INFO] [1791040612.441956852] [foxglove_bridge]: Advertising new channel 25 for topic "/costmap/visualization"
[taskset-1] [INFO] [1791040612.441970204] [foxglove_bridge]: Advertising new channel 26 for topic "/slam/pose"
[taskset-1] [INFO] [1791040612.442237788] [foxglove_bridge]: Advertising new channel 27 for topic "/joint_states"
[taskset-1] [INFO] [1791040612.442250649] [foxglove_bridge]: Advertising new channel 28 for topic "/drive"
[taskset-1] [INFO] [1791040612.443573586] [foxglove_bridge]: Advertising new channel 29 for topic "/costmap/semantic_tracks"
[taskset-1] [INFO] [1791040612.443858410] [foxglove_bridge]: Advertising new channel 30 for topic "/diagnostics/battery_status"
[taskset-1] [INFO] [1791040612.443878419] [foxglove_bridge]: Advertising new channel 31 for topic "/costmap/semantic_markers"
[taskset-1] [INFO] [1791040612.444380854] [foxglove_bridge]: Advertising new channel 32 for topic "/costmap/boundaries"
[taskset-1] [INFO] [1791040612.444396354] [foxglove_bridge]: Advertising new channel 33 for topic "/set_pose"
[taskset-1] [INFO] [1791040612.444627457] [foxglove_bridge]: Advertising new channel 34 for topic "/diagnostics/system_status"
[taskset-1] [INFO] [1791040612.444642337] [foxglove_bridge]: Advertising new channel 35 for topic "/camera/detections_3d"
[taskset-1] [INFO] [1791040612.444656179] [foxglove_bridge]: Advertising new channel 36 for topic "/calibration_drive"
[taskset-1] [INFO] [1791040612.444887596] [foxglove_bridge]: Advertising new channel 37 for topic "/calibration/in_progress"
[taskset-1] [INFO] [1791040612.444901855] [foxglove_bridge]: Advertising new channel 38 for topic "/costmap/safe_corridor_report"
[taskset-1] [INFO] [1791040612.445157457] [foxglove_bridge]: Advertising new channel 39 for topic "/costmap/front_clearance"
[taskset-1] [INFO] [1791040612.445481347] [foxglove_bridge]: Advertising new channel 40 for topic "/cmd_vel_nav"
[taskset-1] [INFO] [1791040613.410228230] [foxglove_bridge]: Advertising new channel 41 for topic "/perception/obstacles_2d"
[taskset-1] [INFO] [1791040613.410407675] [foxglove_bridge]: Advertising new channel 42 for topic "/perception/d_wall/psi_correction"
[taskset-1] [INFO] [1791040613.410427934] [foxglove_bridge]: Advertising new channel 43 for topic "/mpc/status"
[taskset-1] [INFO] [1791040613.415647801] [foxglove_bridge]: Advertising new channel 44 for topic "/mpc/solver_status"
[taskset-1] [INFO] [1791040613.415772542] [foxglove_bridge]: Advertising new channel 45 for topic "/mpc/min_obstacle_distance_forward"
[taskset-1] [INFO] [1791040613.415794949] [foxglove_bridge]: Advertising new channel 46 for topic "/test_campaign/logger_status"
[taskset-1] [INFO] [1791040613.415808727] [foxglove_bridge]: Advertising new channel 47 for topic "/mpc/hold"
[taskset-1] [INFO] [1791040613.416146449] [foxglove_bridge]: Advertising new channel 48 for topic "/mpc/goal_turn"
[taskset-1] [INFO] [1791040613.416166783] [foxglove_bridge]: Advertising new channel 49 for topic "/mpc/goal_reached"
[taskset-1] [INFO] [1791040613.416493718] [foxglove_bridge]: Advertising new channel 50 for topic "/mpc/goal_pose"
[taskset-1] [INFO] [1791040613.416507210] [foxglove_bridge]: Advertising new channel 51 for topic "/mpc/goal_object_end"
[taskset-1] [INFO] [1791040613.416862969] [foxglove_bridge]: Advertising new channel 52 for topic "/mpc/goal_object"
[taskset-1] [INFO] [1791040613.417171348] [foxglove_bridge]: Advertising new channel 53 for topic "/mpc/goal_drive"
[taskset-1] [INFO] [1791040613.417204543] [foxglove_bridge]: Advertising new channel 54 for topic "/model/virtual_robot/odometry"
[taskset-1] [INFO] [1791040613.417514673] [foxglove_bridge]: Advertising new channel 55 for topic "/mpc/wall_track"
[taskset-1] [INFO] [1791040613.417535849] [foxglove_bridge]: Advertising new channel 56 for topic "/imu"
[taskset-1] [INFO] [1791040613.417583692] [foxglove_bridge]: Advertising new channel 57 for topic "/perception/front_distance"
[taskset-1] [INFO] [1791040613.417600720] [foxglove_bridge]: Advertising new channel 58 for topic "/mpc/predicted_min_clearance"
[taskset-1] [INFO] [1791040613.417621914] [foxglove_bridge]: Advertising new channel 59 for topic "/mpc/min_obstacle_distance"
[taskset-1] [INFO] [1791040613.417878535] [foxglove_bridge]: Advertising new channel 60 for topic "/mpc/drive_clamp"
[taskset-1] [INFO] [1791040613.417896664] [foxglove_bridge]: Advertising new channel 61 for topic "/mpc/goal_distance"
[taskset-1] [INFO] [1791040613.417919007] [foxglove_bridge]: Advertising new channel 62 for topic "/corridor"
[taskset-1] [INFO] [1791040613.424538301] [foxglove_bridge]: Advertising new channel 63 for topic "/scan"
[taskset-1] [INFO] [1791040613.425179338] [foxglove_bridge]: Advertising new channel 64 for topic "/mpc/object_status"
[taskset-1] [INFO] [1791040614.095176247] [foxglove_bridge]: Advertising new channel 65 for topic "/test/mission_event"
[taskset-1] [INFO] [1791040614.095324164] [foxglove_bridge]: Advertising new channel 66 for topic "/safety/event"
[taskset-1] [INFO] [1791040614.096393332] [foxglove_bridge]: Advertising new channel 67 for topic "/mission/move_outcome"
[taskset-1] [INFO] [1791040614.098197010] [foxglove_bridge]: Advertising new channel 68 for topic "/camera/detections"
[taskset-1] [INFO] [1791040614.098827983] [foxglove_bridge]: Advertising new channel 69 for topic "/bt/tree_visualization"
[taskset-1] [INFO] [1791040614.098857242] [foxglove_bridge]: Advertising new channel 70 for topic "/mission/load_path"
[taskset-1] [INFO] [1791040614.099303011] [foxglove_bridge]: Advertising new channel 71 for topic "/behavior/tree_status"
[taskset-1] [INFO] [1791040615.112863151] [foxglove_bridge]: Advertising new channel 72 for topic "/zed2/zed_node/depth/camera_info"
[taskset-1] [INFO] [1791040615.113049309] [foxglove_bridge]: Advertising new channel 73 for topic "/zed2/zed_node/depth/depth_registered"
[taskset-1] [INFO] [1791040615.113117846] [foxglove_bridge]: Advertising new channel 74 for topic "/perception/swept_clearance/camera"
[taskset-1] [INFO] [1791040615.113145661] [foxglove_bridge]: Advertising new channel 75 for topic "/perception/swept_clearance"
[taskset-1] [INFO] [1791040615.113168531] [foxglove_bridge]: Advertising new channel 76 for topic "/perception/swept_clearance/steering"
[taskset-1] [INFO] [1791040615.113960430] [foxglove_bridge]: Advertising new channel 77 for topic "/perception/lidar_front_wall_virtual"
[taskset-1] [INFO] [1791040615.114604672] [foxglove_bridge]: Advertising new channel 78 for topic "/perception/lidar_front_wall"
[taskset-1] [INFO] [1791040615.114653052] [foxglove_bridge]: Advertising new channel 79 for topic "/obstacle_clearance"
[taskset-1] [INFO] [1791040615.114712135] [foxglove_bridge]: Advertising new channel 80 for topic "/perception/swept_clearance/lidar"
[taskset-1] [INFO] [1791040615.731374552] [foxglove_bridge]: Advertising new channel 81 for topic "/perception/d_wall/gate_margin"
[taskset-1] [INFO] [1791040615.732741266] [foxglove_bridge]: Advertising new channel 82 for topic "/perception/d_wall"
[taskset-1] [INFO] [1791040615.733332721] [foxglove_bridge]: Advertising new channel 83 for topic "/perception/d_wall/segment"
[taskset-1] [INFO] [1791040615.733403573] [foxglove_bridge]: Advertising new channel 84 for topic "/perception/d_wall/swept_arc"
[WARNING] [launch]: user interrupted with ctrl-c (SIGINT)
[INFO] [throttle-3]: sending signal 'SIGINT' to process[throttle-3]
[INFO] [throttle-2]: sending signal 'SIGINT' to process[throttle-2]
[INFO] [taskset-1]: sending signal 'SIGINT' to process[taskset-1]
[taskset-1] [INFO] [1791040653.724752633] [rclcpp]: signal_handler(SIGINT/SIGTERM)
[throttle-3] [INFO] [1791040653.724773643] [rclcpp]: signal_handler(SIGINT/SIGTERM)
[throttle-2] [INFO] [1791040653.725769181] [rclcpp]: signal_handler(SIGINT/SIGTERM)
[taskset-1] [INFO] [1791040653.743757468] [foxglove_bridge]: Shutting down foxglove_bridge
[taskset-1] [2026-10-03T15:17:33Z INFO  foxglove::websocket::server] Shutting down
[taskset-1] [2026-10-03T15:17:33Z INFO  foxglove::websocket::server] Shutdown complete
[taskset-1] [INFO] [1791040653.754776979] [foxglove_bridge]: Shutdown complete
[taskset-1] [INFO] [1791040653.761443635] [rclcpp]: signal_handler(SIGINT/SIGTERM)
[ERROR] [throttle-2]: process has died [pid 557620, exit code -2, cmd '/opt/ros/jazzy/lib/topic_tools/throttle messages /camera/image_raw 5.0 /camera/image_raw/viz --ros-args -r __node:=image_raw_viz_throttle'].
[ERROR] [throttle-3]: process has died [pid 557621, exit code -2, cmd '/opt/ros/jazzy/lib/topic_tools/throttle messages /camera/image_annotated 5.0 /camera/image_annotated/viz --ros-args -r __node:=image_annotated_viz_throttle'].
[INFO] [taskset-1]: process has finished cleanly [pid 557619]
