[INFO] [1791020297.240607027] [map_server]: 
	map_server lifecycle node launched. 
	Waiting on external lifecycle transitions to activate
	See https://design.ros2.org/articles/node_lifecycle.html for more information.
[INFO] [1791020297.240815480] [map_server]: Creating
[INFO] [1791020297.971940993] [map_server]: Configuring
[INFO] [1791020297.972675114] [map_io]: Loading yaml file: /home/andre/dev_ws/f1tenth_more/install/f1tenth_navigation/share/f1tenth_navigation/maps/square_100m.yaml
[INFO] [1791020297.973220881] [map_io]: resolution: 0.05
[INFO] [1791020297.973235650] [map_io]: origin[0]: -50
[INFO] [1791020297.973239131] [map_io]: origin[1]: -50
[INFO] [1791020297.973241242] [map_io]: origin[2]: 0
[INFO] [1791020297.973243520] [map_io]: free_thresh: 0.196
[INFO] [1791020297.973246141] [map_io]: occupied_thresh: 0.65
[INFO] [1791020297.973252029] [map_io]: mode: trinary
[INFO] [1791020297.973256178] [map_io]: negate: 0
[INFO] [1791020297.977013766] [map_io]: Loading image_file: /home/andre/dev_ws/f1tenth_more/install/f1tenth_navigation/share/f1tenth_navigation/maps/square_100m.pgm
[INFO] [1791020298.054663022] [map_io]: Read map /home/andre/dev_ws/f1tenth_more/install/f1tenth_navigation/share/f1tenth_navigation/maps/square_100m.pgm: 2000 X 2000 map @ 0.05 m/cell
[INFO] [1791020298.092282468] [map_server]: Activating
[INFO] [1791020298.095570232] [map_server]: Creating bond (map_server) to lifecycle manager.
[INFO] [1791020338.437437300] [rclcpp]: signal_handler(SIGINT/SIGTERM)
[INFO] [1791020338.437653476] [map_server]: Running Nav2 LifecycleNode rcl preshutdown (map_server)
[INFO] [1791020338.437830410] [map_server]: Deactivating
[INFO] [1791020338.437854688] [map_server]: Destroying bond (map_server) to lifecycle manager.
[INFO] [1791020338.448797733] [map_server]: Cleaning up
[INFO] [1791020338.448913724] [map_server]: Destroying bond (map_server) to lifecycle manager.
