[INFO] [1791020299.247810330] [behavior_executor_node]: [mission] mission_file_name parameter not set -- waiting for a path on /mission/load_path, or a call to /mission/load_mission (mission.state stays IDLE until then).
[INFO] [1791020299.250929614] [behavior_executor_node]: No goal pose received yet -- waiting on /goal_pose (see HasGoalPose).
[INFO] [1791020299.253529723] [behavior_executor_node]: BT safety config: camera_obstacle_stop=False lidar_safety_stop=True (front=0.15m side=0.15m) sys_obs_load_trip=False (needs 3 consecutive samples); camera obstacles reach the MPC via /perception/obstacles_2d regardless.
[INFO] [1791020299.357396550] [behavior_executor_node]: BT snapshot -- root=FAILURE, lanes: emergency=FAILURE | mission=FAILURE | navigation=FAILURE
[o] root [x]
    [-] emergency [x]
        [o] emergency_condition [x]
            --> IsBatteryLow [x]
            --> IsEmergencyStopTriggered [x]
            --> IsProximityTooClose [x]
            --> IsSystemOverheated [x]
        --> Stop [-]
    [-] mission [x]
        --> MissionActive [x]
        [o] mission_selector [-]
            [-] mission_object_response [-]
                --> ObjectSeen [-]
                --> HandleObjectAction [-]
            [-] mission_progress [-]
                --> PublishMoveGoal [-]
                --> GoToObject [-]
                --> CheckStopCondition [-]
                --> AdvanceMove [-]
    [-] navigation [x]
        --> HasMpcGoal [x]

[INFO] [1791020300.456277697] [behavior_executor_node]: BT snapshot -- root=FAILURE, lanes: emergency=FAILURE | mission=FAILURE | navigation=FAILURE
[o] root [x]
    [-] emergency [x]
        [o] emergency_condition [x]
            --> IsBatteryLow [x]
            --> IsEmergencyStopTriggered [x]
            --> IsProximityTooClose [x]
            --> IsSystemOverheated [x]
        --> Stop [-]
    [-] mission [x]
        --> MissionActive [x]
        [o] mission_selector [-]
            [-] mission_object_response [-]
                --> ObjectSeen [-]
                --> HandleObjectAction [-]
            [-] mission_progress [-]
                --> PublishMoveGoal [-]
                --> GoToObject [-]
                --> CheckStopCondition [-]
                --> AdvanceMove [-]
    [-] navigation [x]
        --> HasMpcGoal [x]

[INFO] [1791020301.457030420] [behavior_executor_node]: BT snapshot -- root=FAILURE, lanes: emergency=FAILURE | mission=FAILURE | navigation=FAILURE
[o] root [x]
    [-] emergency [x]
        [o] emergency_condition [x]
            --> IsBatteryLow [x]
            --> IsEmergencyStopTriggered [x]
            --> IsProximityTooClose [x]
            --> IsSystemOverheated [x]
        --> Stop [-]
    [-] mission [x]
        --> MissionActive [x]
        [o] mission_selector [-]
            [-] mission_object_response [-]
                --> ObjectSeen [-]
                --> HandleObjectAction [-]
            [-] mission_progress [-]
                --> PublishMoveGoal [-]
                --> GoToObject [-]
                --> CheckStopCondition [-]
                --> AdvanceMove [-]
    [-] navigation [x]
        --> HasMpcGoal [x]

[INFO] [1791020302.562273848] [behavior_executor_node]: BT snapshot -- root=FAILURE, lanes: emergency=FAILURE | mission=FAILURE | navigation=FAILURE
[o] root [x]
    [-] emergency [x]
        [o] emergency_condition [x]
            --> IsBatteryLow [x]
            --> IsEmergencyStopTriggered [x]
            --> IsProximityTooClose [x]
            --> IsSystemOverheated [x]
        --> Stop [-]
    [-] mission [x]
        --> MissionActive [x]
        [o] mission_selector [-]
            [-] mission_object_response [-]
                --> ObjectSeen [-]
                --> HandleObjectAction [-]
            [-] mission_progress [-]
                --> PublishMoveGoal [-]
                --> GoToObject [-]
                --> CheckStopCondition [-]
                --> AdvanceMove [-]
    [-] navigation [x]
        --> HasMpcGoal [x]

[INFO] [1791020303.563732245] [behavior_executor_node]: BT snapshot -- root=FAILURE, lanes: emergency=FAILURE | mission=FAILURE | navigation=FAILURE
[o] root [x]
    [-] emergency [x]
        [o] emergency_condition [x]
            --> IsBatteryLow [x]
            --> IsEmergencyStopTriggered [x]
            --> IsProximityTooClose [x]
            --> IsSystemOverheated [x]
        --> Stop [-]
    [-] mission [x]
        --> MissionActive [x]
        [o] mission_selector [-]
            [-] mission_object_response [-]
                --> ObjectSeen [-]
                --> HandleObjectAction [-]
            [-] mission_progress [-]
                --> PublishMoveGoal [-]
                --> GoToObject [-]
                --> CheckStopCondition [-]
                --> AdvanceMove [-]
    [-] navigation [x]
        --> HasMpcGoal [x]

[INFO] [1791020304.656963426] [behavior_executor_node]: BT snapshot -- root=FAILURE, lanes: emergency=FAILURE | mission=FAILURE | navigation=FAILURE
[o] root [x]
    [-] emergency [x]
        [o] emergency_condition [x]
            --> IsBatteryLow [x]
            --> IsEmergencyStopTriggered [x]
            --> IsProximityTooClose [x]
            --> IsSystemOverheated [x]
        --> Stop [-]
    [-] mission [x]
        --> MissionActive [x]
        [o] mission_selector [-]
            [-] mission_object_response [-]
                --> ObjectSeen [-]
                --> HandleObjectAction [-]
            [-] mission_progress [-]
                --> PublishMoveGoal [-]
                --> GoToObject [-]
                --> CheckStopCondition [-]
                --> AdvanceMove [-]
    [-] navigation [x]
        --> HasMpcGoal [x]

[INFO] [1791020305.657000189] [behavior_executor_node]: BT snapshot -- root=FAILURE, lanes: emergency=FAILURE | mission=FAILURE | navigation=FAILURE
[o] root [x]
    [-] emergency [x]
        [o] emergency_condition [x]
            --> IsBatteryLow [x]
            --> IsEmergencyStopTriggered [x]
            --> IsProximityTooClose [x]
            --> IsSystemOverheated [x]
        --> Stop [-]
    [-] mission [x]
        --> MissionActive [x]
        [o] mission_selector [-]
            [-] mission_object_response [-]
                --> ObjectSeen [-]
                --> HandleObjectAction [-]
            [-] mission_progress [-]
                --> PublishMoveGoal [-]
                --> GoToObject [-]
                --> CheckStopCondition [-]
                --> AdvanceMove [-]
    [-] navigation [x]
        --> HasMpcGoal [x]

[INFO] [1791020306.761963783] [behavior_executor_node]: BT snapshot -- root=FAILURE, lanes: emergency=FAILURE | mission=FAILURE | navigation=FAILURE
[o] root [x]
    [-] emergency [x]
        [o] emergency_condition [x]
            --> IsBatteryLow [x]
            --> IsEmergencyStopTriggered [x]
            --> IsProximityTooClose [x]
            --> IsSystemOverheated [x]
        --> Stop [-]
    [-] mission [x]
        --> MissionActive [x]
        [o] mission_selector [-]
            [-] mission_object_response [-]
                --> ObjectSeen [-]
                --> HandleObjectAction [-]
            [-] mission_progress [-]
                --> PublishMoveGoal [-]
                --> GoToObject [-]
                --> CheckStopCondition [-]
                --> AdvanceMove [-]
    [-] navigation [x]
        --> HasMpcGoal [x]

[INFO] [1791020307.857106165] [behavior_executor_node]: BT snapshot -- root=FAILURE, lanes: emergency=FAILURE | mission=FAILURE | navigation=FAILURE
[o] root [x]
    [-] emergency [x]
        [o] emergency_condition [x]
            --> IsBatteryLow [x]
            --> IsEmergencyStopTriggered [x]
            --> IsProximityTooClose [x]
            --> IsSystemOverheated [x]
        --> Stop [-]
    [-] mission [x]
        --> MissionActive [x]
        [o] mission_selector [-]
            [-] mission_object_response [-]
                --> ObjectSeen [-]
                --> HandleObjectAction [-]
            [-] mission_progress [-]
                --> PublishMoveGoal [-]
                --> GoToObject [-]
                --> CheckStopCondition [-]
                --> AdvanceMove [-]
    [-] navigation [x]
        --> HasMpcGoal [x]

[INFO] [1791020308.957175278] [behavior_executor_node]: BT snapshot -- root=FAILURE, lanes: emergency=FAILURE | mission=FAILURE | navigation=FAILURE
[o] root [x]
    [-] emergency [x]
        [o] emergency_condition [x]
            --> IsBatteryLow [x]
            --> IsEmergencyStopTriggered [x]
            --> IsProximityTooClose [x]
            --> IsSystemOverheated [x]
        --> Stop [-]
    [-] mission [x]
        --> MissionActive [x]
        [o] mission_selector [-]
            [-] mission_object_response [-]
                --> ObjectSeen [-]
                --> HandleObjectAction [-]
            [-] mission_progress [-]
                --> PublishMoveGoal [-]
                --> GoToObject [-]
                --> CheckStopCondition [-]
                --> AdvanceMove [-]
    [-] navigation [x]
        --> HasMpcGoal [x]

[INFO] [1791020309.962917454] [behavior_executor_node]: BT snapshot -- root=FAILURE, lanes: emergency=FAILURE | mission=FAILURE | navigation=FAILURE
[o] root [x]
    [-] emergency [x]
        [o] emergency_condition [x]
            --> IsBatteryLow [x]
            --> IsEmergencyStopTriggered [x]
            --> IsProximityTooClose [x]
            --> IsSystemOverheated [x]
        --> Stop [-]
    [-] mission [x]
        --> MissionActive [x]
        [o] mission_selector [-]
            [-] mission_object_response [-]
                --> ObjectSeen [-]
                --> HandleObjectAction [-]
            [-] mission_progress [-]
                --> PublishMoveGoal [-]
                --> GoToObject [-]
                --> CheckStopCondition [-]
                --> AdvanceMove [-]
    [-] navigation [x]
        --> HasMpcGoal [x]

[INFO] [1791020311.056927764] [behavior_executor_node]: BT snapshot -- root=FAILURE, lanes: emergency=FAILURE | mission=FAILURE | navigation=FAILURE
[o] root [x]
    [-] emergency [x]
        [o] emergency_condition [x]
            --> IsBatteryLow [x]
            --> IsEmergencyStopTriggered [x]
            --> IsProximityTooClose [x]
            --> IsSystemOverheated [x]
        --> Stop [-]
    [-] mission [x]
        --> MissionActive [x]
        [o] mission_selector [-]
            [-] mission_object_response [-]
                --> ObjectSeen [-]
                --> HandleObjectAction [-]
            [-] mission_progress [-]
                --> PublishMoveGoal [-]
                --> GoToObject [-]
                --> CheckStopCondition [-]
                --> AdvanceMove [-]
    [-] navigation [x]
        --> HasMpcGoal [x]

[INFO] [1791020312.077656932] [behavior_executor_node]: BT snapshot -- root=FAILURE, lanes: emergency=FAILURE | mission=FAILURE | navigation=FAILURE
[o] root [x]
    [-] emergency [x]
        [o] emergency_condition [x]
            --> IsBatteryLow [x]
            --> IsEmergencyStopTriggered [x]
            --> IsProximityTooClose [x]
            --> IsSystemOverheated [x]
        --> Stop [-]
    [-] mission [x]
        --> MissionActive [x]
        [o] mission_selector [-]
            [-] mission_object_response [-]
                --> ObjectSeen [-]
                --> HandleObjectAction [-]
            [-] mission_progress [-]
                --> PublishMoveGoal [-]
                --> GoToObject [-]
                --> CheckStopCondition [-]
                --> AdvanceMove [-]
    [-] navigation [x]
        --> HasMpcGoal [x]

[INFO] [1791020313.156868611] [behavior_executor_node]: BT snapshot -- root=FAILURE, lanes: emergency=FAILURE | mission=FAILURE | navigation=FAILURE
[o] root [x]
    [-] emergency [x]
        [o] emergency_condition [x]
            --> IsBatteryLow [x]
            --> IsEmergencyStopTriggered [x]
            --> IsProximityTooClose [x]
            --> IsSystemOverheated [x]
        --> Stop [-]
    [-] mission [x]
        --> MissionActive [x]
        [o] mission_selector [-]
            [-] mission_object_response [-]
                --> ObjectSeen [-]
                --> HandleObjectAction [-]
            [-] mission_progress [-]
                --> PublishMoveGoal [-]
                --> GoToObject [-]
                --> CheckStopCondition [-]
                --> AdvanceMove [-]
    [-] navigation [x]
        --> HasMpcGoal [x]

[INFO] [1791020314.156953548] [behavior_executor_node]: BT snapshot -- root=FAILURE, lanes: emergency=FAILURE | mission=FAILURE | navigation=FAILURE
[o] root [x]
    [-] emergency [x]
        [o] emergency_condition [x]
            --> IsBatteryLow [x]
            --> IsEmergencyStopTriggered [x]
            --> IsProximityTooClose [x]
            --> IsSystemOverheated [x]
        --> Stop [-]
    [-] mission [x]
        --> MissionActive [x]
        [o] mission_selector [-]
            [-] mission_object_response [-]
                --> ObjectSeen [-]
                --> HandleObjectAction [-]
            [-] mission_progress [-]
                --> PublishMoveGoal [-]
                --> GoToObject [-]
                --> CheckStopCondition [-]
                --> AdvanceMove [-]
    [-] navigation [x]
        --> HasMpcGoal [x]

[INFO] [1791020315.262140521] [behavior_executor_node]: BT snapshot -- root=FAILURE, lanes: emergency=FAILURE | mission=FAILURE | navigation=FAILURE
[o] root [x]
    [-] emergency [x]
        [o] emergency_condition [x]
            --> IsBatteryLow [x]
            --> IsEmergencyStopTriggered [x]
            --> IsProximityTooClose [x]
            --> IsSystemOverheated [x]
        --> Stop [-]
    [-] mission [x]
        --> MissionActive [x]
        [o] mission_selector [-]
            [-] mission_object_response [-]
                --> ObjectSeen [-]
                --> HandleObjectAction [-]
            [-] mission_progress [-]
                --> PublishMoveGoal [-]
                --> GoToObject [-]
                --> CheckStopCondition [-]
                --> AdvanceMove [-]
    [-] navigation [x]
        --> HasMpcGoal [x]

[INFO] [1791020316.357053959] [behavior_executor_node]: BT snapshot -- root=FAILURE, lanes: emergency=FAILURE | mission=FAILURE | navigation=FAILURE
[o] root [x]
    [-] emergency [x]
        [o] emergency_condition [x]
            --> IsBatteryLow [x]
            --> IsEmergencyStopTriggered [x]
            --> IsProximityTooClose [x]
            --> IsSystemOverheated [x]
        --> Stop [-]
    [-] mission [x]
        --> MissionActive [x]
        [o] mission_selector [-]
            [-] mission_object_response [-]
                --> ObjectSeen [-]
                --> HandleObjectAction [-]
            [-] mission_progress [-]
                --> PublishMoveGoal [-]
                --> GoToObject [-]
                --> CheckStopCondition [-]
                --> AdvanceMove [-]
    [-] navigation [x]
        --> HasMpcGoal [x]

[INFO] [1791020317.364234120] [behavior_executor_node]: BT snapshot -- root=FAILURE, lanes: emergency=FAILURE | mission=FAILURE | navigation=FAILURE
[o] root [x]
    [-] emergency [x]
        [o] emergency_condition [x]
            --> IsBatteryLow [x]
            --> IsEmergencyStopTriggered [x]
            --> IsProximityTooClose [x]
            --> IsSystemOverheated [x]
        --> Stop [-]
    [-] mission [x]
        --> MissionActive [x]
        [o] mission_selector [-]
            [-] mission_object_response [-]
                --> ObjectSeen [-]
                --> HandleObjectAction [-]
            [-] mission_progress [-]
                --> PublishMoveGoal [-]
                --> GoToObject [-]
                --> CheckStopCondition [-]
                --> AdvanceMove [-]
    [-] navigation [x]
        --> HasMpcGoal [x]

[INFO] [1791020318.457057639] [behavior_executor_node]: BT snapshot -- root=FAILURE, lanes: emergency=FAILURE | mission=FAILURE | navigation=FAILURE
[o] root [x]
    [-] emergency [x]
        [o] emergency_condition [x]
            --> IsBatteryLow [x]
            --> IsEmergencyStopTriggered [x]
            --> IsProximityTooClose [x]
            --> IsSystemOverheated [x]
        --> Stop [-]
    [-] mission [x]
        --> MissionActive [x]
        [o] mission_selector [-]
            [-] mission_object_response [-]
                --> ObjectSeen [-]
                --> HandleObjectAction [-]
            [-] mission_progress [-]
                --> PublishMoveGoal [-]
                --> GoToObject [-]
                --> CheckStopCondition [-]
                --> AdvanceMove [-]
    [-] navigation [x]
        --> HasMpcGoal [x]

[INFO] [1791020319.457343219] [behavior_executor_node]: BT snapshot -- root=FAILURE, lanes: emergency=FAILURE | mission=FAILURE | navigation=FAILURE
[o] root [x]
    [-] emergency [x]
        [o] emergency_condition [x]
            --> IsBatteryLow [x]
            --> IsEmergencyStopTriggered [x]
            --> IsProximityTooClose [x]
            --> IsSystemOverheated [x]
        --> Stop [-]
    [-] mission [x]
        --> MissionActive [x]
        [o] mission_selector [-]
            [-] mission_object_response [-]
                --> ObjectSeen [-]
                --> HandleObjectAction [-]
            [-] mission_progress [-]
                --> PublishMoveGoal [-]
                --> GoToObject [-]
                --> CheckStopCondition [-]
                --> AdvanceMove [-]
    [-] navigation [x]
        --> HasMpcGoal [x]

[INFO] [1791020320.463981091] [behavior_executor_node]: BT snapshot -- root=FAILURE, lanes: emergency=FAILURE | mission=FAILURE | navigation=FAILURE
[o] root [x]
    [-] emergency [x]
        [o] emergency_condition [x]
            --> IsBatteryLow [x]
            --> IsEmergencyStopTriggered [x]
            --> IsProximityTooClose [x]
            --> IsSystemOverheated [x]
        --> Stop [-]
    [-] mission [x]
        --> MissionActive [x]
        [o] mission_selector [-]
            [-] mission_object_response [-]
                --> ObjectSeen [-]
                --> HandleObjectAction [-]
            [-] mission_progress [-]
                --> PublishMoveGoal [-]
                --> GoToObject [-]
                --> CheckStopCondition [-]
                --> AdvanceMove [-]
    [-] navigation [x]
        --> HasMpcGoal [x]

[INFO] [1791020320.687645960] [behavior_executor_node]: [IsProximityTooClose] DIAG /scan layout (first message): angle_min=-2.3562 rad (-135.0 deg), angle_max=2.3562 rad (+135.0 deg), angle_increment=0.004363 rad (0.2500 deg), range_min=0.020 m, len(ranges)=1081
[INFO] [1791020320.689030486] [behavior_executor_node]: [IsProximityTooClose] DIAG scan: total=1081 in_window=721 excluded_by_filter=0 min_in_window=0.621 front_min=1.651
[INFO] [1791020321.556105265] [behavior_executor_node]: BT snapshot -- root=FAILURE, lanes: emergency=FAILURE | mission=FAILURE | navigation=FAILURE
[o] root [x]
    [-] emergency [x]
        [o] emergency_condition [x]
            --> IsBatteryLow [x]
            --> IsEmergencyStopTriggered [x]
            --> IsProximityTooClose [x]
            --> IsSystemOverheated [x]
        --> Stop [-]
    [-] mission [x]
        --> MissionActive [x]
        [o] mission_selector [-]
            [-] mission_object_response [-]
                --> ObjectSeen [-]
                --> HandleObjectAction [-]
            [-] mission_progress [-]
                --> PublishMoveGoal [-]
                --> GoToObject [-]
                --> CheckStopCondition [-]
                --> AdvanceMove [-]
    [-] navigation [x]
        --> HasMpcGoal [x]

[INFO] [1791020322.556141312] [behavior_executor_node]: BT snapshot -- root=FAILURE, lanes: emergency=FAILURE | mission=FAILURE | navigation=FAILURE
[o] root [x]
    [-] emergency [x]
        [o] emergency_condition [x]
            --> IsBatteryLow [x]
            --> IsEmergencyStopTriggered [x]
            --> IsProximityTooClose [x]
            --> IsSystemOverheated [x]
        --> Stop [-]
    [-] mission [x]
        --> MissionActive [x]
        [o] mission_selector [-]
            [-] mission_object_response [-]
                --> ObjectSeen [-]
                --> HandleObjectAction [-]
            [-] mission_progress [-]
                --> PublishMoveGoal [-]
                --> GoToObject [-]
                --> CheckStopCondition [-]
                --> AdvanceMove [-]
    [-] navigation [x]
        --> HasMpcGoal [x]

[INFO] [1791020322.700212905] [behavior_executor_node]: [IsProximityTooClose] DIAG scan: total=1081 in_window=721 excluded_by_filter=0 min_in_window=0.574 front_min=1.643
[INFO] [1791020323.557593804] [behavior_executor_node]: BT snapshot -- root=FAILURE, lanes: emergency=FAILURE | mission=FAILURE | navigation=FAILURE
[o] root [x]
    [-] emergency [x]
        [o] emergency_condition [x]
            --> IsBatteryLow [x]
            --> IsEmergencyStopTriggered [x]
            --> IsProximityTooClose [x]
            --> IsSystemOverheated [x]
        --> Stop [-]
    [-] mission [x]
        --> MissionActive [x]
        [o] mission_selector [-]
            [-] mission_object_response [-]
                --> ObjectSeen [-]
                --> HandleObjectAction [-]
            [-] mission_progress [-]
                --> PublishMoveGoal [-]
                --> GoToObject [-]
                --> CheckStopCondition [-]
                --> AdvanceMove [-]
    [-] navigation [x]
        --> HasMpcGoal [x]

[INFO] [1791020324.656698496] [behavior_executor_node]: BT snapshot -- root=FAILURE, lanes: emergency=FAILURE | mission=FAILURE | navigation=FAILURE
[o] root [x]
    [-] emergency [x]
        [o] emergency_condition [x]
            --> IsBatteryLow [x]
            --> IsEmergencyStopTriggered [x]
            --> IsProximityTooClose [x]
            --> IsSystemOverheated [x]
        --> Stop [-]
    [-] mission [x]
        --> MissionActive [x]
        [o] mission_selector [-]
            [-] mission_object_response [-]
                --> ObjectSeen [-]
                --> HandleObjectAction [-]
            [-] mission_progress [-]
                --> PublishMoveGoal [-]
                --> GoToObject [-]
                --> CheckStopCondition [-]
                --> AdvanceMove [-]
    [-] navigation [x]
        --> HasMpcGoal [x]

[INFO] [1791020324.879729522] [behavior_executor_node]: [IsProximityTooClose] DIAG scan: total=1081 in_window=721 excluded_by_filter=0 min_in_window=0.590 front_min=1.513
[INFO] [1791020325.660698373] [behavior_executor_node]: BT snapshot -- root=FAILURE, lanes: emergency=FAILURE | mission=FAILURE | navigation=FAILURE
[o] root [x]
    [-] emergency [x]
        [o] emergency_condition [x]
            --> IsBatteryLow [x]
            --> IsEmergencyStopTriggered [x]
            --> IsProximityTooClose [x]
            --> IsSystemOverheated [x]
        --> Stop [-]
    [-] mission [x]
        --> MissionActive [x]
        [o] mission_selector [-]
            [-] mission_object_response [-]
                --> ObjectSeen [-]
                --> HandleObjectAction [-]
            [-] mission_progress [-]
                --> PublishMoveGoal [-]
                --> GoToObject [-]
                --> CheckStopCondition [-]
                --> AdvanceMove [-]
    [-] navigation [x]
        --> HasMpcGoal [x]

[INFO] [1791020326.756765123] [behavior_executor_node]: BT snapshot -- root=FAILURE, lanes: emergency=FAILURE | mission=FAILURE | navigation=FAILURE
[o] root [x]
    [-] emergency [x]
        [o] emergency_condition [x]
            --> IsBatteryLow [x]
            --> IsEmergencyStopTriggered [x]
            --> IsProximityTooClose [x]
            --> IsSystemOverheated [x]
        --> Stop [-]
    [-] mission [x]
        --> MissionActive [x]
        [o] mission_selector [-]
            [-] mission_object_response [-]
                --> ObjectSeen [-]
                --> HandleObjectAction [-]
            [-] mission_progress [-]
                --> PublishMoveGoal [-]
                --> GoToObject [-]
                --> CheckStopCondition [-]
                --> AdvanceMove [-]
    [-] navigation [x]
        --> HasMpcGoal [x]

[INFO] [1791020326.962023592] [behavior_executor_node]: [IsProximityTooClose] DIAG scan: total=1081 in_window=721 excluded_by_filter=0 min_in_window=0.605 front_min=1.465
[INFO] [1791020327.856040064] [behavior_executor_node]: BT snapshot -- root=FAILURE, lanes: emergency=FAILURE | mission=FAILURE | navigation=FAILURE
[o] root [x]
    [-] emergency [x]
        [o] emergency_condition [x]
            --> IsBatteryLow [x]
            --> IsEmergencyStopTriggered [x]
            --> IsProximityTooClose [x]
            --> IsSystemOverheated [x]
        --> Stop [-]
    [-] mission [x]
        --> MissionActive [x]
        [o] mission_selector [-]
            [-] mission_object_response [-]
                --> ObjectSeen [-]
                --> HandleObjectAction [-]
            [-] mission_progress [-]
                --> PublishMoveGoal [-]
                --> GoToObject [-]
                --> CheckStopCondition [-]
                --> AdvanceMove [-]
    [-] navigation [x]
        --> HasMpcGoal [x]

[INFO] [1791020328.859735830] [behavior_executor_node]: BT snapshot -- root=FAILURE, lanes: emergency=FAILURE | mission=FAILURE | navigation=FAILURE
[o] root [x]
    [-] emergency [x]
        [o] emergency_condition [x]
            --> IsBatteryLow [x]
            --> IsEmergencyStopTriggered [x]
            --> IsProximityTooClose [x]
            --> IsSystemOverheated [x]
        --> Stop [-]
    [-] mission [x]
        --> MissionActive [x]
        [o] mission_selector [-]
            [-] mission_object_response [-]
                --> ObjectSeen [-]
                --> HandleObjectAction [-]
            [-] mission_progress [-]
                --> PublishMoveGoal [-]
                --> GoToObject [-]
                --> CheckStopCondition [-]
                --> AdvanceMove [-]
    [-] navigation [x]
        --> HasMpcGoal [x]

[INFO] [1791020328.983203803] [behavior_executor_node]: [IsProximityTooClose] DIAG scan: total=1081 in_window=721 excluded_by_filter=0 min_in_window=1.059 front_min=1.152
[INFO] [1791020329.868641672] [behavior_executor_node]: BT snapshot -- root=FAILURE, lanes: emergency=FAILURE | mission=FAILURE | navigation=FAILURE
[o] root [x]
    [-] emergency [x]
        [o] emergency_condition [x]
            --> IsBatteryLow [x]
            --> IsEmergencyStopTriggered [x]
            --> IsProximityTooClose [x]
            --> IsSystemOverheated [x]
        --> Stop [-]
    [-] mission [x]
        --> MissionActive [x]
        [o] mission_selector [-]
            [-] mission_object_response [-]
                --> ObjectSeen [-]
                --> HandleObjectAction [-]
            [-] mission_progress [-]
                --> PublishMoveGoal [-]
                --> GoToObject [-]
                --> CheckStopCondition [-]
                --> AdvanceMove [-]
    [-] navigation [x]
        --> HasMpcGoal [x]

[INFO] [1791020330.956004540] [behavior_executor_node]: BT snapshot -- root=FAILURE, lanes: emergency=FAILURE | mission=FAILURE | navigation=FAILURE
[o] root [x]
    [-] emergency [x]
        [o] emergency_condition [x]
            --> IsBatteryLow [x]
            --> IsEmergencyStopTriggered [x]
            --> IsProximityTooClose [x]
            --> IsSystemOverheated [x]
        --> Stop [-]
    [-] mission [x]
        --> MissionActive [x]
        [o] mission_selector [-]
            [-] mission_object_response [-]
                --> ObjectSeen [-]
                --> HandleObjectAction [-]
            [-] mission_progress [-]
                --> PublishMoveGoal [-]
                --> GoToObject [-]
                --> CheckStopCondition [-]
                --> AdvanceMove [-]
    [-] navigation [x]
        --> HasMpcGoal [x]

[INFO] [1791020331.056124490] [behavior_executor_node]: [IsProximityTooClose] DIAG scan: total=1081 in_window=721 excluded_by_filter=0 min_in_window=0.864 front_min=1.012
[INFO] [1791020331.956436371] [behavior_executor_node]: BT snapshot -- root=FAILURE, lanes: emergency=FAILURE | mission=FAILURE | navigation=FAILURE
[o] root [x]
    [-] emergency [x]
        [o] emergency_condition [x]
            --> IsBatteryLow [x]
            --> IsEmergencyStopTriggered [x]
            --> IsProximityTooClose [x]
            --> IsSystemOverheated [x]
        --> Stop [-]
    [-] mission [x]
        --> MissionActive [x]
        [o] mission_selector [-]
            [-] mission_object_response [-]
                --> ObjectSeen [-]
                --> HandleObjectAction [-]
            [-] mission_progress [-]
                --> PublishMoveGoal [-]
                --> GoToObject [-]
                --> CheckStopCondition [-]
                --> AdvanceMove [-]
    [-] navigation [x]
        --> HasMpcGoal [x]

[INFO] [1791020333.177252007] [behavior_executor_node]: BT snapshot -- root=FAILURE, lanes: emergency=FAILURE | mission=FAILURE | navigation=FAILURE
[o] root [x]
    [-] emergency [x]
        [o] emergency_condition [x]
            --> IsBatteryLow [x]
            --> IsEmergencyStopTriggered [x]
            --> IsProximityTooClose [x]
            --> IsSystemOverheated [x]
        --> Stop [-]
    [-] mission [x]
        --> MissionActive [x]
        [o] mission_selector [-]
            [-] mission_object_response [-]
                --> ObjectSeen [-]
                --> HandleObjectAction [-]
            [-] mission_progress [-]
                --> PublishMoveGoal [-]
                --> GoToObject [-]
                --> CheckStopCondition [-]
                --> AdvanceMove [-]
    [-] navigation [x]
        --> HasMpcGoal [x]

[INFO] [1791020333.179442820] [behavior_executor_node]: [IsProximityTooClose] DIAG scan: total=1081 in_window=721 excluded_by_filter=0 min_in_window=0.756 front_min=1.872
[INFO] [1791020334.256071438] [behavior_executor_node]: BT snapshot -- root=FAILURE, lanes: emergency=FAILURE | mission=FAILURE | navigation=FAILURE
[o] root [x]
    [-] emergency [x]
        [o] emergency_condition [x]
            --> IsBatteryLow [x]
            --> IsEmergencyStopTriggered [x]
            --> IsProximityTooClose [x]
            --> IsSystemOverheated [x]
        --> Stop [-]
    [-] mission [x]
        --> MissionActive [x]
        [o] mission_selector [-]
            [-] mission_object_response [-]
                --> ObjectSeen [-]
                --> HandleObjectAction [-]
            [-] mission_progress [-]
                --> PublishMoveGoal [-]
                --> GoToObject [-]
                --> CheckStopCondition [-]
                --> AdvanceMove [-]
    [-] navigation [x]
        --> HasMpcGoal [x]

[INFO] [1791020335.365693856] [behavior_executor_node]: BT snapshot -- root=FAILURE, lanes: emergency=FAILURE | mission=FAILURE | navigation=FAILURE
[o] root [x]
    [-] emergency [x]
        [o] emergency_condition [x]
            --> IsBatteryLow [x]
            --> IsEmergencyStopTriggered [x]
            --> IsProximityTooClose [x]
            --> IsSystemOverheated [x]
        --> Stop [-]
    [-] mission [x]
        --> MissionActive [x]
        [o] mission_selector [-]
            [-] mission_object_response [-]
                --> ObjectSeen [-]
                --> HandleObjectAction [-]
            [-] mission_progress [-]
                --> PublishMoveGoal [-]
                --> GoToObject [-]
                --> CheckStopCondition [-]
                --> AdvanceMove [-]
    [-] navigation [x]
        --> HasMpcGoal [x]

[INFO] [1791020335.367612577] [behavior_executor_node]: [IsProximityTooClose] DIAG scan: total=1081 in_window=721 excluded_by_filter=0 min_in_window=0.825 front_min=1.391
[INFO] [1791020336.456117007] [behavior_executor_node]: BT snapshot -- root=FAILURE, lanes: emergency=FAILURE | mission=FAILURE | navigation=FAILURE
[o] root [x]
    [-] emergency [x]
        [o] emergency_condition [x]
            --> IsBatteryLow [x]
            --> IsEmergencyStopTriggered [x]
            --> IsProximityTooClose [x]
            --> IsSystemOverheated [x]
        --> Stop [-]
    [-] mission [x]
        --> MissionActive [x]
        [o] mission_selector [-]
            [-] mission_object_response [-]
                --> ObjectSeen [-]
                --> HandleObjectAction [-]
            [-] mission_progress [-]
                --> PublishMoveGoal [-]
                --> GoToObject [-]
                --> CheckStopCondition [-]
                --> AdvanceMove [-]
    [-] navigation [x]
        --> HasMpcGoal [x]

[INFO] [1791020337.391482715] [behavior_executor_node]: [IsProximityTooClose] DIAG scan: total=1081 in_window=721 excluded_by_filter=0 min_in_window=0.834 front_min=1.278
[INFO] [1791020337.456560150] [behavior_executor_node]: BT snapshot -- root=FAILURE, lanes: emergency=FAILURE | mission=FAILURE | navigation=FAILURE
[o] root [x]
    [-] emergency [x]
        [o] emergency_condition [x]
            --> IsBatteryLow [x]
            --> IsEmergencyStopTriggered [x]
            --> IsProximityTooClose [x]
            --> IsSystemOverheated [x]
        --> Stop [-]
    [-] mission [x]
        --> MissionActive [x]
        [o] mission_selector [-]
            [-] mission_object_response [-]
                --> ObjectSeen [-]
                --> HandleObjectAction [-]
            [-] mission_progress [-]
                --> PublishMoveGoal [-]
                --> GoToObject [-]
                --> CheckStopCondition [-]
                --> AdvanceMove [-]
    [-] navigation [x]
        --> HasMpcGoal [x]

