[INFO] [launch]: All log files can be found below /home/andre/dev_ws/f1tenth_more/output/fix_batch_4/isolation/gap/run_13/ros_log/2026-10-03-18-03-01-728961-thor-622313
[INFO] [launch]: Default logging verbosity is set to INFO
[INFO] [fastdds_discovery_server-1]: process started with pid [622371]
[INFO] [component_supervisor_node-2]: process started with pid [622372]
[fastdds_discovery_server-1] [ensure_discovery_server] 127.0.0.1:11811 already has a live listener (an earlier session's server, deliberately still running by design -- see stack_params.yaml's own discovery_server_address/_port comment) -- reusing it, not starting a duplicate. This process will now idle harmlessly for the life of this launch.
[component_supervisor_node-2] [WARN] [1791043382.420189544] [component_supervisor_node]: [component_supervisor] FastDDS SHM sweep (startup): found 36 fastrtps file(s) (22 still in use, 14 orphaned) -- removed 14/14 orphaned file(s). Sample removed: ['/dev/shm/fastrtps_492cb36d614da981', '/dev/shm/fastrtps_a2951d68b4e988b5', '/dev/shm/fastrtps_a2951d68b4e988b5_el', '/dev/shm/fastrtps_port28673', '/dev/shm/fastrtps_port28675'].
[component_supervisor_node-2] [INFO] [1791043382.522416826] [component_supervisor_node]: [component_supervisor] Registry: ['behavior', 'calibrate_hardware', 'control', 'dev_tools', 'diagnostics', 'hardware', 'intelligence', 'lidar_front_wall', 'localization', 'navigation', 'obstacle_clearance', 'perception', 'slam', 'startup_sequence', 'swept_clearance', 'wall_distance']. Auto-starting: ['behavior', 'control', 'dev_tools', 'diagnostics', 'hardware', 'lidar_front_wall', 'localization', 'navigation', 'obstacle_clearance', 'perception', 'slam', 'swept_clearance', 'wall_distance']. Log dir: /home/andre/dev_ws/f1tenth_more/output/fix_batch_4/isolation/gap/run_13/supervisor
[component_supervisor_node-2] [INFO] [1791043382.524739300] [component_supervisor_node]: [component_supervisor] Started 'navigation': ros2 launch f1tenth_navigation navigation.launch.py (pid 622401, log: /home/andre/dev_ws/f1tenth_more/output/fix_batch_4/isolation/gap/run_13/supervisor/f1tenth_navigation_navigation.launch.py.log)
[component_supervisor_node-2] [INFO] [1791043382.526510301] [component_supervisor_node]: [component_supervisor] Started 'lidar_front_wall': ros2 launch f1tenth_perception lidar_front_wall.launch.py (pid 622402, log: /home/andre/dev_ws/f1tenth_more/output/fix_batch_4/isolation/gap/run_13/supervisor/f1tenth_perception_lidar_front_wall.launch.py.log)
[component_supervisor_node-2] [INFO] [1791043382.527414070] [component_supervisor_node]: [component_supervisor] Started 'dev_tools': ros2 launch f1tenth_bringup foxglove_bridge.launch.py (pid 622403, log: /home/andre/dev_ws/f1tenth_more/output/fix_batch_4/isolation/gap/run_13/supervisor/f1tenth_bringup_foxglove_bridge.launch.py.log)
[component_supervisor_node-2] [INFO] [1791043382.528325655] [component_supervisor_node]: [component_supervisor] Started 'control': ros2 launch f1tenth_control ackermann_mux.launch.py (pid 622404, log: /home/andre/dev_ws/f1tenth_more/output/fix_batch_4/isolation/gap/run_13/supervisor/f1tenth_control_ackermann_mux.launch.py.log)
[component_supervisor_node-2] [INFO] [1791043382.529184025] [component_supervisor_node]: [component_supervisor] Started 'swept_clearance': ros2 launch f1tenth_perception swept_clearance.launch.py (pid 622405, log: /home/andre/dev_ws/f1tenth_more/output/fix_batch_4/isolation/gap/run_13/supervisor/f1tenth_perception_swept_clearance.launch.py.log)
[component_supervisor_node-2] [INFO] [1791043382.530118063] [component_supervisor_node]: [component_supervisor] Started 'behavior': ros2 launch f1tenth_behavior behavior_bringup.launch.py (pid 622406, log: /home/andre/dev_ws/f1tenth_more/output/fix_batch_4/isolation/gap/run_13/supervisor/f1tenth_behavior_behavior_bringup.launch.py.log)
[component_supervisor_node-2] [INFO] [1791043382.531297083] [component_supervisor_node]: [component_supervisor] Started 'wall_distance': ros2 launch f1tenth_perception wall_distance.launch.py (pid 622407, log: /home/andre/dev_ws/f1tenth_more/output/fix_batch_4/isolation/gap/run_13/supervisor/f1tenth_perception_wall_distance.launch.py.log)
[component_supervisor_node-2] [INFO] [1791043382.532405694] [component_supervisor_node]: [component_supervisor] Started 'localization': ros2 launch f1tenth_localization localization.launch.py (pid 622408, log: /home/andre/dev_ws/f1tenth_more/output/fix_batch_4/isolation/gap/run_13/supervisor/f1tenth_localization_localization.launch.py.log)
[component_supervisor_node-2] [INFO] [1791043382.533274593] [component_supervisor_node]: [component_supervisor] Started 'slam': ros2 launch f1tenth_navigation slam.launch.py (pid 622409, log: /home/andre/dev_ws/f1tenth_more/output/fix_batch_4/isolation/gap/run_13/supervisor/f1tenth_navigation_slam.launch.py.log)
[component_supervisor_node-2] [INFO] [1791043382.534268093] [component_supervisor_node]: [component_supervisor] Started 'slam': ros2 launch f1tenth_costmap costmap.launch.py (pid 622410, log: /home/andre/dev_ws/f1tenth_more/output/fix_batch_4/isolation/gap/run_13/supervisor/f1tenth_costmap_costmap.launch.py.log)
[component_supervisor_node-2] [INFO] [1791043382.535170761] [component_supervisor_node]: [component_supervisor] Started 'obstacle_clearance': ros2 launch f1tenth_perception obstacle_clearance.launch.py (pid 622411, log: /home/andre/dev_ws/f1tenth_more/output/fix_batch_4/isolation/gap/run_13/supervisor/f1tenth_perception_obstacle_clearance.launch.py.log)
[component_supervisor_node-2] [INFO] [1791043382.536102715] [component_supervisor_node]: [component_supervisor] Started 'diagnostics': ros2 launch f1tenth_diagnostics system_observer.launch.py (pid 622412, log: /home/andre/dev_ws/f1tenth_more/output/fix_batch_4/isolation/gap/run_13/supervisor/f1tenth_diagnostics_system_observer.launch.py.log)
[component_supervisor_node-2] [INFO] [1791043382.537017002] [component_supervisor_node]: [component_supervisor] Started 'diagnostics': ros2 launch f1tenth_diagnostics diagnostics_server.launch.py (pid 622413, log: /home/andre/dev_ws/f1tenth_more/output/fix_batch_4/isolation/gap/run_13/supervisor/f1tenth_diagnostics_diagnostics_server.launch.py.log)
[component_supervisor_node-2] [INFO] [1791043382.543093980] [component_supervisor_node]: [component_supervisor] Started 'diagnostics': ros2 launch f1tenth_logger mission_logger.launch.py mission_logger_runs_dir:=/home/andre/dev_ws/f1tenth_more/output/fix_batch_4/isolation/gap/run_13/runs (pid 622414, log: /home/andre/dev_ws/f1tenth_more/output/fix_batch_4/isolation/gap/run_13/supervisor/f1tenth_logger_mission_logger.launch.py.log)
[WARNING] [launch]: user interrupted with ctrl-c (SIGINT)
[INFO] [component_supervisor_node-2]: sending signal 'SIGINT' to process[component_supervisor_node-2]
[INFO] [fastdds_discovery_server-1]: sending signal 'SIGINT' to process[fastdds_discovery_server-1]
[fastdds_discovery_server-1] Traceback (most recent call last):
[fastdds_discovery_server-1]   File "/home/andre/dev_ws/f1tenth_more/install/f1tenth_bringup/share/f1tenth_bringup/scripts/ensure_discovery_server.py", line 124, in <module>
[fastdds_discovery_server-1]     main()
[fastdds_discovery_server-1]   File "/home/andre/dev_ws/f1tenth_more/install/f1tenth_bringup/share/f1tenth_bringup/scripts/ensure_discovery_server.py", line 89, in main
[fastdds_discovery_server-1]     signal_wait.wait()
[fastdds_discovery_server-1]   File "/usr/lib/python3.12/subprocess.py", line 1264, in wait
[fastdds_discovery_server-1]     return self._wait(timeout=timeout)
[fastdds_discovery_server-1]            ^^^^^^^^^^^^^^^^^^^^^^^^^^^
[fastdds_discovery_server-1]   File "/usr/lib/python3.12/subprocess.py", line 2053, in _wait
[fastdds_discovery_server-1]     (pid, sts) = self._try_wait(0)
[fastdds_discovery_server-1]                  ^^^^^^^^^^^^^^^^^
[fastdds_discovery_server-1]   File "/usr/lib/python3.12/subprocess.py", line 2011, in _try_wait
[fastdds_discovery_server-1]     (pid, sts) = os.waitpid(self.pid, wait_flags)
[fastdds_discovery_server-1]                  ^^^^^^^^^^^^^^^^^^^^^^^^^^^^^^^^
[fastdds_discovery_server-1] KeyboardInterrupt
[ERROR] [fastdds_discovery_server-1]: process has died [pid 622371, exit code -2, cmd 'python3 /home/andre/dev_ws/f1tenth_more/install/f1tenth_bringup/share/f1tenth_bringup/scripts/ensure_discovery_server.py 127.0.0.1 11811'].
[component_supervisor_node-2] [INFO] [1791043428.553751909] [component_supervisor_node]: [component_supervisor] Received signal 2 -- shutting down all tracked components.
[component_supervisor_node-2] [INFO] [1791043428.554568642] [component_supervisor_node]: [component_supervisor] Shutting down -- stopping all components.
[component_supervisor_node-2] [INFO] [1791043429.762285202] [component_supervisor_node]: [component_supervisor] 'control' (ackermann_mux.launch.py): clean SIGINT exit in 0.3s
[component_supervisor_node-2] [INFO] [1791043429.763140665] [component_supervisor_node]: [component_supervisor] 'diagnostics' (system_observer.launch.py): clean SIGINT exit in 0.4s
[component_supervisor_node-2] [INFO] [1791043429.763701268] [component_supervisor_node]: [component_supervisor] 'diagnostics' (diagnostics_server.launch.py): clean SIGINT exit in 0.4s
[component_supervisor_node-2] [INFO] [1791043429.764238953] [component_supervisor_node]: [component_supervisor] 'diagnostics' (mission_logger.launch.py): clean SIGINT exit in 0.4s
[component_supervisor_node-2] [INFO] [1791043429.764775888] [component_supervisor_node]: [component_supervisor] 'navigation' (navigation.launch.py): clean SIGINT exit in 0.5s
[component_supervisor_node-2] [INFO] [1791043429.765320047] [component_supervisor_node]: [component_supervisor] 'localization' (localization.launch.py): clean SIGINT exit in 0.5s
[component_supervisor_node-2] [INFO] [1791043429.765861954] [component_supervisor_node]: [component_supervisor] 'slam' (costmap.launch.py): clean SIGINT exit in 0.5s
[component_supervisor_node-2] [INFO] [1791043429.766399111] [component_supervisor_node]: [component_supervisor] 'lidar_front_wall' (lidar_front_wall.launch.py): clean SIGINT exit in 0.7s
[component_supervisor_node-2] [INFO] [1791043429.766959946] [component_supervisor_node]: [component_supervisor] 'dev_tools' (foxglove_bridge.launch.py): clean SIGINT exit in 0.7s
[component_supervisor_node-2] [INFO] [1791043429.767496011] [component_supervisor_node]: [component_supervisor] 'swept_clearance' (swept_clearance.launch.py): clean SIGINT exit in 0.7s
[component_supervisor_node-2] [INFO] [1791043429.768032493] [component_supervisor_node]: [component_supervisor] 'behavior' (behavior_bringup.launch.py): clean SIGINT exit in 0.7s
[component_supervisor_node-2] [INFO] [1791043429.768569049] [component_supervisor_node]: [component_supervisor] 'wall_distance' (wall_distance.launch.py): clean SIGINT exit in 0.8s
[component_supervisor_node-2] [INFO] [1791043429.769106215] [component_supervisor_node]: [component_supervisor] 'obstacle_clearance' (obstacle_clearance.launch.py): clean SIGINT exit in 0.8s
[component_supervisor_node-2] [INFO] [1791043429.769644411] [component_supervisor_node]: [component_supervisor] 'slam' (slam.launch.py): clean SIGINT exit in 1.2s
[component_supervisor_node-2] [WARN] [1791043429.812771412] [component_supervisor_node]: [component_supervisor] FastDDS SHM sweep (shutdown): found 146 fastrtps file(s) (27 still in use, 119 orphaned) -- removed 119/119 orphaned file(s). Sample removed: ['/dev/shm/fastrtps_ce0586c9ea745903_el', '/dev/shm/fastrtps_df9e3ba44e4f97f9_el', '/dev/shm/fastrtps_e152bab41338f64b_el', '/dev/shm/fastrtps_port28667', '/dev/shm/fastrtps_port28669'].
[INFO] [component_supervisor_node-2]: process has finished cleanly [pid 622372]
