/opt/ros/jazzy/lib/python3.12/site-packages/launch/logging/__init__.py:149: UserWarning: Cannot create a symlink to latest log directory: [Errno 17] File exists: '/home/andre/dev_ws/f1tenth_more/output/fix_batch_2/hold/ros_log/2026-10-03-15-33-48-024405-thor-425506' -> '/home/andre/dev_ws/f1tenth_more/output/fix_batch_2/hold/ros_log/latest'

  warnings.warn(
[INFO] [launch]: All log files can be found below /home/andre/dev_ws/f1tenth_more/output/fix_batch_2/hold/ros_log/2026-10-03-15-33-48-024405-thor-425506
[INFO] [launch]: Default logging verbosity is set to INFO
[INFO] [taskset-1]: process started with pid [425633]
[taskset-1] [INFO] [1791034432.093585588] [lidar_front_wall_node]: lidar_front_wall_node up: /scan -> /perception/lidar_front_wall, /perception/lidar_front_wall_virtual; sector +-10.0 deg, odometry /odometry/filtered, seed /costmap/front_clearance
[taskset-1] [INFO] [1791034453.114425463] [lidar_front_wall_node]: base_link <- laser: x=0.120 m y=0.000 m yaw=0.00 deg
[taskset-1] [INFO] [1791034453.127818399] [lidar_front_wall_node]: /odometry/filtered fresh: dead reckoning available
[taskset-1] [INFO] [1791034479.077093492] [lidar_front_wall_node]: wall acquired at 8.980 m after seeded (1.986 m): jump +6.995 m, nan s since the last accepted fit
[taskset-1] [INFO] [1791034479.303544119] [lidar_front_wall_node]: wall acquired at 8.878 m after dead_reckoned (8.890 m): jump -0.012 m, 0.23 s since the last accepted fit
[taskset-1] [INFO] [1791034479.373993052] [lidar_front_wall_node]: wall acquired at 8.845 m after dead_reckoned (8.853 m): jump -0.007 m, 0.07 s since the last accepted fit
[taskset-1] [INFO] [1791034521.567530335] [lidar_front_wall_node]: wall acquired at 8.980 m after none (nan m): jump +nan m, 27.95 s since the last accepted fit
[taskset-1] [INFO] [1791034521.797053399] [lidar_front_wall_node]: wall acquired at 8.878 m after dead_reckoned (8.899 m): jump -0.021 m, 0.23 s since the last accepted fit
[taskset-1] [INFO] [1791034521.870199809] [lidar_front_wall_node]: wall acquired at 8.845 m after dead_reckoned (8.851 m): jump -0.006 m, 0.07 s since the last accepted fit
[taskset-1] [INFO] [1791034564.064029262] [lidar_front_wall_node]: wall acquired at 8.980 m after none (nan m): jump +nan m, 27.95 s since the last accepted fit
[taskset-1] [INFO] [1791034564.290730036] [lidar_front_wall_node]: wall acquired at 8.878 m after dead_reckoned (8.890 m): jump -0.012 m, 0.23 s since the last accepted fit
[taskset-1] [INFO] [1791034564.360649207] [lidar_front_wall_node]: wall acquired at 8.845 m after dead_reckoned (8.861 m): jump -0.015 m, 0.07 s since the last accepted fit
[WARNING] [launch]: user interrupted with ctrl-c (SIGINT)
[INFO] [taskset-1]: sending signal 'SIGINT' to process[taskset-1]
[taskset-1] Traceback (most recent call last):
[taskset-1]   File "/home/andre/dev_ws/f1tenth_more/install/f1tenth_perception/lib/f1tenth_perception/lidar_front_wall_node", line 33, in <module>
[taskset-1]     sys.exit(load_entry_point('f1tenth-perception', 'console_scripts', 'lidar_front_wall_node')())
[taskset-1]              ^^^^^^^^^^^^^^^^^^^^^^^^^^^^^^^^^^^^^^^^^^^^^^^^^^^^^^^^^^^^^^^^^^^^^^^^^^^^^^^^^^^^
[taskset-1]   File "/home/andre/dev_ws/f1tenth_more/build/f1tenth_perception/f1tenth_perception/lidar_front_wall_node.py", line 395, in main
[taskset-1]     node.destroy_node()
[taskset-1]   File "/opt/ros/jazzy/lib/python3.12/site-packages/rclpy/node.py", line 1956, in destroy_node
[taskset-1]     self.destroy_publisher(self._publishers[0])
[taskset-1]   File "/opt/ros/jazzy/lib/python3.12/site-packages/rclpy/node.py", line 1836, in destroy_publisher
[taskset-1]     publisher.destroy()
[taskset-1]   File "/opt/ros/jazzy/lib/python3.12/site-packages/rclpy/publisher.py", line 105, in destroy
[taskset-1]     self.__publisher.destroy_when_not_in_use()
[taskset-1] KeyboardInterrupt
[ERROR] [taskset-1]: process has died [pid 425633, exit code -2, cmd 'taskset -c 5 /home/andre/dev_ws/f1tenth_more/install/f1tenth_perception/lib/f1tenth_perception/lidar_front_wall_node --ros-args -r __node:=lidar_front_wall_node --params-file /tmp/launch_params_29hs8sgs'].
