[INFO] [launch]: All log files can be found below /home/andre/dev_ws/f1tenth_more/output/fix_batch_5/isolation/proof/run_24/ros_log/2026-10-04-07-38-42-420079-thor-909946
[INFO] [launch]: Default logging verbosity is set to INFO
[INFO] [fastdds_discovery_server-1]: process started with pid [910003]
[INFO] [component_supervisor_node-2]: process started with pid [910004]
[fastdds_discovery_server-1] [ensure_discovery_server] 127.0.0.1:11811 already has a live listener (an earlier session's server, deliberately still running by design -- see stack_params.yaml's own discovery_server_address/_port comment) -- reusing it, not starting a duplicate. This process will now idle harmlessly for the life of this launch.
[component_supervisor_node-2] [WARN] [1791092323.049223990] [component_supervisor_node]: [component_supervisor] FastDDS SHM sweep (startup): found 56 fastrtps file(s) (22 still in use, 34 orphaned) -- removed 10/34 orphaned file(s). Sample removed: ['/dev/shm/fastrtps_port28667', '/dev/shm/fastrtps_port28671', '/dev/shm/fastrtps_port28679', '/dev/shm/fastrtps_port28681', '/dev/shm/sem.fastrtps_port28661_mutex'].
[component_supervisor_node-2] [WARN] [1791092323.049747767] [component_supervisor_node]: [component_supervisor] FastDDS SHM sweep (startup): failed to remove 24 file(s): [('/dev/shm/fastrtps_7407d0862be81302', "[Errno 1] Operation not permitted: '/dev/shm/fastrtps_7407d0862be81302'"), ('/dev/shm/fastrtps_7407d0862be81302_el', "[Errno 1] Operation not permitted: '/dev/shm/fastrtps_7407d0862be81302_el'"), ('/dev/shm/fastrtps_9cd56be4590cf61f', "[Errno 1] Operation not permitted: '/dev/shm/fastrtps_9cd56be4590cf61f'"), ('/dev/shm/fastrtps_9cd56be4590cf61f_el', "[Errno 1] Operation not permitted: '/dev/shm/fastrtps_9cd56be4590cf61f_el'"), ('/dev/shm/fastrtps_port31165', "[Errno 1] Operation not permitted: '/dev/shm/fastrtps_port31165'")].
[component_supervisor_node-2] [INFO] [1791092323.157291151] [component_supervisor_node]: [component_supervisor] Registry: ['behavior', 'calibrate_hardware', 'control', 'dev_tools', 'diagnostics', 'hardware', 'intelligence', 'lidar_front_wall', 'localization', 'navigation', 'obstacle_clearance', 'perception', 'slam', 'startup_sequence', 'swept_clearance', 'wall_distance']. Auto-starting: ['behavior', 'control', 'dev_tools', 'diagnostics', 'hardware', 'lidar_front_wall', 'localization', 'navigation', 'obstacle_clearance', 'perception', 'slam', 'swept_clearance', 'wall_distance']. Log dir: /home/andre/dev_ws/f1tenth_more/output/fix_batch_5/isolation/proof/run_24/supervisor
[component_supervisor_node-2] [INFO] [1791092323.159111838] [component_supervisor_node]: [component_supervisor] Started 'control': ros2 launch f1tenth_control ackermann_mux.launch.py (pid 910032, log: /home/andre/dev_ws/f1tenth_more/output/fix_batch_5/isolation/proof/run_24/supervisor/f1tenth_control_ackermann_mux.launch.py.log)
[component_supervisor_node-2] [INFO] [1791092323.160252932] [component_supervisor_node]: [component_supervisor] Started 'slam': ros2 launch f1tenth_navigation slam.launch.py (pid 910033, log: /home/andre/dev_ws/f1tenth_more/output/fix_batch_5/isolation/proof/run_24/supervisor/f1tenth_navigation_slam.launch.py.log)
[component_supervisor_node-2] [INFO] [1791092323.161039997] [component_supervisor_node]: [component_supervisor] Started 'slam': ros2 launch f1tenth_costmap costmap.launch.py (pid 910034, log: /home/andre/dev_ws/f1tenth_more/output/fix_batch_5/isolation/proof/run_24/supervisor/f1tenth_costmap_costmap.launch.py.log)
[component_supervisor_node-2] [INFO] [1791092323.162234794] [component_supervisor_node]: [component_supervisor] Started 'wall_distance': ros2 launch f1tenth_perception wall_distance.launch.py (pid 910035, log: /home/andre/dev_ws/f1tenth_more/output/fix_batch_5/isolation/proof/run_24/supervisor/f1tenth_perception_wall_distance.launch.py.log)
[component_supervisor_node-2] [INFO] [1791092323.163880582] [component_supervisor_node]: [component_supervisor] Started 'localization': ros2 launch f1tenth_localization localization.launch.py (pid 910036, log: /home/andre/dev_ws/f1tenth_more/output/fix_batch_5/isolation/proof/run_24/supervisor/f1tenth_localization_localization.launch.py.log)
[component_supervisor_node-2] [INFO] [1791092323.165183203] [component_supervisor_node]: [component_supervisor] Started 'swept_clearance': ros2 launch f1tenth_perception swept_clearance.launch.py (pid 910037, log: /home/andre/dev_ws/f1tenth_more/output/fix_batch_5/isolation/proof/run_24/supervisor/f1tenth_perception_swept_clearance.launch.py.log)
[component_supervisor_node-2] [INFO] [1791092323.166338038] [component_supervisor_node]: [component_supervisor] Started 'lidar_front_wall': ros2 launch f1tenth_perception lidar_front_wall.launch.py (pid 910038, log: /home/andre/dev_ws/f1tenth_more/output/fix_batch_5/isolation/proof/run_24/supervisor/f1tenth_perception_lidar_front_wall.launch.py.log)
[component_supervisor_node-2] [INFO] [1791092323.167400511] [component_supervisor_node]: [component_supervisor] Started 'dev_tools': ros2 launch f1tenth_bringup foxglove_bridge.launch.py (pid 910039, log: /home/andre/dev_ws/f1tenth_more/output/fix_batch_5/isolation/proof/run_24/supervisor/f1tenth_bringup_foxglove_bridge.launch.py.log)
[component_supervisor_node-2] [INFO] [1791092323.168255660] [component_supervisor_node]: [component_supervisor] Started 'diagnostics': ros2 launch f1tenth_diagnostics system_observer.launch.py (pid 910040, log: /home/andre/dev_ws/f1tenth_more/output/fix_batch_5/isolation/proof/run_24/supervisor/f1tenth_diagnostics_system_observer.launch.py.log)
[component_supervisor_node-2] [INFO] [1791092323.169194837] [component_supervisor_node]: [component_supervisor] Started 'diagnostics': ros2 launch f1tenth_diagnostics diagnostics_server.launch.py (pid 910041, log: /home/andre/dev_ws/f1tenth_more/output/fix_batch_5/isolation/proof/run_24/supervisor/f1tenth_diagnostics_diagnostics_server.launch.py.log)
[component_supervisor_node-2] [INFO] [1791092323.169872207] [component_supervisor_node]: [component_supervisor] Started 'diagnostics': ros2 launch f1tenth_logger mission_logger.launch.py mission_logger_runs_dir:=/home/andre/dev_ws/f1tenth_more/output/fix_batch_5/isolation/proof/run_24/runs (pid 910042, log: /home/andre/dev_ws/f1tenth_more/output/fix_batch_5/isolation/proof/run_24/supervisor/f1tenth_logger_mission_logger.launch.py.log)
[component_supervisor_node-2] [INFO] [1791092323.170790662] [component_supervisor_node]: [component_supervisor] Started 'behavior': ros2 launch f1tenth_behavior behavior_bringup.launch.py (pid 910043, log: /home/andre/dev_ws/f1tenth_more/output/fix_batch_5/isolation/proof/run_24/supervisor/f1tenth_behavior_behavior_bringup.launch.py.log)
[component_supervisor_node-2] [INFO] [1791092323.175003730] [component_supervisor_node]: [component_supervisor] Started 'navigation': ros2 launch f1tenth_navigation navigation.launch.py (pid 910044, log: /home/andre/dev_ws/f1tenth_more/output/fix_batch_5/isolation/proof/run_24/supervisor/f1tenth_navigation_navigation.launch.py.log)
[component_supervisor_node-2] [INFO] [1791092323.176296102] [component_supervisor_node]: [component_supervisor] Started 'obstacle_clearance': ros2 launch f1tenth_perception obstacle_clearance.launch.py (pid 910045, log: /home/andre/dev_ws/f1tenth_more/output/fix_batch_5/isolation/proof/run_24/supervisor/f1tenth_perception_obstacle_clearance.launch.py.log)
[component_supervisor_node-2] [INFO] [1791092323.445615315] [component_supervisor_node]: [health] topic-liveness watchdog alert: watching ['behavior', 'control', 'diagnostics', 'lidar_front_wall', 'localization', 'navigation', 'obstacle_clearance', 'slam', 'swept_clearance', 'wall_distance'] on 18 topics
[WARNING] [launch]: user interrupted with ctrl-c (SIGINT)
[INFO] [component_supervisor_node-2]: sending signal 'SIGINT' to process[component_supervisor_node-2]
[INFO] [fastdds_discovery_server-1]: sending signal 'SIGINT' to process[fastdds_discovery_server-1]
[component_supervisor_node-2] [INFO] [1791092367.446147758] [component_supervisor_node]: [component_supervisor] Received signal 2 -- shutting down all tracked components.
[component_supervisor_node-2] [INFO] [1791092367.446943694] [component_supervisor_node]: [component_supervisor] Shutting down -- stopping all components.
[fastdds_discovery_server-1] Traceback (most recent call last):
[fastdds_discovery_server-1]   File "/home/andre/dev_ws/f1tenth_more/install/f1tenth_bringup/share/f1tenth_bringup/scripts/ensure_discovery_server.py", line 124, in <module>
[fastdds_discovery_server-1]     main()
[fastdds_discovery_server-1]   File "/home/andre/dev_ws/f1tenth_more/install/f1tenth_bringup/share/f1tenth_bringup/scripts/ensure_discovery_server.py", line 89, in main
[fastdds_discovery_server-1]     signal_wait.wait()
[fastdds_discovery_server-1]   File "/usr/lib/python3.12/subprocess.py", line 1264, in wait
[fastdds_discovery_server-1]     return self._wait(timeout=timeout)
[fastdds_discovery_server-1]            ^^^^^^^^^^^^^^^^^^^^^^^^^^^
[fastdds_discovery_server-1]   File "/usr/lib/python3.12/subprocess.py", line 2053, in _wait
[fastdds_discovery_server-1]     (pid, sts) = self._try_wait(0)
[fastdds_discovery_server-1]                  ^^^^^^^^^^^^^^^^^
[fastdds_discovery_server-1]   File "/usr/lib/python3.12/subprocess.py", line 2011, in _try_wait
[fastdds_discovery_server-1]     (pid, sts) = os.waitpid(self.pid, wait_flags)
[fastdds_discovery_server-1]                  ^^^^^^^^^^^^^^^^^^^^^^^^^^^^^^^^
[fastdds_discovery_server-1] KeyboardInterrupt
[ERROR] [fastdds_discovery_server-1]: process has died [pid 910003, exit code -2, cmd 'python3 /home/andre/dev_ws/f1tenth_more/install/f1tenth_bringup/share/f1tenth_bringup/scripts/ensure_discovery_server.py 127.0.0.1 11811'].
[component_supervisor_node-2] [INFO] [1791092368.451995685] [component_supervisor_node]: [component_supervisor] 'control' (ackermann_mux.launch.py): clean SIGINT exit in 0.3s
[component_supervisor_node-2] [INFO] [1791092368.452683760] [component_supervisor_node]: [component_supervisor] 'slam' (costmap.launch.py): clean SIGINT exit in 0.4s
[component_supervisor_node-2] [INFO] [1791092368.453239111] [component_supervisor_node]: [component_supervisor] 'localization' (localization.launch.py): clean SIGINT exit in 0.4s
[component_supervisor_node-2] [INFO] [1791092368.453791937] [component_supervisor_node]: [component_supervisor] 'diagnostics' (system_observer.launch.py): clean SIGINT exit in 0.4s
[component_supervisor_node-2] [INFO] [1791092368.454330724] [component_supervisor_node]: [component_supervisor] 'diagnostics' (mission_logger.launch.py): clean SIGINT exit in 0.4s
[component_supervisor_node-2] [INFO] [1791092368.454932011] [component_supervisor_node]: [component_supervisor] 'diagnostics' (diagnostics_server.launch.py): clean SIGINT exit in 0.5s
[component_supervisor_node-2] [INFO] [1791092368.455479336] [component_supervisor_node]: [component_supervisor] 'behavior' (behavior_bringup.launch.py): clean SIGINT exit in 0.5s
[component_supervisor_node-2] [INFO] [1791092368.456019252] [component_supervisor_node]: [component_supervisor] 'navigation' (navigation.launch.py): clean SIGINT exit in 0.5s
[component_supervisor_node-2] [INFO] [1791092368.456556902] [component_supervisor_node]: [component_supervisor] 'wall_distance' (wall_distance.launch.py): clean SIGINT exit in 0.7s
[component_supervisor_node-2] [INFO] [1791092368.457090753] [component_supervisor_node]: [component_supervisor] 'swept_clearance' (swept_clearance.launch.py): clean SIGINT exit in 0.7s
[component_supervisor_node-2] [INFO] [1791092368.457627263] [component_supervisor_node]: [component_supervisor] 'lidar_front_wall' (lidar_front_wall.launch.py): clean SIGINT exit in 0.7s
[component_supervisor_node-2] [INFO] [1791092368.458165199] [component_supervisor_node]: [component_supervisor] 'dev_tools' (foxglove_bridge.launch.py): clean SIGINT exit in 0.8s
[component_supervisor_node-2] [INFO] [1791092368.458710912] [component_supervisor_node]: [component_supervisor] 'obstacle_clearance' (obstacle_clearance.launch.py): clean SIGINT exit in 0.8s
[component_supervisor_node-2] [INFO] [1791092368.459247505] [component_supervisor_node]: [component_supervisor] 'slam' (slam.launch.py): clean SIGINT exit in 1.0s
[component_supervisor_node-2] [WARN] [1791092368.497911970] [component_supervisor_node]: [component_supervisor] FastDDS SHM sweep (shutdown): found 170 fastrtps file(s) (28 still in use, 142 orphaned) -- removed 118/142 orphaned file(s). Sample removed: ['/dev/shm/fastrtps_6b54604ef5255de3_el', '/dev/shm/fastrtps_d13c7e804e19cbfd_el', '/dev/shm/fastrtps_port28667_el', '/dev/shm/fastrtps_port28669', '/dev/shm/fastrtps_port28671_el'].
[component_supervisor_node-2] [WARN] [1791092368.498757637] [component_supervisor_node]: [component_supervisor] FastDDS SHM sweep (shutdown): failed to remove 24 file(s): [('/dev/shm/fastrtps_7407d0862be81302', "[Errno 1] Operation not permitted: '/dev/shm/fastrtps_7407d0862be81302'"), ('/dev/shm/fastrtps_7407d0862be81302_el', "[Errno 1] Operation not permitted: '/dev/shm/fastrtps_7407d0862be81302_el'"), ('/dev/shm/fastrtps_9cd56be4590cf61f', "[Errno 1] Operation not permitted: '/dev/shm/fastrtps_9cd56be4590cf61f'"), ('/dev/shm/fastrtps_9cd56be4590cf61f_el', "[Errno 1] Operation not permitted: '/dev/shm/fastrtps_9cd56be4590cf61f_el'"), ('/dev/shm/fastrtps_port31165', "[Errno 1] Operation not permitted: '/dev/shm/fastrtps_port31165'")].
[INFO] [component_supervisor_node-2]: process has finished cleanly [pid 910004]
