[INFO] [launch]: All log files can be found below /home/andre/dev_ws/f1tenth_more/output/phase5/cycles/cycle_10/ros_log/2026-10-03-11-39-06-228222-thor-383937
[INFO] [launch]: Default logging verbosity is set to INFO
[INFO] [taskset-1]: process started with pid [384000]
[INFO] [throttle-2]: process started with pid [384002]
[INFO] [throttle-3]: process started with pid [384003]
[taskset-1] [INFO] [1791020346.570818677] [foxglove_bridge]: Starting foxglove_bridge (jazzy, 3.5.0@)
[taskset-1] [2026-10-03T09:39:06Z INFO  foxglove::websocket::server] Started server on 0.0.0.0:8765
[taskset-1] [INFO] [1791020346.574363193] [foxglove_bridge]: Server listening on port 8765
[taskset-1] [INFO] [1791020346.578595290] [foxglove_bridge]: Advertising new channel 2 for topic "/rosout"
[taskset-1] [INFO] [1791020346.579395725] [foxglove_bridge]: Advertising new channel 3 for topic "/parameter_events"
[taskset-1] [INFO] [1791020347.614151786] [foxglove_bridge]: Advertising new channel 4 for topic "/tf_static"
[taskset-1] [INFO] [1791020347.614385905] [foxglove_bridge]: Advertising new channel 5 for topic "/tf"
[taskset-1] [INFO] [1791020347.616079848] [foxglove_bridge]: Advertising new channel 6 for topic "/ekf_global/odometry/filtered"
[taskset-1] [INFO] [1791020347.616739560] [foxglove_bridge]: Advertising new channel 7 for topic "/diagnostics"
[taskset-1] [INFO] [1791020347.616761403] [foxglove_bridge]: Advertising new channel 8 for topic "/odometry/filtered"
[taskset-1] [INFO] [1791020347.617201773] [foxglove_bridge]: Advertising new channel 9 for topic "/ackermann_drive"
[taskset-1] [INFO] [1791020348.662649453] [foxglove_bridge]: Advertising new channel 10 for topic "/teleop"
[taskset-1] [INFO] [1791020348.664191934] [foxglove_bridge]: Advertising new channel 11 for topic "/slam_toolbox/transition_event"
[taskset-1] [INFO] [1791020348.664668498] [foxglove_bridge]: Advertising new channel 12 for topic "/slam/map"
[taskset-1] [INFO] [1791020348.664980608] [foxglove_bridge]: Advertising new channel 13 for topic "/sensors/imu/raw"
[taskset-1] [INFO] [1791020348.665383238] [foxglove_bridge]: Advertising new channel 14 for topic "/sensors/core"
[taskset-1] [INFO] [1791020348.665643757] [foxglove_bridge]: Advertising new channel 15 for topic "/robot_description"
[taskset-1] [INFO] [1791020348.665664414] [foxglove_bridge]: Advertising new channel 16 for topic "/odom"
[taskset-1] [INFO] [1791020348.667614921] [foxglove_bridge]: Advertising new channel 17 for topic "/mpc/corridor_markers"
[taskset-1] [INFO] [1791020348.668018902] [foxglove_bridge]: Advertising new channel 18 for topic "/mission/status"
[taskset-1] [INFO] [1791020348.668366216] [foxglove_bridge]: Advertising new channel 19 for topic "/slam/pose_calibrated"
[taskset-1] [INFO] [1791020348.668381966] [foxglove_bridge]: Advertising new channel 20 for topic "/ekf_global/set_pose"
[taskset-1] [INFO] [1791020348.668394550] [foxglove_bridge]: Advertising new channel 21 for topic "/safety_stop"
[taskset-1] [INFO] [1791020348.668753763] [foxglove_bridge]: Advertising new channel 22 for topic "/costmap/visualization"
[taskset-1] [INFO] [1791020348.669060252] [foxglove_bridge]: Advertising new channel 23 for topic "/joint_states"
[taskset-1] [INFO] [1791020348.669078039] [foxglove_bridge]: Advertising new channel 24 for topic "/drive"
[taskset-1] [INFO] [1791020348.670426575] [foxglove_bridge]: Advertising new channel 25 for topic "/costmap/semantic_tracks"
[taskset-1] [INFO] [1791020348.670825029] [foxglove_bridge]: Advertising new channel 26 for topic "/diagnostics/battery_status"
[taskset-1] [INFO] [1791020348.670849723] [foxglove_bridge]: Advertising new channel 27 for topic "/costmap/semantic_markers"
[taskset-1] [INFO] [1791020348.671476630] [foxglove_bridge]: Advertising new channel 28 for topic "/costmap/boundaries"
[taskset-1] [INFO] [1791020348.671504056] [foxglove_bridge]: Advertising new channel 29 for topic "/set_pose"
[taskset-1] [INFO] [1791020348.671808704] [foxglove_bridge]: Advertising new channel 30 for topic "/diagnostics/system_status"
[taskset-1] [INFO] [1791020348.671823741] [foxglove_bridge]: Advertising new channel 31 for topic "/camera/detections_3d"
[taskset-1] [INFO] [1791020348.671838333] [foxglove_bridge]: Advertising new channel 32 for topic "/map"
[taskset-1] [INFO] [1791020348.671852037] [foxglove_bridge]: Advertising new channel 33 for topic "/calibration_drive"
[taskset-1] [INFO] [1791020348.671866352] [foxglove_bridge]: Advertising new channel 34 for topic "/map_server/transition_event"
[taskset-1] [INFO] [1791020348.672182805] [foxglove_bridge]: Advertising new channel 35 for topic "/calibration/in_progress"
[taskset-1] [INFO] [1791020348.672197175] [foxglove_bridge]: Advertising new channel 36 for topic "/costmap/safe_corridor_report"
[taskset-1] [INFO] [1791020348.672476777] [foxglove_bridge]: Advertising new channel 37 for topic "/costmap/front_clearance"
[taskset-1] [INFO] [1791020348.672795888] [foxglove_bridge]: Advertising new channel 38 for topic "/cmd_vel_nav"
[taskset-1] [INFO] [1791020348.673109739] [foxglove_bridge]: Advertising new channel 39 for topic "/bond"
[taskset-1] [INFO] [1791020349.795765516] [foxglove_bridge]: Advertising new channel 40 for topic "/test/mission_event"
[taskset-1] [INFO] [1791020349.795949423] [foxglove_bridge]: Advertising new channel 41 for topic "/slam/pose"
[taskset-1] [INFO] [1791020349.796809653] [foxglove_bridge]: Advertising new channel 42 for topic "/slam/map_metadata"
[taskset-1] [INFO] [1791020349.797361144] [foxglove_bridge]: Advertising new channel 43 for topic "/scan"
[taskset-1] [INFO] [1791020349.797389820] [foxglove_bridge]: Advertising new channel 44 for topic "/test_campaign/logger_status"
[taskset-1] [INFO] [1791020349.798071051] [foxglove_bridge]: Advertising new channel 45 for topic "/perception/obstacles_2d"
[taskset-1] [INFO] [1791020349.798096041] [foxglove_bridge]: Advertising new channel 46 for topic "/perception/d_wall/psi_correction"
[taskset-1] [INFO] [1791020349.799789419] [foxglove_bridge]: Advertising new channel 47 for topic "/slam_toolbox/update"
[taskset-1] [INFO] [1791020349.800156910] [foxglove_bridge]: Advertising new channel 48 for topic "/mpc/wall_track"
[taskset-1] [INFO] [1791020349.800175891] [foxglove_bridge]: Advertising new channel 49 for topic "/mpc/status"
[taskset-1] [INFO] [1791020349.800191039] [foxglove_bridge]: Advertising new channel 50 for topic "/mpc/predicted_min_clearance"
[taskset-1] [INFO] [1791020349.800659280] [foxglove_bridge]: Advertising new channel 51 for topic "/mpc/object_status"
[taskset-1] [INFO] [1791020349.800677891] [foxglove_bridge]: Advertising new channel 52 for topic "/mpc/min_obstacle_distance_forward"
[taskset-1] [INFO] [1791020349.800692595] [foxglove_bridge]: Advertising new channel 53 for topic "/mpc/min_obstacle_distance"
[taskset-1] [INFO] [1791020349.800705752] [foxglove_bridge]: Advertising new channel 54 for topic "/mpc/hold"
[taskset-1] [INFO] [1791020349.801011807] [foxglove_bridge]: Advertising new channel 55 for topic "/mpc/goal_turn"
[taskset-1] [INFO] [1791020349.801355075] [foxglove_bridge]: Advertising new channel 56 for topic "/mpc/goal_drive"
[taskset-1] [INFO] [1791020349.801391733] [foxglove_bridge]: Advertising new channel 57 for topic "/mpc/goal_reached"
[taskset-1] [INFO] [1791020349.801404418] [foxglove_bridge]: Advertising new channel 58 for topic "/mpc/goal_distance"
[taskset-1] [INFO] [1791020349.801418492] [foxglove_bridge]: Advertising new channel 59 for topic "/slam_toolbox/scan_visualization"
[taskset-1] [INFO] [1791020349.801431668] [foxglove_bridge]: Advertising new channel 60 for topic "/perception/front_distance"
[taskset-1] [INFO] [1791020349.801723177] [foxglove_bridge]: Advertising new channel 61 for topic "/mpc/drive_clamp"
[taskset-1] [INFO] [1791020349.801742362] [foxglove_bridge]: Advertising new channel 62 for topic "/model/virtual_robot/odometry"
[taskset-1] [INFO] [1791020349.801755899] [foxglove_bridge]: Advertising new channel 63 for topic "/mission/load_path"
[taskset-1] [INFO] [1791020349.801769437] [foxglove_bridge]: Advertising new channel 64 for topic "/mpc/goal_object_end"
[taskset-1] [INFO] [1791020349.801786316] [foxglove_bridge]: Advertising new channel 65 for topic "/imu"
[taskset-1] [INFO] [1791020349.802197398] [foxglove_bridge]: Advertising new channel 66 for topic "/mpc/solver_status"
[taskset-1] [INFO] [1791020349.802644287] [foxglove_bridge]: Advertising new channel 67 for topic "/slam_toolbox/feedback"
[taskset-1] [INFO] [1791020349.802671065] [foxglove_bridge]: Advertising new channel 68 for topic "/safety/event"
[taskset-1] [INFO] [1791020349.803124638] [foxglove_bridge]: Advertising new channel 69 for topic "/mpc/goal_object"
[taskset-1] [INFO] [1791020349.803176222] [foxglove_bridge]: Advertising new channel 70 for topic "/slam_toolbox/graph_visualization"
[taskset-1] [INFO] [1791020349.803495249] [foxglove_bridge]: Advertising new channel 71 for topic "/mission/move_outcome"
[taskset-1] [INFO] [1791020349.805083803] [foxglove_bridge]: Advertising new channel 72 for topic "/camera/detections"
[taskset-1] [INFO] [1791020349.805579349] [foxglove_bridge]: Advertising new channel 73 for topic "/bt/tree_visualization"
[taskset-1] [INFO] [1791020349.805924357] [foxglove_bridge]: Advertising new channel 74 for topic "/mpc/goal_pose"
[taskset-1] [INFO] [1791020349.806285802] [foxglove_bridge]: Advertising new channel 75 for topic "/behavior/tree_status"
[taskset-1] [INFO] [1791020349.806307182] [foxglove_bridge]: Advertising new channel 76 for topic "/corridor"
[taskset-1] [INFO] [1791020350.552841962] [foxglove_bridge]: Advertising new channel 77 for topic "/perception/swept_clearance/steering"
[taskset-1] [INFO] [1791020350.553056981] [foxglove_bridge]: Advertising new channel 78 for topic "/perception/swept_clearance/camera"
[taskset-1] [INFO] [1791020350.553086860] [foxglove_bridge]: Advertising new channel 79 for topic "/obstacle_clearance"
[taskset-1] [INFO] [1791020350.554548850] [foxglove_bridge]: Advertising new channel 80 for topic "/zed2/zed_node/depth/camera_info"
[taskset-1] [INFO] [1791020350.554603156] [foxglove_bridge]: Advertising new channel 81 for topic "/perception/swept_clearance/lidar"
[taskset-1] [INFO] [1791020350.554645164] [foxglove_bridge]: Advertising new channel 82 for topic "/zed2/zed_node/depth/depth_registered"
[taskset-1] [INFO] [1791020350.554662766] [foxglove_bridge]: Advertising new channel 83 for topic "/perception/swept_clearance"
[taskset-1] [INFO] [1791020351.136034041] [foxglove_bridge]: Advertising new channel 84 for topic "/perception/d_wall/swept_arc"
[taskset-1] [INFO] [1791020351.137169568] [foxglove_bridge]: Advertising new channel 85 for topic "/perception/d_wall/segment"
[taskset-1] [INFO] [1791020351.137227966] [foxglove_bridge]: Advertising new channel 86 for topic "/perception/d_wall/gate_margin"
[taskset-1] [INFO] [1791020351.142643368] [foxglove_bridge]: Advertising new channel 87 for topic "/perception/d_wall"
[taskset-1] [INFO] [1791020351.719376814] [foxglove_bridge]: Advertising new channel 88 for topic "/perception/lidar_front_wall"
[taskset-1] [INFO] [1791020351.720176647] [foxglove_bridge]: Advertising new channel 89 for topic "/perception/lidar_front_wall_virtual"
[WARNING] [launch]: user interrupted with ctrl-c (SIGINT)
[INFO] [throttle-3]: sending signal 'SIGINT' to process[throttle-3]
[INFO] [throttle-2]: sending signal 'SIGINT' to process[throttle-2]
[INFO] [taskset-1]: sending signal 'SIGINT' to process[taskset-1]
[taskset-1] [INFO] [1791020389.825626735] [rclcpp]: signal_handler(SIGINT/SIGTERM)
[throttle-3] [INFO] [1791020389.826601660] [rclcpp]: signal_handler(SIGINT/SIGTERM)
[throttle-2] [INFO] [1791020389.830537499] [rclcpp]: signal_handler(SIGINT/SIGTERM)
[throttle-3] [INFO] [1791020389.833145654] [rclcpp]: signal_handler(SIGINT/SIGTERM)
[taskset-1] [INFO] [1791020389.835607855] [foxglove_bridge]: Shutting down foxglove_bridge
[taskset-1] [2026-10-03T09:39:49Z INFO  foxglove::websocket::server] Shutting down
[taskset-1] [2026-10-03T09:39:49Z INFO  foxglove::websocket::server] Shutdown complete
[taskset-1] [INFO] [1791020389.838382861] [foxglove_bridge]: Shutdown complete
[taskset-1] [INFO] [1791020389.849601497] [rclcpp]: signal_handler(SIGINT/SIGTERM)
[ERROR] [throttle-2]: process has died [pid 384002, exit code -2, cmd '/opt/ros/jazzy/lib/topic_tools/throttle messages /camera/image_raw 5.0 /camera/image_raw/viz --ros-args -r __node:=image_raw_viz_throttle'].
[INFO] [throttle-3]: process has finished cleanly [pid 384003]
[INFO] [taskset-1]: process has finished cleanly [pid 384000]
