[INFO] [launch]: All log files can be found below /home/andre/dev_ws/f1tenth_more/output/fix_batch_4/isolation/fresh/run_30/ros_log/2026-10-03-17-14-07-828507-thor-552630
[INFO] [launch]: Default logging verbosity is set to INFO
[INFO] [fastdds_discovery_server-1]: process started with pid [552688]
[INFO] [component_supervisor_node-2]: process started with pid [552689]
[fastdds_discovery_server-1] [ensure_discovery_server] 127.0.0.1:11811 is free -- starting a fresh fastdds discovery server.
[fastdds_discovery_server-1] ### Server is running ###
[fastdds_discovery_server-1]   Participant Type:   SERVER
[fastdds_discovery_server-1]   Security:           NO
[fastdds_discovery_server-1]   Server ID:          0
[fastdds_discovery_server-1]   Server GUID prefix: 44.53.00.5f.45.50.52.4f.53.49.4d.41
[fastdds_discovery_server-1]   Server Addresses:   UDPv4:[127.0.0.1]:11811
[component_supervisor_node-2] [WARN] [1791040448.463911898] [component_supervisor_node]: [component_supervisor] FastDDS SHM sweep (startup): found 35 fastrtps file(s) (22 still in use, 13 orphaned) -- removed 13/13 orphaned file(s). Sample removed: ['/dev/shm/fastrtps_bd2275921b807f68', '/dev/shm/fastrtps_bd2275921b807f68_el', '/dev/shm/fastrtps_port28681', '/dev/shm/fastrtps_port28687', '/dev/shm/fastrtps_port28691'].
[component_supervisor_node-2] [INFO] [1791040448.565434400] [component_supervisor_node]: [component_supervisor] Registry: ['behavior', 'calibrate_hardware', 'control', 'dev_tools', 'diagnostics', 'hardware', 'intelligence', 'lidar_front_wall', 'localization', 'navigation', 'obstacle_clearance', 'perception', 'slam', 'startup_sequence', 'swept_clearance', 'wall_distance']. Auto-starting: ['behavior', 'control', 'dev_tools', 'diagnostics', 'hardware', 'lidar_front_wall', 'localization', 'navigation', 'obstacle_clearance', 'perception', 'slam', 'swept_clearance', 'wall_distance']. Log dir: /home/andre/dev_ws/f1tenth_more/output/fix_batch_4/isolation/fresh/run_30/supervisor
[component_supervisor_node-2] [INFO] [1791040448.566991865] [component_supervisor_node]: [component_supervisor] Started 'dev_tools': ros2 launch f1tenth_bringup foxglove_bridge.launch.py (pid 552735, log: /home/andre/dev_ws/f1tenth_more/output/fix_batch_4/isolation/fresh/run_30/supervisor/f1tenth_bringup_foxglove_bridge.launch.py.log)
[component_supervisor_node-2] [INFO] [1791040448.568054459] [component_supervisor_node]: [component_supervisor] Started 'diagnostics': ros2 launch f1tenth_diagnostics system_observer.launch.py (pid 552736, log: /home/andre/dev_ws/f1tenth_more/output/fix_batch_4/isolation/fresh/run_30/supervisor/f1tenth_diagnostics_system_observer.launch.py.log)
[component_supervisor_node-2] [INFO] [1791040448.569085941] [component_supervisor_node]: [component_supervisor] Started 'diagnostics': ros2 launch f1tenth_diagnostics diagnostics_server.launch.py (pid 552737, log: /home/andre/dev_ws/f1tenth_more/output/fix_batch_4/isolation/fresh/run_30/supervisor/f1tenth_diagnostics_diagnostics_server.launch.py.log)
[component_supervisor_node-2] [INFO] [1791040448.569936970] [component_supervisor_node]: [component_supervisor] Started 'diagnostics': ros2 launch f1tenth_logger mission_logger.launch.py mission_logger_runs_dir:=/home/andre/dev_ws/f1tenth_more/output/fix_batch_4/isolation/fresh/run_30/runs (pid 552738, log: /home/andre/dev_ws/f1tenth_more/output/fix_batch_4/isolation/fresh/run_30/supervisor/f1tenth_logger_mission_logger.launch.py.log)
[component_supervisor_node-2] [INFO] [1791040448.571187500] [component_supervisor_node]: [component_supervisor] Started 'wall_distance': ros2 launch f1tenth_perception wall_distance.launch.py (pid 552739, log: /home/andre/dev_ws/f1tenth_more/output/fix_batch_4/isolation/fresh/run_30/supervisor/f1tenth_perception_wall_distance.launch.py.log)
[component_supervisor_node-2] [INFO] [1791040448.572279853] [component_supervisor_node]: [component_supervisor] Started 'swept_clearance': ros2 launch f1tenth_perception swept_clearance.launch.py (pid 552740, log: /home/andre/dev_ws/f1tenth_more/output/fix_batch_4/isolation/fresh/run_30/supervisor/f1tenth_perception_swept_clearance.launch.py.log)
[component_supervisor_node-2] [INFO] [1791040448.573251827] [component_supervisor_node]: [component_supervisor] Started 'localization': ros2 launch f1tenth_localization localization.launch.py (pid 552741, log: /home/andre/dev_ws/f1tenth_more/output/fix_batch_4/isolation/fresh/run_30/supervisor/f1tenth_localization_localization.launch.py.log)
[component_supervisor_node-2] [INFO] [1791040448.574178958] [component_supervisor_node]: [component_supervisor] Started 'control': ros2 launch f1tenth_control ackermann_mux.launch.py (pid 552742, log: /home/andre/dev_ws/f1tenth_more/output/fix_batch_4/isolation/fresh/run_30/supervisor/f1tenth_control_ackermann_mux.launch.py.log)
[component_supervisor_node-2] [INFO] [1791040448.575085551] [component_supervisor_node]: [component_supervisor] Started 'lidar_front_wall': ros2 launch f1tenth_perception lidar_front_wall.launch.py (pid 552743, log: /home/andre/dev_ws/f1tenth_more/output/fix_batch_4/isolation/fresh/run_30/supervisor/f1tenth_perception_lidar_front_wall.launch.py.log)
[component_supervisor_node-2] [INFO] [1791040448.575909700] [component_supervisor_node]: [component_supervisor] Started 'navigation': ros2 launch f1tenth_navigation navigation.launch.py (pid 552744, log: /home/andre/dev_ws/f1tenth_more/output/fix_batch_4/isolation/fresh/run_30/supervisor/f1tenth_navigation_navigation.launch.py.log)
[component_supervisor_node-2] [INFO] [1791040448.576751979] [component_supervisor_node]: [component_supervisor] Started 'obstacle_clearance': ros2 launch f1tenth_perception obstacle_clearance.launch.py (pid 552745, log: /home/andre/dev_ws/f1tenth_more/output/fix_batch_4/isolation/fresh/run_30/supervisor/f1tenth_perception_obstacle_clearance.launch.py.log)
[component_supervisor_node-2] [INFO] [1791040448.579390826] [component_supervisor_node]: [component_supervisor] Started 'behavior': ros2 launch f1tenth_behavior behavior_bringup.launch.py (pid 552746, log: /home/andre/dev_ws/f1tenth_more/output/fix_batch_4/isolation/fresh/run_30/supervisor/f1tenth_behavior_behavior_bringup.launch.py.log)
[component_supervisor_node-2] [INFO] [1791040448.580947615] [component_supervisor_node]: [component_supervisor] Started 'slam': ros2 launch f1tenth_navigation slam.launch.py (pid 552747, log: /home/andre/dev_ws/f1tenth_more/output/fix_batch_4/isolation/fresh/run_30/supervisor/f1tenth_navigation_slam.launch.py.log)
[component_supervisor_node-2] [INFO] [1791040448.583051376] [component_supervisor_node]: [component_supervisor] Started 'slam': ros2 launch f1tenth_costmap costmap.launch.py (pid 552748, log: /home/andre/dev_ws/f1tenth_more/output/fix_batch_4/isolation/fresh/run_30/supervisor/f1tenth_costmap_costmap.launch.py.log)
[WARNING] [launch]: user interrupted with ctrl-c (SIGINT)
[INFO] [component_supervisor_node-2]: sending signal 'SIGINT' to process[component_supervisor_node-2]
[INFO] [fastdds_discovery_server-1]: sending signal 'SIGINT' to process[fastdds_discovery_server-1]
[component_supervisor_node-2] [INFO] [1791040492.703775171] [component_supervisor_node]: [component_supervisor] Received signal 2 -- shutting down all tracked components.
[component_supervisor_node-2] [INFO] [1791040492.704557227] [component_supervisor_node]: [component_supervisor] Shutting down -- stopping all components.
[component_supervisor_node-2] [INFO] [1791040495.625314266] [component_supervisor_node]: [component_supervisor] 'control' (ackermann_mux.launch.py): clean SIGINT exit in 2.2s
[component_supervisor_node-2] [INFO] [1791040495.626137406] [component_supervisor_node]: [component_supervisor] 'diagnostics' (mission_logger.launch.py): clean SIGINT exit in 2.4s
[component_supervisor_node-2] [INFO] [1791040495.626714573] [component_supervisor_node]: [component_supervisor] 'diagnostics' (diagnostics_server.launch.py): clean SIGINT exit in 2.5s
[component_supervisor_node-2] [INFO] [1791040495.627256908] [component_supervisor_node]: [component_supervisor] 'localization' (localization.launch.py): clean SIGINT exit in 2.5s
[component_supervisor_node-2] [INFO] [1791040495.627793093] [component_supervisor_node]: [component_supervisor] 'behavior' (behavior_bringup.launch.py): clean SIGINT exit in 2.5s
[component_supervisor_node-2] [INFO] [1791040495.628344483] [component_supervisor_node]: [component_supervisor] 'slam' (slam.launch.py): clean SIGINT exit in 2.5s
[component_supervisor_node-2] [INFO] [1791040495.628885891] [component_supervisor_node]: [component_supervisor] 'diagnostics' (system_observer.launch.py): clean SIGINT exit in 2.6s
[component_supervisor_node-2] [INFO] [1791040495.629433846] [component_supervisor_node]: [component_supervisor] 'navigation' (navigation.launch.py): clean SIGINT exit in 2.6s
[component_supervisor_node-2] [INFO] [1791040495.629989253] [component_supervisor_node]: [component_supervisor] 'obstacle_clearance' (obstacle_clearance.launch.py): clean SIGINT exit in 2.6s
[component_supervisor_node-2] [INFO] [1791040495.630535773] [component_supervisor_node]: [component_supervisor] 'wall_distance' (wall_distance.launch.py): clean SIGINT exit in 2.7s
[component_supervisor_node-2] [INFO] [1791040495.631070709] [component_supervisor_node]: [component_supervisor] 'lidar_front_wall' (lidar_front_wall.launch.py): clean SIGINT exit in 2.7s
[component_supervisor_node-2] [INFO] [1791040495.631610274] [component_supervisor_node]: [component_supervisor] 'slam' (costmap.launch.py): clean SIGINT exit in 2.7s
[component_supervisor_node-2] [INFO] [1791040495.632147599] [component_supervisor_node]: [component_supervisor] 'dev_tools' (foxglove_bridge.launch.py): clean SIGINT exit in 2.9s
[component_supervisor_node-2] [INFO] [1791040495.632683396] [component_supervisor_node]: [component_supervisor] 'swept_clearance' (swept_clearance.launch.py): clean SIGINT exit in 2.9s
[component_supervisor_node-2] [WARN] [1791040495.675748206] [component_supervisor_node]: [component_supervisor] FastDDS SHM sweep (shutdown): found 136 fastrtps file(s) (25 still in use, 111 orphaned) -- removed 111/111 orphaned file(s). Sample removed: ['/dev/shm/fastrtps_8726df64b00c6bcd_el', '/dev/shm/fastrtps_ad346b311747c1e5_el', '/dev/shm/fastrtps_port28663', '/dev/shm/fastrtps_port28671', '/dev/shm/fastrtps_port28673'].
[INFO] [component_supervisor_node-2]: process has finished cleanly [pid 552689]
[ERROR] [fastdds_discovery_server-1]: process[fastdds_discovery_server-1] failed to terminate '5' seconds after receiving 'SIGINT', escalating to 'SIGTERM'
[INFO] [fastdds_discovery_server-1]: sending signal 'SIGTERM' to process[fastdds_discovery_server-1]
[ERROR] [fastdds_discovery_server-1]: process has died [pid 552688, exit code -15, cmd 'python3 /home/andre/dev_ws/f1tenth_more/install/f1tenth_bringup/share/f1tenth_bringup/scripts/ensure_discovery_server.py 127.0.0.1 11811'].
