[INFO] [launch]: All log files can be found below /home/andre/dev_ws/f1tenth_more/output/phase5/cycles/cycle_01/ros_log/2026-10-03-11-31-18-143731-thor-370928
[INFO] [launch]: Default logging verbosity is set to INFO
[INFO] [semantic_layer_node-1]: process started with pid [370999]
[INFO] [costmap_renderer_node-2]: process started with pid [371000]
[INFO] [costmap_boundary_node-3]: process started with pid [371001]
[costmap_boundary_node-3] [INFO] [1791019879.661090846] [costmap_boundary_node]: costmap_boundary_node started -- map_topic=/slam/map pose_topic=/ekf_global/odometry/filtered extraction_rate_hz=20.0 (periodic-publish pass: publishes every tick from whatever is currently cached, regardless of how recently either input last updated -- fail-safe empty/withheld only if a message of that kind has never arrived at all yet. See module docstring for why gating on upstream recency was removed.)
[costmap_renderer_node-2] [INFO] [1791019879.671349885] [costmap_renderer_node]: costmap_renderer_node started
[costmap_boundary_node-3] [WARN] [1791019879.693371814] [costmap_boundary_node]: publishing EMPTY boundary constraints, front_clearance withheld -- map_topic: no message ever received; pose_topic: no message ever received
[semantic_layer_node-1] [INFO] [1791019879.782455729] [semantic_layer_node]: semantic_layer_node started
[costmap_boundary_node-3] [WARN] [1791019884.693912108] [costmap_boundary_node]: publishing EMPTY boundary constraints, front_clearance withheld -- map_topic: no message ever received; pose_topic: no message ever received
[costmap_boundary_node-3] [WARN] [1791019889.694248207] [costmap_boundary_node]: publishing EMPTY boundary constraints, front_clearance withheld -- map_topic: no message ever received; pose_topic: no message ever received
[costmap_boundary_node-3] [WARN] [1791019894.743306829] [costmap_boundary_node]: publishing EMPTY boundary constraints, front_clearance withheld -- map_topic: no message ever received; pose_topic: no message ever received
[costmap_boundary_node-3] [WARN] [1791019899.744725391] [costmap_boundary_node]: publishing EMPTY boundary constraints, front_clearance withheld -- map_topic: no message ever received; pose_topic: no message ever received
[costmap_boundary_node-3] [WARN] [1791019904.793299549] [costmap_boundary_node]: publishing EMPTY boundary constraints, front_clearance withheld -- map_topic: no message ever received
[costmap_boundary_node-3] [INFO] [1791019905.912133581] [costmap_boundary_node]: n_constraints=3 front_clearance=2.21m
[costmap_boundary_node-3] [INFO] [1791019907.958156202] [costmap_boundary_node]: n_constraints=3 front_clearance=2.17m
[costmap_boundary_node-3] [INFO] [1791019909.959936370] [costmap_boundary_node]: n_constraints=3 front_clearance=1.53m
[costmap_boundary_node-3] [INFO] [1791019912.009737503] [costmap_boundary_node]: n_constraints=3 front_clearance=1.53m
[costmap_boundary_node-3] [INFO] [1791019914.011067337] [costmap_boundary_node]: n_constraints=3 front_clearance=1.80m
[costmap_boundary_node-3] [INFO] [1791019916.013528752] [costmap_boundary_node]: n_constraints=3 front_clearance=1.84m
[costmap_boundary_node-3] [INFO] [1791019918.060980899] [costmap_boundary_node]: n_constraints=3 front_clearance=1.66m
[costmap_boundary_node-3] [INFO] [1791019920.061258728] [costmap_boundary_node]: n_constraints=3 front_clearance=1.65m
[costmap_boundary_node-3] [INFO] [1791019922.111495958] [costmap_boundary_node]: n_constraints=3 front_clearance=3.14m
[WARNING] [launch]: user interrupted with ctrl-c (SIGINT)
[INFO] [costmap_boundary_node-3]: sending signal 'SIGINT' to process[costmap_boundary_node-3]
[INFO] [costmap_renderer_node-2]: sending signal 'SIGINT' to process[costmap_renderer_node-2]
[INFO] [semantic_layer_node-1]: sending signal 'SIGINT' to process[semantic_layer_node-1]
[costmap_boundary_node-3] Traceback (most recent call last):
[costmap_boundary_node-3]   File "/home/andre/dev_ws/f1tenth_more/install/f1tenth_costmap/lib/f1tenth_costmap/costmap_boundary_node", line 33, in <module>
[costmap_boundary_node-3]     sys.exit(load_entry_point('f1tenth-costmap', 'console_scripts', 'costmap_boundary_node')())
[costmap_boundary_node-3]              ^^^^^^^^^^^^^^^^^^^^^^^^^^^^^^^^^^^^^^^^^^^^^^^^^^^^^^^^^^^^^^^^^^^^^^^^^^^^^^^^^
[costmap_boundary_node-3]   File "/home/andre/dev_ws/f1tenth_more/build/f1tenth_costmap/f1tenth_costmap/costmap_boundary_node.py", line 776, in main
[costmap_boundary_node-3]     node.destroy_node()
[costmap_boundary_node-3]   File "/opt/ros/jazzy/lib/python3.12/site-packages/rclpy/node.py", line 1962, in destroy_node
[costmap_boundary_node-3]     self.destroy_service(self._services[0])
[costmap_boundary_node-3]   File "/opt/ros/jazzy/lib/python3.12/site-packages/rclpy/node.py", line 1886, in destroy_service
[costmap_boundary_node-3]     service.destroy()
[costmap_boundary_node-3]   File "/opt/ros/jazzy/lib/python3.12/site-packages/rclpy/service.py", line 123, in destroy
[costmap_boundary_node-3]     self.__service.destroy_when_not_in_use()
[costmap_boundary_node-3] KeyboardInterrupt
[costmap_renderer_node-2] Traceback (most recent call last):
[costmap_renderer_node-2]   File "/home/andre/dev_ws/f1tenth_more/install/f1tenth_costmap/lib/f1tenth_costmap/costmap_renderer_node", line 33, in <module>
[costmap_renderer_node-2]     sys.exit(load_entry_point('f1tenth-costmap', 'console_scripts', 'costmap_renderer_node')())
[costmap_renderer_node-2]              ^^^^^^^^^^^^^^^^^^^^^^^^^^^^^^^^^^^^^^^^^^^^^^^^^^^^^^^^^^^^^^^^^^^^^^^^^^^^^^^^^
[costmap_renderer_node-2]   File "/home/andre/dev_ws/f1tenth_more/build/f1tenth_costmap/f1tenth_costmap/costmap_renderer_node.py", line 125, in main
[costmap_renderer_node-2]     node.destroy_node()
[costmap_renderer_node-2]   File "/opt/ros/jazzy/lib/python3.12/site-packages/rclpy/node.py", line 1956, in destroy_node
[costmap_renderer_node-2]     self.destroy_publisher(self._publishers[0])
[costmap_renderer_node-2]   File "/opt/ros/jazzy/lib/python3.12/site-packages/rclpy/node.py", line 1836, in destroy_publisher
[costmap_renderer_node-2]     publisher.destroy()
[costmap_renderer_node-2]   File "/opt/ros/jazzy/lib/python3.12/site-packages/rclpy/publisher.py", line 105, in destroy
[costmap_renderer_node-2]     self.__publisher.destroy_when_not_in_use()
[costmap_renderer_node-2] KeyboardInterrupt
[semantic_layer_node-1] Traceback (most recent call last):
[semantic_layer_node-1]   File "/home/andre/dev_ws/f1tenth_more/install/f1tenth_costmap/lib/f1tenth_costmap/semantic_layer_node", line 33, in <module>
[semantic_layer_node-1]     sys.exit(load_entry_point('f1tenth-costmap', 'console_scripts', 'semantic_layer_node')())
[semantic_layer_node-1]              ^^^^^^^^^^^^^^^^^^^^^^^^^^^^^^^^^^^^^^^^^^^^^^^^^^^^^^^^^^^^^^^^^^^^^^^^^^^^^^^
[semantic_layer_node-1]   File "/home/andre/dev_ws/f1tenth_more/build/f1tenth_costmap/f1tenth_costmap/semantic_layer_node.py", line 608, in main
[semantic_layer_node-1]     node.destroy_node()
[semantic_layer_node-1]   File "/opt/ros/jazzy/lib/python3.12/site-packages/rclpy/node.py", line 1962, in destroy_node
[semantic_layer_node-1]     self.destroy_service(self._services[0])
[semantic_layer_node-1]   File "/opt/ros/jazzy/lib/python3.12/site-packages/rclpy/node.py", line 1886, in destroy_service
[semantic_layer_node-1]     service.destroy()
[semantic_layer_node-1]   File "/opt/ros/jazzy/lib/python3.12/site-packages/rclpy/service.py", line 123, in destroy
[semantic_layer_node-1]     self.__service.destroy_when_not_in_use()
[semantic_layer_node-1] KeyboardInterrupt
[ERROR] [costmap_renderer_node-2]: process has died [pid 371000, exit code -2, cmd '/home/andre/dev_ws/f1tenth_more/install/f1tenth_costmap/lib/f1tenth_costmap/costmap_renderer_node --ros-args -r __node:=costmap_renderer_node --params-file /tmp/launch_params_eyh1hj5g'].
[ERROR] [semantic_layer_node-1]: process has died [pid 370999, exit code -2, cmd '/home/andre/dev_ws/f1tenth_more/install/f1tenth_costmap/lib/f1tenth_costmap/semantic_layer_node --ros-args -r __node:=semantic_layer_node --params-file /tmp/launch_params_q7bmf0yu'].
[ERROR] [costmap_boundary_node-3]: process has died [pid 371001, exit code -2, cmd '/home/andre/dev_ws/f1tenth_more/install/f1tenth_costmap/lib/f1tenth_costmap/costmap_boundary_node --ros-args -r __node:=costmap_boundary_node --params-file /tmp/launch_params_thzm65pe'].
