[INFO] [1791022140.832780891] [foxglove_bridge]: Starting foxglove_bridge (jazzy, 3.5.0@)
[INFO] [1791022140.836077721] [foxglove_bridge]: Server listening on port 8765
[INFO] [1791022140.840391837] [foxglove_bridge]: Advertising new channel 2 for topic "/rosout"
[INFO] [1791022140.841146575] [foxglove_bridge]: Advertising new channel 3 for topic "/parameter_events"
[INFO] [1791022141.363414924] [foxglove_bridge]: Advertising new channel 4 for topic "/safety_stop"
[INFO] [1791022141.363600445] [foxglove_bridge]: Advertising new channel 5 for topic "/teleop"
[INFO] [1791022141.363613297] [foxglove_bridge]: Advertising new channel 6 for topic "/drive"
[INFO] [1791022141.364297505] [foxglove_bridge]: Advertising new channel 7 for topic "/diagnostics"
[INFO] [1791022141.364317987] [foxglove_bridge]: Advertising new channel 8 for topic "/calibration_drive"
[INFO] [1791022141.364327792] [foxglove_bridge]: Advertising new channel 9 for topic "/ackermann_drive"
[INFO] [1791022142.250704230] [foxglove_bridge]: Advertising new channel 10 for topic "/tf"
[INFO] [1791022142.251166946] [foxglove_bridge]: Advertising new channel 11 for topic "/slam_toolbox/transition_event"
[INFO] [1791022142.252599244] [foxglove_bridge]: Advertising new channel 12 for topic "/slam/pose_calibrated"
[INFO] [1791022142.253774448] [foxglove_bridge]: Advertising new channel 13 for topic "/slam/map"
[INFO] [1791022142.254237109] [foxglove_bridge]: Advertising new channel 14 for topic "/robot_description"
[INFO] [1791022142.254999097] [foxglove_bridge]: Advertising new channel 15 for topic "/odometry/filtered"
[INFO] [1791022142.261059596] [foxglove_bridge]: Advertising new channel 16 for topic "/mpc/corridor_markers"
[INFO] [1791022142.261754814] [foxglove_bridge]: Advertising new channel 17 for topic "/mission/status"
[INFO] [1791022142.261782555] [foxglove_bridge]: Advertising new channel 18 for topic "/map_server/transition_event"
[INFO] [1791022142.262091641] [foxglove_bridge]: Advertising new channel 19 for topic "/joint_states"
[INFO] [1791022142.262106197] [foxglove_bridge]: Advertising new channel 20 for topic "/set_pose"
[INFO] [1791022142.262117882] [foxglove_bridge]: Advertising new channel 21 for topic "/ekf_global/set_pose"
[INFO] [1791022142.265984569] [foxglove_bridge]: Advertising new channel 22 for topic "/diagnostics/system_status"
[INFO] [1791022142.266413943] [foxglove_bridge]: Advertising new channel 23 for topic "/diagnostics/battery_status"
[INFO] [1791022142.269013954] [foxglove_bridge]: Advertising new channel 24 for topic "/sensors/core"
[INFO] [1791022142.269121222] [foxglove_bridge]: Advertising new channel 25 for topic "/map"
[INFO] [1791022142.269479512] [foxglove_bridge]: Advertising new channel 26 for topic "/costmap/visualization"
[INFO] [1791022142.269500531] [foxglove_bridge]: Advertising new channel 27 for topic "/costmap/semantic_markers"
[INFO] [1791022142.269515123] [foxglove_bridge]: Advertising new channel 28 for topic "/costmap/safe_corridor_report"
[INFO] [1791022142.269548263] [foxglove_bridge]: Advertising new channel 29 for topic "/odom"
[INFO] [1791022142.269809580] [foxglove_bridge]: Advertising new channel 30 for topic "/costmap/front_clearance"
[INFO] [1791022142.270320334] [foxglove_bridge]: Advertising new channel 31 for topic "/costmap/boundaries"
[INFO] [1791022142.270338334] [foxglove_bridge]: Advertising new channel 32 for topic "/ekf_global/odometry/filtered"
[INFO] [1791022142.273239569] [foxglove_bridge]: Advertising new channel 33 for topic "/sensors/imu/raw"
[INFO] [1791022142.273666405] [foxglove_bridge]: Advertising new channel 34 for topic "/calibration/in_progress"
[INFO] [1791022142.275307613] [foxglove_bridge]: Advertising new channel 35 for topic "/bond"
[INFO] [1791022142.275403622] [foxglove_bridge]: Advertising new channel 36 for topic "/tf_static"
[INFO] [1791022143.179543619] [foxglove_bridge]: Advertising new channel 37 for topic "/test_campaign/logger_status"
[INFO] [1791022143.180559469] [foxglove_bridge]: Advertising new channel 38 for topic "/slam_toolbox/feedback"
[INFO] [1791022143.180594710] [foxglove_bridge]: Advertising new channel 39 for topic "/slam/pose"
[INFO] [1791022143.181054909] [foxglove_bridge]: Advertising new channel 40 for topic "/slam/map_metadata"
[INFO] [1791022143.181456699] [foxglove_bridge]: Advertising new channel 41 for topic "/scan"
[INFO] [1791022143.182080758] [foxglove_bridge]: Advertising new channel 42 for topic "/perception/obstacles_2d"
[INFO] [1791022143.182101898] [foxglove_bridge]: Advertising new channel 43 for topic "/perception/d_wall/psi_correction"
[INFO] [1791022143.182122741] [foxglove_bridge]: Advertising new channel 44 for topic "/mpc/status"
[INFO] [1791022143.182135417] [foxglove_bridge]: Advertising new channel 45 for topic "/mpc/predicted_min_clearance"
[INFO] [1791022143.182621058] [foxglove_bridge]: Advertising new channel 46 for topic "/mpc/object_status"
[INFO] [1791022143.182641022] [foxglove_bridge]: Advertising new channel 47 for topic "/slam_toolbox/scan_visualization"
[INFO] [1791022143.182955395] [foxglove_bridge]: Advertising new channel 48 for topic "/mpc/goal_turn"
[INFO] [1791022143.183288416] [foxglove_bridge]: Advertising new channel 49 for topic "/mpc/wall_track"
[INFO] [1791022143.183305750] [foxglove_bridge]: Advertising new channel 50 for topic "/mpc/goal_reached"
[INFO] [1791022143.183317426] [foxglove_bridge]: Advertising new channel 51 for topic "/mpc/goal_object_end"
[INFO] [1791022143.183716401] [foxglove_bridge]: Advertising new channel 52 for topic "/mpc/goal_object"
[INFO] [1791022143.184065996] [foxglove_bridge]: Advertising new channel 53 for topic "/mpc/goal_drive"
[INFO] [1791022143.184350276] [foxglove_bridge]: Advertising new channel 54 for topic "/mpc/drive_clamp"
[INFO] [1791022143.184376785] [foxglove_bridge]: Advertising new channel 55 for topic "/model/virtual_robot/odometry"
[INFO] [1791022143.184400943] [foxglove_bridge]: Advertising new channel 56 for topic "/imu"
[INFO] [1791022143.184758048] [foxglove_bridge]: Advertising new channel 57 for topic "/mpc/goal_pose"
[INFO] [1791022143.184779094] [foxglove_bridge]: Advertising new channel 58 for topic "/mpc/goal_distance"
[INFO] [1791022143.186280448] [foxglove_bridge]: Advertising new channel 59 for topic "/slam_toolbox/update"
[INFO] [1791022143.186310791] [foxglove_bridge]: Advertising new channel 60 for topic "/mpc/min_obstacle_distance"
[INFO] [1791022143.186324467] [foxglove_bridge]: Advertising new channel 61 for topic "/mpc/hold"
[INFO] [1791022143.187683227] [foxglove_bridge]: Advertising new channel 62 for topic "/costmap/semantic_tracks"
[INFO] [1791022143.187705764] [foxglove_bridge]: Advertising new channel 63 for topic "/slam_toolbox/graph_visualization"
[INFO] [1791022143.187722320] [foxglove_bridge]: Advertising new channel 64 for topic "/corridor"
[INFO] [1791022143.187735255] [foxglove_bridge]: Advertising new channel 65 for topic "/mpc/min_obstacle_distance_forward"
[INFO] [1791022143.188018971] [foxglove_bridge]: Advertising new channel 66 for topic "/cmd_vel_nav"
[INFO] [1791022143.188426076] [foxglove_bridge]: Advertising new channel 67 for topic "/mpc/solver_status"
[INFO] [1791022143.188440298] [foxglove_bridge]: Advertising new channel 68 for topic "/camera/detections_3d"
[INFO] [1791022143.188463104] [foxglove_bridge]: Advertising new channel 69 for topic "/perception/front_distance"
[INFO] [1791022143.878506281] [foxglove_bridge]: Advertising new channel 70 for topic "/test/mission_event"
[INFO] [1791022143.878785043] [foxglove_bridge]: Advertising new channel 71 for topic "/mission/load_path"
[INFO] [1791022143.878829820] [foxglove_bridge]: Advertising new channel 72 for topic "/safety/event"
[INFO] [1791022143.879731151] [foxglove_bridge]: Advertising new channel 73 for topic "/mission/move_outcome"
[INFO] [1791022143.881162783] [foxglove_bridge]: Advertising new channel 74 for topic "/camera/detections"
[INFO] [1791022143.881630592] [foxglove_bridge]: Advertising new channel 75 for topic "/bt/tree_visualization"
[INFO] [1791022143.881989753] [foxglove_bridge]: Advertising new channel 76 for topic "/behavior/tree_status"
[INFO] [1791022144.477151936] [foxglove_bridge]: Advertising new channel 77 for topic "/obstacle_clearance"
[INFO] [1791022145.051195197] [foxglove_bridge]: Advertising new channel 78 for topic "/perception/swept_clearance/lidar"
[INFO] [1791022145.051343254] [foxglove_bridge]: Advertising new channel 79 for topic "/perception/swept_clearance/camera"
[INFO] [1791022145.051385709] [foxglove_bridge]: Advertising new channel 80 for topic "/zed2/zed_node/depth/depth_registered"
[INFO] [1791022145.052291503] [foxglove_bridge]: Advertising new channel 81 for topic "/perception/lidar_front_wall"
[INFO] [1791022145.052322938] [foxglove_bridge]: Advertising new channel 82 for topic "/perception/d_wall/swept_arc"
[INFO] [1791022145.052342725] [foxglove_bridge]: Advertising new channel 83 for topic "/perception/swept_clearance"
[INFO] [1791022145.052715385] [foxglove_bridge]: Advertising new channel 84 for topic "/perception/d_wall/segment"
[INFO] [1791022145.052744006] [foxglove_bridge]: Advertising new channel 85 for topic "/perception/d_wall/gate_margin"
[INFO] [1791022145.053161370] [foxglove_bridge]: Advertising new channel 86 for topic "/perception/d_wall"
[INFO] [1791022145.054020775] [foxglove_bridge]: Advertising new channel 87 for topic "/zed2/zed_node/depth/camera_info"
[INFO] [1791022145.054121063] [foxglove_bridge]: Advertising new channel 88 for topic "/perception/swept_clearance/steering"
[INFO] [1791022145.054434519] [foxglove_bridge]: Advertising new channel 89 for topic "/perception/lidar_front_wall_virtual"
[INFO] [1791022180.005530064] [foxglove_bridge]: Advertising new channel 90 for topic "/events/write_split"
[INFO] [1791022190.474186074] [foxglove_bridge]: Removing channel 90 for topic "/events/write_split" (rosbag2_interfaces/msg/WriteSplitEvent)
[INFO] [1791022205.994163019] [rclcpp]: signal_handler(SIGINT/SIGTERM)
