[WARN] [1791022139.852860238] [component_supervisor_node]: [component_supervisor] FastDDS SHM sweep (startup): found 40 fastrtps file(s) (16 still in use, 24 orphaned) -- removed 24/24 orphaned file(s). Sample removed: ['/dev/shm/fastrtps_9812c09aefc73509', '/dev/shm/fastrtps_a310303d9c93888e', '/dev/shm/fastrtps_a310303d9c93888e_el', '/dev/shm/fastrtps_afc59b99b6042868', '/dev/shm/fastrtps_afc59b99b6042868_el'].
[INFO] [1791022139.956728653] [component_supervisor_node]: [component_supervisor] Registry: ['behavior', 'calibrate_hardware', 'control', 'dev_tools', 'diagnostics', 'hardware', 'intelligence', 'lidar_front_wall', 'localization', 'navigation', 'obstacle_clearance', 'perception', 'slam', 'startup_sequence', 'swept_clearance', 'wall_distance']. Auto-starting: ['behavior', 'control', 'dev_tools', 'diagnostics', 'hardware', 'lidar_front_wall', 'localization', 'navigation', 'obstacle_clearance', 'perception', 'slam', 'swept_clearance', 'wall_distance']. Log dir: /home/andre/dev_ws/f1tenth_more/output/fix_batch_2/logger_from_env/supervisor
[INFO] [1791022139.958832419] [component_supervisor_node]: [component_supervisor] Started 'diagnostics': ros2 launch f1tenth_diagnostics system_observer.launch.py (pid 392580, log: /home/andre/dev_ws/f1tenth_more/output/fix_batch_2/logger_from_env/supervisor/f1tenth_diagnostics_system_observer.launch.py.log)
[INFO] [1791022139.960151855] [component_supervisor_node]: [component_supervisor] Started 'diagnostics': ros2 launch f1tenth_diagnostics diagnostics_server.launch.py (pid 392581, log: /home/andre/dev_ws/f1tenth_more/output/fix_batch_2/logger_from_env/supervisor/f1tenth_diagnostics_diagnostics_server.launch.py.log)
[INFO] [1791022139.961171104] [component_supervisor_node]: [component_supervisor] Started 'diagnostics': ros2 launch f1tenth_logger mission_logger.launch.py mission_logger_runs_dir:=/home/andre/dev_ws/f1tenth_more/output/fix_batch_2/logger_from_env/runs (pid 392582, log: /home/andre/dev_ws/f1tenth_more/output/fix_batch_2/logger_from_env/supervisor/f1tenth_logger_mission_logger.launch.py.log)
[INFO] [1791022139.962152436] [component_supervisor_node]: [component_supervisor] Started 'slam': ros2 launch f1tenth_navigation slam.launch.py (pid 392583, log: /home/andre/dev_ws/f1tenth_more/output/fix_batch_2/logger_from_env/supervisor/f1tenth_navigation_slam.launch.py.log)
[INFO] [1791022139.962842265] [component_supervisor_node]: [component_supervisor] Started 'slam': ros2 launch f1tenth_costmap costmap.launch.py (pid 392584, log: /home/andre/dev_ws/f1tenth_more/output/fix_batch_2/logger_from_env/supervisor/f1tenth_costmap_costmap.launch.py.log)
[INFO] [1791022139.964099654] [component_supervisor_node]: [component_supervisor] Started 'swept_clearance': ros2 launch f1tenth_perception swept_clearance.launch.py (pid 392585, log: /home/andre/dev_ws/f1tenth_more/output/fix_batch_2/logger_from_env/supervisor/f1tenth_perception_swept_clearance.launch.py.log)
[INFO] [1791022139.964959040] [component_supervisor_node]: [component_supervisor] Started 'control': ros2 launch f1tenth_control ackermann_mux.launch.py (pid 392586, log: /home/andre/dev_ws/f1tenth_more/output/fix_batch_2/logger_from_env/supervisor/f1tenth_control_ackermann_mux.launch.py.log)
[INFO] [1791022139.966064271] [component_supervisor_node]: [component_supervisor] Started 'lidar_front_wall': ros2 launch f1tenth_perception lidar_front_wall.launch.py (pid 392587, log: /home/andre/dev_ws/f1tenth_more/output/fix_batch_2/logger_from_env/supervisor/f1tenth_perception_lidar_front_wall.launch.py.log)
[INFO] [1791022139.967137817] [component_supervisor_node]: [component_supervisor] Started 'localization': ros2 launch f1tenth_localization localization.launch.py (pid 392588, log: /home/andre/dev_ws/f1tenth_more/output/fix_batch_2/logger_from_env/supervisor/f1tenth_localization_localization.launch.py.log)
[INFO] [1791022139.967966619] [component_supervisor_node]: [component_supervisor] Started 'dev_tools': ros2 launch f1tenth_bringup foxglove_bridge.launch.py (pid 392589, log: /home/andre/dev_ws/f1tenth_more/output/fix_batch_2/logger_from_env/supervisor/f1tenth_bringup_foxglove_bridge.launch.py.log)
[INFO] [1791022139.968816080] [component_supervisor_node]: [component_supervisor] Started 'wall_distance': ros2 launch f1tenth_perception wall_distance.launch.py (pid 392590, log: /home/andre/dev_ws/f1tenth_more/output/fix_batch_2/logger_from_env/supervisor/f1tenth_perception_wall_distance.launch.py.log)
[INFO] [1791022139.969850301] [component_supervisor_node]: [component_supervisor] Started 'obstacle_clearance': ros2 launch f1tenth_perception obstacle_clearance.launch.py (pid 392591, log: /home/andre/dev_ws/f1tenth_more/output/fix_batch_2/logger_from_env/supervisor/f1tenth_perception_obstacle_clearance.launch.py.log)
[INFO] [1791022139.971417989] [component_supervisor_node]: [component_supervisor] Started 'behavior': ros2 launch f1tenth_behavior behavior_bringup.launch.py (pid 392592, log: /home/andre/dev_ws/f1tenth_more/output/fix_batch_2/logger_from_env/supervisor/f1tenth_behavior_behavior_bringup.launch.py.log)
[INFO] [1791022139.975341259] [component_supervisor_node]: [component_supervisor] Started 'navigation': ros2 launch f1tenth_navigation navigation.launch.py (pid 392593, log: /home/andre/dev_ws/f1tenth_more/output/fix_batch_2/logger_from_env/supervisor/f1tenth_navigation_navigation.launch.py.log)
[INFO] [1791022205.992385728] [component_supervisor_node]: [component_supervisor] Received signal 2 -- shutting down all tracked components.
[INFO] [1791022205.993151298] [component_supervisor_node]: [component_supervisor] Shutting down -- stopping all components.
[INFO] [1791022206.903382994] [component_supervisor_node]: [component_supervisor] 'control' (ackermann_mux.launch.py): clean SIGINT exit in 0.3s
[INFO] [1791022206.904409789] [component_supervisor_node]: [component_supervisor] 'diagnostics' (system_observer.launch.py): clean SIGINT exit in 0.4s
[INFO] [1791022206.905001774] [component_supervisor_node]: [component_supervisor] 'diagnostics' (diagnostics_server.launch.py): clean SIGINT exit in 0.4s
[INFO] [1791022206.905547769] [component_supervisor_node]: [component_supervisor] 'slam' (costmap.launch.py): clean SIGINT exit in 0.4s
[INFO] [1791022206.906096532] [component_supervisor_node]: [component_supervisor] 'localization' (localization.launch.py): clean SIGINT exit in 0.4s
[INFO] [1791022206.906661073] [component_supervisor_node]: [component_supervisor] 'navigation' (navigation.launch.py): clean SIGINT exit in 0.4s
[INFO] [1791022206.907204976] [component_supervisor_node]: [component_supervisor] 'slam' (slam.launch.py): clean SIGINT exit in 0.6s
[INFO] [1791022206.907742433] [component_supervisor_node]: [component_supervisor] 'diagnostics' (mission_logger.launch.py): clean SIGINT exit in 0.7s
[INFO] [1791022206.908289317] [component_supervisor_node]: [component_supervisor] 'dev_tools' (foxglove_bridge.launch.py): clean SIGINT exit in 0.7s
[INFO] [1791022206.908826238] [component_supervisor_node]: [component_supervisor] 'behavior' (behavior_bringup.launch.py): clean SIGINT exit in 0.7s
[INFO] [1791022206.909361528] [component_supervisor_node]: [component_supervisor] 'swept_clearance' (swept_clearance.launch.py): clean SIGINT exit in 0.8s
[INFO] [1791022206.909895291] [component_supervisor_node]: [component_supervisor] 'lidar_front_wall' (lidar_front_wall.launch.py): clean SIGINT exit in 0.8s
[INFO] [1791022206.910429184] [component_supervisor_node]: [component_supervisor] 'wall_distance' (wall_distance.launch.py): clean SIGINT exit in 0.8s
[INFO] [1791022206.910984586] [component_supervisor_node]: [component_supervisor] 'obstacle_clearance' (obstacle_clearance.launch.py): clean SIGINT exit in 0.9s
[WARN] [1791022206.953596782] [component_supervisor_node]: [component_supervisor] FastDDS SHM sweep (shutdown): found 148 fastrtps file(s) (29 still in use, 119 orphaned) -- removed 119/119 orphaned file(s). Sample removed: ['/dev/shm/fastrtps_1a0cc6a70e71ebbc_el', '/dev/shm/fastrtps_74e0fbd4b5108682_el', '/dev/shm/fastrtps_e9ec445dc44afe4c_el', '/dev/shm/fastrtps_port28665_el', '/dev/shm/fastrtps_port28667'].
