[INFO] [launch]: All log files can be found below /home/andre/dev_ws/f1tenth_more/output/fix_batch_5/once_settle/control_sim/run_02/ros_log/2026-10-05-13-37-54-514552-thor-1081701
[INFO] [launch]: Default logging verbosity is set to INFO
[INFO] [fastdds_discovery_server-1]: process started with pid [1081764]
[INFO] [component_supervisor_node-2]: process started with pid [1081765]
[fastdds_discovery_server-1] [ensure_discovery_server] 127.0.0.1:11811 already has a live listener (an earlier session's server, deliberately still running by design -- see stack_params.yaml's own discovery_server_address/_port comment) -- reusing it, not starting a duplicate. This process will now idle harmlessly for the life of this launch.
[component_supervisor_node-2] [WARN] [1791200275.168614128] [component_supervisor_node]: [component_supervisor] FastDDS SHM sweep (startup): found 59 fastrtps file(s) (22 still in use, 37 orphaned) -- removed 13/37 orphaned file(s). Sample removed: ['/dev/shm/fastrtps_port28667', '/dev/shm/fastrtps_port28669', '/dev/shm/fastrtps_port28685', '/dev/shm/fastrtps_port28687', '/dev/shm/fastrtps_port28693'].
[component_supervisor_node-2] [WARN] [1791200275.169130525] [component_supervisor_node]: [component_supervisor] FastDDS SHM sweep (startup): failed to remove 24 file(s): [('/dev/shm/fastrtps_7407d0862be81302', "[Errno 1] Operation not permitted: '/dev/shm/fastrtps_7407d0862be81302'"), ('/dev/shm/fastrtps_7407d0862be81302_el', "[Errno 1] Operation not permitted: '/dev/shm/fastrtps_7407d0862be81302_el'"), ('/dev/shm/fastrtps_9cd56be4590cf61f', "[Errno 1] Operation not permitted: '/dev/shm/fastrtps_9cd56be4590cf61f'"), ('/dev/shm/fastrtps_9cd56be4590cf61f_el', "[Errno 1] Operation not permitted: '/dev/shm/fastrtps_9cd56be4590cf61f_el'"), ('/dev/shm/fastrtps_port31165', "[Errno 1] Operation not permitted: '/dev/shm/fastrtps_port31165'")].
[component_supervisor_node-2] [WARN] [1791200275.179265170] [component_supervisor_node]: [component_supervisor] SIM MODE: hardware drivers not started (['camera.launch.py', 'lidar.launch.py', 'vesc.launch.py']), every component on use_sim_time, /clock expected from the simulator.
[component_supervisor_node-2] [INFO] [1791200275.278518515] [component_supervisor_node]: [component_supervisor] Registry: ['behavior', 'calibrate_hardware', 'control', 'dev_tools', 'diagnostics', 'hardware', 'intelligence', 'lidar_front_wall', 'localization', 'navigation', 'obstacle_clearance', 'perception', 'slam', 'startup_sequence', 'swept_clearance', 'wall_distance']. Auto-starting: ['behavior', 'control', 'dev_tools', 'diagnostics', 'hardware', 'lidar_front_wall', 'localization', 'navigation', 'obstacle_clearance', 'perception', 'slam', 'swept_clearance', 'wall_distance']. Log dir: /home/andre/dev_ws/f1tenth_more/output/fix_batch_5/once_settle/control_sim/run_02/supervisor
[component_supervisor_node-2] [INFO] [1791200275.280179272] [component_supervisor_node]: [component_supervisor] Started 'slam': ros2 launch f1tenth_bringup sim_component.launch.py component_package:=f1tenth_navigation component_launch_file:=slam.launch.py (pid 1081794, log: /home/andre/dev_ws/f1tenth_more/output/fix_batch_5/once_settle/control_sim/run_02/supervisor/f1tenth_navigation_slam.launch.py.log)
[component_supervisor_node-2] [INFO] [1791200275.281124001] [component_supervisor_node]: [component_supervisor] Started 'slam': ros2 launch f1tenth_bringup sim_component.launch.py component_package:=f1tenth_costmap component_launch_file:=costmap.launch.py (pid 1081795, log: /home/andre/dev_ws/f1tenth_more/output/fix_batch_5/once_settle/control_sim/run_02/supervisor/f1tenth_costmap_costmap.launch.py.log)
[component_supervisor_node-2] [INFO] [1791200275.282122713] [component_supervisor_node]: [component_supervisor] Started 'wall_distance': ros2 launch f1tenth_bringup sim_component.launch.py component_package:=f1tenth_perception component_launch_file:=wall_distance.launch.py (pid 1081796, log: /home/andre/dev_ws/f1tenth_more/output/fix_batch_5/once_settle/control_sim/run_02/supervisor/f1tenth_perception_wall_distance.launch.py.log)
[component_supervisor_node-2] [INFO] [1791200275.283431748] [component_supervisor_node]: [component_supervisor] Started 'control': ros2 launch f1tenth_bringup sim_component.launch.py component_package:=f1tenth_control component_launch_file:=ackermann_mux.launch.py (pid 1081797, log: /home/andre/dev_ws/f1tenth_more/output/fix_batch_5/once_settle/control_sim/run_02/supervisor/f1tenth_control_ackermann_mux.launch.py.log)
[component_supervisor_node-2] [INFO] [1791200275.284661331] [component_supervisor_node]: [component_supervisor] Started 'swept_clearance': ros2 launch f1tenth_bringup sim_component.launch.py component_package:=f1tenth_perception component_launch_file:=swept_clearance.launch.py (pid 1081798, log: /home/andre/dev_ws/f1tenth_more/output/fix_batch_5/once_settle/control_sim/run_02/supervisor/f1tenth_perception_swept_clearance.launch.py.log)
[component_supervisor_node-2] [INFO] [1791200275.285691719] [component_supervisor_node]: [component_supervisor] Started 'hardware': ros2 launch f1tenth_bringup sim_component.launch.py component_package:=f1tenth_bringup component_launch_file:=sim_hardware_tf.launch.py (pid 1081799, log: /home/andre/dev_ws/f1tenth_more/output/fix_batch_5/once_settle/control_sim/run_02/supervisor/f1tenth_bringup_sim_hardware_tf.launch.py.log)
[component_supervisor_node-2] [INFO] [1791200275.286983948] [component_supervisor_node]: [component_supervisor] Started 'obstacle_clearance': ros2 launch f1tenth_bringup sim_component.launch.py component_package:=f1tenth_perception component_launch_file:=obstacle_clearance.launch.py (pid 1081800, log: /home/andre/dev_ws/f1tenth_more/output/fix_batch_5/once_settle/control_sim/run_02/supervisor/f1tenth_perception_obstacle_clearance.launch.py.log)
[component_supervisor_node-2] [INFO] [1791200275.287915067] [component_supervisor_node]: [component_supervisor] Started 'localization': ros2 launch f1tenth_bringup sim_component.launch.py component_package:=f1tenth_localization component_launch_file:=localization.launch.py (pid 1081801, log: /home/andre/dev_ws/f1tenth_more/output/fix_batch_5/once_settle/control_sim/run_02/supervisor/f1tenth_localization_localization.launch.py.log)
[component_supervisor_node-2] [INFO] [1791200275.288824252] [component_supervisor_node]: [component_supervisor] Started 'lidar_front_wall': ros2 launch f1tenth_bringup sim_component.launch.py component_package:=f1tenth_perception component_launch_file:=lidar_front_wall.launch.py (pid 1081802, log: /home/andre/dev_ws/f1tenth_more/output/fix_batch_5/once_settle/control_sim/run_02/supervisor/f1tenth_perception_lidar_front_wall.launch.py.log)
[component_supervisor_node-2] [INFO] [1791200275.290287472] [component_supervisor_node]: [component_supervisor] Started 'dev_tools': ros2 launch f1tenth_bringup sim_component.launch.py component_package:=f1tenth_bringup component_launch_file:=foxglove_bridge.launch.py (pid 1081803, log: /home/andre/dev_ws/f1tenth_more/output/fix_batch_5/once_settle/control_sim/run_02/supervisor/f1tenth_bringup_foxglove_bridge.launch.py.log)
[component_supervisor_node-2] [INFO] [1791200275.291320470] [component_supervisor_node]: [component_supervisor] Started 'navigation': ros2 launch f1tenth_bringup sim_component.launch.py component_package:=f1tenth_navigation component_launch_file:=navigation.launch.py (pid 1081804, log: /home/andre/dev_ws/f1tenth_more/output/fix_batch_5/once_settle/control_sim/run_02/supervisor/f1tenth_navigation_navigation.launch.py.log)
[component_supervisor_node-2] [INFO] [1791200275.296617833] [component_supervisor_node]: [component_supervisor] Started 'diagnostics': ros2 launch f1tenth_bringup sim_component.launch.py component_package:=f1tenth_diagnostics component_launch_file:=system_observer.launch.py (pid 1081805, log: /home/andre/dev_ws/f1tenth_more/output/fix_batch_5/once_settle/control_sim/run_02/supervisor/f1tenth_diagnostics_system_observer.launch.py.log)
[component_supervisor_node-2] [INFO] [1791200275.297603017] [component_supervisor_node]: [component_supervisor] Started 'diagnostics': ros2 launch f1tenth_bringup sim_component.launch.py component_package:=f1tenth_diagnostics component_launch_file:=diagnostics_server.launch.py (pid 1081806, log: /home/andre/dev_ws/f1tenth_more/output/fix_batch_5/once_settle/control_sim/run_02/supervisor/f1tenth_diagnostics_diagnostics_server.launch.py.log)
[component_supervisor_node-2] [INFO] [1791200275.302982372] [component_supervisor_node]: [component_supervisor] Started 'diagnostics': ros2 launch f1tenth_bringup sim_component.launch.py component_package:=f1tenth_logger component_launch_file:=mission_logger.launch.py mission_logger_runs_dir:=/home/andre/dev_ws/f1tenth_more/output/fix_batch_5/once_settle/control_sim/run_02/runs (pid 1081807, log: /home/andre/dev_ws/f1tenth_more/output/fix_batch_5/once_settle/control_sim/run_02/supervisor/f1tenth_logger_mission_logger.launch.py.log)
[component_supervisor_node-2] [INFO] [1791200275.305245230] [component_supervisor_node]: [component_supervisor] Started 'behavior': ros2 launch f1tenth_bringup sim_component.launch.py component_package:=f1tenth_behavior component_launch_file:=behavior_bringup.launch.py (pid 1081808, log: /home/andre/dev_ws/f1tenth_more/output/fix_batch_5/once_settle/control_sim/run_02/supervisor/f1tenth_behavior_behavior_bringup.launch.py.log)
[component_supervisor_node-2] [INFO] [1791200275.602652819] [component_supervisor_node]: [health] topic-liveness watchdog enforce: watching ['behavior', 'control', 'diagnostics', 'hardware', 'lidar_front_wall', 'localization', 'navigation', 'obstacle_clearance', 'perception', 'slam', 'swept_clearance', 'wall_distance'] on 18 topics, sim pause gate on /clock
[component_supervisor_node-2] [WARN] [1791200276.103802401] [component_supervisor_node]: [health] sim clock paused: liveness checks suspended
[component_supervisor_node-2] [WARN] [1791200308.103125703] [component_supervisor_node]: [health] sim clock running again: checks resume after 5 s
[WARNING] [launch]: user interrupted with ctrl-c (SIGINT)
[INFO] [component_supervisor_node-2]: sending signal 'SIGINT' to process[component_supervisor_node-2]
[INFO] [fastdds_discovery_server-1]: sending signal 'SIGINT' to process[fastdds_discovery_server-1]
[component_supervisor_node-2] [INFO] [1791200351.603386470] [component_supervisor_node]: [component_supervisor] Received signal 2 -- shutting down all tracked components.
[component_supervisor_node-2] [INFO] [1791200351.604205626] [component_supervisor_node]: [component_supervisor] Shutting down -- stopping all components.
[fastdds_discovery_server-1] Traceback (most recent call last):
[fastdds_discovery_server-1]   File "/home/andre/dev_ws/f1tenth_more/install/f1tenth_bringup/share/f1tenth_bringup/scripts/ensure_discovery_server.py", line 124, in <module>
[fastdds_discovery_server-1]     main()
[fastdds_discovery_server-1]   File "/home/andre/dev_ws/f1tenth_more/install/f1tenth_bringup/share/f1tenth_bringup/scripts/ensure_discovery_server.py", line 89, in main
[fastdds_discovery_server-1]     signal_wait.wait()
[fastdds_discovery_server-1]   File "/usr/lib/python3.12/subprocess.py", line 1264, in wait
[fastdds_discovery_server-1]     return self._wait(timeout=timeout)
[fastdds_discovery_server-1]            ^^^^^^^^^^^^^^^^^^^^^^^^^^^
[fastdds_discovery_server-1]   File "/usr/lib/python3.12/subprocess.py", line 2053, in _wait
[fastdds_discovery_server-1]     (pid, sts) = self._try_wait(0)
[fastdds_discovery_server-1]                  ^^^^^^^^^^^^^^^^^
[fastdds_discovery_server-1]   File "/usr/lib/python3.12/subprocess.py", line 2011, in _try_wait
[fastdds_discovery_server-1]     (pid, sts) = os.waitpid(self.pid, wait_flags)
[fastdds_discovery_server-1]                  ^^^^^^^^^^^^^^^^^^^^^^^^^^^^^^^^
[fastdds_discovery_server-1] KeyboardInterrupt
[ERROR] [fastdds_discovery_server-1]: process has died [pid 1081764, exit code -2, cmd 'python3 /home/andre/dev_ws/f1tenth_more/install/f1tenth_bringup/share/f1tenth_bringup/scripts/ensure_discovery_server.py 127.0.0.1 11811'].
[ERROR] [component_supervisor_node-2]: process[component_supervisor_node-2] failed to terminate '5' seconds after receiving 'SIGINT', escalating to 'SIGTERM'
[INFO] [component_supervisor_node-2]: sending signal 'SIGTERM' to process[component_supervisor_node-2]
[component_supervisor_node-2] [WARN] [1791200356.387284231] [component_supervisor_node]: [component_supervisor] Received signal 15 while a shutdown was already in progress -- force-killing every tracked component immediately.
[component_supervisor_node-2] [WARN] [1791200356.737914281] [component_supervisor_node]: [component_supervisor] FastDDS SHM sweep (shutdown (force-kill)): found 198 fastrtps file(s) (34 still in use, 164 orphaned) -- removed 140/164 orphaned file(s). Sample removed: ['/dev/shm/fastrtps_62b66aa5d3b1b1b7_el', '/dev/shm/fastrtps_983c1d147726a1a9_el', '/dev/shm/fastrtps_ad1afb70269808a1_el', '/dev/shm/fastrtps_bbfc3afd397e407f_el', '/dev/shm/fastrtps_cb82b137e3c6690a_el'].
[component_supervisor_node-2] [WARN] [1791200356.738943094] [component_supervisor_node]: [component_supervisor] FastDDS SHM sweep (shutdown (force-kill)): failed to remove 24 file(s): [('/dev/shm/fastrtps_7407d0862be81302', "[Errno 1] Operation not permitted: '/dev/shm/fastrtps_7407d0862be81302'"), ('/dev/shm/fastrtps_7407d0862be81302_el', "[Errno 1] Operation not permitted: '/dev/shm/fastrtps_7407d0862be81302_el'"), ('/dev/shm/fastrtps_9cd56be4590cf61f', "[Errno 1] Operation not permitted: '/dev/shm/fastrtps_9cd56be4590cf61f'"), ('/dev/shm/fastrtps_9cd56be4590cf61f_el', "[Errno 1] Operation not permitted: '/dev/shm/fastrtps_9cd56be4590cf61f_el'"), ('/dev/shm/fastrtps_port31165', "[Errno 1] Operation not permitted: '/dev/shm/fastrtps_port31165'")].
[INFO] [component_supervisor_node-2]: process has finished cleanly [pid 1081765]
