[INFO] [1791020243.749697701] [foxglove_bridge]: Starting foxglove_bridge (jazzy, 3.5.0@)
[INFO] [1791020243.751324645] [foxglove_bridge]: Server listening on port 8765
[INFO] [1791020243.755406863] [foxglove_bridge]: Advertising new channel 2 for topic "/rosout"
[INFO] [1791020243.757783500] [foxglove_bridge]: Advertising new channel 3 for topic "/parameter_events"
[INFO] [1791020244.777298553] [foxglove_bridge]: Advertising new channel 4 for topic "/slam/pose_calibrated"
[INFO] [1791020244.777452461] [foxglove_bridge]: Advertising new channel 5 for topic "/set_pose"
[INFO] [1791020244.778205904] [foxglove_bridge]: Advertising new channel 6 for topic "/slam_toolbox/transition_event"
[INFO] [1791020244.779452866] [foxglove_bridge]: Advertising new channel 7 for topic "/safety_stop"
[INFO] [1791020244.779526098] [foxglove_bridge]: Advertising new channel 8 for topic "/teleop"
[INFO] [1791020244.779837476] [foxglove_bridge]: Advertising new channel 9 for topic "/robot_description"
[INFO] [1791020244.781331022] [foxglove_bridge]: Advertising new channel 10 for topic "/odometry/filtered"
[INFO] [1791020244.781392392] [foxglove_bridge]: Advertising new channel 11 for topic "/odom"
[INFO] [1791020244.781844178] [foxglove_bridge]: Advertising new channel 12 for topic "/map"
[INFO] [1791020244.782129752] [foxglove_bridge]: Advertising new channel 13 for topic "/joint_states"
[INFO] [1791020244.782148678] [foxglove_bridge]: Advertising new channel 14 for topic "/ekf_global/set_pose"
[INFO] [1791020244.782797150] [foxglove_bridge]: Advertising new channel 15 for topic "/tf_static"
[INFO] [1791020244.782818919] [foxglove_bridge]: Advertising new channel 16 for topic "/ekf_global/odometry/filtered"
[INFO] [1791020244.783088362] [foxglove_bridge]: Advertising new channel 17 for topic "/sensors/imu/raw"
[INFO] [1791020244.783104233] [foxglove_bridge]: Advertising new channel 18 for topic "/map_server/transition_event"
[INFO] [1791020244.783115279] [foxglove_bridge]: Advertising new channel 19 for topic "/drive"
[INFO] [1791020244.783126677] [foxglove_bridge]: Advertising new channel 20 for topic "/tf"
[INFO] [1791020244.783732325] [foxglove_bridge]: Advertising new channel 21 for topic "/diagnostics"
[INFO] [1791020244.783747705] [foxglove_bridge]: Advertising new channel 22 for topic "/calibration_drive"
[INFO] [1791020244.783987759] [foxglove_bridge]: Advertising new channel 23 for topic "/bond"
[INFO] [1791020244.784000222] [foxglove_bridge]: Advertising new channel 24 for topic "/ackermann_drive"
[INFO] [1791020245.678215375] [foxglove_bridge]: Advertising new channel 25 for topic "/slam_toolbox/scan_visualization"
[INFO] [1791020245.680541336] [foxglove_bridge]: Advertising new channel 26 for topic "/slam_toolbox/graph_visualization"
[INFO] [1791020245.680589031] [foxglove_bridge]: Advertising new channel 27 for topic "/slam/pose"
[INFO] [1791020245.680907928] [foxglove_bridge]: Advertising new channel 28 for topic "/slam/map_metadata"
[INFO] [1791020245.680953530] [foxglove_bridge]: Advertising new channel 29 for topic "/slam/map"
[INFO] [1791020245.681439530] [foxglove_bridge]: Advertising new channel 30 for topic "/sensors/core"
[INFO] [1791020245.681455668] [foxglove_bridge]: Advertising new channel 31 for topic "/scan"
[INFO] [1791020245.681475178] [foxglove_bridge]: Advertising new channel 32 for topic "/mpc/corridor_markers"
[INFO] [1791020245.681857612] [foxglove_bridge]: Advertising new channel 33 for topic "/mission/status"
[INFO] [1791020245.682174140] [foxglove_bridge]: Advertising new channel 34 for topic "/slam_toolbox/feedback"
[INFO] [1791020245.682521954] [foxglove_bridge]: Advertising new channel 35 for topic "/diagnostics/battery_status"
[INFO] [1791020245.683837841] [foxglove_bridge]: Advertising new channel 36 for topic "/costmap/semantic_tracks"
[INFO] [1791020245.683858462] [foxglove_bridge]: Advertising new channel 37 for topic "/costmap/safe_corridor_report"
[INFO] [1791020245.684115647] [foxglove_bridge]: Advertising new channel 38 for topic "/costmap/front_clearance"
[INFO] [1791020245.684718332] [foxglove_bridge]: Advertising new channel 39 for topic "/costmap/boundaries"
[INFO] [1791020245.686201636] [foxglove_bridge]: Advertising new channel 40 for topic "/slam_toolbox/update"
[INFO] [1791020245.686532089] [foxglove_bridge]: Advertising new channel 41 for topic "/cmd_vel_nav"
[INFO] [1791020245.686554775] [foxglove_bridge]: Advertising new channel 42 for topic "/camera/detections_3d"
[INFO] [1791020245.686571626] [foxglove_bridge]: Advertising new channel 43 for topic "/costmap/semantic_markers"
[INFO] [1791020245.686842321] [foxglove_bridge]: Advertising new channel 44 for topic "/calibration/in_progress"
[INFO] [1791020245.687130857] [foxglove_bridge]: Advertising new channel 45 for topic "/diagnostics/system_status"
[INFO] [1791020245.687448977] [foxglove_bridge]: Advertising new channel 46 for topic "/costmap/visualization"
[INFO] [1791020246.650352731] [foxglove_bridge]: Advertising new channel 47 for topic "/test_campaign/logger_status"
[INFO] [1791020246.651504332] [foxglove_bridge]: Advertising new channel 48 for topic "/perception/obstacles_2d"
[INFO] [1791020246.651573202] [foxglove_bridge]: Advertising new channel 49 for topic "/perception/d_wall/psi_correction"
[INFO] [1791020246.651595128] [foxglove_bridge]: Advertising new channel 50 for topic "/mpc/status"
[INFO] [1791020246.651609147] [foxglove_bridge]: Advertising new channel 51 for topic "/mpc/predicted_min_clearance"
[INFO] [1791020246.652000711] [foxglove_bridge]: Advertising new channel 52 for topic "/mpc/object_status"
[INFO] [1791020246.652252499] [foxglove_bridge]: Advertising new channel 53 for topic "/mpc/goal_turn"
[INFO] [1791020246.652498757] [foxglove_bridge]: Advertising new channel 54 for topic "/mpc/wall_track"
[INFO] [1791020246.652510831] [foxglove_bridge]: Advertising new channel 55 for topic "/mpc/goal_reached"
[INFO] [1791020246.652523423] [foxglove_bridge]: Advertising new channel 56 for topic "/mpc/goal_object_end"
[INFO] [1791020246.652839442] [foxglove_bridge]: Advertising new channel 57 for topic "/mpc/goal_object"
[INFO] [1791020246.653102201] [foxglove_bridge]: Advertising new channel 58 for topic "/mpc/goal_drive"
[INFO] [1791020246.653318497] [foxglove_bridge]: Advertising new channel 59 for topic "/mpc/drive_clamp"
[INFO] [1791020246.653344072] [foxglove_bridge]: Advertising new channel 60 for topic "/model/virtual_robot/odometry"
[INFO] [1791020246.653569571] [foxglove_bridge]: Advertising new channel 61 for topic "/mission/move_outcome"
[INFO] [1791020246.653590709] [foxglove_bridge]: Advertising new channel 62 for topic "/imu"
[INFO] [1791020246.653884330] [foxglove_bridge]: Advertising new channel 63 for topic "/mpc/goal_pose"
[INFO] [1791020246.653902228] [foxglove_bridge]: Advertising new channel 64 for topic "/mpc/goal_distance"
[INFO] [1791020246.653924561] [foxglove_bridge]: Advertising new channel 65 for topic "/mpc/min_obstacle_distance"
[INFO] [1791020246.653934728] [foxglove_bridge]: Advertising new channel 66 for topic "/mpc/hold"
[INFO] [1791020246.653964219] [foxglove_bridge]: Advertising new channel 67 for topic "/corridor"
[INFO] [1791020246.653974830] [foxglove_bridge]: Advertising new channel 68 for topic "/mpc/min_obstacle_distance_forward"
[INFO] [1791020246.654276691] [foxglove_bridge]: Advertising new channel 69 for topic "/mpc/solver_status"
[INFO] [1791020246.659658390] [foxglove_bridge]: Advertising new channel 70 for topic "/bt/tree_visualization"
[INFO] [1791020246.660347259] [foxglove_bridge]: Advertising new channel 71 for topic "/behavior/tree_status"
[INFO] [1791020246.660384592] [foxglove_bridge]: Advertising new channel 72 for topic "/perception/front_distance"
[INFO] [1791020247.331621409] [foxglove_bridge]: Advertising new channel 73 for topic "/test/mission_event"
[INFO] [1791020247.331859891] [foxglove_bridge]: Advertising new channel 74 for topic "/mission/load_path"
[INFO] [1791020247.331902372] [foxglove_bridge]: Advertising new channel 75 for topic "/safety/event"
[INFO] [1791020247.333708407] [foxglove_bridge]: Advertising new channel 76 for topic "/camera/detections"
[INFO] [1791020247.839461626] [foxglove_bridge]: Advertising new channel 77 for topic "/zed2/zed_node/depth/depth_registered"
[INFO] [1791020247.839742329] [foxglove_bridge]: Advertising new channel 78 for topic "/perception/swept_clearance/lidar"
[INFO] [1791020247.839770839] [foxglove_bridge]: Advertising new channel 79 for topic "/perception/swept_clearance/camera"
[INFO] [1791020247.839794764] [foxglove_bridge]: Advertising new channel 80 for topic "/perception/d_wall/swept_arc"
[INFO] [1791020247.839814570] [foxglove_bridge]: Advertising new channel 81 for topic "/perception/swept_clearance"
[INFO] [1791020247.840840921] [foxglove_bridge]: Advertising new channel 82 for topic "/perception/d_wall/segment"
[INFO] [1791020247.840888995] [foxglove_bridge]: Advertising new channel 83 for topic "/perception/d_wall/gate_margin"
[INFO] [1791020247.841425864] [foxglove_bridge]: Advertising new channel 84 for topic "/perception/d_wall"
[INFO] [1791020247.841456225] [foxglove_bridge]: Advertising new channel 85 for topic "/obstacle_clearance"
[INFO] [1791020247.842558039] [foxglove_bridge]: Advertising new channel 86 for topic "/zed2/zed_node/depth/camera_info"
[INFO] [1791020247.842684150] [foxglove_bridge]: Advertising new channel 87 for topic "/perception/swept_clearance/steering"
[INFO] [1791020248.516919480] [foxglove_bridge]: Advertising new channel 88 for topic "/perception/lidar_front_wall"
[INFO] [1791020248.517734841] [foxglove_bridge]: Advertising new channel 89 for topic "/perception/lidar_front_wall_virtual"
[INFO] [1791020288.909735648] [rclcpp]: signal_handler(SIGINT/SIGTERM)
