[INFO] [1791020243.579115897] [map_server]: 
	map_server lifecycle node launched. 
	Waiting on external lifecycle transitions to activate
	See https://design.ros2.org/articles/node_lifecycle.html for more information.
[INFO] [1791020243.579364953] [map_server]: Creating
[INFO] [1791020244.306697973] [map_server]: Configuring
[INFO] [1791020244.306951288] [map_io]: Loading yaml file: /home/andre/dev_ws/f1tenth_more/install/f1tenth_navigation/share/f1tenth_navigation/maps/square_100m.yaml
[INFO] [1791020244.307492352] [map_io]: resolution: 0.05
[INFO] [1791020244.307509251] [map_io]: origin[0]: -50
[INFO] [1791020244.307511788] [map_io]: origin[1]: -50
[INFO] [1791020244.307514065] [map_io]: origin[2]: 0
[INFO] [1791020244.307517315] [map_io]: free_thresh: 0.196
[INFO] [1791020244.307519834] [map_io]: occupied_thresh: 0.65
[INFO] [1791020244.307527047] [map_io]: mode: trinary
[INFO] [1791020244.307532982] [map_io]: negate: 0
[INFO] [1791020244.307976194] [map_io]: Loading image_file: /home/andre/dev_ws/f1tenth_more/install/f1tenth_navigation/share/f1tenth_navigation/maps/square_100m.pgm
[INFO] [1791020244.393800040] [map_io]: Read map /home/andre/dev_ws/f1tenth_more/install/f1tenth_navigation/share/f1tenth_navigation/maps/square_100m.pgm: 2000 X 2000 map @ 0.05 m/cell
[INFO] [1791020244.685884685] [map_server]: Activating
[INFO] [1791020244.694071187] [map_server]: Creating bond (map_server) to lifecycle manager.
[INFO] [1791020288.918889298] [rclcpp]: signal_handler(SIGINT/SIGTERM)
[INFO] [1791020288.919130676] [map_server]: Running Nav2 LifecycleNode rcl preshutdown (map_server)
[INFO] [1791020288.919297537] [map_server]: Deactivating
[INFO] [1791020288.919320232] [map_server]: Destroying bond (map_server) to lifecycle manager.
[INFO] [1791020288.930103740] [map_server]: Cleaning up
[INFO] [1791020288.930428685] [map_server]: Destroying bond (map_server) to lifecycle manager.
