[WARN] [1791020242.763948727] [component_supervisor_node]: [component_supervisor] FastDDS SHM sweep (startup): found 36 fastrtps file(s) (16 still in use, 20 orphaned) -- removed 20/20 orphaned file(s). Sample removed: ['/dev/shm/fastrtps_150ba790df329b8b', '/dev/shm/fastrtps_150ba790df329b8b_el', '/dev/shm/fastrtps_4d2cfb5d468daed3', '/dev/shm/fastrtps_9842c85f26ade98f', '/dev/shm/fastrtps_port28665'].
[INFO] [1791020242.865588780] [component_supervisor_node]: [component_supervisor] Registry: ['behavior', 'calibrate_hardware', 'control', 'dev_tools', 'diagnostics', 'hardware', 'intelligence', 'lidar_front_wall', 'localization', 'navigation', 'obstacle_clearance', 'perception', 'slam', 'startup_sequence', 'swept_clearance', 'wall_distance']. Auto-starting: ['behavior', 'control', 'dev_tools', 'diagnostics', 'hardware', 'lidar_front_wall', 'localization', 'navigation', 'obstacle_clearance', 'perception', 'slam', 'swept_clearance', 'wall_distance']. Log dir: /home/andre/dev_ws/f1tenth_more/output/phase5/cycles/cycle_08/supervisor
[INFO] [1791020242.867987713] [component_supervisor_node]: [component_supervisor] Started 'diagnostics': ros2 launch f1tenth_diagnostics system_observer.launch.py (pid 381383, log: /home/andre/dev_ws/f1tenth_more/output/phase5/cycles/cycle_08/supervisor/f1tenth_diagnostics_system_observer.launch.py.log)
[INFO] [1791020242.869347369] [component_supervisor_node]: [component_supervisor] Started 'diagnostics': ros2 launch f1tenth_diagnostics diagnostics_server.launch.py (pid 381384, log: /home/andre/dev_ws/f1tenth_more/output/phase5/cycles/cycle_08/supervisor/f1tenth_diagnostics_diagnostics_server.launch.py.log)
[INFO] [1791020242.870365071] [component_supervisor_node]: [component_supervisor] Started 'diagnostics': ros2 launch f1tenth_logger mission_logger.launch.py mission_logger_runs_dir:=/home/andre/dev_ws/f1tenth_more/output/phase5/cycles/cycle_08/runs (pid 381385, log: /home/andre/dev_ws/f1tenth_more/output/phase5/cycles/cycle_08/supervisor/f1tenth_logger_mission_logger.launch.py.log)
[INFO] [1791020242.871662950] [component_supervisor_node]: [component_supervisor] Started 'localization': ros2 launch f1tenth_localization localization.launch.py (pid 381386, log: /home/andre/dev_ws/f1tenth_more/output/phase5/cycles/cycle_08/supervisor/f1tenth_localization_localization.launch.py.log)
[INFO] [1791020242.872617570] [component_supervisor_node]: [component_supervisor] Started 'navigation': ros2 launch f1tenth_navigation navigation.launch.py (pid 381387, log: /home/andre/dev_ws/f1tenth_more/output/phase5/cycles/cycle_08/supervisor/f1tenth_navigation_navigation.launch.py.log)
[INFO] [1791020242.873618106] [component_supervisor_node]: [component_supervisor] Started 'wall_distance': ros2 launch f1tenth_perception wall_distance.launch.py (pid 381388, log: /home/andre/dev_ws/f1tenth_more/output/phase5/cycles/cycle_08/supervisor/f1tenth_perception_wall_distance.launch.py.log)
[INFO] [1791020242.874504541] [component_supervisor_node]: [component_supervisor] Started 'swept_clearance': ros2 launch f1tenth_perception swept_clearance.launch.py (pid 381389, log: /home/andre/dev_ws/f1tenth_more/output/phase5/cycles/cycle_08/supervisor/f1tenth_perception_swept_clearance.launch.py.log)
[INFO] [1791020242.875634428] [component_supervisor_node]: [component_supervisor] Started 'dev_tools': ros2 launch f1tenth_bringup foxglove_bridge.launch.py (pid 381390, log: /home/andre/dev_ws/f1tenth_more/output/phase5/cycles/cycle_08/supervisor/f1tenth_bringup_foxglove_bridge.launch.py.log)
[INFO] [1791020242.876557141] [component_supervisor_node]: [component_supervisor] Started 'control': ros2 launch f1tenth_control ackermann_mux.launch.py (pid 381391, log: /home/andre/dev_ws/f1tenth_more/output/phase5/cycles/cycle_08/supervisor/f1tenth_control_ackermann_mux.launch.py.log)
[INFO] [1791020242.877461853] [component_supervisor_node]: [component_supervisor] Started 'behavior': ros2 launch f1tenth_behavior behavior_bringup.launch.py (pid 381392, log: /home/andre/dev_ws/f1tenth_more/output/phase5/cycles/cycle_08/supervisor/f1tenth_behavior_behavior_bringup.launch.py.log)
[INFO] [1791020242.878472722] [component_supervisor_node]: [component_supervisor] Started 'obstacle_clearance': ros2 launch f1tenth_perception obstacle_clearance.launch.py (pid 381393, log: /home/andre/dev_ws/f1tenth_more/output/phase5/cycles/cycle_08/supervisor/f1tenth_perception_obstacle_clearance.launch.py.log)
[INFO] [1791020242.879936877] [component_supervisor_node]: [component_supervisor] Started 'lidar_front_wall': ros2 launch f1tenth_perception lidar_front_wall.launch.py (pid 381394, log: /home/andre/dev_ws/f1tenth_more/output/phase5/cycles/cycle_08/supervisor/f1tenth_perception_lidar_front_wall.launch.py.log)
[INFO] [1791020242.887180723] [component_supervisor_node]: [component_supervisor] Started 'slam': ros2 launch f1tenth_navigation slam.launch.py (pid 381395, log: /home/andre/dev_ws/f1tenth_more/output/phase5/cycles/cycle_08/supervisor/f1tenth_navigation_slam.launch.py.log)
[INFO] [1791020242.888797286] [component_supervisor_node]: [component_supervisor] Started 'slam': ros2 launch f1tenth_costmap costmap.launch.py (pid 381396, log: /home/andre/dev_ws/f1tenth_more/output/phase5/cycles/cycle_08/supervisor/f1tenth_costmap_costmap.launch.py.log)
[INFO] [1791020288.908509224] [component_supervisor_node]: [component_supervisor] Received signal 2 -- shutting down all tracked components.
[INFO] [1791020288.909290964] [component_supervisor_node]: [component_supervisor] Shutting down -- stopping all components.
[INFO] [1791020289.722120899] [component_supervisor_node]: [component_supervisor] 'diagnostics' (diagnostics_server.launch.py): clean SIGINT exit in 0.4s
[INFO] [1791020289.722847342] [component_supervisor_node]: [component_supervisor] 'diagnostics' (mission_logger.launch.py): clean SIGINT exit in 0.4s
[INFO] [1791020289.723410832] [component_supervisor_node]: [component_supervisor] 'localization' (localization.launch.py): clean SIGINT exit in 0.4s
[INFO] [1791020289.723952767] [component_supervisor_node]: [component_supervisor] 'control' (ackermann_mux.launch.py): clean SIGINT exit in 0.4s
[INFO] [1791020289.724489451] [component_supervisor_node]: [component_supervisor] 'slam' (costmap.launch.py): clean SIGINT exit in 0.4s
[INFO] [1791020289.725036572] [component_supervisor_node]: [component_supervisor] 'diagnostics' (system_observer.launch.py): clean SIGINT exit in 0.5s
[INFO] [1791020289.725573330] [component_supervisor_node]: [component_supervisor] 'navigation' (navigation.launch.py): clean SIGINT exit in 0.5s
[INFO] [1791020289.726106839] [component_supervisor_node]: [component_supervisor] 'behavior' (behavior_bringup.launch.py): clean SIGINT exit in 0.5s
[INFO] [1791020289.726658514] [component_supervisor_node]: [component_supervisor] 'dev_tools' (foxglove_bridge.launch.py): clean SIGINT exit in 0.6s
[INFO] [1791020289.727195894] [component_supervisor_node]: [component_supervisor] 'wall_distance' (wall_distance.launch.py): clean SIGINT exit in 0.7s
[INFO] [1791020289.727731494] [component_supervisor_node]: [component_supervisor] 'swept_clearance' (swept_clearance.launch.py): clean SIGINT exit in 0.7s
[INFO] [1791020289.728266615] [component_supervisor_node]: [component_supervisor] 'slam' (slam.launch.py): clean SIGINT exit in 0.7s
[INFO] [1791020289.728803466] [component_supervisor_node]: [component_supervisor] 'obstacle_clearance' (obstacle_clearance.launch.py): clean SIGINT exit in 0.8s
[INFO] [1791020289.729336539] [component_supervisor_node]: [component_supervisor] 'lidar_front_wall' (lidar_front_wall.launch.py): clean SIGINT exit in 0.8s
[WARN] [1791020289.756944828] [component_supervisor_node]: [component_supervisor] FastDDS SHM sweep (shutdown): found 134 fastrtps file(s) (20 still in use, 114 orphaned) -- removed 114/114 orphaned file(s). Sample removed: ['/dev/shm/fastrtps_port28665', '/dev/shm/fastrtps_port28667', '/dev/shm/fastrtps_port28669', '/dev/shm/fastrtps_port28671_el', '/dev/shm/fastrtps_port28673_el'].
