[INFO] [1791020245.411935753] [mpc_corr]: OBJECT CORRIDOR | startup: object_corridor_mode='off' (straight corridor pinned to the target line) -- the default
[INFO] [1791020245.418010089] [mpc_corr]: model log -> "/home/andre/dev_ws/f1tenth_more/mpc_log.csv" (t,x,y,psi,v,steer_cmd,accel_cmd; see docs/DIAGNOSTICS.md)
[INFO] [1791020245.427798978] [mpc_corr]: corridor_log_path = "/home/andre/dev_ws/f1tenth_more/src/f1tenth_control/corridors_jsons/corridor_debug_20261003T113725.jsonl"
[INFO] [1791020245.461832882] [mpc_corr]: MPC Controller STARTED (pure MPC + obstacle avoidance [fixed deflection + predicted clearance], no plan executor)
[INFO] [1791020245.463448733] [mpc_corr]: CFG | ts=0.1 N=20 vdes=0.5 dmin=0.32 wheel_radius=0.05 car_radius=0.2 avoidance_margin=0.12
[INFO] [1791020245.464963156] [mpc_corr]: CFG | limits={'delta_min': -0.283, 'delta_max': 0.278, 'a_min': -2.0, 'a_max': 3.0, 'dDeltaMin': -0.5, 'dDeltaMax': 0.5, 'dAMin': -2.0, 'dAMax': 2.0, 'vMin': -1.0, 'vMax': 3.0}
[INFO] [1791020245.466470072] [mpc_corr]: CFG | weights={'w_term': 9.0, 'w_v': 4.2857, 'w_psi': 4.5, 'w_u_a': 0.0, 'w_du_delta': 8.33, 'w_du_a': 0.0, 'w_delta0': 0.0, 'w_obs': 8.0, 'w_corr': 3.5714, 'w_line': 1.1662, 'w_psi_stage': 4.7736}
[INFO] [1791020245.467977192] [mpc_corr]: CFG | params={'L': 0.305, 'lr': 0.17}
[INFO] [1791020245.562034983] [mpc_corr]: ODOMSEL | src=None hw_age=infs sim_age=infs timeout=0.500s
[WARN] [1791020245.562666659] [mpc_corr]: ODOM non disponibile: stato ancora None
[INFO] [1791020245.563409102] [mpc_corr]: PUB /drive | speed=+0.0000 steer=+0.0000 subs=0
[WARN] [1791020245.563787046] [mpc_corr]: PUB /drive | nessun subscriber: il comando non raggiunge il VESC.
[WARN] [1791020245.663117000] [mpc_corr]: ODOM non disponibile: stato ancora None
[WARN] [1791020245.763727248] [mpc_corr]: ODOM non disponibile: stato ancora None
[WARN] [1791020245.864023776] [mpc_corr]: ODOM non disponibile: stato ancora None
[WARN] [1791020245.963485599] [mpc_corr]: ODOM non disponibile: stato ancora None
[WARN] [1791020246.064090052] [mpc_corr]: ODOM non disponibile: stato ancora None
[WARN] [1791020246.164535283] [mpc_corr]: ODOM non disponibile: stato ancora None
[WARN] [1791020246.263556483] [mpc_corr]: ODOM non disponibile: stato ancora None
[WARN] [1791020246.363346100] [mpc_corr]: ODOM non disponibile: stato ancora None
[WARN] [1791020246.463260036] [mpc_corr]: ODOM non disponibile: stato ancora None
[WARN] [1791020246.563672924] [mpc_corr]: ODOM non disponibile: stato ancora None
[INFO] [1791020246.564936691] [mpc_corr]: PUB /drive | speed=+0.0000 steer=+0.0000 subs=0
[WARN] [1791020246.663973497] [mpc_corr]: ODOM non disponibile: stato ancora None
[WARN] [1791020246.763972737] [mpc_corr]: ODOM non disponibile: stato ancora None
[WARN] [1791020246.863881726] [mpc_corr]: ODOM non disponibile: stato ancora None
[WARN] [1791020246.963729624] [mpc_corr]: ODOM non disponibile: stato ancora None
[WARN] [1791020247.064155882] [mpc_corr]: ODOM non disponibile: stato ancora None
[WARN] [1791020247.100252831] [mpc_corr]: JOINT | giunti sterzo non trovati in /joint_states: ['left_rear_wheel_joint', 'right_rear_wheel_joint', 'left_steering_hinge_joint', 'right_steering_hinge_joint', 'left_front_wheel_joint', 'right_front_wheel_joint']
[WARN] [1791020247.103014050] [mpc_corr]: BOUNDARY/costmap ricevuto ma stato ancora None: frame scartato.
[WARN] [1791020247.162860633] [mpc_corr]: ODOM non disponibile: stato ancora None
[WARN] [1791020247.262915669] [mpc_corr]: ODOM non disponibile: stato ancora None
[WARN] [1791020247.362889648] [mpc_corr]: ODOM non disponibile: stato ancora None
[WARN] [1791020247.464257439] [mpc_corr]: ODOM non disponibile: stato ancora None
[INFO] [1791020247.562831273] [mpc_corr]: ODOMSEL | src=None hw_age=infs sim_age=infs timeout=0.500s
[WARN] [1791020247.564031808] [mpc_corr]: ODOM non disponibile: stato ancora None
[INFO] [1791020247.565402594] [mpc_corr]: PUB /drive | speed=+0.0000 steer=+0.0000 subs=2
[WARN] [1791020247.663454179] [mpc_corr]: ODOM non disponibile: stato ancora None
[WARN] [1791020247.762595947] [mpc_corr]: ODOM non disponibile: stato ancora None
[WARN] [1791020247.863220002] [mpc_corr]: ODOM non disponibile: stato ancora None
[WARN] [1791020247.963869222] [mpc_corr]: ODOM non disponibile: stato ancora None
[WARN] [1791020248.063211963] [mpc_corr]: ODOM non disponibile: stato ancora None
[WARN] [1791020248.162906684] [mpc_corr]: ODOM non disponibile: stato ancora None
[WARN] [1791020248.263669044] [mpc_corr]: ODOM non disponibile: stato ancora None
[WARN] [1791020248.362779109] [mpc_corr]: ODOM non disponibile: stato ancora None
[WARN] [1791020248.462717950] [mpc_corr]: ODOM non disponibile: stato ancora None
[WARN] [1791020248.563271714] [mpc_corr]: ODOM non disponibile: stato ancora None
[WARN] [1791020248.662683629] [mpc_corr]: ODOM non disponibile: stato ancora None
[INFO] [1791020248.663969035] [mpc_corr]: PUB /drive | speed=+0.0000 steer=+0.0000 subs=2
[WARN] [1791020248.762897767] [mpc_corr]: ODOM non disponibile: stato ancora None
[WARN] [1791020248.862654303] [mpc_corr]: ODOM non disponibile: stato ancora None
[WARN] [1791020248.962629007] [mpc_corr]: ODOM non disponibile: stato ancora None
[WARN] [1791020249.062659154] [mpc_corr]: ODOM non disponibile: stato ancora None
[WARN] [1791020249.162613755] [mpc_corr]: ODOM non disponibile: stato ancora None
[WARN] [1791020249.263062883] [mpc_corr]: ODOM non disponibile: stato ancora None
[WARN] [1791020249.362812873] [mpc_corr]: ODOM non disponibile: stato ancora None
[WARN] [1791020249.462684215] [mpc_corr]: ODOM non disponibile: stato ancora None
[WARN] [1791020249.562725853] [mpc_corr]: ODOM non disponibile: stato ancora None
[INFO] [1791020249.661656173] [mpc_corr]: ODOMSEL | src=None hw_age=infs sim_age=infs timeout=0.500s
[WARN] [1791020249.662824191] [mpc_corr]: ODOM non disponibile: stato ancora None
[WARN] [1791020249.762826827] [mpc_corr]: ODOM non disponibile: stato ancora None
[INFO] [1791020249.764135845] [mpc_corr]: PUB /drive | speed=+0.0000 steer=+0.0000 subs=2
[WARN] [1791020249.862722947] [mpc_corr]: ODOM non disponibile: stato ancora None
[WARN] [1791020249.962616261] [mpc_corr]: ODOM non disponibile: stato ancora None
[WARN] [1791020250.062603233] [mpc_corr]: ODOM non disponibile: stato ancora None
[WARN] [1791020250.162768555] [mpc_corr]: ODOM non disponibile: stato ancora None
[WARN] [1791020250.262725277] [mpc_corr]: ODOM non disponibile: stato ancora None
[WARN] [1791020250.362590341] [mpc_corr]: ODOM non disponibile: stato ancora None
[WARN] [1791020250.462537868] [mpc_corr]: ODOM non disponibile: stato ancora None
[WARN] [1791020250.562635617] [mpc_corr]: ODOM non disponibile: stato ancora None
[WARN] [1791020250.662757681] [mpc_corr]: ODOM non disponibile: stato ancora None
[WARN] [1791020250.762677974] [mpc_corr]: ODOM non disponibile: stato ancora None
[WARN] [1791020250.862956155] [mpc_corr]: ODOM non disponibile: stato ancora None
[INFO] [1791020250.864182886] [mpc_corr]: PUB /drive | speed=+0.0000 steer=+0.0000 subs=2
[WARN] [1791020250.962685247] [mpc_corr]: ODOM non disponibile: stato ancora None
[WARN] [1791020251.062722061] [mpc_corr]: ODOM non disponibile: stato ancora None
[WARN] [1791020251.162672838] [mpc_corr]: ODOM non disponibile: stato ancora None
[WARN] [1791020251.262626439] [mpc_corr]: ODOM non disponibile: stato ancora None
[WARN] [1791020251.362619743] [mpc_corr]: ODOM non disponibile: stato ancora None
[WARN] [1791020251.462612475] [mpc_corr]: ODOM non disponibile: stato ancora None
[WARN] [1791020251.562738844] [mpc_corr]: ODOM non disponibile: stato ancora None
[INFO] [1791020251.661696261] [mpc_corr]: ODOMSEL | src=None hw_age=infs sim_age=infs timeout=0.500s
[WARN] [1791020251.662832806] [mpc_corr]: ODOM non disponibile: stato ancora None
[WARN] [1791020251.762761120] [mpc_corr]: ODOM non disponibile: stato ancora None
[WARN] [1791020251.862712515] [mpc_corr]: ODOM non disponibile: stato ancora None
[WARN] [1791020251.963137982] [mpc_corr]: ODOM non disponibile: stato ancora None
[INFO] [1791020251.964504444] [mpc_corr]: PUB /drive | speed=+0.0000 steer=+0.0000 subs=2
[WARN] [1791020252.062906102] [mpc_corr]: ODOM non disponibile: stato ancora None
[WARN] [1791020252.120615493] [mpc_corr]: BOUNDARY/costmap ricevuto ma stato ancora None: frame scartato.
[WARN] [1791020252.162697991] [mpc_corr]: ODOM non disponibile: stato ancora None
[WARN] [1791020252.189880326] [mpc_corr]: JOINT | giunti sterzo non trovati in /joint_states: ['left_rear_wheel_joint', 'right_rear_wheel_joint', 'left_steering_hinge_joint', 'right_steering_hinge_joint', 'left_front_wheel_joint', 'right_front_wheel_joint']
[WARN] [1791020252.262605545] [mpc_corr]: ODOM non disponibile: stato ancora None
[WARN] [1791020252.362629202] [mpc_corr]: ODOM non disponibile: stato ancora None
[WARN] [1791020252.462739181] [mpc_corr]: ODOM non disponibile: stato ancora None
[WARN] [1791020252.562737708] [mpc_corr]: ODOM non disponibile: stato ancora None
[WARN] [1791020252.662633550] [mpc_corr]: ODOM non disponibile: stato ancora None
[WARN] [1791020252.762682586] [mpc_corr]: ODOM non disponibile: stato ancora None
[WARN] [1791020252.862656233] [mpc_corr]: ODOM non disponibile: stato ancora None
[WARN] [1791020252.962815491] [mpc_corr]: ODOM non disponibile: stato ancora None
[WARN] [1791020253.062724708] [mpc_corr]: ODOM non disponibile: stato ancora None
[INFO] [1791020253.063922874] [mpc_corr]: PUB /drive | speed=+0.0000 steer=+0.0000 subs=2
[WARN] [1791020253.162603670] [mpc_corr]: ODOM non disponibile: stato ancora None
[WARN] [1791020253.262629845] [mpc_corr]: ODOM non disponibile: stato ancora None
[WARN] [1791020253.362613316] [mpc_corr]: ODOM non disponibile: stato ancora None
[WARN] [1791020253.462796278] [mpc_corr]: ODOM non disponibile: stato ancora None
[WARN] [1791020253.562641453] [mpc_corr]: ODOM non disponibile: stato ancora None
[WARN] [1791020253.662669025] [mpc_corr]: ODOM non disponibile: stato ancora None
[INFO] [1791020253.761650369] [mpc_corr]: ODOMSEL | src=None hw_age=infs sim_age=infs timeout=0.500s
[WARN] [1791020253.762794431] [mpc_corr]: ODOM non disponibile: stato ancora None
[WARN] [1791020253.862816181] [mpc_corr]: ODOM non disponibile: stato ancora None
[WARN] [1791020253.962736624] [mpc_corr]: ODOM non disponibile: stato ancora None
[WARN] [1791020254.062693697] [mpc_corr]: ODOM non disponibile: stato ancora None
[WARN] [1791020254.162600063] [mpc_corr]: ODOM non disponibile: stato ancora None
[INFO] [1791020254.163764988] [mpc_corr]: PUB /drive | speed=+0.0000 steer=+0.0000 subs=2
[WARN] [1791020254.262663857] [mpc_corr]: ODOM non disponibile: stato ancora None
[WARN] [1791020254.362815754] [mpc_corr]: ODOM non disponibile: stato ancora None
[WARN] [1791020254.462658660] [mpc_corr]: ODOM non disponibile: stato ancora None
[WARN] [1791020254.562697335] [mpc_corr]: ODOM non disponibile: stato ancora None
[WARN] [1791020254.662648538] [mpc_corr]: ODOM non disponibile: stato ancora None
[WARN] [1791020254.762801860] [mpc_corr]: ODOM non disponibile: stato ancora None
[WARN] [1791020254.862801498] [mpc_corr]: ODOM non disponibile: stato ancora None
[WARN] [1791020254.962742729] [mpc_corr]: ODOM non disponibile: stato ancora None
[WARN] [1791020255.062667830] [mpc_corr]: ODOM non disponibile: stato ancora None
[WARN] [1791020255.162602468] [mpc_corr]: ODOM non disponibile: stato ancora None
[INFO] [1791020255.163780809] [mpc_corr]: PUB /drive | speed=+0.0000 steer=+0.0000 subs=2
[WARN] [1791020255.262859018] [mpc_corr]: ODOM non disponibile: stato ancora None
[WARN] [1791020255.362859081] [mpc_corr]: ODOM non disponibile: stato ancora None
[WARN] [1791020255.463593134] [mpc_corr]: ODOM non disponibile: stato ancora None
[WARN] [1791020255.562599124] [mpc_corr]: ODOM non disponibile: stato ancora None
[WARN] [1791020255.662823207] [mpc_corr]: ODOM non disponibile: stato ancora None
[INFO] [1791020255.761819179] [mpc_corr]: ODOMSEL | src=None hw_age=infs sim_age=infs timeout=0.500s
[WARN] [1791020255.762961585] [mpc_corr]: ODOM non disponibile: stato ancora None
[WARN] [1791020255.862684260] [mpc_corr]: ODOM non disponibile: stato ancora None
[WARN] [1791020255.962723732] [mpc_corr]: ODOM non disponibile: stato ancora None
[WARN] [1791020256.062692683] [mpc_corr]: ODOM non disponibile: stato ancora None
[WARN] [1791020256.162849108] [mpc_corr]: ODOM non disponibile: stato ancora None
[INFO] [1791020256.164616921] [mpc_corr]: PUB /drive | speed=+0.0000 steer=+0.0000 subs=1
[WARN] [1791020256.262928144] [mpc_corr]: ODOM non disponibile: stato ancora None
[WARN] [1791020256.362627207] [mpc_corr]: ODOM non disponibile: stato ancora None
[WARN] [1791020256.462739553] [mpc_corr]: ODOM non disponibile: stato ancora None
[WARN] [1791020256.562714450] [mpc_corr]: ODOM non disponibile: stato ancora None
[WARN] [1791020256.662646736] [mpc_corr]: ODOM non disponibile: stato ancora None
[WARN] [1791020256.762651735] [mpc_corr]: ODOM non disponibile: stato ancora None
[WARN] [1791020256.862611235] [mpc_corr]: ODOM non disponibile: stato ancora None
[WARN] [1791020256.962639520] [mpc_corr]: ODOM non disponibile: stato ancora None
[WARN] [1791020257.062680241] [mpc_corr]: ODOM non disponibile: stato ancora None
[WARN] [1791020257.162583249] [mpc_corr]: ODOM non disponibile: stato ancora None
[WARN] [1791020257.170757713] [mpc_corr]: BOUNDARY/costmap ricevuto ma stato ancora None: frame scartato.
[WARN] [1791020257.262802757] [mpc_corr]: ODOM non disponibile: stato ancora None
[INFO] [1791020257.263988719] [mpc_corr]: PUB /drive | speed=+0.0000 steer=+0.0000 subs=1
[WARN] [1791020257.290249982] [mpc_corr]: JOINT | giunti sterzo non trovati in /joint_states: ['left_rear_wheel_joint', 'right_rear_wheel_joint', 'left_steering_hinge_joint', 'right_steering_hinge_joint', 'left_front_wheel_joint', 'right_front_wheel_joint']
[WARN] [1791020257.362965496] [mpc_corr]: ODOM non disponibile: stato ancora None
[WARN] [1791020257.462684754] [mpc_corr]: ODOM non disponibile: stato ancora None
[WARN] [1791020257.562858008] [mpc_corr]: ODOM non disponibile: stato ancora None
[WARN] [1791020257.662709469] [mpc_corr]: ODOM non disponibile: stato ancora None
[WARN] [1791020257.762677505] [mpc_corr]: ODOM non disponibile: stato ancora None
[INFO] [1791020257.861588857] [mpc_corr]: ODOMSEL | src=None hw_age=infs sim_age=infs timeout=0.500s
[WARN] [1791020257.862691235] [mpc_corr]: ODOM non disponibile: stato ancora None
[WARN] [1791020257.962620485] [mpc_corr]: ODOM non disponibile: stato ancora None
[WARN] [1791020258.062638419] [mpc_corr]: ODOM non disponibile: stato ancora None
[WARN] [1791020258.162681389] [mpc_corr]: ODOM non disponibile: stato ancora None
[WARN] [1791020258.262747129] [mpc_corr]: ODOM non disponibile: stato ancora None
[WARN] [1791020258.362627988] [mpc_corr]: ODOM non disponibile: stato ancora None
[INFO] [1791020258.363762516] [mpc_corr]: PUB /drive | speed=+0.0000 steer=+0.0000 subs=1
[WARN] [1791020258.462736357] [mpc_corr]: ODOM non disponibile: stato ancora None
[WARN] [1791020258.562623116] [mpc_corr]: ODOM non disponibile: stato ancora None
[WARN] [1791020258.662594546] [mpc_corr]: ODOM non disponibile: stato ancora None
[WARN] [1791020258.762870821] [mpc_corr]: ODOM non disponibile: stato ancora None
[WARN] [1791020258.862693347] [mpc_corr]: ODOM non disponibile: stato ancora None
[WARN] [1791020258.962698263] [mpc_corr]: ODOM non disponibile: stato ancora None
[WARN] [1791020259.062666437] [mpc_corr]: ODOM non disponibile: stato ancora None
[WARN] [1791020259.162653853] [mpc_corr]: ODOM non disponibile: stato ancora None
[WARN] [1791020259.262644778] [mpc_corr]: ODOM non disponibile: stato ancora None
[WARN] [1791020259.362800850] [mpc_corr]: ODOM non disponibile: stato ancora None
[INFO] [1791020259.363989821] [mpc_corr]: PUB /drive | speed=+0.0000 steer=+0.0000 subs=1
[WARN] [1791020259.462612229] [mpc_corr]: ODOM non disponibile: stato ancora None
[WARN] [1791020259.562665644] [mpc_corr]: ODOM non disponibile: stato ancora None
[WARN] [1791020259.662609467] [mpc_corr]: ODOM non disponibile: stato ancora None
[WARN] [1791020259.762593278] [mpc_corr]: ODOM non disponibile: stato ancora None
[INFO] [1791020259.861614525] [mpc_corr]: ODOMSEL | src=None hw_age=infs sim_age=infs timeout=0.500s
[WARN] [1791020259.862693821] [mpc_corr]: ODOM non disponibile: stato ancora None
[WARN] [1791020259.962802365] [mpc_corr]: ODOM non disponibile: stato ancora None
[WARN] [1791020260.062675003] [mpc_corr]: ODOM non disponibile: stato ancora None
[WARN] [1791020260.162687529] [mpc_corr]: ODOM non disponibile: stato ancora None
[WARN] [1791020260.262721139] [mpc_corr]: ODOM non disponibile: stato ancora None
[WARN] [1791020260.362679286] [mpc_corr]: ODOM non disponibile: stato ancora None
[WARN] [1791020260.462572776] [mpc_corr]: ODOM non disponibile: stato ancora None
[INFO] [1791020260.463744590] [mpc_corr]: PUB /drive | speed=+0.0000 steer=+0.0000 subs=1
[WARN] [1791020260.562746681] [mpc_corr]: ODOM non disponibile: stato ancora None
[WARN] [1791020260.662676680] [mpc_corr]: ODOM non disponibile: stato ancora None
[WARN] [1791020260.762666559] [mpc_corr]: ODOM non disponibile: stato ancora None
[WARN] [1791020260.862688028] [mpc_corr]: ODOM non disponibile: stato ancora None
[WARN] [1791020260.963230226] [mpc_corr]: ODOM non disponibile: stato ancora None
[WARN] [1791020261.062595410] [mpc_corr]: ODOM non disponibile: stato ancora None
[WARN] [1791020261.162687159] [mpc_corr]: ODOM non disponibile: stato ancora None
[WARN] [1791020261.262722417] [mpc_corr]: ODOM non disponibile: stato ancora None
[WARN] [1791020261.362608017] [mpc_corr]: ODOM non disponibile: stato ancora None
[WARN] [1791020261.462636794] [mpc_corr]: ODOM non disponibile: stato ancora None
[INFO] [1791020261.463794849] [mpc_corr]: PUB /drive | speed=+0.0000 steer=+0.0000 subs=1
[WARN] [1791020261.562607303] [mpc_corr]: ODOM non disponibile: stato ancora None
[WARN] [1791020261.662616801] [mpc_corr]: ODOM non disponibile: stato ancora None
[WARN] [1791020261.762883928] [mpc_corr]: ODOM non disponibile: stato ancora None
[INFO] [1791020261.861637882] [mpc_corr]: ODOMSEL | src=None hw_age=infs sim_age=infs timeout=0.500s
[WARN] [1791020261.862736520] [mpc_corr]: ODOM non disponibile: stato ancora None
[WARN] [1791020261.962604250] [mpc_corr]: ODOM non disponibile: stato ancora None
[WARN] [1791020262.062550170] [mpc_corr]: ODOM non disponibile: stato ancora None
[WARN] [1791020262.162684927] [mpc_corr]: ODOM non disponibile: stato ancora None
[WARN] [1791020262.171375595] [mpc_corr]: BOUNDARY/costmap ricevuto ma stato ancora None: frame scartato.
[WARN] [1791020262.262627592] [mpc_corr]: ODOM non disponibile: stato ancora None
[WARN] [1791020262.363033026] [mpc_corr]: ODOM non disponibile: stato ancora None
[WARN] [1791020262.389958547] [mpc_corr]: JOINT | giunti sterzo non trovati in /joint_states: ['left_rear_wheel_joint', 'right_rear_wheel_joint', 'left_steering_hinge_joint', 'right_steering_hinge_joint', 'left_front_wheel_joint', 'right_front_wheel_joint']
[WARN] [1791020262.462781858] [mpc_corr]: ODOM non disponibile: stato ancora None
[INFO] [1791020262.463983107] [mpc_corr]: PUB /drive | speed=+0.0000 steer=+0.0000 subs=1
[WARN] [1791020262.562856902] [mpc_corr]: ODOM non disponibile: stato ancora None
[WARN] [1791020262.662800679] [mpc_corr]: ODOM non disponibile: stato ancora None
[WARN] [1791020262.762655631] [mpc_corr]: ODOM non disponibile: stato ancora None
[WARN] [1791020262.862657000] [mpc_corr]: ODOM non disponibile: stato ancora None
[WARN] [1791020262.962627480] [mpc_corr]: ODOM non disponibile: stato ancora None
[WARN] [1791020263.062632359] [mpc_corr]: ODOM non disponibile: stato ancora None
[WARN] [1791020263.162586474] [mpc_corr]: ODOM non disponibile: stato ancora None
[WARN] [1791020263.262544758] [mpc_corr]: ODOM non disponibile: stato ancora None
[WARN] [1791020263.362576404] [mpc_corr]: ODOM non disponibile: stato ancora None
[WARN] [1791020263.462568996] [mpc_corr]: ODOM non disponibile: stato ancora None
[WARN] [1791020263.562749170] [mpc_corr]: ODOM non disponibile: stato ancora None
[INFO] [1791020263.563896372] [mpc_corr]: PUB /drive | speed=+0.0000 steer=+0.0000 subs=1
[WARN] [1791020263.662571548] [mpc_corr]: ODOM non disponibile: stato ancora None
[WARN] [1791020263.762655084] [mpc_corr]: ODOM non disponibile: stato ancora None
[INFO] [1791020263.861692093] [mpc_corr]: ODOMSEL | src=None hw_age=infs sim_age=infs timeout=0.500s
[WARN] [1791020263.862791731] [mpc_corr]: ODOM non disponibile: stato ancora None
[WARN] [1791020263.962639960] [mpc_corr]: ODOM non disponibile: stato ancora None
[WARN] [1791020264.064191079] [mpc_corr]: ODOM non disponibile: stato ancora None
[WARN] [1791020264.162789087] [mpc_corr]: ODOM non disponibile: stato ancora None
[WARN] [1791020264.262742259] [mpc_corr]: ODOM non disponibile: stato ancora None
[WARN] [1791020264.362941144] [mpc_corr]: ODOM non disponibile: stato ancora None
[WARN] [1791020264.462942596] [mpc_corr]: ODOM non disponibile: stato ancora None
[WARN] [1791020264.563263714] [mpc_corr]: ODOM non disponibile: stato ancora None
[INFO] [1791020264.564670324] [mpc_corr]: PUB /drive | speed=+0.0000 steer=+0.0000 subs=1
[WARN] [1791020264.662754778] [mpc_corr]: ODOM non disponibile: stato ancora None
[WARN] [1791020264.762908369] [mpc_corr]: ODOM non disponibile: stato ancora None
[WARN] [1791020264.861526544] [mpc_corr]: ODOM non disponibile: stato ancora None
[WARN] [1791020264.963955153] [mpc_corr]: ODOM non disponibile: stato ancora None
[WARN] [1791020265.062614689] [mpc_corr]: ODOM non disponibile: stato ancora None
[WARN] [1791020265.162787752] [mpc_corr]: ODOM non disponibile: stato ancora None
[WARN] [1791020265.262994544] [mpc_corr]: ODOM non disponibile: stato ancora None
[WARN] [1791020265.363046558] [mpc_corr]: ODOM non disponibile: stato ancora None
[WARN] [1791020265.462965048] [mpc_corr]: ODOM non disponibile: stato ancora None
[WARN] [1791020265.562775046] [mpc_corr]: ODOM non disponibile: stato ancora None
[WARN] [1791020265.662688952] [mpc_corr]: ODOM non disponibile: stato ancora None
[INFO] [1791020265.663905395] [mpc_corr]: PUB /drive | speed=+0.0000 steer=+0.0000 subs=1
[WARN] [1791020265.762544516] [mpc_corr]: ODOM non disponibile: stato ancora None
[INFO] [1791020265.861744394] [mpc_corr]: ODOMSEL | src=None hw_age=infs sim_age=infs timeout=0.500s
[WARN] [1791020265.862946828] [mpc_corr]: ODOM non disponibile: stato ancora None
[WARN] [1791020265.963261382] [mpc_corr]: ODOM non disponibile: stato ancora None
[WARN] [1791020266.062879863] [mpc_corr]: ODOM non disponibile: stato ancora None
[WARN] [1791020266.162629639] [mpc_corr]: ODOM non disponibile: stato ancora None
[WARN] [1791020266.262752153] [mpc_corr]: ODOM non disponibile: stato ancora None
[WARN] [1791020266.362679064] [mpc_corr]: ODOM non disponibile: stato ancora None
[WARN] [1791020266.463641733] [mpc_corr]: ODOM non disponibile: stato ancora None
[WARN] [1791020266.563480589] [mpc_corr]: ODOM non disponibile: stato ancora None
[WARN] [1791020266.662889735] [mpc_corr]: ODOM non disponibile: stato ancora None
[INFO] [1791020266.664088318] [mpc_corr]: PUB /drive | speed=+0.0000 steer=+0.0000 subs=1
[WARN] [1791020266.762697784] [mpc_corr]: ODOM non disponibile: stato ancora None
[WARN] [1791020266.862588814] [mpc_corr]: ODOM non disponibile: stato ancora None
[WARN] [1791020266.962649233] [mpc_corr]: ODOM non disponibile: stato ancora None
[WARN] [1791020267.062584125] [mpc_corr]: ODOM non disponibile: stato ancora None
[WARN] [1791020267.162671641] [mpc_corr]: ODOM non disponibile: stato ancora None
[WARN] [1791020267.220751883] [mpc_corr]: BOUNDARY/costmap ricevuto ma stato ancora None: frame scartato.
[WARN] [1791020267.262637991] [mpc_corr]: ODOM non disponibile: stato ancora None
[WARN] [1791020267.362626147] [mpc_corr]: ODOM non disponibile: stato ancora None
[WARN] [1791020267.463115821] [mpc_corr]: ODOM non disponibile: stato ancora None
[WARN] [1791020267.489596526] [mpc_corr]: JOINT | giunti sterzo non trovati in /joint_states: ['left_rear_wheel_joint', 'right_rear_wheel_joint', 'left_steering_hinge_joint', 'right_steering_hinge_joint', 'left_front_wheel_joint', 'right_front_wheel_joint']
[WARN] [1791020267.562754861] [mpc_corr]: ODOM non disponibile: stato ancora None
[WARN] [1791020267.662506889] [mpc_corr]: ODOM non disponibile: stato ancora None
[WARN] [1791020267.762687953] [mpc_corr]: ODOM non disponibile: stato ancora None
[INFO] [1791020267.763841628] [mpc_corr]: PUB /drive | speed=+0.0000 steer=+0.0000 subs=1
[INFO] [1791020267.862787648] [mpc_corr]: ODOMSEL | src=None hw_age=infs sim_age=infs timeout=0.500s
[WARN] [1791020267.863982305] [mpc_corr]: ODOM non disponibile: stato ancora None
[WARN] [1791020267.962833458] [mpc_corr]: ODOM non disponibile: stato ancora None
[WARN] [1791020268.062848150] [mpc_corr]: ODOM non disponibile: stato ancora None
[WARN] [1791020268.163037070] [mpc_corr]: ODOM non disponibile: stato ancora None
[WARN] [1791020268.262831600] [mpc_corr]: ODOM non disponibile: stato ancora None
[WARN] [1791020268.362851658] [mpc_corr]: ODOM non disponibile: stato ancora None
[WARN] [1791020268.463063902] [mpc_corr]: ODOM non disponibile: stato ancora None
[WARN] [1791020268.562799807] [mpc_corr]: ODOM non disponibile: stato ancora None
[WARN] [1791020268.662657726] [mpc_corr]: ODOM non disponibile: stato ancora None
[WARN] [1791020268.763748169] [mpc_corr]: ODOM non disponibile: stato ancora None
[INFO] [1791020268.764895706] [mpc_corr]: PUB /drive | speed=+0.0000 steer=+0.0000 subs=1
[WARN] [1791020268.861936864] [mpc_corr]: ODOM non disponibile: stato ancora None
[WARN] [1791020268.962695546] [mpc_corr]: ODOM non disponibile: stato ancora None
[WARN] [1791020269.062659586] [mpc_corr]: ODOM non disponibile: stato ancora None
[INFO] [1791020269.145606968] [mpc_corr]: ODOM/hw | x=+0.0000 y=+0.0000 yaw=+0.0000 v=+0.0000
[INFO] [1791020269.162417840] [mpc_corr]: Odom source -> hardware
[INFO] [1791020269.163293691] [mpc_corr]: psi_init_corridor (bootstrap) = 0.000
[WARN] [1791020269.166310142] [mpc_corr]: Nessun comando su /mpc/goal_distance ancora ricevuto: robot fermo in attesa.
[INFO] [1791020269.171565979] [mpc_corr]: BOUNDARY/costmap | n=0
[INFO] [1791020269.862901643] [mpc_corr]: PUB /drive | speed=+0.0000 steer=+0.0000 subs=1
[INFO] [1791020269.961614901] [mpc_corr]: ODOMSEL | src=hardware hw_age=0.038s sim_age=infs timeout=0.500s
[INFO] [1791020270.165488478] [mpc_corr]: ODOM/hw | x=+0.0000 y=+0.0000 yaw=+0.0000 v=+0.0000
[INFO] [1791020270.962855737] [mpc_corr]: PUB /drive | speed=+0.0000 steer=+0.0000 subs=1
[INFO] [1791020271.171227601] [mpc_corr]: ODOM/hw | x=+0.0054 y=+0.0000 yaw=+0.0037 v=-0.0000
[INFO] [1791020271.186371410] [mpc_corr]: BOUNDARY/costmap | n=3
[INFO] [1791020271.962981040] [mpc_corr]: PUB /drive | speed=+0.0000 steer=+0.0000 subs=1
[INFO] [1791020272.061467516] [mpc_corr]: ODOMSEL | src=hardware hw_age=0.018s sim_age=infs timeout=0.500s
[INFO] [1791020272.203367999] [mpc_corr]: ODOM/hw | x=+0.0054 y=+0.0000 yaw=+0.0038 v=-0.0000
[WARN] [1791020272.588926734] [mpc_corr]: JOINT | giunti sterzo non trovati in /joint_states: ['left_rear_wheel_joint', 'right_rear_wheel_joint', 'left_steering_hinge_joint', 'right_steering_hinge_joint', 'left_front_wheel_joint', 'right_front_wheel_joint']
[INFO] [1791020273.062477199] [mpc_corr]: PUB /drive | speed=+0.0000 steer=+0.0000 subs=1
[INFO] [1791020273.224330288] [mpc_corr]: ODOM/hw | x=+0.0656 y=+0.0022 yaw=+0.0704 v=+0.1426
[INFO] [1791020273.237174572] [mpc_corr]: BOUNDARY/costmap | n=3
[INFO] [1791020274.061522524] [mpc_corr]: ODOMSEL | src=hardware hw_age=0.019s sim_age=infs timeout=0.500s
[INFO] [1791020274.063222531] [mpc_corr]: PUB /drive | speed=+0.0000 steer=+0.0000 subs=1
[INFO] [1791020274.265619839] [mpc_corr]: ODOM/hw | x=+0.1747 y=+0.0177 yaw=+0.2045 v=+0.0000
[INFO] [1791020275.162924721] [mpc_corr]: PUB /drive | speed=+0.0000 steer=+0.0000 subs=1
[INFO] [1791020275.238665764] [mpc_corr]: BOUNDARY/costmap | n=3
[INFO] [1791020275.265892023] [mpc_corr]: ODOM/hw | x=+0.3384 y=+0.0625 yaw=+0.3246 v=+0.2495
[INFO] [1791020276.062129489] [mpc_corr]: ODOMSEL | src=hardware hw_age=0.020s sim_age=infs timeout=0.500s
[INFO] [1791020276.163329017] [mpc_corr]: PUB /drive | speed=+0.0000 steer=+0.0000 subs=1
[INFO] [1791020276.282935980] [mpc_corr]: ODOM/hw | x=+0.5772 y=+0.1542 yaw=+0.3718 v=+0.2947
[INFO] [1791020277.262856561] [mpc_corr]: PUB /drive | speed=+0.0000 steer=+0.0000 subs=1
[INFO] [1791020277.283229310] [mpc_corr]: ODOM/hw | x=+0.8961 y=+0.2448 yaw=+0.1982 v=+0.3436
[INFO] [1791020277.286322955] [mpc_corr]: BOUNDARY/costmap | n=3
[WARN] [1791020277.588999816] [mpc_corr]: JOINT | giunti sterzo non trovati in /joint_states: ['left_rear_wheel_joint', 'right_rear_wheel_joint', 'left_steering_hinge_joint', 'right_steering_hinge_joint', 'left_front_wheel_joint', 'right_front_wheel_joint']
[INFO] [1791020278.161432764] [mpc_corr]: ODOMSEL | src=hardware hw_age=0.019s sim_age=infs timeout=0.500s
[INFO] [1791020278.263564473] [mpc_corr]: PUB /drive | speed=+0.0000 steer=+0.0000 subs=1
[INFO] [1791020278.304445240] [mpc_corr]: ODOM/hw | x=+1.2765 y=+0.2934 yaw=+0.0592 v=+0.3633
[INFO] [1791020279.286811018] [mpc_corr]: BOUNDARY/costmap | n=3
[INFO] [1791020279.323219528] [mpc_corr]: ODOM/hw | x=+1.5941 y=+0.2918 yaw=-0.0657 v=+0.2198
[INFO] [1791020279.362851388] [mpc_corr]: PUB /drive | speed=+0.0000 steer=+0.0000 subs=1
[INFO] [1791020280.161752639] [mpc_corr]: ODOMSEL | src=hardware hw_age=0.018s sim_age=infs timeout=0.500s
[INFO] [1791020280.342345773] [mpc_corr]: ODOM/hw | x=+1.8167 y=+0.2677 yaw=-0.1624 v=+0.1875
[INFO] [1791020280.363006983] [mpc_corr]: PUB /drive | speed=+0.0000 steer=+0.0000 subs=1
[INFO] [1791020281.286910088] [mpc_corr]: BOUNDARY/costmap | n=3
[INFO] [1791020281.343424330] [mpc_corr]: ODOM/hw | x=+2.0430 y=+0.2222 yaw=-0.2185 v=+0.2657
[INFO] [1791020281.462908606] [mpc_corr]: PUB /drive | speed=+0.0000 steer=+0.0000 subs=1
[INFO] [1791020282.161806952] [mpc_corr]: ODOMSEL | src=hardware hw_age=0.018s sim_age=infs timeout=0.500s
[INFO] [1791020282.365890671] [mpc_corr]: ODOM/hw | x=+2.3536 y=+0.1592 yaw=-0.1895 v=+0.3270
[INFO] [1791020282.462940513] [mpc_corr]: PUB /drive | speed=+0.0000 steer=+0.0000 subs=1
[WARN] [1791020282.590015356] [mpc_corr]: JOINT | giunti sterzo non trovati in /joint_states: ['left_rear_wheel_joint', 'right_rear_wheel_joint', 'left_steering_hinge_joint', 'right_steering_hinge_joint', 'left_front_wheel_joint', 'right_front_wheel_joint']
[INFO] [1791020283.287138870] [mpc_corr]: BOUNDARY/costmap | n=3
[INFO] [1791020283.384304840] [mpc_corr]: ODOM/hw | x=+2.7300 y=+0.0836 yaw=-0.2083 v=+0.3841
[INFO] [1791020283.463026920] [mpc_corr]: PUB /drive | speed=+0.0000 steer=+0.0000 subs=1
[INFO] [1791020284.261414634] [mpc_corr]: ODOMSEL | src=hardware hw_age=0.018s sim_age=infs timeout=0.500s
[INFO] [1791020284.402530416] [mpc_corr]: ODOM/hw | x=+3.1219 y=-0.0050 yaw=-0.2386 v=+0.3870
[INFO] [1791020284.562857602] [mpc_corr]: PUB /drive | speed=+0.0000 steer=+0.0000 subs=1
