[INFO] [launch]: All log files can be found below /home/andre/dev_ws/f1tenth_more/output/fix_batch_3/hold_after/ros_log/2026-10-03-15-58-26-882737-thor-436427
[INFO] [launch]: Default logging verbosity is set to INFO
[INFO] [taskset-1]: process started with pid [436473]
[taskset-1] [INFO] [1791035911.373758083] [wall_distance_node]: wall_distance_node up: scan /scan, odom /odometry/filtered, phase from /mpc/wall_track (3 silent ticks -> exit) -> /perception/d_wall at 10.0 Hz. d_ref=0.60 m, k=0.333 rad/m (convergence 3.0 m), |dpsi|<=0.200 rad. coast caps 0.50 m / 0.35 rad. PHASE=UNKNOWN until /mpc/wall_track speaks.
[taskset-1] [INFO] [1791035911.439616245] [wall_distance_node]: DWALL | phase=UNKNOWN track=0 valid=False d_wall=+nan heading_rel=+nan rms=nan n=0 age=nan prov=NONE coast=0.00m/0.00rad dpsi=+0.0000
[taskset-1] [INFO] [1791035912.539668895] [wall_distance_node]: DWALL | phase=UNKNOWN track=0 valid=False d_wall=+nan heading_rel=+nan rms=nan n=0 age=nan prov=NONE coast=0.00m/0.00rad dpsi=+0.0000
[taskset-1] [INFO] [1791035913.639611940] [wall_distance_node]: DWALL | phase=UNKNOWN track=0 valid=False d_wall=+nan heading_rel=+nan rms=nan n=0 age=nan prov=NONE coast=0.00m/0.00rad dpsi=+0.0000
[taskset-1] [INFO] [1791035914.739766485] [wall_distance_node]: DWALL | phase=UNKNOWN track=0 valid=False d_wall=+nan heading_rel=+nan rms=nan n=0 age=nan prov=NONE coast=0.00m/0.00rad dpsi=+0.0000
[taskset-1] [INFO] [1791035915.839028224] [wall_distance_node]: DWALL | phase=UNKNOWN track=0 valid=False d_wall=+nan heading_rel=+nan rms=nan n=0 age=nan prov=NONE coast=0.00m/0.00rad dpsi=+0.0000
[taskset-1] [INFO] [1791035916.839334020] [wall_distance_node]: DWALL | phase=UNKNOWN track=0 valid=False d_wall=+nan heading_rel=+nan rms=nan n=0 age=nan prov=NONE coast=0.00m/0.00rad dpsi=+0.0000
[taskset-1] [INFO] [1791035917.839351448] [wall_distance_node]: DWALL | phase=UNKNOWN track=0 valid=False d_wall=+nan heading_rel=+nan rms=nan n=0 age=nan prov=NONE coast=0.00m/0.00rad dpsi=+0.0000
[taskset-1] [INFO] [1791035918.939419739] [wall_distance_node]: DWALL | phase=UNKNOWN track=0 valid=False d_wall=+nan heading_rel=+nan rms=nan n=0 age=nan prov=NONE coast=0.00m/0.00rad dpsi=+0.0000
[taskset-1] [INFO] [1791035919.939452277] [wall_distance_node]: DWALL | phase=UNKNOWN track=0 valid=False d_wall=+nan heading_rel=+nan rms=nan n=0 age=nan prov=NONE coast=0.00m/0.00rad dpsi=+0.0000
[taskset-1] [INFO] [1791035921.039268716] [wall_distance_node]: DWALL | phase=UNKNOWN track=0 valid=False d_wall=+nan heading_rel=+nan rms=nan n=0 age=nan prov=NONE coast=0.00m/0.00rad dpsi=+0.0000
[taskset-1] [INFO] [1791035922.138339209] [wall_distance_node]: DWALL | phase=UNKNOWN track=0 valid=False d_wall=+nan heading_rel=+nan rms=nan n=0 age=nan prov=NONE coast=0.00m/0.00rad dpsi=+0.0000
[taskset-1] [INFO] [1791035923.139317320] [wall_distance_node]: DWALL | phase=UNKNOWN track=0 valid=False d_wall=+nan heading_rel=+nan rms=nan n=0 age=nan prov=NONE coast=0.00m/0.00rad dpsi=+0.0000
[taskset-1] [INFO] [1791035924.238674906] [wall_distance_node]: DWALL | phase=UNKNOWN track=0 valid=False d_wall=+nan heading_rel=+nan rms=nan n=0 age=nan prov=NONE coast=0.00m/0.00rad dpsi=+0.0000
[taskset-1] [INFO] [1791035925.339502528] [wall_distance_node]: DWALL | phase=UNKNOWN track=0 valid=False d_wall=+nan heading_rel=+nan rms=nan n=0 age=nan prov=NONE coast=0.00m/0.00rad dpsi=+0.0000
[taskset-1] [INFO] [1791035926.340417668] [wall_distance_node]: DWALL | phase=UNKNOWN track=0 valid=False d_wall=+nan heading_rel=+nan rms=nan n=0 age=nan prov=NONE coast=0.00m/0.00rad dpsi=+0.0000
[taskset-1] [INFO] [1791035927.340493438] [wall_distance_node]: DWALL | phase=UNKNOWN track=0 valid=False d_wall=+nan heading_rel=+nan rms=nan n=0 age=nan prov=NONE coast=0.00m/0.00rad dpsi=+0.0000
[taskset-1] [INFO] [1791035928.438810329] [wall_distance_node]: DWALL | phase=UNKNOWN track=0 valid=False d_wall=+nan heading_rel=+nan rms=nan n=0 age=nan prov=NONE coast=0.00m/0.00rad dpsi=+0.0000
[taskset-1] [INFO] [1791035929.440870318] [wall_distance_node]: DWALL | phase=UNKNOWN track=0 valid=False d_wall=+nan heading_rel=+nan rms=nan n=0 age=nan prov=NONE coast=0.00m/0.00rad dpsi=+0.0000
[taskset-1] [INFO] [1791035929.538059762] [wall_distance_node]: base_link <- laser: (0.120, 0.000) m, yaw +0.000 rad. NOTE description.launch.py calls these ruler-measured placeholders, not a calibration.
[taskset-1] [INFO] [1791035930.465434440] [wall_distance_node]: DWALL | phase=UNKNOWN track=1 valid=True d_wall=+1.475 heading_rel=+0.279 rms=0.0092 n=85 age=0.00 prov=GEOMETRIC coast=0.00m/0.00rad dpsi=+0.0000
[taskset-1] [INFO] [1791035931.465724548] [wall_distance_node]: DWALL | phase=UNKNOWN track=1 valid=True d_wall=+1.522 heading_rel=+0.289 rms=0.0083 n=44 age=0.00 prov=GEOMETRIC coast=0.00m/0.00rad dpsi=+0.0000
[taskset-1] [INFO] [1791035932.469968054] [wall_distance_node]: DWALL | phase=UNKNOWN track=1 valid=True d_wall=+1.494 heading_rel=+0.285 rms=0.0159 n=135 age=0.08 prov=PREDICTED coast=0.00m/0.00rad dpsi=+0.0000
[taskset-1] [INFO] [1791035933.565217146] [wall_distance_node]: DWALL | phase=UNKNOWN track=1 valid=True d_wall=+1.485 heading_rel=+0.302 rms=0.0154 n=131 age=0.37 prov=PREDICTED coast=0.01m/0.00rad dpsi=+0.0000
[taskset-1] [INFO] [1791035934.567004847] [wall_distance_node]: DWALL | phase=UNKNOWN track=1 valid=True d_wall=+1.485 heading_rel=+0.302 rms=0.0154 n=131 age=1.37 prov=PREDICTED coast=0.01m/0.00rad dpsi=+0.0000
[taskset-1] [INFO] [1791035935.567823973] [wall_distance_node]: DWALL | phase=UNKNOWN track=1 valid=True d_wall=+1.465 heading_rel=+0.368 rms=0.0154 n=131 age=2.38 prov=PREDICTED coast=0.07m/0.07rad dpsi=+0.0000
[taskset-1] [INFO] [1791035936.574545546] [wall_distance_node]: DWALL | phase=UNKNOWN track=1 valid=True d_wall=+1.436 heading_rel=+0.475 rms=0.0072 n=41 age=0.57 prov=PREDICTED coast=0.07m/0.08rad dpsi=+0.0000
[taskset-1] [INFO] [1791035937.669994366] [wall_distance_node]: DWALL | phase=UNKNOWN track=1 valid=True d_wall=+1.339 heading_rel=+0.604 rms=0.0072 n=41 age=1.67 prov=PREDICTED coast=0.26m/0.21rad dpsi=+0.0000
[taskset-1] [WARN] [1791035938.662613445] [wall_distance_node]: COAST/cap | track 1 coasted 0.51 m / 0.28 rad past the cap (0.50 m / 0.35 rad): d_wall is no longer trusted. The caps are set by the measured odometry bias (distance 17-20% short, gyro yaw gain 0.93-1.09), not by caution -- raise them only after that calibration lands.
[taskset-1] [INFO] [1791035938.773733434] [wall_distance_node]: DWALL | phase=UNKNOWN track=1 valid=True d_wall=+1.146 heading_rel=+0.615 rms=0.0132 n=159 age=0.00 prov=GEOMETRIC coast=0.00m/0.00rad dpsi=+0.0000
[taskset-1] [INFO] [1791035939.865655405] [wall_distance_node]: DWALL | phase=UNKNOWN track=1 valid=True d_wall=+1.003 heading_rel=+0.430 rms=0.0106 n=49 age=0.68 prov=PREDICTED coast=0.25m/0.11rad dpsi=+0.0000
[taskset-1] [WARN] [1791035940.561377504] [wall_distance_node]: COAST/cap | track 1 coasted 0.52 m / 0.20 rad past the cap (0.50 m / 0.35 rad): d_wall is no longer trusted. The caps are set by the measured odometry bias (distance 17-20% short, gyro yaw gain 0.93-1.09), not by caution -- raise them only after that calibration lands.
[taskset-1] [WARN] [1791035940.660253362] [wall_distance_node]: COAST/cap | track 9 coasted 1.27 m / 0.67 rad past the cap (0.50 m / 0.35 rad): d_wall is no longer trusted. The caps are set by the measured odometry bias (distance 17-20% short, gyro yaw gain 0.93-1.09), not by caution -- raise them only after that calibration lands.
[taskset-1] [INFO] [1791035940.960523306] [wall_distance_node]: DWALL | phase=UNKNOWN track=9 valid=False d_wall=+nan heading_rel=+nan rms=0.0103 n=46 age=5.68 prov=NONE coast=1.38m/0.72rad dpsi=+0.0000
[taskset-1] [INFO] [1791035941.961988995] [wall_distance_node]: DWALL | phase=UNKNOWN track=9 valid=False d_wall=+nan heading_rel=+nan rms=0.0103 n=46 age=6.68 prov=NONE coast=1.66m/0.82rad dpsi=+0.0000
[taskset-1] [INFO] [1791035943.062677869] [wall_distance_node]: DWALL | phase=UNKNOWN track=9 valid=False d_wall=+nan heading_rel=+nan rms=0.0103 n=46 age=7.78 prov=NONE coast=1.89m/0.93rad dpsi=+0.0000
[taskset-1] [INFO] [1791035944.164447635] [wall_distance_node]: DWALL | phase=UNKNOWN track=9 valid=False d_wall=+nan heading_rel=+nan rms=0.0103 n=46 age=8.88 prov=NONE coast=2.19m/0.97rad dpsi=+0.0000
[taskset-1] [INFO] [1791035945.172131474] [wall_distance_node]: DWALL | phase=UNKNOWN track=9 valid=False d_wall=+nan heading_rel=+nan rms=0.0103 n=46 age=9.88 prov=NONE coast=2.53m/0.99rad dpsi=+0.0000
[taskset-1] [INFO] [1791035946.173390260] [wall_distance_node]: DWALL | phase=UNKNOWN track=9 valid=False d_wall=+nan heading_rel=+nan rms=0.0103 n=46 age=10.88 prov=NONE coast=2.91m/1.01rad dpsi=+0.0000
[taskset-1] [INFO] [1791035947.273531607] [wall_distance_node]: DWALL | phase=UNKNOWN track=9 valid=False d_wall=+nan heading_rel=+nan rms=0.0103 n=46 age=11.98 prov=NONE coast=3.37m/1.04rad dpsi=+0.0000
[taskset-1] [WARN] [1791035948.075355899] [wall_distance_node]: COAST/cap | track 13 coasted 3.23 m / 0.71 rad past the cap (0.50 m / 0.35 rad): d_wall is no longer trusted. The caps are set by the measured odometry bias (distance 17-20% short, gyro yaw gain 0.93-1.09), not by caution -- raise them only after that calibration lands.
[taskset-1] [INFO] [1791035948.368700600] [wall_distance_node]: DWALL | phase=UNKNOWN track=13 valid=False d_wall=+nan heading_rel=+nan rms=0.0130 n=161 age=9.98 prov=NONE coast=3.36m/0.72rad dpsi=+0.0000
[taskset-1] [INFO] [1791035949.468024023] [wall_distance_node]: DWALL | phase=UNKNOWN track=13 valid=False d_wall=+nan heading_rel=+nan rms=0.0130 n=161 age=11.08 prov=NONE coast=3.84m/0.72rad dpsi=+0.0000
[taskset-1] [INFO] [1791035950.469214137] [wall_distance_node]: DWALL | phase=UNKNOWN track=13 valid=False d_wall=+nan heading_rel=+nan rms=0.0130 n=161 age=12.08 prov=NONE coast=4.28m/0.72rad dpsi=+0.0000
[taskset-1] [INFO] [1791035951.567841958] [wall_distance_node]: DWALL | phase=UNKNOWN track=13 valid=False d_wall=+nan heading_rel=+nan rms=0.0130 n=161 age=13.18 prov=NONE coast=4.76m/0.73rad dpsi=+0.0000
[taskset-1] [INFO] [1791035952.665131476] [wall_distance_node]: DWALL | phase=UNKNOWN track=13 valid=False d_wall=+nan heading_rel=+nan rms=0.0130 n=161 age=14.28 prov=NONE coast=5.25m/0.74rad dpsi=+0.0000
[taskset-1] [INFO] [1791035953.759657556] [wall_distance_node]: DWALL | phase=UNKNOWN track=13 valid=False d_wall=+nan heading_rel=+nan rms=0.0130 n=161 age=15.38 prov=NONE coast=5.72m/0.77rad dpsi=+0.0000
[taskset-1] [INFO] [1791035954.859053879] [wall_distance_node]: DWALL | phase=UNKNOWN track=13 valid=False d_wall=+nan heading_rel=+nan rms=0.0130 n=161 age=16.48 prov=NONE coast=6.21m/0.79rad dpsi=+0.0000
[taskset-1] [INFO] [1791035955.863689751] [wall_distance_node]: DWALL | phase=UNKNOWN track=13 valid=False d_wall=+nan heading_rel=+nan rms=0.0130 n=161 age=17.48 prov=NONE coast=6.65m/0.80rad dpsi=+0.0000
[taskset-1] [INFO] [1791035956.868014534] [wall_distance_node]: DWALL | phase=UNKNOWN track=13 valid=False d_wall=+nan heading_rel=+nan rms=0.0130 n=161 age=18.48 prov=NONE coast=7.09m/0.81rad dpsi=+0.0000
[taskset-1] [INFO] [1791035957.868370714] [wall_distance_node]: DWALL | phase=UNKNOWN track=13 valid=False d_wall=+nan heading_rel=+nan rms=0.0130 n=161 age=19.48 prov=NONE coast=7.53m/0.82rad dpsi=+0.0000
[taskset-1] [INFO] [1791035958.870640030] [wall_distance_node]: DWALL | phase=UNKNOWN track=13 valid=False d_wall=+nan heading_rel=+nan rms=0.0130 n=161 age=20.48 prov=NONE coast=7.97m/0.83rad dpsi=+0.0000
[taskset-1] [INFO] [1791035959.871259191] [wall_distance_node]: DWALL | phase=UNKNOWN track=13 valid=False d_wall=+nan heading_rel=+nan rms=0.0130 n=161 age=21.48 prov=NONE coast=8.42m/0.83rad dpsi=+0.0000
[taskset-1] [WARN] [1791035960.172828436] [wall_distance_node]: COAST/cap | track 33 coasted 4.39 m / 0.11 rad past the cap (0.50 m / 0.35 rad): d_wall is no longer trusted. The caps are set by the measured odometry bias (distance 17-20% short, gyro yaw gain 0.93-1.09), not by caution -- raise them only after that calibration lands.
[taskset-1] [INFO] [1791035960.971356438] [wall_distance_node]: DWALL | phase=UNKNOWN track=33 valid=False d_wall=+nan heading_rel=+nan rms=0.0090 n=209 age=10.78 prov=NONE coast=4.75m/0.11rad dpsi=+0.0000
[taskset-1] [INFO] [1791035961.985424464] [wall_distance_node]: DWALL | phase=UNKNOWN track=33 valid=False d_wall=+nan heading_rel=+nan rms=0.0090 n=209 age=11.78 prov=NONE coast=5.18m/0.12rad dpsi=+0.0000
[taskset-1] [INFO] [1791035963.076148863] [wall_distance_node]: DWALL | phase=UNKNOWN track=33 valid=False d_wall=+nan heading_rel=+nan rms=0.0090 n=209 age=12.88 prov=NONE coast=5.67m/0.12rad dpsi=+0.0000
[taskset-1] [INFO] [1791035964.081536094] [wall_distance_node]: DWALL | phase=UNKNOWN track=33 valid=False d_wall=+nan heading_rel=+nan rms=0.0090 n=209 age=13.87 prov=NONE coast=6.12m/0.12rad dpsi=+0.0000
[taskset-1] [WARN] [1791035964.681170984] [wall_distance_node]: COAST/cap | track 55 coasted 0.53 m / 0.00 rad past the cap (0.50 m / 0.35 rad): d_wall is no longer trusted. The caps are set by the measured odometry bias (distance 17-20% short, gyro yaw gain 0.93-1.09), not by caution -- raise them only after that calibration lands.
[taskset-1] [INFO] [1791035965.201484192] [wall_distance_node]: DWALL | phase=UNKNOWN track=55 valid=False d_wall=+nan heading_rel=+nan rms=0.0056 n=91 age=1.64 prov=NONE coast=0.76m/0.00rad dpsi=+0.0000
[taskset-1] [INFO] [1791035966.279578296] [wall_distance_node]: DWALL | phase=UNKNOWN track=33 valid=False d_wall=+nan heading_rel=+nan rms=0.0090 n=209 age=16.08 prov=NONE coast=7.09m/0.13rad dpsi=+0.0000
[taskset-1] [INFO] [1791035967.280303774] [wall_distance_node]: DWALL | phase=UNKNOWN track=33 valid=False d_wall=+nan heading_rel=+nan rms=0.0090 n=209 age=17.07 prov=NONE coast=7.54m/0.13rad dpsi=+0.0000
[taskset-1] [INFO] [1791035968.366653534] [wall_distance_node]: DWALL | phase=UNKNOWN track=33 valid=False d_wall=+nan heading_rel=+nan rms=0.0090 n=209 age=18.17 prov=NONE coast=8.02m/0.14rad dpsi=+0.0000
[taskset-1] [INFO] [1791035969.465256661] [wall_distance_node]: DWALL | phase=UNKNOWN track=33 valid=False d_wall=+nan heading_rel=+nan rms=0.0090 n=209 age=19.27 prov=NONE coast=8.51m/0.16rad dpsi=+0.0000
[taskset-1] [INFO] [1791035970.573329410] [wall_distance_node]: DWALL | phase=UNKNOWN track=33 valid=False d_wall=+nan heading_rel=+nan rms=0.0090 n=209 age=20.37 prov=NONE coast=9.00m/0.16rad dpsi=+0.0000
[taskset-1] [INFO] [1791035971.639660898] [wall_distance_node]: DWALL | phase=UNKNOWN track=55 valid=False d_wall=+nan heading_rel=+nan rms=0.0056 n=91 age=8.14 prov=NONE coast=221.50m/15.09rad dpsi=+0.0000
[taskset-1] [WARN] [1791035971.770036313] [wall_distance_node]: COAST/cap | track 62 coasted 218.24 m / 15.12 rad past the cap (0.50 m / 0.35 rad): d_wall is no longer trusted. The caps are set by the measured odometry bias (distance 17-20% short, gyro yaw gain 0.93-1.09), not by caution -- raise them only after that calibration lands.
[taskset-1] [INFO] [1791035972.668965941] [wall_distance_node]: DWALL | phase=UNKNOWN track=70 valid=True d_wall=+1.495 heading_rel=+0.281 rms=0.0151 n=132 age=0.00 prov=GEOMETRIC coast=0.00m/0.00rad dpsi=+0.0000
[taskset-1] [INFO] [1791035973.678871173] [wall_distance_node]: DWALL | phase=UNKNOWN track=70 valid=True d_wall=+1.485 heading_rel=+0.284 rms=0.0151 n=130 age=0.48 prov=PREDICTED coast=0.15m/0.00rad dpsi=+0.0000
[taskset-1] [INFO] [1791035974.762926372] [wall_distance_node]: DWALL | phase=UNKNOWN track=70 valid=True d_wall=+1.481 heading_rel=+0.284 rms=0.0151 n=130 age=1.58 prov=PREDICTED coast=0.41m/0.00rad dpsi=+0.0000
[taskset-1] [WARN] [1791035975.461659156] [wall_distance_node]: COAST/cap | track 70 coasted 0.50 m / 0.00 rad past the cap (0.50 m / 0.35 rad): d_wall is no longer trusted. The caps are set by the measured odometry bias (distance 17-20% short, gyro yaw gain 0.93-1.09), not by caution -- raise them only after that calibration lands.
[taskset-1] [INFO] [1791035975.861401736] [wall_distance_node]: DWALL | phase=UNKNOWN track=70 valid=False d_wall=+nan heading_rel=+nan rms=0.0151 n=130 age=2.68 prov=NONE coast=0.54m/0.00rad dpsi=+0.0000
[taskset-1] [INFO] [1791035976.862342303] [wall_distance_node]: DWALL | phase=UNKNOWN track=77 valid=True d_wall=+1.438 heading_rel=+0.378 rms=0.0125 n=116 age=0.00 prov=GEOMETRIC coast=0.00m/0.00rad dpsi=+0.0000
[taskset-1] [INFO] [1791035977.864480339] [wall_distance_node]: DWALL | phase=UNKNOWN track=77 valid=True d_wall=+1.432 heading_rel=+0.386 rms=0.0120 n=114 age=0.00 prov=GEOMETRIC coast=0.00m/0.00rad dpsi=+0.0000
[taskset-1] [INFO] [1791035978.866153797] [wall_distance_node]: DWALL | phase=UNKNOWN track=77 valid=True d_wall=+1.426 heading_rel=+0.403 rms=0.0153 n=147 age=0.00 prov=GEOMETRIC coast=0.00m/0.00rad dpsi=+0.0000
[taskset-1] [INFO] [1791035979.970389327] [wall_distance_node]: DWALL | phase=UNKNOWN track=77 valid=True d_wall=+1.350 heading_rel=+0.507 rms=0.0156 n=156 age=0.00 prov=GEOMETRIC coast=0.00m/0.00rad dpsi=+0.0000
[taskset-1] [INFO] [1791035981.057674036] [wall_distance_node]: DWALL | phase=UNKNOWN track=77 valid=True d_wall=+1.188 heading_rel=+0.602 rms=0.0143 n=161 age=0.48 prov=PREDICTED coast=0.14m/0.03rad dpsi=+0.0000
[taskset-1] [INFO] [1791035982.152087153] [wall_distance_node]: DWALL | phase=UNKNOWN track=77 valid=True d_wall=+1.015 heading_rel=+0.419 rms=0.0143 n=161 age=1.58 prov=PREDICTED coast=0.50m/0.21rad dpsi=+0.0000
[taskset-1] [WARN] [1791035982.269892866] [wall_distance_node]: COAST/cap | track 77 coasted 0.53 m / 0.22 rad past the cap (0.50 m / 0.35 rad): d_wall is no longer trusted. The caps are set by the measured odometry bias (distance 17-20% short, gyro yaw gain 0.93-1.09), not by caution -- raise them only after that calibration lands.
[taskset-1] [WARN] [1791035982.353870829] [wall_distance_node]: COAST/cap | track 79 coasted 0.96 m / 0.55 rad past the cap (0.50 m / 0.35 rad): d_wall is no longer trusted. The caps are set by the measured odometry bias (distance 17-20% short, gyro yaw gain 0.93-1.09), not by caution -- raise them only after that calibration lands.
[taskset-1] [INFO] [1791035983.157630654] [wall_distance_node]: DWALL | phase=UNKNOWN track=79 valid=False d_wall=+nan heading_rel=+nan rms=0.0095 n=41 age=5.08 prov=NONE coast=1.26m/0.65rad dpsi=+0.0000
[taskset-1] [INFO] [1791035984.166125685] [wall_distance_node]: DWALL | phase=UNKNOWN track=79 valid=False d_wall=+nan heading_rel=+nan rms=0.0095 n=41 age=6.08 prov=NONE coast=1.57m/0.77rad dpsi=+0.0000
[taskset-1] [INFO] [1791035985.264615418] [wall_distance_node]: DWALL | phase=UNKNOWN track=79 valid=False d_wall=+nan heading_rel=+nan rms=0.0095 n=41 age=7.18 prov=NONE coast=1.81m/0.88rad dpsi=+0.0000
[taskset-1] [INFO] [1791035986.386980062] [wall_distance_node]: DWALL | phase=UNKNOWN track=79 valid=False d_wall=+nan heading_rel=+nan rms=0.0095 n=41 age=8.28 prov=NONE coast=2.07m/0.93rad dpsi=+0.0000
[taskset-1] [INFO] [1791035987.467347809] [wall_distance_node]: DWALL | phase=UNKNOWN track=79 valid=False d_wall=+nan heading_rel=+nan rms=0.0095 n=41 age=9.38 prov=NONE coast=2.44m/0.96rad dpsi=+0.0000
[taskset-1] [INFO] [1791035988.468900327] [wall_distance_node]: DWALL | phase=UNKNOWN track=79 valid=False d_wall=+nan heading_rel=+nan rms=0.0095 n=41 age=10.38 prov=NONE coast=2.83m/0.98rad dpsi=+0.0000
[taskset-1] [INFO] [1791035989.578126835] [wall_distance_node]: DWALL | phase=UNKNOWN track=79 valid=False d_wall=+nan heading_rel=+nan rms=0.0095 n=41 age=11.48 prov=NONE coast=3.27m/1.01rad dpsi=+0.0000
[taskset-1] [INFO] [1791035990.580456883] [wall_distance_node]: DWALL | phase=UNKNOWN track=79 valid=False d_wall=+nan heading_rel=+nan rms=0.0095 n=41 age=12.48 prov=NONE coast=3.71m/1.03rad dpsi=+0.0000
[taskset-1] [WARN] [1791035990.663766096] [wall_distance_node]: COAST/cap | track 83 coasted 3.28 m / 0.72 rad past the cap (0.50 m / 0.35 rad): d_wall is no longer trusted. The caps are set by the measured odometry bias (distance 17-20% short, gyro yaw gain 0.93-1.09), not by caution -- raise them only after that calibration lands.
[taskset-1] [INFO] [1791035991.663247299] [wall_distance_node]: DWALL | phase=UNKNOWN track=83 valid=False d_wall=+nan heading_rel=+nan rms=0.0133 n=159 age=10.78 prov=NONE coast=3.71m/0.72rad dpsi=+0.0000
[taskset-1] [INFO] [1791035992.762005422] [wall_distance_node]: DWALL | phase=UNKNOWN track=83 valid=False d_wall=+nan heading_rel=+nan rms=0.0133 n=159 age=11.88 prov=NONE coast=4.20m/0.72rad dpsi=+0.0000
[taskset-1] [INFO] [1791035993.777968007] [wall_distance_node]: DWALL | phase=UNKNOWN track=83 valid=False d_wall=+nan heading_rel=+nan rms=0.0133 n=159 age=12.88 prov=NONE coast=4.62m/0.73rad dpsi=+0.0000
[taskset-1] [INFO] [1791035994.861471381] [wall_distance_node]: DWALL | phase=UNKNOWN track=83 valid=False d_wall=+nan heading_rel=+nan rms=0.0133 n=159 age=13.98 prov=NONE coast=5.11m/0.74rad dpsi=+0.0000
[taskset-1] [INFO] [1791035995.969522602] [wall_distance_node]: DWALL | phase=UNKNOWN track=83 valid=False d_wall=+nan heading_rel=+nan rms=0.0133 n=159 age=15.08 prov=NONE coast=5.60m/0.77rad dpsi=+0.0000
[taskset-1] [INFO] [1791035997.064125681] [wall_distance_node]: DWALL | phase=UNKNOWN track=83 valid=False d_wall=+nan heading_rel=+nan rms=0.0133 n=159 age=16.18 prov=NONE coast=6.07m/0.78rad dpsi=+0.0000
[taskset-1] [INFO] [1791035998.066414121] [wall_distance_node]: DWALL | phase=UNKNOWN track=83 valid=False d_wall=+nan heading_rel=+nan rms=0.0133 n=159 age=17.18 prov=NONE coast=6.52m/0.80rad dpsi=+0.0000
[taskset-1] [INFO] [1791035999.067892516] [wall_distance_node]: DWALL | phase=UNKNOWN track=83 valid=False d_wall=+nan heading_rel=+nan rms=0.0133 n=159 age=18.18 prov=NONE coast=6.97m/0.81rad dpsi=+0.0000
[taskset-1] [INFO] [1791036000.165688287] [wall_distance_node]: DWALL | phase=UNKNOWN track=83 valid=False d_wall=+nan heading_rel=+nan rms=0.0133 n=159 age=19.28 prov=NONE coast=7.45m/0.82rad dpsi=+0.0000
[taskset-1] [INFO] [1791036001.264256414] [wall_distance_node]: DWALL | phase=UNKNOWN track=83 valid=False d_wall=+nan heading_rel=+nan rms=0.0133 n=159 age=20.38 prov=NONE coast=7.93m/0.83rad dpsi=+0.0000
[taskset-1] [INFO] [1791036002.265579537] [wall_distance_node]: DWALL | phase=UNKNOWN track=83 valid=False d_wall=+nan heading_rel=+nan rms=0.0133 n=159 age=21.38 prov=NONE coast=8.38m/0.83rad dpsi=+0.0000
[taskset-1] [INFO] [1791036003.364616637] [wall_distance_node]: DWALL | phase=UNKNOWN track=83 valid=False d_wall=+nan heading_rel=+nan rms=0.0133 n=159 age=22.48 prov=NONE coast=8.86m/0.84rad dpsi=+0.0000
[taskset-1] [WARN] [1791036003.964205880] [wall_distance_node]: COAST/cap | track 103 coasted 4.97 m / 0.12 rad past the cap (0.50 m / 0.35 rad): d_wall is no longer trusted. The caps are set by the measured odometry bias (distance 17-20% short, gyro yaw gain 0.93-1.09), not by caution -- raise them only after that calibration lands.
[taskset-1] [INFO] [1791036004.365634099] [wall_distance_node]: DWALL | phase=UNKNOWN track=103 valid=False d_wall=+nan heading_rel=+nan rms=0.0090 n=209 age=11.68 prov=NONE coast=5.15m/0.12rad dpsi=+0.0000
[taskset-1] [INFO] [1791036005.368307226] [wall_distance_node]: DWALL | phase=UNKNOWN track=103 valid=False d_wall=+nan heading_rel=+nan rms=0.0090 n=209 age=12.68 prov=NONE coast=5.59m/0.12rad dpsi=+0.0000
[taskset-1] [INFO] [1791036006.372901072] [wall_distance_node]: DWALL | phase=UNKNOWN track=103 valid=False d_wall=+nan heading_rel=+nan rms=0.0090 n=209 age=13.68 prov=NONE coast=6.03m/0.13rad dpsi=+0.0000
[taskset-1] [WARN] [1791036007.190435343] [wall_distance_node]: COAST/cap | track 124 coasted 0.54 m / 0.00 rad past the cap (0.50 m / 0.35 rad): d_wall is no longer trusted. The caps are set by the measured odometry bias (distance 17-20% short, gyro yaw gain 0.93-1.09), not by caution -- raise them only after that calibration lands.
[taskset-1] [INFO] [1791036007.388347606] [wall_distance_node]: DWALL | phase=UNKNOWN track=124 valid=False d_wall=+nan heading_rel=+nan rms=0.0053 n=89 age=1.38 prov=NONE coast=0.62m/0.00rad dpsi=+0.0000
[taskset-1] [INFO] [1791036008.480985650] [wall_distance_node]: DWALL | phase=UNKNOWN track=124 valid=False d_wall=+nan heading_rel=+nan rms=0.0053 n=89 age=2.48 prov=NONE coast=1.11m/0.01rad dpsi=+0.0000
[taskset-1] [INFO] [1791036009.490315910] [wall_distance_node]: DWALL | phase=UNKNOWN track=103 valid=False d_wall=+nan heading_rel=+nan rms=0.0090 n=209 age=16.78 prov=NONE coast=7.40m/0.14rad dpsi=+0.0000
[taskset-1] [INFO] [1791036010.584871895] [wall_distance_node]: DWALL | phase=UNKNOWN track=103 valid=False d_wall=+nan heading_rel=+nan rms=0.0090 n=209 age=17.88 prov=NONE coast=7.88m/0.14rad dpsi=+0.0000
[taskset-1] [INFO] [1791036011.667146530] [wall_distance_node]: DWALL | phase=UNKNOWN track=103 valid=False d_wall=+nan heading_rel=+nan rms=0.0090 n=209 age=18.98 prov=NONE coast=8.38m/0.16rad dpsi=+0.0000
[taskset-1] [INFO] [1791036012.774944055] [wall_distance_node]: DWALL | phase=UNKNOWN track=103 valid=False d_wall=+nan heading_rel=+nan rms=0.0090 n=209 age=20.08 prov=NONE coast=8.87m/0.16rad dpsi=+0.0000
[taskset-1] [WARN] [1791036013.871149830] [wall_distance_node]: COAST/cap | track 131 coasted 211.27 m / 8.93 rad past the cap (0.50 m / 0.35 rad): d_wall is no longer trusted. The caps are set by the measured odometry bias (distance 17-20% short, gyro yaw gain 0.93-1.09), not by caution -- raise them only after that calibration lands.
[taskset-1] [INFO] [1791036013.872624662] [wall_distance_node]: DWALL | phase=UNKNOWN track=131 valid=False d_wall=+nan heading_rel=+nan rms=0.0227 n=177 age=6.97 prov=NONE coast=211.27m/8.93rad dpsi=+0.0000
[taskset-1] [INFO] [1791036014.873172067] [wall_distance_node]: DWALL | phase=UNKNOWN track=141 valid=True d_wall=+1.498 heading_rel=+0.277 rms=0.0162 n=131 age=0.00 prov=GEOMETRIC coast=0.00m/0.00rad dpsi=+0.0000
[taskset-1] [INFO] [1791036015.975500688] [wall_distance_node]: DWALL | phase=UNKNOWN track=141 valid=True d_wall=+1.470 heading_rel=+0.285 rms=0.0142 n=127 age=0.67 prov=PREDICTED coast=0.34m/0.01rad dpsi=+0.0000
[taskset-1] [WARN] [1791036016.763728710] [wall_distance_node]: COAST/cap | track 141 coasted 0.52 m / 0.01 rad past the cap (0.50 m / 0.35 rad): d_wall is no longer trusted. The caps are set by the measured odometry bias (distance 17-20% short, gyro yaw gain 0.93-1.09), not by caution -- raise them only after that calibration lands.
[taskset-1] [INFO] [1791036017.075160419] [wall_distance_node]: DWALL | phase=UNKNOWN track=141 valid=False d_wall=+nan heading_rel=+nan rms=0.0142 n=127 age=1.77 prov=NONE coast=0.60m/0.01rad dpsi=+0.0000
[taskset-1] [INFO] [1791036018.159230228] [wall_distance_node]: DWALL | phase=UNKNOWN track=141 valid=False d_wall=+nan heading_rel=+nan rms=0.0142 n=127 age=2.87 prov=NONE coast=0.77m/0.01rad dpsi=+0.0000
[taskset-1] [INFO] [1791036019.166566904] [wall_distance_node]: DWALL | phase=UNKNOWN track=141 valid=False d_wall=+nan heading_rel=+nan rms=0.0142 n=127 age=3.87 prov=NONE coast=0.83m/0.01rad dpsi=+0.0000
[taskset-1] [INFO] [1791036020.174460091] [wall_distance_node]: DWALL | phase=UNKNOWN track=141 valid=False d_wall=+nan heading_rel=+nan rms=0.0142 n=127 age=4.87 prov=NONE coast=0.92m/0.06rad dpsi=+0.0000
[taskset-1] [INFO] [1791036021.264063614] [wall_distance_node]: DWALL | phase=UNKNOWN track=141 valid=False d_wall=+nan heading_rel=+nan rms=0.0142 n=127 age=5.97 prov=NONE coast=1.03m/0.19rad dpsi=+0.0000
[taskset-1] [INFO] [1791036022.366972064] [wall_distance_node]: DWALL | phase=UNKNOWN track=141 valid=False d_wall=+nan heading_rel=+nan rms=0.0142 n=127 age=7.07 prov=NONE coast=1.19m/0.32rad dpsi=+0.0000
[taskset-1] [INFO] [1791036023.470003543] [wall_distance_node]: DWALL | phase=UNKNOWN track=141 valid=False d_wall=+nan heading_rel=+nan rms=0.0142 n=127 age=8.17 prov=NONE coast=1.45m/0.41rad dpsi=+0.0000
[taskset-1] [INFO] [1791036024.556312873] [wall_distance_node]: DWALL | phase=UNKNOWN track=141 valid=False d_wall=+nan heading_rel=+nan rms=0.0142 n=127 age=9.27 prov=NONE coast=1.80m/0.59rad dpsi=+0.0000
[taskset-1] [INFO] [1791036025.561193575] [wall_distance_node]: DWALL | phase=UNKNOWN track=141 valid=False d_wall=+nan heading_rel=+nan rms=0.0142 n=127 age=10.27 prov=NONE coast=2.18m/0.73rad dpsi=+0.0000
[taskset-1] [INFO] [1791036026.561752448] [wall_distance_node]: DWALL | phase=UNKNOWN track=141 valid=False d_wall=+nan heading_rel=+nan rms=0.0142 n=127 age=11.27 prov=NONE coast=2.50m/0.86rad dpsi=+0.0000
[taskset-1] [INFO] [1791036027.563081887] [wall_distance_node]: DWALL | phase=UNKNOWN track=141 valid=False d_wall=+nan heading_rel=+nan rms=0.0142 n=127 age=12.27 prov=NONE coast=2.72m/0.95rad dpsi=+0.0000
[taskset-1] [WARN] [1791036028.164159205] [wall_distance_node]: COAST/cap | track 150 coasted 1.92 m / 0.94 rad past the cap (0.50 m / 0.35 rad): d_wall is no longer trusted. The caps are set by the measured odometry bias (distance 17-20% short, gyro yaw gain 0.93-1.09), not by caution -- raise them only after that calibration lands.
[taskset-1] [INFO] [1791036028.570978451] [wall_distance_node]: DWALL | phase=UNKNOWN track=150 valid=False d_wall=+nan heading_rel=+nan rms=0.0103 n=46 age=8.28 prov=NONE coast=2.03m/0.95rad dpsi=+0.0000
[taskset-1] [INFO] [1791036029.589078670] [wall_distance_node]: DWALL | phase=UNKNOWN track=150 valid=False d_wall=+nan heading_rel=+nan rms=0.0103 n=46 age=9.28 prov=NONE coast=2.31m/0.98rad dpsi=+0.0000
[taskset-1] [INFO] [1791036030.672990453] [wall_distance_node]: DWALL | phase=UNKNOWN track=150 valid=False d_wall=+nan heading_rel=+nan rms=0.0103 n=46 age=10.38 prov=NONE coast=2.73m/1.00rad dpsi=+0.0000
[taskset-1] [INFO] [1791036031.759193130] [wall_distance_node]: DWALL | phase=UNKNOWN track=150 valid=False d_wall=+nan heading_rel=+nan rms=0.0103 n=46 age=11.48 prov=NONE coast=3.17m/1.03rad dpsi=+0.0000
[taskset-1] [INFO] [1791036032.761018558] [wall_distance_node]: DWALL | phase=UNKNOWN track=150 valid=False d_wall=+nan heading_rel=+nan rms=0.0103 n=46 age=12.48 prov=NONE coast=3.59m/1.05rad dpsi=+0.0000
[taskset-1] [WARN] [1791036033.761755527] [wall_distance_node]: COAST/cap | track 154 coasted 3.53 m / 0.73 rad past the cap (0.50 m / 0.35 rad): d_wall is no longer trusted. The caps are set by the measured odometry bias (distance 17-20% short, gyro yaw gain 0.93-1.09), not by caution -- raise them only after that calibration lands.
[taskset-1] [INFO] [1791036033.770554124] [wall_distance_node]: DWALL | phase=UNKNOWN track=154 valid=False d_wall=+nan heading_rel=+nan rms=0.0133 n=159 age=10.38 prov=NONE coast=3.53m/0.73rad dpsi=+0.0000
[taskset-1] [INFO] [1791036034.860336250] [wall_distance_node]: DWALL | phase=UNKNOWN track=154 valid=False d_wall=+nan heading_rel=+nan rms=0.0133 n=159 age=11.48 prov=NONE coast=4.01m/0.73rad dpsi=+0.0000
[taskset-1] [INFO] [1791036035.862269673] [wall_distance_node]: DWALL | phase=UNKNOWN track=154 valid=False d_wall=+nan heading_rel=+nan rms=0.0133 n=159 age=12.48 prov=NONE coast=4.46m/0.73rad dpsi=+0.0000
[taskset-1] [INFO] [1791036036.867720711] [wall_distance_node]: DWALL | phase=UNKNOWN track=154 valid=False d_wall=+nan heading_rel=+nan rms=0.0133 n=159 age=13.48 prov=NONE coast=4.89m/0.74rad dpsi=+0.0000
[taskset-1] [INFO] [1791036037.968361525] [wall_distance_node]: DWALL | phase=UNKNOWN track=154 valid=False d_wall=+nan heading_rel=+nan rms=0.0133 n=159 age=14.58 prov=NONE coast=5.38m/0.75rad dpsi=+0.0000
[taskset-1] [INFO] [1791036039.059142901] [wall_distance_node]: DWALL | phase=UNKNOWN track=154 valid=False d_wall=+nan heading_rel=+nan rms=0.0133 n=159 age=15.68 prov=NONE coast=5.86m/0.78rad dpsi=+0.0000
[taskset-1] [INFO] [1791036040.060841972] [wall_distance_node]: DWALL | phase=UNKNOWN track=154 valid=False d_wall=+nan heading_rel=+nan rms=0.0133 n=159 age=16.68 prov=NONE coast=6.30m/0.80rad dpsi=+0.0000
[taskset-1] [INFO] [1791036041.068456006] [wall_distance_node]: DWALL | phase=UNKNOWN track=154 valid=False d_wall=+nan heading_rel=+nan rms=0.0133 n=159 age=17.68 prov=NONE coast=6.74m/0.81rad dpsi=+0.0000
[taskset-1] [INFO] [1791036042.162775223] [wall_distance_node]: DWALL | phase=UNKNOWN track=154 valid=False d_wall=+nan heading_rel=+nan rms=0.0133 n=159 age=18.78 prov=NONE coast=7.23m/0.82rad dpsi=+0.0000
[taskset-1] [INFO] [1791036043.163868108] [wall_distance_node]: DWALL | phase=UNKNOWN track=154 valid=False d_wall=+nan heading_rel=+nan rms=0.0133 n=159 age=19.78 prov=NONE coast=7.67m/0.83rad dpsi=+0.0000
[taskset-1] [INFO] [1791036044.168338711] [wall_distance_node]: DWALL | phase=UNKNOWN track=154 valid=False d_wall=+nan heading_rel=+nan rms=0.0133 n=159 age=20.78 prov=NONE coast=8.12m/0.83rad dpsi=+0.0000
[taskset-1] [INFO] [1791036045.263741976] [wall_distance_node]: DWALL | phase=UNKNOWN track=154 valid=False d_wall=+nan heading_rel=+nan rms=0.0133 n=159 age=21.88 prov=NONE coast=8.59m/0.84rad dpsi=+0.0000
[taskset-1] [INFO] [1791036046.266589258] [wall_distance_node]: DWALL | phase=UNKNOWN track=154 valid=False d_wall=+nan heading_rel=+nan rms=0.0133 n=159 age=22.88 prov=NONE coast=9.04m/0.84rad dpsi=+0.0000
[taskset-1] [INFO] [1791036047.267665506] [wall_distance_node]: DWALL | phase=UNKNOWN track=154 valid=False d_wall=+nan heading_rel=+nan rms=0.0133 n=159 age=23.88 prov=NONE coast=9.48m/0.85rad dpsi=+0.0000
[taskset-1] [INFO] [1791036048.269823141] [wall_distance_node]: DWALL | phase=UNKNOWN track=154 valid=False d_wall=+nan heading_rel=+nan rms=0.0133 n=159 age=24.88 prov=NONE coast=9.92m/0.85rad dpsi=+0.0000
[taskset-1] [INFO] [1791036049.284693207] [wall_distance_node]: DWALL | phase=UNKNOWN track=197 valid=True d_wall=+0.482 heading_rel=+1.531 rms=0.0053 n=89 age=0.77 prov=PREDICTED coast=0.35m/0.00rad dpsi=+0.0000
[taskset-1] [WARN] [1791036049.683772849] [wall_distance_node]: COAST/cap | track 197 coasted 0.53 m / 0.00 rad past the cap (0.50 m / 0.35 rad): d_wall is no longer trusted. The caps are set by the measured odometry bias (distance 17-20% short, gyro yaw gain 0.93-1.09), not by caution -- raise them only after that calibration lands.
[taskset-1] [INFO] [1791036050.383935676] [wall_distance_node]: DWALL | phase=UNKNOWN track=197 valid=False d_wall=+nan heading_rel=+nan rms=0.0053 n=89 age=1.87 prov=NONE coast=0.84m/0.01rad dpsi=+0.0000
[taskset-1] [INFO] [1791036051.479695705] [wall_distance_node]: DWALL | phase=UNKNOWN track=154 valid=False d_wall=+nan heading_rel=+nan rms=0.0133 n=159 age=28.08 prov=NONE coast=11.32m/0.86rad dpsi=+0.0000
[taskset-1] [INFO] [1791036052.572929874] [wall_distance_node]: DWALL | phase=UNKNOWN track=154 valid=False d_wall=+nan heading_rel=+nan rms=0.0133 n=159 age=29.18 prov=NONE coast=11.82m/0.86rad dpsi=+0.0000
[taskset-1] [INFO] [1791036053.577982553] [wall_distance_node]: DWALL | phase=UNKNOWN track=154 valid=False d_wall=+nan heading_rel=+nan rms=0.0133 n=159 age=30.18 prov=NONE coast=12.26m/0.88rad dpsi=+0.0000
[taskset-1] [INFO] [1791036054.677448107] [wall_distance_node]: DWALL | phase=UNKNOWN track=154 valid=False d_wall=+nan heading_rel=+nan rms=0.0133 n=159 age=31.28 prov=NONE coast=12.75m/0.89rad dpsi=+0.0000
[taskset-1] [INFO] [1791036055.678276345] [wall_distance_node]: DWALL | phase=UNKNOWN track=154 valid=False d_wall=+nan heading_rel=+nan rms=0.0133 n=159 age=32.28 prov=NONE coast=13.20m/0.89rad dpsi=+0.0000
[taskset-1] [WARN] [1791036056.365776815] [wall_distance_node]: COAST/cap | track 133 coasted 477.52 m / 26.95 rad past the cap (0.50 m / 0.35 rad): d_wall is no longer trusted. The caps are set by the measured odometry bias (distance 17-20% short, gyro yaw gain 0.93-1.09), not by caution -- raise them only after that calibration lands.
[taskset-1] [INFO] [1791036056.764088610] [wall_distance_node]: DWALL | phase=UNKNOWN track=133 valid=False d_wall=+nan heading_rel=+nan rms=0.0049 n=258 age=42.97 prov=NONE coast=526.89m/34.93rad dpsi=+0.0000
[taskset-1] [INFO] [1791036057.768845692] [wall_distance_node]: DWALL | phase=UNKNOWN track=133 valid=False d_wall=+nan heading_rel=+nan rms=0.0049 n=258 age=43.97 prov=NONE coast=527.68m/34.99rad dpsi=+0.0000
[taskset-1] [INFO] [1791036058.861499192] [wall_distance_node]: DWALL | phase=UNKNOWN track=133 valid=False d_wall=+nan heading_rel=+nan rms=0.0049 n=258 age=45.07 prov=NONE coast=528.10m/35.00rad dpsi=+0.0000
[taskset-1] [INFO] [1791036059.959338869] [wall_distance_node]: DWALL | phase=UNKNOWN track=133 valid=False d_wall=+nan heading_rel=+nan rms=0.0049 n=258 age=46.17 prov=NONE coast=528.38m/35.00rad dpsi=+0.0000
[taskset-1] [INFO] [1791036060.960260566] [wall_distance_node]: DWALL | phase=UNKNOWN track=133 valid=False d_wall=+nan heading_rel=+nan rms=0.0049 n=258 age=47.17 prov=NONE coast=528.46m/35.00rad dpsi=+0.0000
[taskset-1] [INFO] [1791036061.969061508] [wall_distance_node]: DWALL | phase=UNKNOWN track=133 valid=False d_wall=+nan heading_rel=+nan rms=0.0049 n=258 age=48.17 prov=NONE coast=528.52m/35.00rad dpsi=+0.0000
[taskset-1] [INFO] [1791036063.071085317] [wall_distance_node]: DWALL | phase=UNKNOWN track=133 valid=False d_wall=+nan heading_rel=+nan rms=0.0049 n=258 age=49.27 prov=NONE coast=528.64m/35.07rad dpsi=+0.0000
[taskset-1] [INFO] [1791036064.164552046] [wall_distance_node]: DWALL | phase=UNKNOWN track=133 valid=False d_wall=+nan heading_rel=+nan rms=0.0049 n=258 age=50.37 prov=NONE coast=528.77m/35.22rad dpsi=+0.0000
[taskset-1] [INFO] [1791036065.263281817] [wall_distance_node]: DWALL | phase=UNKNOWN track=133 valid=False d_wall=+nan heading_rel=+nan rms=0.0049 n=258 age=51.47 prov=NONE coast=528.97m/35.35rad dpsi=+0.0000
[taskset-1] [INFO] [1791036066.263535618] [wall_distance_node]: DWALL | phase=UNKNOWN track=133 valid=False d_wall=+nan heading_rel=+nan rms=0.0049 n=258 age=52.47 prov=NONE coast=529.23m/35.43rad dpsi=+0.0000
[taskset-1] [INFO] [1791036067.273845352] [wall_distance_node]: DWALL | phase=UNKNOWN track=133 valid=False d_wall=+nan heading_rel=+nan rms=0.0049 n=258 age=53.47 prov=NONE coast=529.57m/35.60rad dpsi=+0.0000
[taskset-1] [INFO] [1791036068.360664774] [wall_distance_node]: DWALL | phase=UNKNOWN track=133 valid=False d_wall=+nan heading_rel=+nan rms=0.0049 n=258 age=54.57 prov=NONE coast=529.98m/35.75rad dpsi=+0.0000
[taskset-1] [INFO] [1791036069.360932673] [wall_distance_node]: DWALL | phase=UNKNOWN track=133 valid=False d_wall=+nan heading_rel=+nan rms=0.0049 n=258 age=55.57 prov=NONE coast=530.27m/35.86rad dpsi=+0.0000
[taskset-1] [INFO] [1791036070.360978319] [wall_distance_node]: DWALL | phase=UNKNOWN track=133 valid=False d_wall=+nan heading_rel=+nan rms=0.0049 n=258 age=56.57 prov=NONE coast=530.48m/35.96rad dpsi=+0.0000
[taskset-1] [WARN] [1791036070.961221564] [wall_distance_node]: COAST/cap | track 220 coasted 2.00 m / 0.94 rad past the cap (0.50 m / 0.35 rad): d_wall is no longer trusted. The caps are set by the measured odometry bias (distance 17-20% short, gyro yaw gain 0.93-1.09), not by caution -- raise them only after that calibration lands.
[taskset-1] [INFO] [1791036071.363035468] [wall_distance_node]: DWALL | phase=UNKNOWN track=220 valid=False d_wall=+nan heading_rel=+nan rms=0.0103 n=46 age=8.58 prov=NONE coast=2.11m/0.95rad dpsi=+0.0000
[taskset-1] [INFO] [1791036072.364163120] [wall_distance_node]: DWALL | phase=UNKNOWN track=220 valid=False d_wall=+nan heading_rel=+nan rms=0.0103 n=46 age=9.58 prov=NONE coast=2.44m/0.98rad dpsi=+0.0000
[taskset-1] [INFO] [1791036073.367323076] [wall_distance_node]: DWALL | phase=UNKNOWN track=220 valid=False d_wall=+nan heading_rel=+nan rms=0.0103 n=46 age=10.58 prov=NONE coast=2.82m/1.00rad dpsi=+0.0000
[taskset-1] [INFO] [1791036074.367981637] [wall_distance_node]: DWALL | phase=UNKNOWN track=220 valid=False d_wall=+nan heading_rel=+nan rms=0.0103 n=46 age=11.58 prov=NONE coast=3.21m/1.03rad dpsi=+0.0000
[taskset-1] [INFO] [1791036075.373547294] [wall_distance_node]: DWALL | phase=UNKNOWN track=220 valid=False d_wall=+nan heading_rel=+nan rms=0.0103 n=46 age=12.58 prov=NONE coast=3.64m/1.05rad dpsi=+0.0000
[taskset-1] [WARN] [1791036075.660255454] [wall_distance_node]: COAST/cap | track 142 coasted 272.97 m / 20.21 rad past the cap (0.50 m / 0.35 rad): d_wall is no longer trusted. The caps are set by the measured odometry bias (distance 17-20% short, gyro yaw gain 0.93-1.09), not by caution -- raise them only after that calibration lands.
[taskset-1] [INFO] [1791036076.467864426] [wall_distance_node]: DWALL | phase=UNKNOWN track=142 valid=False d_wall=+nan heading_rel=+nan rms=0.0187 n=88 age=58.98 prov=NONE coast=273.32m/20.21rad dpsi=+0.0000
[taskset-1] [INFO] [1791036077.559846898] [wall_distance_node]: DWALL | phase=UNKNOWN track=142 valid=False d_wall=+nan heading_rel=+nan rms=0.0187 n=88 age=60.08 prov=NONE coast=273.80m/20.21rad dpsi=+0.0000
[taskset-1] [INFO] [1791036078.568966591] [wall_distance_node]: DWALL | phase=UNKNOWN track=142 valid=False d_wall=+nan heading_rel=+nan rms=0.0187 n=88 age=61.08 prov=NONE coast=274.23m/20.22rad dpsi=+0.0000
[taskset-1] [INFO] [1791036079.569553855] [wall_distance_node]: DWALL | phase=UNKNOWN track=142 valid=False d_wall=+nan heading_rel=+nan rms=0.0187 n=88 age=62.08 prov=NONE coast=274.67m/20.23rad dpsi=+0.0000
[taskset-1] [WARN] [1791036080.366081075] [wall_distance_node]: COAST/cap | track 223 coasted 5.34 m / 0.75 rad past the cap (0.50 m / 0.35 rad): d_wall is no longer trusted. The caps are set by the measured odometry bias (distance 17-20% short, gyro yaw gain 0.93-1.09), not by caution -- raise them only after that calibration lands.
[taskset-1] [INFO] [1791036080.657146806] [wall_distance_node]: DWALL | phase=UNKNOWN track=223 valid=False d_wall=+nan heading_rel=+nan rms=0.0133 n=159 age=14.78 prov=NONE coast=5.46m/0.75rad dpsi=+0.0000
[taskset-1] [INFO] [1791036081.755839525] [wall_distance_node]: DWALL | phase=UNKNOWN track=223 valid=False d_wall=+nan heading_rel=+nan rms=0.0133 n=159 age=15.88 prov=NONE coast=5.94m/0.78rad dpsi=+0.0000
[taskset-1] [INFO] [1791036082.766124658] [wall_distance_node]: DWALL | phase=UNKNOWN track=223 valid=False d_wall=+nan heading_rel=+nan rms=0.0133 n=159 age=16.88 prov=NONE coast=6.39m/0.79rad dpsi=+0.0000
[taskset-1] [INFO] [1791036083.767428586] [wall_distance_node]: DWALL | phase=UNKNOWN track=223 valid=False d_wall=+nan heading_rel=+nan rms=0.0133 n=159 age=17.88 prov=NONE coast=6.82m/0.81rad dpsi=+0.0000
[taskset-1] [INFO] [1791036084.866136638] [wall_distance_node]: DWALL | phase=UNKNOWN track=223 valid=False d_wall=+nan heading_rel=+nan rms=0.0133 n=159 age=18.98 prov=NONE coast=7.31m/0.82rad dpsi=+0.0000
[taskset-1] [INFO] [1791036085.961772436] [wall_distance_node]: DWALL | phase=UNKNOWN track=223 valid=False d_wall=+nan heading_rel=+nan rms=0.0133 n=159 age=20.08 prov=NONE coast=7.80m/0.83rad dpsi=+0.0000
[taskset-1] [INFO] [1791036087.064771641] [wall_distance_node]: DWALL | phase=UNKNOWN track=223 valid=False d_wall=+nan heading_rel=+nan rms=0.0133 n=159 age=21.18 prov=NONE coast=8.28m/0.83rad dpsi=+0.0000
[taskset-1] [INFO] [1791036088.163352219] [wall_distance_node]: DWALL | phase=UNKNOWN track=223 valid=False d_wall=+nan heading_rel=+nan rms=0.0133 n=159 age=22.28 prov=NONE coast=8.76m/0.83rad dpsi=+0.0000
[taskset-1] [INFO] [1791036089.265342093] [wall_distance_node]: DWALL | phase=UNKNOWN track=223 valid=False d_wall=+nan heading_rel=+nan rms=0.0133 n=159 age=23.38 prov=NONE coast=9.26m/0.84rad dpsi=+0.0000
[taskset-1] [INFO] [1791036090.276120977] [wall_distance_node]: DWALL | phase=UNKNOWN track=223 valid=False d_wall=+nan heading_rel=+nan rms=0.0133 n=159 age=24.38 prov=NONE coast=9.70m/0.84rad dpsi=+0.0000
[taskset-1] [INFO] [1791036091.283052576] [wall_distance_node]: DWALL | phase=UNKNOWN track=223 valid=False d_wall=+nan heading_rel=+nan rms=0.0133 n=159 age=25.38 prov=NONE coast=10.14m/0.85rad dpsi=+0.0000
[taskset-1] [WARN] [1791036092.184410887] [wall_distance_node]: COAST/cap | track 267 coasted 0.53 m / 0.00 rad past the cap (0.50 m / 0.35 rad): d_wall is no longer trusted. The caps are set by the measured odometry bias (distance 17-20% short, gyro yaw gain 0.93-1.09), not by caution -- raise them only after that calibration lands.
[taskset-1] [INFO] [1791036092.284467475] [wall_distance_node]: DWALL | phase=UNKNOWN track=267 valid=False d_wall=+nan heading_rel=+nan rms=0.0053 n=89 age=1.27 prov=NONE coast=0.58m/0.00rad dpsi=+0.0000
[taskset-1] [INFO] [1791036093.373842930] [wall_distance_node]: DWALL | phase=UNKNOWN track=267 valid=False d_wall=+nan heading_rel=+nan rms=0.0053 n=89 age=2.37 prov=NONE coast=1.06m/0.01rad dpsi=+0.0000
[taskset-1] [INFO] [1791036094.374639965] [wall_distance_node]: DWALL | phase=UNKNOWN track=223 valid=False d_wall=+nan heading_rel=+nan rms=0.0133 n=159 age=28.48 prov=NONE coast=11.51m/0.86rad dpsi=+0.0000
[taskset-1] [INFO] [1791036095.484482032] [wall_distance_node]: DWALL | phase=UNKNOWN track=223 valid=False d_wall=+nan heading_rel=+nan rms=0.0133 n=159 age=29.58 prov=NONE coast=12.00m/0.86rad dpsi=+0.0000
[taskset-1] [INFO] [1791036096.485548781] [wall_distance_node]: DWALL | phase=UNKNOWN track=223 valid=False d_wall=+nan heading_rel=+nan rms=0.0133 n=159 age=30.58 prov=NONE coast=12.44m/0.87rad dpsi=+0.0000
[taskset-1] [INFO] [1791036097.568137337] [wall_distance_node]: DWALL | phase=UNKNOWN track=223 valid=False d_wall=+nan heading_rel=+nan rms=0.0133 n=159 age=31.68 prov=NONE coast=12.93m/0.88rad dpsi=+0.0000
[taskset-1] [INFO] [1791036098.581728280] [wall_distance_node]: DWALL | phase=UNKNOWN track=223 valid=False d_wall=+nan heading_rel=+nan rms=0.0133 n=159 age=32.68 prov=NONE coast=13.37m/0.89rad dpsi=+0.0000
[taskset-1] [WARN] [1791036098.865953942] [wall_distance_node]: COAST/cap | track 256 coasted 211.50 m / 9.24 rad past the cap (0.50 m / 0.35 rad): d_wall is no longer trusted. The caps are set by the measured odometry bias (distance 17-20% short, gyro yaw gain 0.93-1.09), not by caution -- raise them only after that calibration lands.
[taskset-1] [WARN] [1791036099.264239188] [wall_distance_node]: COAST/cap | track 169 coasted 540.85 m / 36.69 rad past the cap (0.50 m / 0.35 rad): d_wall is no longer trusted. The caps are set by the measured odometry bias (distance 17-20% short, gyro yaw gain 0.93-1.09), not by caution -- raise them only after that calibration lands.
[taskset-1] [INFO] [1791036099.662275034] [wall_distance_node]: DWALL | phase=UNKNOWN track=169 valid=False d_wall=+nan heading_rel=+nan rms=0.0162 n=28 age=68.68 prov=NONE coast=541.01m/36.73rad dpsi=+0.0000
[taskset-1] [INFO] [1791036100.764820821] [wall_distance_node]: DWALL | phase=UNKNOWN track=169 valid=False d_wall=+nan heading_rel=+nan rms=0.0162 n=28 age=69.78 prov=NONE coast=541.69m/36.76rad dpsi=+0.0000
[taskset-1] [INFO] [1791036101.862614326] [wall_distance_node]: DWALL | phase=UNKNOWN track=169 valid=False d_wall=+nan heading_rel=+nan rms=0.0162 n=28 age=70.88 prov=NONE coast=542.03m/36.76rad dpsi=+0.0000
[taskset-1] [INFO] [1791036102.864223987] [wall_distance_node]: DWALL | phase=UNKNOWN track=169 valid=False d_wall=+nan heading_rel=+nan rms=0.0162 n=28 age=71.88 prov=NONE coast=542.21m/36.76rad dpsi=+0.0000
[taskset-1] [INFO] [1791036103.865476389] [wall_distance_node]: DWALL | phase=UNKNOWN track=169 valid=False d_wall=+nan heading_rel=+nan rms=0.0162 n=28 age=72.88 prov=NONE coast=542.29m/36.76rad dpsi=+0.0000
[taskset-1] [INFO] [1791036104.868277840] [wall_distance_node]: DWALL | phase=UNKNOWN track=169 valid=False d_wall=+nan heading_rel=+nan rms=0.0162 n=28 age=73.88 prov=NONE coast=542.37m/36.76rad dpsi=+0.0000
[taskset-1] [INFO] [1791036105.976564540] [wall_distance_node]: DWALL | phase=UNKNOWN track=169 valid=False d_wall=+nan heading_rel=+nan rms=0.0162 n=28 age=74.98 prov=NONE coast=542.48m/36.88rad dpsi=+0.0000
[taskset-1] [INFO] [1791036107.062894782] [wall_distance_node]: DWALL | phase=UNKNOWN track=169 valid=False d_wall=+nan heading_rel=+nan rms=0.0162 n=28 age=76.08 prov=NONE coast=542.61m/37.01rad dpsi=+0.0000
[taskset-1] [INFO] [1791036108.071049756] [wall_distance_node]: DWALL | phase=UNKNOWN track=169 valid=False d_wall=+nan heading_rel=+nan rms=0.0162 n=28 age=77.08 prov=NONE coast=542.83m/37.12rad dpsi=+0.0000
[taskset-1] [WARN] [1791036108.368048436] [wall_distance_node]: COAST/cap | track 171 coasted 541.59 m / 37.08 rad past the cap (0.50 m / 0.35 rad): d_wall is no longer trusted. The caps are set by the measured odometry bias (distance 17-20% short, gyro yaw gain 0.93-1.09), not by caution -- raise them only after that calibration lands.
[taskset-1] [INFO] [1791036109.160504298] [wall_distance_node]: DWALL | phase=UNKNOWN track=171 valid=False d_wall=+nan heading_rel=+nan rms=0.0095 n=156 age=75.06 prov=NONE coast=541.83m/37.21rad dpsi=+0.0000
[taskset-1] [INFO] [1791036110.163543944] [wall_distance_node]: DWALL | phase=UNKNOWN track=171 valid=False d_wall=+nan heading_rel=+nan rms=0.0095 n=156 age=76.06 prov=NONE coast=542.20m/37.35rad dpsi=+0.0000
[taskset-1] [INFO] [1791036111.262335807] [wall_distance_node]: DWALL | phase=UNKNOWN track=171 valid=False d_wall=+nan heading_rel=+nan rms=0.0095 n=156 age=77.16 prov=NONE coast=542.58m/37.50rad dpsi=+0.0000
[taskset-1] [INFO] [1791036112.263341394] [wall_distance_node]: DWALL | phase=UNKNOWN track=171 valid=False d_wall=+nan heading_rel=+nan rms=0.0095 n=156 age=78.16 prov=NONE coast=542.83m/37.59rad dpsi=+0.0000
[taskset-1] [INFO] [1791036113.264860271] [wall_distance_node]: DWALL | phase=UNKNOWN track=171 valid=False d_wall=+nan heading_rel=+nan rms=0.0095 n=156 age=79.16 prov=NONE coast=543.04m/37.68rad dpsi=+0.0000
[taskset-1] [INFO] [1791036114.364591778] [wall_distance_node]: DWALL | phase=UNKNOWN track=171 valid=False d_wall=+nan heading_rel=+nan rms=0.0095 n=156 age=80.26 prov=NONE coast=543.35m/37.71rad dpsi=+0.0000
[taskset-1] [INFO] [1791036115.364809291] [wall_distance_node]: DWALL | phase=UNKNOWN track=171 valid=False d_wall=+nan heading_rel=+nan rms=0.0095 n=156 age=81.26 prov=NONE coast=543.72m/37.73rad dpsi=+0.0000
[taskset-1] [INFO] [1791036116.366535982] [wall_distance_node]: DWALL | phase=UNKNOWN track=171 valid=False d_wall=+nan heading_rel=+nan rms=0.0095 n=156 age=82.26 prov=NONE coast=544.10m/37.75rad dpsi=+0.0000
[taskset-1] [INFO] [1791036117.376809508] [wall_distance_node]: DWALL | phase=UNKNOWN track=171 valid=False d_wall=+nan heading_rel=+nan rms=0.0095 n=156 age=83.26 prov=NONE coast=544.52m/37.78rad dpsi=+0.0000
[taskset-1] [INFO] [1791036118.468015528] [wall_distance_node]: DWALL | phase=UNKNOWN track=171 valid=False d_wall=+nan heading_rel=+nan rms=0.0095 n=156 age=84.36 prov=NONE coast=545.00m/37.80rad dpsi=+0.0000
[taskset-1] [INFO] [1791036119.565704792] [wall_distance_node]: DWALL | phase=UNKNOWN track=171 valid=False d_wall=+nan heading_rel=+nan rms=0.0095 n=156 age=85.46 prov=NONE coast=545.47m/37.80rad dpsi=+0.0000
[taskset-1] [INFO] [1791036120.664690925] [wall_distance_node]: DWALL | phase=UNKNOWN track=171 valid=False d_wall=+nan heading_rel=+nan rms=0.0095 n=156 age=86.56 prov=NONE coast=545.95m/37.80rad dpsi=+0.0000
[taskset-1] [INFO] [1791036121.666996861] [wall_distance_node]: DWALL | phase=UNKNOWN track=171 valid=False d_wall=+nan heading_rel=+nan rms=0.0095 n=156 age=87.56 prov=NONE coast=546.39m/37.82rad dpsi=+0.0000
[taskset-1] [INFO] [1791036122.763056522] [wall_distance_node]: DWALL | phase=UNKNOWN track=171 valid=False d_wall=+nan heading_rel=+nan rms=0.0095 n=156 age=88.66 prov=NONE coast=546.88m/37.83rad dpsi=+0.0000
[taskset-1] [INFO] [1791036123.860914072] [wall_distance_node]: DWALL | phase=UNKNOWN track=171 valid=False d_wall=+nan heading_rel=+nan rms=0.0095 n=156 age=89.76 prov=NONE coast=547.36m/37.86rad dpsi=+0.0000
[taskset-1] [INFO] [1791036124.863929051] [wall_distance_node]: DWALL | phase=UNKNOWN track=171 valid=False d_wall=+nan heading_rel=+nan rms=0.0095 n=156 age=90.76 prov=NONE coast=547.80m/37.87rad dpsi=+0.0000
[taskset-1] [INFO] [1791036125.864276676] [wall_distance_node]: DWALL | phase=UNKNOWN track=171 valid=False d_wall=+nan heading_rel=+nan rms=0.0095 n=156 age=91.76 prov=NONE coast=548.24m/37.88rad dpsi=+0.0000
[taskset-1] [INFO] [1791036126.864952103] [wall_distance_node]: DWALL | phase=UNKNOWN track=267 valid=False d_wall=+nan heading_rel=+nan rms=0.0053 n=89 age=35.87 prov=NONE coast=273.37m/18.68rad dpsi=+0.0000
[taskset-1] [INFO] [1791036127.939393821] [wall_distance_node]: DWALL | phase=UNKNOWN track=267 valid=False d_wall=+nan heading_rel=+nan rms=0.0053 n=89 age=36.97 prov=NONE coast=273.85m/18.70rad dpsi=+0.0000
[WARNING] [launch]: user interrupted with ctrl-c (SIGINT)
[INFO] [taskset-1]: sending signal 'SIGINT' to process[taskset-1]
[taskset-1] Traceback (most recent call last):
[taskset-1]   File "/home/andre/dev_ws/f1tenth_more/install/f1tenth_perception/lib/f1tenth_perception/wall_distance_node", line 33, in <module>
[taskset-1]     sys.exit(load_entry_point('f1tenth-perception', 'console_scripts', 'wall_distance_node')())
[taskset-1]              ^^^^^^^^^^^^^^^^^^^^^^^^^^^^^^^^^^^^^^^^^^^^^^^^^^^^^^^^^^^^^^^^^^^^^^^^^^^^^^^^^
[taskset-1]   File "/home/andre/dev_ws/f1tenth_more/build/f1tenth_perception/f1tenth_perception/wall_distance_node.py", line 559, in main
[taskset-1]     node.destroy_node()
[taskset-1]   File "/opt/ros/jazzy/lib/python3.12/site-packages/rclpy/node.py", line 1956, in destroy_node
[taskset-1]     self.destroy_publisher(self._publishers[0])
[taskset-1]   File "/opt/ros/jazzy/lib/python3.12/site-packages/rclpy/node.py", line 1836, in destroy_publisher
[taskset-1]     publisher.destroy()
[taskset-1]   File "/opt/ros/jazzy/lib/python3.12/site-packages/rclpy/publisher.py", line 105, in destroy
[taskset-1]     self.__publisher.destroy_when_not_in_use()
[taskset-1] KeyboardInterrupt
[ERROR] [taskset-1]: process has died [pid 436473, exit code -2, cmd 'taskset -c 5 /home/andre/dev_ws/f1tenth_more/install/f1tenth_perception/lib/f1tenth_perception/wall_distance_node --ros-args -r __node:=wall_distance_node --params-file /tmp/launch_params_p8ihsgma'].
