[INFO] [launch]: All log files can be found below /home/andre/dev_ws/f1tenth_more/output/fix_batch_5/once_settle/late_sim/run_03/ros_log/2026-10-05-13-51-35-032155-thor-1095823
[INFO] [launch]: Default logging verbosity is set to INFO
[INFO] [fastdds_discovery_server-1]: process started with pid [1095889]
[INFO] [component_supervisor_node-2]: process started with pid [1095890]
[fastdds_discovery_server-1] [ensure_discovery_server] 127.0.0.1:11811 already has a live listener (an earlier session's server, deliberately still running by design -- see stack_params.yaml's own discovery_server_address/_port comment) -- reusing it, not starting a duplicate. This process will now idle harmlessly for the life of this launch.
[component_supervisor_node-2] [WARN] [1791201095.741136541] [component_supervisor_node]: [component_supervisor] FastDDS SHM sweep (startup): found 60 fastrtps file(s) (22 still in use, 38 orphaned) -- removed 14/38 orphaned file(s). Sample removed: ['/dev/shm/fastrtps_c847d9113cb27a28', '/dev/shm/fastrtps_c847d9113cb27a28_el', '/dev/shm/fastrtps_port28673', '/dev/shm/fastrtps_port28677', '/dev/shm/fastrtps_port28679'].
[component_supervisor_node-2] [WARN] [1791201095.741645929] [component_supervisor_node]: [component_supervisor] FastDDS SHM sweep (startup): failed to remove 24 file(s): [('/dev/shm/fastrtps_7407d0862be81302', "[Errno 1] Operation not permitted: '/dev/shm/fastrtps_7407d0862be81302'"), ('/dev/shm/fastrtps_7407d0862be81302_el', "[Errno 1] Operation not permitted: '/dev/shm/fastrtps_7407d0862be81302_el'"), ('/dev/shm/fastrtps_9cd56be4590cf61f', "[Errno 1] Operation not permitted: '/dev/shm/fastrtps_9cd56be4590cf61f'"), ('/dev/shm/fastrtps_9cd56be4590cf61f_el', "[Errno 1] Operation not permitted: '/dev/shm/fastrtps_9cd56be4590cf61f_el'"), ('/dev/shm/fastrtps_port31165', "[Errno 1] Operation not permitted: '/dev/shm/fastrtps_port31165'")].
[component_supervisor_node-2] [WARN] [1791201095.751905380] [component_supervisor_node]: [component_supervisor] SIM MODE: hardware drivers not started (['camera.launch.py', 'lidar.launch.py', 'vesc.launch.py']), every component on use_sim_time, /clock expected from the simulator.
[component_supervisor_node-2] [INFO] [1791201095.850754199] [component_supervisor_node]: [component_supervisor] Registry: ['behavior', 'calibrate_hardware', 'control', 'dev_tools', 'diagnostics', 'hardware', 'intelligence', 'lidar_front_wall', 'localization', 'navigation', 'obstacle_clearance', 'perception', 'slam', 'startup_sequence', 'swept_clearance', 'wall_distance']. Auto-starting: ['behavior', 'control', 'dev_tools', 'diagnostics', 'hardware', 'lidar_front_wall', 'localization', 'navigation', 'obstacle_clearance', 'perception', 'slam', 'swept_clearance', 'wall_distance']. Log dir: /home/andre/dev_ws/f1tenth_more/output/fix_batch_5/once_settle/late_sim/run_03/supervisor
[component_supervisor_node-2] [INFO] [1791201095.852534382] [component_supervisor_node]: [component_supervisor] Started 'navigation': ros2 launch f1tenth_bringup sim_component.launch.py component_package:=f1tenth_navigation component_launch_file:=navigation.launch.py (pid 1095920, log: /home/andre/dev_ws/f1tenth_more/output/fix_batch_5/once_settle/late_sim/run_03/supervisor/f1tenth_navigation_navigation.launch.py.log)
[component_supervisor_node-2] [INFO] [1791201095.853587557] [component_supervisor_node]: [component_supervisor] Started 'swept_clearance': ros2 launch f1tenth_bringup sim_component.launch.py component_package:=f1tenth_perception component_launch_file:=swept_clearance.launch.py (pid 1095921, log: /home/andre/dev_ws/f1tenth_more/output/fix_batch_5/once_settle/late_sim/run_03/supervisor/f1tenth_perception_swept_clearance.launch.py.log)
[component_supervisor_node-2] [INFO] [1791201095.855967637] [component_supervisor_node]: [component_supervisor] Started 'behavior': ros2 launch f1tenth_bringup sim_component.launch.py component_package:=f1tenth_behavior component_launch_file:=behavior_bringup.launch.py (pid 1095922, log: /home/andre/dev_ws/f1tenth_more/output/fix_batch_5/once_settle/late_sim/run_03/supervisor/f1tenth_behavior_behavior_bringup.launch.py.log)
[component_supervisor_node-2] [INFO] [1791201095.856936673] [component_supervisor_node]: [component_supervisor] Started 'wall_distance': ros2 launch f1tenth_bringup sim_component.launch.py component_package:=f1tenth_perception component_launch_file:=wall_distance.launch.py (pid 1095923, log: /home/andre/dev_ws/f1tenth_more/output/fix_batch_5/once_settle/late_sim/run_03/supervisor/f1tenth_perception_wall_distance.launch.py.log)
[component_supervisor_node-2] [INFO] [1791201095.857862126] [component_supervisor_node]: [component_supervisor] Started 'obstacle_clearance': ros2 launch f1tenth_bringup sim_component.launch.py component_package:=f1tenth_perception component_launch_file:=obstacle_clearance.launch.py (pid 1095924, log: /home/andre/dev_ws/f1tenth_more/output/fix_batch_5/once_settle/late_sim/run_03/supervisor/f1tenth_perception_obstacle_clearance.launch.py.log)
[component_supervisor_node-2] [INFO] [1791201095.859081745] [component_supervisor_node]: [component_supervisor] Started 'slam': ros2 launch f1tenth_bringup sim_component.launch.py component_package:=f1tenth_navigation component_launch_file:=slam.launch.py (pid 1095925, log: /home/andre/dev_ws/f1tenth_more/output/fix_batch_5/once_settle/late_sim/run_03/supervisor/f1tenth_navigation_slam.launch.py.log)
[component_supervisor_node-2] [INFO] [1791201095.859853068] [component_supervisor_node]: [component_supervisor] Started 'slam': ros2 launch f1tenth_bringup sim_component.launch.py component_package:=f1tenth_costmap component_launch_file:=costmap.launch.py (pid 1095926, log: /home/andre/dev_ws/f1tenth_more/output/fix_batch_5/once_settle/late_sim/run_03/supervisor/f1tenth_costmap_costmap.launch.py.log)
[component_supervisor_node-2] [INFO] [1791201095.861026724] [component_supervisor_node]: [component_supervisor] Started 'diagnostics': ros2 launch f1tenth_bringup sim_component.launch.py component_package:=f1tenth_diagnostics component_launch_file:=system_observer.launch.py (pid 1095927, log: /home/andre/dev_ws/f1tenth_more/output/fix_batch_5/once_settle/late_sim/run_03/supervisor/f1tenth_diagnostics_system_observer.launch.py.log)
[component_supervisor_node-2] [INFO] [1791201095.861781946] [component_supervisor_node]: [component_supervisor] Started 'diagnostics': ros2 launch f1tenth_bringup sim_component.launch.py component_package:=f1tenth_diagnostics component_launch_file:=diagnostics_server.launch.py (pid 1095928, log: /home/andre/dev_ws/f1tenth_more/output/fix_batch_5/once_settle/late_sim/run_03/supervisor/f1tenth_diagnostics_diagnostics_server.launch.py.log)
[component_supervisor_node-2] [INFO] [1791201095.862592250] [component_supervisor_node]: [component_supervisor] Started 'diagnostics': ros2 launch f1tenth_bringup sim_component.launch.py component_package:=f1tenth_logger component_launch_file:=mission_logger.launch.py mission_logger_runs_dir:=/home/andre/dev_ws/f1tenth_more/output/fix_batch_5/once_settle/late_sim/run_03/runs (pid 1095929, log: /home/andre/dev_ws/f1tenth_more/output/fix_batch_5/once_settle/late_sim/run_03/supervisor/f1tenth_logger_mission_logger.launch.py.log)
[component_supervisor_node-2] [INFO] [1791201095.863600082] [component_supervisor_node]: [component_supervisor] Started 'lidar_front_wall': ros2 launch f1tenth_bringup sim_component.launch.py component_package:=f1tenth_perception component_launch_file:=lidar_front_wall.launch.py (pid 1095930, log: /home/andre/dev_ws/f1tenth_more/output/fix_batch_5/once_settle/late_sim/run_03/supervisor/f1tenth_perception_lidar_front_wall.launch.py.log)
[component_supervisor_node-2] [INFO] [1791201095.864466646] [component_supervisor_node]: [component_supervisor] Started 'dev_tools': ros2 launch f1tenth_bringup sim_component.launch.py component_package:=f1tenth_bringup component_launch_file:=foxglove_bridge.launch.py (pid 1095931, log: /home/andre/dev_ws/f1tenth_more/output/fix_batch_5/once_settle/late_sim/run_03/supervisor/f1tenth_bringup_foxglove_bridge.launch.py.log)
[component_supervisor_node-2] [INFO] [1791201095.871122444] [component_supervisor_node]: [component_supervisor] Started 'hardware': ros2 launch f1tenth_bringup sim_component.launch.py component_package:=f1tenth_bringup component_launch_file:=sim_hardware_tf.launch.py (pid 1095932, log: /home/andre/dev_ws/f1tenth_more/output/fix_batch_5/once_settle/late_sim/run_03/supervisor/f1tenth_bringup_sim_hardware_tf.launch.py.log)
[component_supervisor_node-2] [INFO] [1791201095.873343089] [component_supervisor_node]: [component_supervisor] Started 'localization': ros2 launch f1tenth_bringup sim_component.launch.py component_package:=f1tenth_localization component_launch_file:=localization.launch.py (pid 1095933, log: /home/andre/dev_ws/f1tenth_more/output/fix_batch_5/once_settle/late_sim/run_03/supervisor/f1tenth_localization_localization.launch.py.log)
[component_supervisor_node-2] [INFO] [1791201095.875120327] [component_supervisor_node]: [component_supervisor] Started 'control': ros2 launch f1tenth_bringup sim_component.launch.py component_package:=f1tenth_control component_launch_file:=ackermann_mux.launch.py (pid 1095934, log: /home/andre/dev_ws/f1tenth_more/output/fix_batch_5/once_settle/late_sim/run_03/supervisor/f1tenth_control_ackermann_mux.launch.py.log)
[component_supervisor_node-2] [INFO] [1791201096.155155899] [component_supervisor_node]: [health] topic-liveness watchdog enforce: watching ['behavior', 'control', 'diagnostics', 'hardware', 'lidar_front_wall', 'localization', 'navigation', 'obstacle_clearance', 'perception', 'slam', 'swept_clearance', 'wall_distance'] on 18 topics, sim pause gate on /clock
[component_supervisor_node-2] [WARN] [1791201096.660313679] [component_supervisor_node]: [health] sim clock paused: liveness checks suspended
[component_supervisor_node-2] [WARN] [1791201129.656510423] [component_supervisor_node]: [health] sim clock running again: checks resume after 5 s
[WARNING] [launch]: user interrupted with ctrl-c (SIGINT)
[INFO] [component_supervisor_node-2]: sending signal 'SIGINT' to process[component_supervisor_node-2]
[INFO] [fastdds_discovery_server-1]: sending signal 'SIGINT' to process[fastdds_discovery_server-1]
[component_supervisor_node-2] [INFO] [1791201172.155927490] [component_supervisor_node]: [component_supervisor] Received signal 2 -- shutting down all tracked components.
[component_supervisor_node-2] [INFO] [1791201172.156763351] [component_supervisor_node]: [component_supervisor] Shutting down -- stopping all components.
[fastdds_discovery_server-1] Traceback (most recent call last):
[fastdds_discovery_server-1]   File "/home/andre/dev_ws/f1tenth_more/install/f1tenth_bringup/share/f1tenth_bringup/scripts/ensure_discovery_server.py", line 124, in <module>
[fastdds_discovery_server-1]     main()
[fastdds_discovery_server-1]   File "/home/andre/dev_ws/f1tenth_more/install/f1tenth_bringup/share/f1tenth_bringup/scripts/ensure_discovery_server.py", line 89, in main
[fastdds_discovery_server-1]     signal_wait.wait()
[fastdds_discovery_server-1]   File "/usr/lib/python3.12/subprocess.py", line 1264, in wait
[fastdds_discovery_server-1]     return self._wait(timeout=timeout)
[fastdds_discovery_server-1]            ^^^^^^^^^^^^^^^^^^^^^^^^^^^
[fastdds_discovery_server-1]   File "/usr/lib/python3.12/subprocess.py", line 2053, in _wait
[fastdds_discovery_server-1]     (pid, sts) = self._try_wait(0)
[fastdds_discovery_server-1]                  ^^^^^^^^^^^^^^^^^
[fastdds_discovery_server-1]   File "/usr/lib/python3.12/subprocess.py", line 2011, in _try_wait
[fastdds_discovery_server-1]     (pid, sts) = os.waitpid(self.pid, wait_flags)
[fastdds_discovery_server-1]                  ^^^^^^^^^^^^^^^^^^^^^^^^^^^^^^^^
[fastdds_discovery_server-1] KeyboardInterrupt
[ERROR] [fastdds_discovery_server-1]: process has died [pid 1095889, exit code -2, cmd 'python3 /home/andre/dev_ws/f1tenth_more/install/f1tenth_bringup/share/f1tenth_bringup/scripts/ensure_discovery_server.py 127.0.0.1 11811'].
[component_supervisor_node-2] [INFO] [1791201172.965671365] [component_supervisor_node]: [component_supervisor] 'hardware' (sim_hardware_tf.launch.py): clean SIGINT exit in 0.3s
[component_supervisor_node-2] [INFO] [1791201172.966375077] [component_supervisor_node]: [component_supervisor] 'control' (ackermann_mux.launch.py): clean SIGINT exit in 0.4s
[component_supervisor_node-2] [INFO] [1791201172.966971382] [component_supervisor_node]: [component_supervisor] 'navigation' (navigation.launch.py): clean SIGINT exit in 0.5s
[component_supervisor_node-2] [INFO] [1791201172.967526993] [component_supervisor_node]: [component_supervisor] 'diagnostics' (system_observer.launch.py): clean SIGINT exit in 0.5s
[component_supervisor_node-2] [INFO] [1791201172.968068946] [component_supervisor_node]: [component_supervisor] 'diagnostics' (diagnostics_server.launch.py): clean SIGINT exit in 0.5s
[component_supervisor_node-2] [INFO] [1791201172.968607741] [component_supervisor_node]: [component_supervisor] 'diagnostics' (mission_logger.launch.py): clean SIGINT exit in 0.5s
[component_supervisor_node-2] [INFO] [1791201172.969146195] [component_supervisor_node]: [component_supervisor] 'localization' (localization.launch.py): clean SIGINT exit in 0.5s
[component_supervisor_node-2] [INFO] [1791201172.969686684] [component_supervisor_node]: [component_supervisor] 'behavior' (behavior_bringup.launch.py): clean SIGINT exit in 0.6s
[component_supervisor_node-2] [INFO] [1791201172.970222035] [component_supervisor_node]: [component_supervisor] 'slam' (slam.launch.py): clean SIGINT exit in 0.6s
[component_supervisor_node-2] [INFO] [1791201172.970766544] [component_supervisor_node]: [component_supervisor] 'slam' (costmap.launch.py): clean SIGINT exit in 0.6s
[component_supervisor_node-2] [INFO] [1791201172.971302849] [component_supervisor_node]: [component_supervisor] 'dev_tools' (foxglove_bridge.launch.py): clean SIGINT exit in 0.7s
[component_supervisor_node-2] [INFO] [1791201172.971840775] [component_supervisor_node]: [component_supervisor] 'swept_clearance' (swept_clearance.launch.py): clean SIGINT exit in 0.8s
[component_supervisor_node-2] [INFO] [1791201172.972376209] [component_supervisor_node]: [component_supervisor] 'wall_distance' (wall_distance.launch.py): clean SIGINT exit in 0.8s
[component_supervisor_node-2] [INFO] [1791201172.972911949] [component_supervisor_node]: [component_supervisor] 'obstacle_clearance' (obstacle_clearance.launch.py): clean SIGINT exit in 0.8s
[component_supervisor_node-2] [INFO] [1791201172.973448949] [component_supervisor_node]: [component_supervisor] 'lidar_front_wall' (lidar_front_wall.launch.py): clean SIGINT exit in 0.8s
[component_supervisor_node-2] [WARN] [1791201173.016512669] [component_supervisor_node]: [component_supervisor] FastDDS SHM sweep (shutdown): found 190 fastrtps file(s) (40 still in use, 150 orphaned) -- removed 126/150 orphaned file(s). Sample removed: ['/dev/shm/fastrtps_00792f6f33d4fbdb_el', '/dev/shm/fastrtps_149d0824d4783c8c_el', '/dev/shm/fastrtps_b6b3fee7913f2b12_el', '/dev/shm/fastrtps_f2ac4604843b71bc_el', '/dev/shm/fastrtps_port28667'].
[component_supervisor_node-2] [WARN] [1791201173.017363742] [component_supervisor_node]: [component_supervisor] FastDDS SHM sweep (shutdown): failed to remove 24 file(s): [('/dev/shm/fastrtps_7407d0862be81302', "[Errno 1] Operation not permitted: '/dev/shm/fastrtps_7407d0862be81302'"), ('/dev/shm/fastrtps_7407d0862be81302_el', "[Errno 1] Operation not permitted: '/dev/shm/fastrtps_7407d0862be81302_el'"), ('/dev/shm/fastrtps_9cd56be4590cf61f', "[Errno 1] Operation not permitted: '/dev/shm/fastrtps_9cd56be4590cf61f'"), ('/dev/shm/fastrtps_9cd56be4590cf61f_el', "[Errno 1] Operation not permitted: '/dev/shm/fastrtps_9cd56be4590cf61f_el'"), ('/dev/shm/fastrtps_port31165', "[Errno 1] Operation not permitted: '/dev/shm/fastrtps_port31165'")].
[INFO] [component_supervisor_node-2]: process has finished cleanly [pid 1095890]
