[INFO] [launch]: All log files can be found below /home/andre/dev_ws/f1tenth_more/output/fix_batch_5/watchdog_live/normal/ros_log/2026-10-04-06-47-53-812903-thor-860584
[INFO] [launch]: Default logging verbosity is set to INFO
[INFO] [fastdds_discovery_server-1]: process started with pid [860635]
[INFO] [component_supervisor_node-2]: process started with pid [860636]
[fastdds_discovery_server-1] [ensure_discovery_server] 127.0.0.1:11811 is free -- starting a fresh fastdds discovery server.
[fastdds_discovery_server-1] ### Server is running ###
[fastdds_discovery_server-1]   Participant Type:   SERVER
[fastdds_discovery_server-1]   Security:           NO
[fastdds_discovery_server-1]   Server ID:          0
[fastdds_discovery_server-1]   Server GUID prefix: 44.53.00.5f.45.50.52.4f.53.49.4d.41
[fastdds_discovery_server-1]   Server Addresses:   UDPv4:[127.0.0.1]:11811
[component_supervisor_node-2] [WARN] [1791089274.455280481] [component_supervisor_node]: [component_supervisor] FastDDS SHM sweep (startup): found 59 fastrtps file(s) (16 still in use, 43 orphaned) -- removed 19/43 orphaned file(s). Sample removed: ['/dev/shm/fastrtps_29ce0db64b79698d', '/dev/shm/fastrtps_3f75773f68edd74c', '/dev/shm/fastrtps_738ac0c234b2e4a3', '/dev/shm/fastrtps_738ac0c234b2e4a3_el', '/dev/shm/fastrtps_b07df0ce35e72d3d'].
[component_supervisor_node-2] [WARN] [1791089274.455785031] [component_supervisor_node]: [component_supervisor] FastDDS SHM sweep (startup): failed to remove 24 file(s): [('/dev/shm/fastrtps_7407d0862be81302', "[Errno 1] Operation not permitted: '/dev/shm/fastrtps_7407d0862be81302'"), ('/dev/shm/fastrtps_7407d0862be81302_el', "[Errno 1] Operation not permitted: '/dev/shm/fastrtps_7407d0862be81302_el'"), ('/dev/shm/fastrtps_9cd56be4590cf61f', "[Errno 1] Operation not permitted: '/dev/shm/fastrtps_9cd56be4590cf61f'"), ('/dev/shm/fastrtps_9cd56be4590cf61f_el', "[Errno 1] Operation not permitted: '/dev/shm/fastrtps_9cd56be4590cf61f_el'"), ('/dev/shm/fastrtps_port31165', "[Errno 1] Operation not permitted: '/dev/shm/fastrtps_port31165'")].
[component_supervisor_node-2] [INFO] [1791089274.563717441] [component_supervisor_node]: [component_supervisor] Registry: ['behavior', 'calibrate_hardware', 'control', 'dev_tools', 'diagnostics', 'hardware', 'intelligence', 'lidar_front_wall', 'localization', 'navigation', 'obstacle_clearance', 'perception', 'slam', 'startup_sequence', 'swept_clearance', 'wall_distance']. Auto-starting: ['behavior', 'control', 'dev_tools', 'diagnostics', 'hardware', 'lidar_front_wall', 'localization', 'navigation', 'obstacle_clearance', 'perception', 'slam', 'swept_clearance', 'wall_distance']. Log dir: /home/andre/dev_ws/f1tenth_more/output/fix_batch_5/watchdog_live/normal/supervisor
[component_supervisor_node-2] [INFO] [1791089274.565826499] [component_supervisor_node]: [component_supervisor] Started 'localization': ros2 launch f1tenth_localization localization.launch.py (pid 860676, log: /home/andre/dev_ws/f1tenth_more/output/fix_batch_5/watchdog_live/normal/supervisor/f1tenth_localization_localization.launch.py.log)
[component_supervisor_node-2] [INFO] [1791089274.566917931] [component_supervisor_node]: [component_supervisor] Started 'wall_distance': ros2 launch f1tenth_perception wall_distance.launch.py (pid 860677, log: /home/andre/dev_ws/f1tenth_more/output/fix_batch_5/watchdog_live/normal/supervisor/f1tenth_perception_wall_distance.launch.py.log)
[component_supervisor_node-2] [INFO] [1791089274.568172882] [component_supervisor_node]: [component_supervisor] Started 'behavior': ros2 launch f1tenth_behavior behavior_bringup.launch.py (pid 860678, log: /home/andre/dev_ws/f1tenth_more/output/fix_batch_5/watchdog_live/normal/supervisor/f1tenth_behavior_behavior_bringup.launch.py.log)
[component_supervisor_node-2] [INFO] [1791089274.569366573] [component_supervisor_node]: [component_supervisor] Started 'slam': ros2 launch f1tenth_navigation slam.launch.py (pid 860679, log: /home/andre/dev_ws/f1tenth_more/output/fix_batch_5/watchdog_live/normal/supervisor/f1tenth_navigation_slam.launch.py.log)
[component_supervisor_node-2] [INFO] [1791089274.570565560] [component_supervisor_node]: [component_supervisor] Started 'slam': ros2 launch f1tenth_costmap costmap.launch.py (pid 860680, log: /home/andre/dev_ws/f1tenth_more/output/fix_batch_5/watchdog_live/normal/supervisor/f1tenth_costmap_costmap.launch.py.log)
[component_supervisor_node-2] [INFO] [1791089274.571764299] [component_supervisor_node]: [component_supervisor] Started 'diagnostics': ros2 launch f1tenth_diagnostics system_observer.launch.py (pid 860681, log: /home/andre/dev_ws/f1tenth_more/output/fix_batch_5/watchdog_live/normal/supervisor/f1tenth_diagnostics_system_observer.launch.py.log)
[component_supervisor_node-2] [INFO] [1791089274.573012675] [component_supervisor_node]: [component_supervisor] Started 'diagnostics': ros2 launch f1tenth_diagnostics diagnostics_server.launch.py (pid 860682, log: /home/andre/dev_ws/f1tenth_more/output/fix_batch_5/watchdog_live/normal/supervisor/f1tenth_diagnostics_diagnostics_server.launch.py.log)
[component_supervisor_node-2] [INFO] [1791089274.574205673] [component_supervisor_node]: [component_supervisor] Started 'diagnostics': ros2 launch f1tenth_logger mission_logger.launch.py mission_logger_runs_dir:=/home/andre/dev_ws/f1tenth_more/output/fix_batch_5/watchdog_live/normal/runs (pid 860683, log: /home/andre/dev_ws/f1tenth_more/output/fix_batch_5/watchdog_live/normal/supervisor/f1tenth_logger_mission_logger.launch.py.log)
[component_supervisor_node-2] [INFO] [1791089274.575463512] [component_supervisor_node]: [component_supervisor] Started 'swept_clearance': ros2 launch f1tenth_perception swept_clearance.launch.py (pid 860684, log: /home/andre/dev_ws/f1tenth_more/output/fix_batch_5/watchdog_live/normal/supervisor/f1tenth_perception_swept_clearance.launch.py.log)
[component_supervisor_node-2] [INFO] [1791089274.576881650] [component_supervisor_node]: [component_supervisor] Started 'dev_tools': ros2 launch f1tenth_bringup foxglove_bridge.launch.py (pid 860685, log: /home/andre/dev_ws/f1tenth_more/output/fix_batch_5/watchdog_live/normal/supervisor/f1tenth_bringup_foxglove_bridge.launch.py.log)
[component_supervisor_node-2] [INFO] [1791089274.578008637] [component_supervisor_node]: [component_supervisor] Started 'lidar_front_wall': ros2 launch f1tenth_perception lidar_front_wall.launch.py (pid 860686, log: /home/andre/dev_ws/f1tenth_more/output/fix_batch_5/watchdog_live/normal/supervisor/f1tenth_perception_lidar_front_wall.launch.py.log)
[component_supervisor_node-2] [INFO] [1791089274.579125541] [component_supervisor_node]: [component_supervisor] Started 'control': ros2 launch f1tenth_control ackermann_mux.launch.py (pid 860687, log: /home/andre/dev_ws/f1tenth_more/output/fix_batch_5/watchdog_live/normal/supervisor/f1tenth_control_ackermann_mux.launch.py.log)
[component_supervisor_node-2] [INFO] [1791089274.580447900] [component_supervisor_node]: [component_supervisor] Started 'navigation': ros2 launch f1tenth_navigation navigation.launch.py (pid 860688, log: /home/andre/dev_ws/f1tenth_more/output/fix_batch_5/watchdog_live/normal/supervisor/f1tenth_navigation_navigation.launch.py.log)
[component_supervisor_node-2] [INFO] [1791089274.587123084] [component_supervisor_node]: [component_supervisor] Started 'obstacle_clearance': ros2 launch f1tenth_perception obstacle_clearance.launch.py (pid 860689, log: /home/andre/dev_ws/f1tenth_more/output/fix_batch_5/watchdog_live/normal/supervisor/f1tenth_perception_obstacle_clearance.launch.py.log)
[component_supervisor_node-2] [INFO] [1791089274.863164415] [component_supervisor_node]: [health] topic-liveness watchdog enforce: watching ['behavior', 'control', 'diagnostics', 'lidar_front_wall', 'localization', 'navigation', 'obstacle_clearance', 'slam', 'swept_clearance', 'wall_distance'] on 18 topics
[component_supervisor_node-2] [ERROR] [1791089907.363993212] [component_supervisor_node]: [health] 'swept_clearance' LIVENESS FAILURE: /perception/swept_clearance/lidar: no message for 4.0 s (max 0.5 s) while its input is fresh (/scan 0.0 s) -- restarting swept_clearance.launch.py (watchdog restart 1/3)
[component_supervisor_node-2] [ERROR] [1791089917.374299848] [component_supervisor_node]: [health] 'swept_clearance' (swept_clearance.launch.py) restarted by the liveness watchdog -- swept_clearance.launch.py: killed via SIGKILL after 10.0s timeout; new pid 865619
[component_supervisor_node-2] [INFO] [1791089947.864658652] [component_supervisor_node]: [component_supervisor] Shutting down -- stopping all components.
[component_supervisor_node-2] [INFO] [1791089952.899641763] [component_supervisor_node]: [component_supervisor] 'lidar_front_wall' (lidar_front_wall.launch.py): clean SIGINT exit in 0.3s
[component_supervisor_node-2] [INFO] [1791089952.900416291] [component_supervisor_node]: [component_supervisor] 'diagnostics' (system_observer.launch.py): clean SIGINT exit in 1.3s
[component_supervisor_node-2] [INFO] [1791089952.900980735] [component_supervisor_node]: [component_supervisor] 'behavior' (behavior_bringup.launch.py): clean SIGINT exit in 1.4s
[component_supervisor_node-2] [INFO] [1791089952.901517949] [component_supervisor_node]: [component_supervisor] 'diagnostics' (mission_logger.launch.py): clean SIGINT exit in 1.4s
[component_supervisor_node-2] [INFO] [1791089952.902068662] [component_supervisor_node]: [component_supervisor] 'control' (ackermann_mux.launch.py): clean SIGINT exit in 1.4s
[component_supervisor_node-2] [INFO] [1791089952.902632977] [component_supervisor_node]: [component_supervisor] 'localization' (localization.launch.py): clean SIGINT exit in 2.0s
[component_supervisor_node-2] [INFO] [1791089952.903173801] [component_supervisor_node]: [component_supervisor] 'navigation' (navigation.launch.py): clean SIGINT exit in 2.0s
[component_supervisor_node-2] [INFO] [1791089952.903707422] [component_supervisor_node]: [component_supervisor] 'slam' (slam.launch.py): clean SIGINT exit in 2.3s
[component_supervisor_node-2] [INFO] [1791089952.904248088] [component_supervisor_node]: [component_supervisor] 'wall_distance' (wall_distance.launch.py): clean SIGINT exit in 2.5s
[component_supervisor_node-2] [INFO] [1791089952.904779690] [component_supervisor_node]: [component_supervisor] 'slam' (costmap.launch.py): clean SIGINT exit in 2.5s
[component_supervisor_node-2] [INFO] [1791089952.905323173] [component_supervisor_node]: [component_supervisor] 'obstacle_clearance' (obstacle_clearance.launch.py): clean SIGINT exit in 2.6s
[component_supervisor_node-2] [INFO] [1791089952.905859136] [component_supervisor_node]: [component_supervisor] 'diagnostics' (diagnostics_server.launch.py): clean SIGINT exit in 3.0s
[component_supervisor_node-2] [INFO] [1791089952.906397858] [component_supervisor_node]: [component_supervisor] 'dev_tools' (foxglove_bridge.launch.py): clean SIGINT exit in 3.4s
[component_supervisor_node-2] [INFO] [1791089952.906954737] [component_supervisor_node]: [component_supervisor] 'swept_clearance' (swept_clearance.launch.py): killed via SIGKILL after 5.0s timeout
[component_supervisor_node-2] [WARN] [1791089952.954983799] [component_supervisor_node]: [component_supervisor] FastDDS SHM sweep (shutdown): found 160 fastrtps file(s) (24 still in use, 136 orphaned) -- removed 112/136 orphaned file(s). Sample removed: ['/dev/shm/fastrtps_924e40954785bba5_el', '/dev/shm/fastrtps_port28667', '/dev/shm/fastrtps_port28667_el', '/dev/shm/fastrtps_port28669', '/dev/shm/fastrtps_port28671'].
[component_supervisor_node-2] [WARN] [1791089952.955790105] [component_supervisor_node]: [component_supervisor] FastDDS SHM sweep (shutdown): failed to remove 24 file(s): [('/dev/shm/fastrtps_7407d0862be81302', "[Errno 1] Operation not permitted: '/dev/shm/fastrtps_7407d0862be81302'"), ('/dev/shm/fastrtps_7407d0862be81302_el', "[Errno 1] Operation not permitted: '/dev/shm/fastrtps_7407d0862be81302_el'"), ('/dev/shm/fastrtps_9cd56be4590cf61f', "[Errno 1] Operation not permitted: '/dev/shm/fastrtps_9cd56be4590cf61f'"), ('/dev/shm/fastrtps_9cd56be4590cf61f_el', "[Errno 1] Operation not permitted: '/dev/shm/fastrtps_9cd56be4590cf61f_el'"), ('/dev/shm/fastrtps_port31165', "[Errno 1] Operation not permitted: '/dev/shm/fastrtps_port31165'")].
[component_supervisor_node-2] Traceback (most recent call last):
[component_supervisor_node-2]   File "/home/andre/dev_ws/f1tenth_more/install/f1tenth_bringup/lib/f1tenth_bringup/component_supervisor_node", line 33, in <module>
[component_supervisor_node-2]     sys.exit(load_entry_point('f1tenth-bringup', 'console_scripts', 'component_supervisor_node')())
[component_supervisor_node-2]              ^^^^^^^^^^^^^^^^^^^^^^^^^^^^^^^^^^^^^^^^^^^^^^^^^^^^^^^^^^^^^^^^^^^^^^^^^^^^^^^^^^^^^
[component_supervisor_node-2]   File "/home/andre/dev_ws/f1tenth_more/build/f1tenth_bringup/f1tenth_bringup/component_supervisor_node.py", line 1900, in main
[component_supervisor_node-2]     rclpy.spin(node)
[component_supervisor_node-2]   File "/opt/ros/jazzy/lib/python3.12/site-packages/rclpy/__init__.py", line 247, in spin
[component_supervisor_node-2]     executor.spin_once()
[component_supervisor_node-2]   File "/opt/ros/jazzy/lib/python3.12/site-packages/rclpy/executors.py", line 926, in spin_once
[component_supervisor_node-2]     self._spin_once_impl(timeout_sec)
[component_supervisor_node-2]   File "/opt/ros/jazzy/lib/python3.12/site-packages/rclpy/executors.py", line 918, in _spin_once_impl
[component_supervisor_node-2]     raise handler.exception()
[component_supervisor_node-2]   File "/opt/ros/jazzy/lib/python3.12/site-packages/rclpy/task.py", line 286, in _execute_coroutine_step
[component_supervisor_node-2]     result = coro.send(None)
[component_supervisor_node-2]              ^^^^^^^^^^^^^^^
[component_supervisor_node-2]   File "/opt/ros/jazzy/lib/python3.12/site-packages/rclpy/executors.py", line 592, in handler
[component_supervisor_node-2]     await call_coroutine()
[component_supervisor_node-2]   File "/opt/ros/jazzy/lib/python3.12/site-packages/rclpy/executors.py", line 454, in _execute
[component_supervisor_node-2]     await await_or_execute(tmr.callback)
[component_supervisor_node-2]   File "/opt/ros/jazzy/lib/python3.12/site-packages/rclpy/executors.py", line 115, in await_or_execute
[component_supervisor_node-2]     return callback(*args)
[component_supervisor_node-2]            ^^^^^^^^^^^^^^^
[component_supervisor_node-2]   File "/home/andre/dev_ws/f1tenth_more/build/f1tenth_bringup/f1tenth_bringup/component_supervisor_node.py", line 1594, in _on_health_tick
[component_supervisor_node-2]     log(f'[health] {text}')
[component_supervisor_node-2]   File "/opt/ros/jazzy/lib/python3.12/site-packages/rclpy/impl/rcutils_logger.py", line 343, in info
[component_supervisor_node-2]     return self.log(message, LoggingSeverity.INFO, **kwargs)
[component_supervisor_node-2]            ^^^^^^^^^^^^^^^^^^^^^^^^^^^^^^^^^^^^^^^^^^^^^^^^^
[component_supervisor_node-2]   File "/opt/ros/jazzy/lib/python3.12/site-packages/rclpy/impl/rcutils_logger.py", line 313, in log
[component_supervisor_node-2]     raise ValueError('Logger severity cannot be changed between calls.')
[component_supervisor_node-2] ValueError: Logger severity cannot be changed between calls.
[ERROR] [component_supervisor_node-2]: process has died [pid 860636, exit code 1, cmd '/home/andre/dev_ws/f1tenth_more/install/f1tenth_bringup/lib/f1tenth_bringup/component_supervisor_node --ros-args -r __node:=component_supervisor_node --params-file /tmp/launch_params_ygmvflsl'].
[WARNING] [launch]: user interrupted with ctrl-c (SIGINT)
[INFO] [fastdds_discovery_server-1]: sending signal 'SIGINT' to process[fastdds_discovery_server-1]
[ERROR] [fastdds_discovery_server-1]: process[fastdds_discovery_server-1] failed to terminate '5' seconds after receiving 'SIGINT', escalating to 'SIGTERM'
[INFO] [fastdds_discovery_server-1]: sending signal 'SIGTERM' to process[fastdds_discovery_server-1]
[ERROR] [fastdds_discovery_server-1]: process has died [pid 860635, exit code -15, cmd 'python3 /home/andre/dev_ws/f1tenth_more/install/f1tenth_bringup/share/f1tenth_bringup/scripts/ensure_discovery_server.py 127.0.0.1 11811'].
