1791020193.8613515 [INFO] [launch]: All log files can be found below /home/andre/dev_ws/f1tenth_more/output/phase5/cycles/cycle_07/ros_log/2026-10-03-11-36-33-858614-thor-380067
1791020193.8618453 [INFO] [launch]: Default logging verbosity is set to INFO
1791020194.0696037 [INFO] [taskset-1]: process started with pid [380131]
1791020194.0699875 [INFO] [throttle-2]: process started with pid [380132]
1791020194.0700648 [INFO] [throttle-3]: process started with pid [380133]
1791020194.1752274 [taskset-1] [INFO] [1791020194.171622767] [foxglove_bridge]: Starting foxglove_bridge (jazzy, 3.5.0@)
1791020194.1755948 [taskset-1] [2026-10-03T09:36:34Z INFO  foxglove::websocket::server] Started server on 0.0.0.0:8765
1791020194.1756585 [taskset-1] [INFO] [1791020194.173369515] [foxglove_bridge]: Server listening on port 8765
1791020194.1796885 [taskset-1] [INFO] [1791020194.179099223] [foxglove_bridge]: Advertising new channel 2 for topic "/rosout"
1791020194.1801775 [taskset-1] [INFO] [1791020194.179875639] [foxglove_bridge]: Advertising new channel 3 for topic "/parameter_events"
1791020195.2141163 [taskset-1] [INFO] [1791020195.213519213] [foxglove_bridge]: Advertising new channel 4 for topic "/tf"
1791020195.2220700 [taskset-1] [INFO] [1791020195.219864865] [foxglove_bridge]: Advertising new channel 5 for topic "/slam_toolbox/transition_event"
1791020195.2224209 [taskset-1] [INFO] [1791020195.221250169] [foxglove_bridge]: Advertising new channel 6 for topic "/slam/pose_calibrated"
1791020195.2224648 [taskset-1] [INFO] [1791020195.221295623] [foxglove_bridge]: Advertising new channel 7 for topic "/tf_static"
1791020195.2225151 [taskset-1] [INFO] [1791020195.221317401] [foxglove_bridge]: Advertising new channel 8 for topic "/set_pose"
1791020195.2227905 [taskset-1] [INFO] [1791020195.221789956] [foxglove_bridge]: Advertising new channel 9 for topic "/teleop"
1791020195.2228415 [taskset-1] [INFO] [1791020195.222094085] [foxglove_bridge]: Advertising new channel 10 for topic "/sensors/imu/raw"
1791020195.2228723 [taskset-1] [INFO] [1791020195.222106881] [foxglove_bridge]: Advertising new channel 11 for topic "/safety_stop"
1791020195.2229729 [taskset-1] [INFO] [1791020195.222794104] [foxglove_bridge]: Advertising new channel 12 for topic "/odom"
1791020195.2230084 [taskset-1] [INFO] [1791020195.222816678] [foxglove_bridge]: Advertising new channel 13 for topic "/map_server/transition_event"
1791020195.2267489 [taskset-1] [INFO] [1791020195.223203955] [foxglove_bridge]: Advertising new channel 14 for topic "/map"
1791020195.2269495 [taskset-1] [INFO] [1791020195.223466093] [foxglove_bridge]: Advertising new channel 15 for topic "/robot_description"
1791020195.2269886 [taskset-1] [INFO] [1791020195.223713380] [foxglove_bridge]: Advertising new channel 16 for topic "/joint_states"
1791020195.2270136 [taskset-1] [INFO] [1791020195.223725408] [foxglove_bridge]: Advertising new channel 17 for topic "/drive"
1791020195.2270386 [taskset-1] [INFO] [1791020195.224016935] [foxglove_bridge]: Advertising new channel 18 for topic "/diagnostics/system_status"
1791020195.2270625 [taskset-1] [INFO] [1791020195.224615481] [foxglove_bridge]: Advertising new channel 19 for topic "/diagnostics"
1791020195.2270920 [taskset-1] [INFO] [1791020195.224627454] [foxglove_bridge]: Advertising new channel 20 for topic "/odometry/filtered"
1791020195.2271218 [taskset-1] [INFO] [1791020195.224640907] [foxglove_bridge]: Advertising new channel 21 for topic "/calibration_drive"
1791020195.2271490 [taskset-1] [INFO] [1791020195.224648241] [foxglove_bridge]: Advertising new channel 22 for topic "/ekf_global/odometry/filtered"
1791020195.2271731 [taskset-1] [INFO] [1791020195.224893213] [foxglove_bridge]: Advertising new channel 23 for topic "/bond"
1791020195.2271960 [taskset-1] [INFO] [1791020195.224906305] [foxglove_bridge]: Advertising new channel 24 for topic "/ekf_global/set_pose"
1791020195.2272189 [taskset-1] [INFO] [1791020195.224914435] [foxglove_bridge]: Advertising new channel 25 for topic "/ackermann_drive"
1791020196.1143212 [taskset-1] [INFO] [1791020196.113763566] [foxglove_bridge]: Advertising new channel 26 for topic "/slam/map"
1791020196.1146924 [taskset-1] [INFO] [1791020196.113918048] [foxglove_bridge]: Advertising new channel 27 for topic "/slam/pose"
1791020196.1168246 [taskset-1] [INFO] [1791020196.116626675] [foxglove_bridge]: Advertising new channel 28 for topic "/mpc/corridor_markers"
1791020196.1177642 [taskset-1] [INFO] [1791020196.117100684] [foxglove_bridge]: Advertising new channel 29 for topic "/mission/status"
1791020196.1179209 [taskset-1] [INFO] [1791020196.117399239] [foxglove_bridge]: Advertising new channel 30 for topic "/diagnostics/battery_status"
1791020196.1181612 [taskset-1] [INFO] [1791020196.117879136] [foxglove_bridge]: Advertising new channel 31 for topic "/sensors/core"
1791020196.1183746 [taskset-1] [INFO] [1791020196.118216951] [foxglove_bridge]: Advertising new channel 32 for topic "/costmap/visualization"
1791020196.1184328 [taskset-1] [INFO] [1791020196.118237053] [foxglove_bridge]: Advertising new channel 33 for topic "/costmap/semantic_markers"
1791020196.1184778 [taskset-1] [INFO] [1791020196.118251266] [foxglove_bridge]: Advertising new channel 34 for topic "/costmap/safe_corridor_report"
1791020196.1186690 [taskset-1] [INFO] [1791020196.118567951] [foxglove_bridge]: Advertising new channel 35 for topic "/costmap/front_clearance"
1791020196.1192126 [taskset-1] [INFO] [1791020196.119140876] [foxglove_bridge]: Advertising new channel 36 for topic "/costmap/boundaries"
1791020196.1195326 [taskset-1] [INFO] [1791020196.119467552] [foxglove_bridge]: Advertising new channel 37 for topic "/cmd_vel_nav"
1791020196.1198213 [taskset-1] [INFO] [1791020196.119733736] [foxglove_bridge]: Advertising new channel 38 for topic "/calibration/in_progress"
1791020196.8462353 [taskset-1] [INFO] [1791020196.845530442] [foxglove_bridge]: Advertising new channel 39 for topic "/test/mission_event"
1791020196.8470411 [taskset-1] [INFO] [1791020196.846564015] [foxglove_bridge]: Advertising new channel 40 for topic "/slam/map_metadata"
1791020196.8473418 [taskset-1] [INFO] [1791020196.846985709] [foxglove_bridge]: Advertising new channel 41 for topic "/scan"
1791020196.8474438 [taskset-1] [INFO] [1791020196.847006108] [foxglove_bridge]: Advertising new channel 42 for topic "/test_campaign/logger_status"
1791020196.8477001 [taskset-1] [INFO] [1791020196.847593912] [foxglove_bridge]: Advertising new channel 43 for topic "/perception/obstacles_2d"
1791020196.8477859 [taskset-1] [INFO] [1791020196.847614708] [foxglove_bridge]: Advertising new channel 44 for topic "/perception/d_wall/psi_correction"
1791020196.8491580 [taskset-1] [INFO] [1791020196.849059985] [foxglove_bridge]: Advertising new channel 45 for topic "/slam_toolbox/update"
1791020196.8494604 [taskset-1] [INFO] [1791020196.849367244] [foxglove_bridge]: Advertising new channel 46 for topic "/mpc/wall_track"
1791020196.8495424 [taskset-1] [INFO] [1791020196.849383846] [foxglove_bridge]: Advertising new channel 47 for topic "/mpc/status"
1791020196.8497391 [taskset-1] [INFO] [1791020196.849398152] [foxglove_bridge]: Advertising new channel 48 for topic "/mpc/predicted_min_clearance"
1791020196.8499303 [taskset-1] [INFO] [1791020196.849824169] [foxglove_bridge]: Advertising new channel 49 for topic "/mpc/object_status"
1791020196.8500080 [taskset-1] [INFO] [1791020196.849839373] [foxglove_bridge]: Advertising new channel 50 for topic "/mpc/min_obstacle_distance_forward"
1791020196.8500769 [taskset-1] [INFO] [1791020196.849852318] [foxglove_bridge]: Advertising new channel 51 for topic "/mpc/min_obstacle_distance"
1791020196.8502469 [taskset-1] [INFO] [1791020196.849868429] [foxglove_bridge]: Advertising new channel 52 for topic "/mpc/hold"
1791020196.8503184 [taskset-1] [INFO] [1791020196.850144688] [foxglove_bridge]: Advertising new channel 53 for topic "/mpc/goal_turn"
1791020196.8505723 [taskset-1] [INFO] [1791020196.850453845] [foxglove_bridge]: Advertising new channel 54 for topic "/mpc/goal_drive"
1791020196.8506558 [taskset-1] [INFO] [1791020196.850470401] [foxglove_bridge]: Advertising new channel 55 for topic "/mpc/goal_reached"
1791020196.8508673 [taskset-1] [INFO] [1791020196.850494345] [foxglove_bridge]: Advertising new channel 56 for topic "/mpc/goal_distance"
1791020196.8510320 [taskset-1] [INFO] [1791020196.850528484] [foxglove_bridge]: Advertising new channel 57 for topic "/slam_toolbox/scan_visualization"
1791020196.8510995 [taskset-1] [INFO] [1791020196.850543197] [foxglove_bridge]: Advertising new channel 58 for topic "/perception/front_distance"
1791020196.8512349 [taskset-1] [INFO] [1791020196.850808576] [foxglove_bridge]: Advertising new channel 59 for topic "/mpc/drive_clamp"
1791020196.8513188 [taskset-1] [INFO] [1791020196.850826298] [foxglove_bridge]: Advertising new channel 60 for topic "/model/virtual_robot/odometry"
1791020196.8513796 [taskset-1] [INFO] [1791020196.850840826] [foxglove_bridge]: Advertising new channel 61 for topic "/mission/load_path"
1791020196.8514388 [taskset-1] [INFO] [1791020196.850856178] [foxglove_bridge]: Advertising new channel 62 for topic "/mpc/goal_object_end"
1791020196.8515003 [taskset-1] [INFO] [1791020196.850870576] [foxglove_bridge]: Advertising new channel 63 for topic "/imu"
1791020196.8516710 [taskset-1] [INFO] [1791020196.851245483] [foxglove_bridge]: Advertising new channel 64 for topic "/mpc/solver_status"
1791020196.8517373 [taskset-1] [INFO] [1791020196.851533067] [foxglove_bridge]: Advertising new channel 65 for topic "/slam_toolbox/feedback"
1791020196.8518078 [taskset-1] [INFO] [1791020196.851546955] [foxglove_bridge]: Advertising new channel 66 for topic "/safety/event"
1791020196.8519926 [taskset-1] [INFO] [1791020196.851917343] [foxglove_bridge]: Advertising new channel 67 for topic "/mpc/goal_object"
1791020196.8532755 [taskset-1] [INFO] [1791020196.853173370] [foxglove_bridge]: Advertising new channel 68 for topic "/costmap/semantic_tracks"
1791020196.8534513 [taskset-1] [INFO] [1791020196.853208102] [foxglove_bridge]: Advertising new channel 69 for topic "/slam_toolbox/graph_visualization"
1791020196.8536086 [taskset-1] [INFO] [1791020196.853490583] [foxglove_bridge]: Advertising new channel 70 for topic "/mission/move_outcome"
1791020196.8547530 [taskset-1] [INFO] [1791020196.854663693] [foxglove_bridge]: Advertising new channel 71 for topic "/camera/detections"
1791020196.8549097 [taskset-1] [INFO] [1791020196.854685119] [foxglove_bridge]: Advertising new channel 72 for topic "/camera/detections_3d"
1791020196.8551481 [taskset-1] [INFO] [1791020196.855070516] [foxglove_bridge]: Advertising new channel 73 for topic "/bt/tree_visualization"
1791020196.8554485 [taskset-1] [INFO] [1791020196.855374877] [foxglove_bridge]: Advertising new channel 74 for topic "/mpc/goal_pose"
1791020196.8562953 [taskset-1] [INFO] [1791020196.855682331] [foxglove_bridge]: Advertising new channel 75 for topic "/behavior/tree_status"
1791020196.8563735 [taskset-1] [INFO] [1791020196.855696988] [foxglove_bridge]: Advertising new channel 76 for topic "/corridor"
1791020198.0566621 [taskset-1] [INFO] [1791020198.055933233] [foxglove_bridge]: Advertising new channel 77 for topic "/perception/swept_clearance/camera"
1791020198.0575814 [taskset-1] [INFO] [1791020198.056177742] [foxglove_bridge]: Advertising new channel 78 for topic "/perception/swept_clearance"
1791020198.0577576 [taskset-1] [INFO] [1791020198.056198297] [foxglove_bridge]: Advertising new channel 79 for topic "/perception/swept_clearance/steering"
1791020198.0578423 [taskset-1] [INFO] [1791020198.056258214] [foxglove_bridge]: Advertising new channel 80 for topic "/perception/swept_clearance/lidar"
1791020198.6077526 [taskset-1] [INFO] [1791020198.607052231] [foxglove_bridge]: Advertising new channel 81 for topic "/zed2/zed_node/depth/camera_info"
1791020198.6085336 [taskset-1] [INFO] [1791020198.607278416] [foxglove_bridge]: Advertising new channel 82 for topic "/zed2/zed_node/depth/depth_registered"
1791020199.2449358 [taskset-1] [INFO] [1791020199.244283673] [foxglove_bridge]: Advertising new channel 83 for topic "/perception/lidar_front_wall"
1791020199.2453418 [taskset-1] [INFO] [1791020199.244455173] [foxglove_bridge]: Advertising new channel 84 for topic "/perception/d_wall/swept_arc"
1791020199.2458603 [taskset-1] [INFO] [1791020199.244909396] [foxglove_bridge]: Advertising new channel 85 for topic "/perception/d_wall/segment"
1791020199.2459767 [taskset-1] [INFO] [1791020199.244944748] [foxglove_bridge]: Advertising new channel 86 for topic "/perception/d_wall/gate_margin"
1791020199.2460480 [taskset-1] [INFO] [1791020199.245441422] [foxglove_bridge]: Advertising new channel 87 for topic "/perception/d_wall"
1791020199.2461126 [taskset-1] [INFO] [1791020199.245473117] [foxglove_bridge]: Advertising new channel 88 for topic "/obstacle_clearance"
1791020199.2463627 [taskset-1] [INFO] [1791020199.245947284] [foxglove_bridge]: Advertising new channel 89 for topic "/perception/lidar_front_wall_virtual"
1791020235.4053144 [WARNING] [launch]: user interrupted with ctrl-c (SIGINT)
1791020235.4188938 [INFO] [throttle-3]: sending signal 'SIGINT' to process[throttle-3]
1791020235.4329112 [INFO] [throttle-2]: sending signal 'SIGINT' to process[throttle-2]
1791020235.4380507 [INFO] [taskset-1]: sending signal 'SIGINT' to process[taskset-1]
1791020235.4411366 [taskset-1] [INFO] [1791020235.396744412] [rclcpp]: signal_handler(SIGINT/SIGTERM)
1791020235.4434354 [ERROR] [throttle-3]: process has died [pid 380133, exit code -2, cmd '/opt/ros/jazzy/lib/topic_tools/throttle messages /camera/image_annotated 5.0 /camera/image_annotated/viz --ros-args -r __node:=image_annotated_viz_throttle'].
1791020235.4443243 [taskset-1] [INFO] [1791020235.409733224] [foxglove_bridge]: Shutting down foxglove_bridge
1791020235.4445143 [taskset-1] [INFO] [1791020235.442011778] [rclcpp]: signal_handler(SIGINT/SIGTERM)
1791020235.4501960 [ERROR] [throttle-2]: process has died [pid 380132, exit code -2, cmd '/opt/ros/jazzy/lib/topic_tools/throttle messages /camera/image_raw 5.0 /camera/image_raw/viz --ros-args -r __node:=image_raw_viz_throttle'].
1791020235.5287015 [taskset-1] [2026-10-03T09:37:15Z INFO  foxglove::websocket::server] Shutting down
1791020235.5292687 [taskset-1] [2026-10-03T09:37:15Z INFO  foxglove::websocket::server] Shutdown complete
1791020235.5299165 [taskset-1] [INFO] [1791020235.528395374] [foxglove_bridge]: Shutdown complete
1791020235.8697894 [INFO] [taskset-1]: process has finished cleanly [pid 380131]
