1791020616.9892068 [INFO] [launch]: All log files can be found below /home/andre/dev_ws/f1tenth_more/output/phase5/sim/sim_true/ros_log/2026-10-03-11-43-36-985909-thor-387851
1791020616.9897954 [INFO] [launch]: Default logging verbosity is set to INFO
1791020617.5389233 [INFO] [taskset-1]: process started with pid [388033]
1791020617.5394466 [INFO] [taskset-2]: process started with pid [388038]
1791020617.5395391 [INFO] [slam_pose_relay_node-3]: process started with pid [388039]
1791020617.5396028 [INFO] [taskset-4]: process started with pid [388040]
1791020617.5396492 [INFO] [robot_state_publisher-5]: process started with pid [388041]
1791020617.5396872 [INFO] [joint_state_publisher-6]: process started with pid [388048]
1791020617.5397239 [INFO] [static_transform_publisher-7]: process started with pid [388049]
1791020617.6030495 [static_transform_publisher-7] [WARN] [1791020617.598663657] []: Old-style arguments are deprecated; see --help for new-style arguments
1791020618.3703063 [static_transform_publisher-7] [INFO] [1791020618.365311227] [static_baselink_to_laser]: Spinning until stopped - publishing transform
1791020618.3707359 [static_transform_publisher-7] translation: ('0.120000', '0.000000', '0.200000')
1791020618.3708041 [static_transform_publisher-7] rotation: ('0.000000', '0.000000', '0.000000', '1.000000')
1791020618.3708358 [static_transform_publisher-7] from 'base_link' to 'laser'
1791020688.5725851 [WARNING] [launch]: user interrupted with ctrl-c (SIGINT)
1791020688.5903919 [INFO] [static_transform_publisher-7]: sending signal 'SIGINT' to process[static_transform_publisher-7]
1791020688.5916312 [INFO] [joint_state_publisher-6]: sending signal 'SIGINT' to process[joint_state_publisher-6]
1791020688.6014140 [INFO] [robot_state_publisher-5]: sending signal 'SIGINT' to process[robot_state_publisher-5]
1791020688.6094313 [INFO] [taskset-4]: sending signal 'SIGINT' to process[taskset-4]
1791020688.6102977 [INFO] [slam_pose_relay_node-3]: sending signal 'SIGINT' to process[slam_pose_relay_node-3]
1791020688.6109350 [INFO] [taskset-2]: sending signal 'SIGINT' to process[taskset-2]
1791020688.6187229 [INFO] [taskset-1]: sending signal 'SIGINT' to process[taskset-1]
1791020688.6206496 [static_transform_publisher-7] [INFO] [1791020688.575246876] [rclcpp]: signal_handler(SIGINT/SIGTERM)
1791020688.6380074 [ERROR] [taskset-2]: process has died [pid 388038, exit code -2, cmd 'taskset -c 0,1 /opt/ros/jazzy/lib/robot_localization/ekf_node --ros-args -r __node:=ekf_global_filter_node -r __ns:=/ekf_global -p use_sim_time:=True --params-file /home/andre/dev_ws/f1tenth_more/install/f1tenth_bringup/share/f1tenth_bringup/config/ekf_global.yaml'].
1791020688.6471667 [ERROR] [taskset-1]: process has died [pid 388033, exit code -2, cmd 'taskset -c 0,1 /opt/ros/jazzy/lib/robot_localization/ekf_node --ros-args -r __node:=ekf_filter_node -p use_sim_time:=True --params-file /home/andre/dev_ws/f1tenth_more/install/f1tenth_bringup/share/f1tenth_bringup/config/ekf.yaml'].
1791020688.6474590 [ERROR] [static_transform_publisher-7]: process has died [pid 388049, exit code -2, cmd '/opt/ros/jazzy/lib/tf2_ros/static_transform_publisher 0.12 0.0 0.20 0.0 0.0 0.0 base_link laser --ros-args -r __node:=static_baselink_to_laser -p use_sim_time:=True'].
1791020688.7987206 [ERROR] [slam_pose_relay_node-3]: process has died [pid 388039, exit code -2, cmd '/home/andre/dev_ws/f1tenth_more/install/f1tenth_localization/lib/f1tenth_localization/slam_pose_relay_node --ros-args -r __node:=slam_pose_relay_node -p use_sim_time:=True --params-file /home/andre/dev_ws/f1tenth_more/install/f1tenth_bringup/share/f1tenth_bringup/config/ekf_global.yaml'].
1791020688.8164647 [ERROR] [taskset-4]: process has died [pid 388040, exit code -2, cmd 'taskset -c 2-11 /home/andre/dev_ws/f1tenth_more/install/f1tenth_diagnostics/lib/f1tenth_diagnostics/ekf_cost_observer_node --ros-args -r __node:=ekf_cost_observer_node -p use_sim_time:=True'].
1791020688.8186183 [ERROR] [joint_state_publisher-6]: process has died [pid 388048, exit code -2, cmd '/opt/ros/jazzy/lib/joint_state_publisher/joint_state_publisher --ros-args -r __node:=joint_state_publisher -p use_sim_time:=True --params-file /tmp/launch_params_9l9lsqh7'].
1791020690.8340447 [INFO] [robot_state_publisher-5]: process has finished cleanly [pid 388041]
