[INFO] [1791020194.171622767] [foxglove_bridge]: Starting foxglove_bridge (jazzy, 3.5.0@)
[INFO] [1791020194.173369515] [foxglove_bridge]: Server listening on port 8765
[INFO] [1791020194.179099223] [foxglove_bridge]: Advertising new channel 2 for topic "/rosout"
[INFO] [1791020194.179875639] [foxglove_bridge]: Advertising new channel 3 for topic "/parameter_events"
[INFO] [1791020195.213519213] [foxglove_bridge]: Advertising new channel 4 for topic "/tf"
[INFO] [1791020195.219864865] [foxglove_bridge]: Advertising new channel 5 for topic "/slam_toolbox/transition_event"
[INFO] [1791020195.221250169] [foxglove_bridge]: Advertising new channel 6 for topic "/slam/pose_calibrated"
[INFO] [1791020195.221295623] [foxglove_bridge]: Advertising new channel 7 for topic "/tf_static"
[INFO] [1791020195.221317401] [foxglove_bridge]: Advertising new channel 8 for topic "/set_pose"
[INFO] [1791020195.221789956] [foxglove_bridge]: Advertising new channel 9 for topic "/teleop"
[INFO] [1791020195.222094085] [foxglove_bridge]: Advertising new channel 10 for topic "/sensors/imu/raw"
[INFO] [1791020195.222106881] [foxglove_bridge]: Advertising new channel 11 for topic "/safety_stop"
[INFO] [1791020195.222794104] [foxglove_bridge]: Advertising new channel 12 for topic "/odom"
[INFO] [1791020195.222816678] [foxglove_bridge]: Advertising new channel 13 for topic "/map_server/transition_event"
[INFO] [1791020195.223203955] [foxglove_bridge]: Advertising new channel 14 for topic "/map"
[INFO] [1791020195.223466093] [foxglove_bridge]: Advertising new channel 15 for topic "/robot_description"
[INFO] [1791020195.223713380] [foxglove_bridge]: Advertising new channel 16 for topic "/joint_states"
[INFO] [1791020195.223725408] [foxglove_bridge]: Advertising new channel 17 for topic "/drive"
[INFO] [1791020195.224016935] [foxglove_bridge]: Advertising new channel 18 for topic "/diagnostics/system_status"
[INFO] [1791020195.224615481] [foxglove_bridge]: Advertising new channel 19 for topic "/diagnostics"
[INFO] [1791020195.224627454] [foxglove_bridge]: Advertising new channel 20 for topic "/odometry/filtered"
[INFO] [1791020195.224640907] [foxglove_bridge]: Advertising new channel 21 for topic "/calibration_drive"
[INFO] [1791020195.224648241] [foxglove_bridge]: Advertising new channel 22 for topic "/ekf_global/odometry/filtered"
[INFO] [1791020195.224893213] [foxglove_bridge]: Advertising new channel 23 for topic "/bond"
[INFO] [1791020195.224906305] [foxglove_bridge]: Advertising new channel 24 for topic "/ekf_global/set_pose"
[INFO] [1791020195.224914435] [foxglove_bridge]: Advertising new channel 25 for topic "/ackermann_drive"
[INFO] [1791020196.113763566] [foxglove_bridge]: Advertising new channel 26 for topic "/slam/map"
[INFO] [1791020196.113918048] [foxglove_bridge]: Advertising new channel 27 for topic "/slam/pose"
[INFO] [1791020196.116626675] [foxglove_bridge]: Advertising new channel 28 for topic "/mpc/corridor_markers"
[INFO] [1791020196.117100684] [foxglove_bridge]: Advertising new channel 29 for topic "/mission/status"
[INFO] [1791020196.117399239] [foxglove_bridge]: Advertising new channel 30 for topic "/diagnostics/battery_status"
[INFO] [1791020196.117879136] [foxglove_bridge]: Advertising new channel 31 for topic "/sensors/core"
[INFO] [1791020196.118216951] [foxglove_bridge]: Advertising new channel 32 for topic "/costmap/visualization"
[INFO] [1791020196.118237053] [foxglove_bridge]: Advertising new channel 33 for topic "/costmap/semantic_markers"
[INFO] [1791020196.118251266] [foxglove_bridge]: Advertising new channel 34 for topic "/costmap/safe_corridor_report"
[INFO] [1791020196.118567951] [foxglove_bridge]: Advertising new channel 35 for topic "/costmap/front_clearance"
[INFO] [1791020196.119140876] [foxglove_bridge]: Advertising new channel 36 for topic "/costmap/boundaries"
[INFO] [1791020196.119467552] [foxglove_bridge]: Advertising new channel 37 for topic "/cmd_vel_nav"
[INFO] [1791020196.119733736] [foxglove_bridge]: Advertising new channel 38 for topic "/calibration/in_progress"
[INFO] [1791020196.845530442] [foxglove_bridge]: Advertising new channel 39 for topic "/test/mission_event"
[INFO] [1791020196.846564015] [foxglove_bridge]: Advertising new channel 40 for topic "/slam/map_metadata"
[INFO] [1791020196.846985709] [foxglove_bridge]: Advertising new channel 41 for topic "/scan"
[INFO] [1791020196.847006108] [foxglove_bridge]: Advertising new channel 42 for topic "/test_campaign/logger_status"
[INFO] [1791020196.847593912] [foxglove_bridge]: Advertising new channel 43 for topic "/perception/obstacles_2d"
[INFO] [1791020196.847614708] [foxglove_bridge]: Advertising new channel 44 for topic "/perception/d_wall/psi_correction"
[INFO] [1791020196.849059985] [foxglove_bridge]: Advertising new channel 45 for topic "/slam_toolbox/update"
[INFO] [1791020196.849367244] [foxglove_bridge]: Advertising new channel 46 for topic "/mpc/wall_track"
[INFO] [1791020196.849383846] [foxglove_bridge]: Advertising new channel 47 for topic "/mpc/status"
[INFO] [1791020196.849398152] [foxglove_bridge]: Advertising new channel 48 for topic "/mpc/predicted_min_clearance"
[INFO] [1791020196.849824169] [foxglove_bridge]: Advertising new channel 49 for topic "/mpc/object_status"
[INFO] [1791020196.849839373] [foxglove_bridge]: Advertising new channel 50 for topic "/mpc/min_obstacle_distance_forward"
[INFO] [1791020196.849852318] [foxglove_bridge]: Advertising new channel 51 for topic "/mpc/min_obstacle_distance"
[INFO] [1791020196.849868429] [foxglove_bridge]: Advertising new channel 52 for topic "/mpc/hold"
[INFO] [1791020196.850144688] [foxglove_bridge]: Advertising new channel 53 for topic "/mpc/goal_turn"
[INFO] [1791020196.850453845] [foxglove_bridge]: Advertising new channel 54 for topic "/mpc/goal_drive"
[INFO] [1791020196.850470401] [foxglove_bridge]: Advertising new channel 55 for topic "/mpc/goal_reached"
[INFO] [1791020196.850494345] [foxglove_bridge]: Advertising new channel 56 for topic "/mpc/goal_distance"
[INFO] [1791020196.850528484] [foxglove_bridge]: Advertising new channel 57 for topic "/slam_toolbox/scan_visualization"
[INFO] [1791020196.850543197] [foxglove_bridge]: Advertising new channel 58 for topic "/perception/front_distance"
[INFO] [1791020196.850808576] [foxglove_bridge]: Advertising new channel 59 for topic "/mpc/drive_clamp"
[INFO] [1791020196.850826298] [foxglove_bridge]: Advertising new channel 60 for topic "/model/virtual_robot/odometry"
[INFO] [1791020196.850840826] [foxglove_bridge]: Advertising new channel 61 for topic "/mission/load_path"
[INFO] [1791020196.850856178] [foxglove_bridge]: Advertising new channel 62 for topic "/mpc/goal_object_end"
[INFO] [1791020196.850870576] [foxglove_bridge]: Advertising new channel 63 for topic "/imu"
[INFO] [1791020196.851245483] [foxglove_bridge]: Advertising new channel 64 for topic "/mpc/solver_status"
[INFO] [1791020196.851533067] [foxglove_bridge]: Advertising new channel 65 for topic "/slam_toolbox/feedback"
[INFO] [1791020196.851546955] [foxglove_bridge]: Advertising new channel 66 for topic "/safety/event"
[INFO] [1791020196.851917343] [foxglove_bridge]: Advertising new channel 67 for topic "/mpc/goal_object"
[INFO] [1791020196.853173370] [foxglove_bridge]: Advertising new channel 68 for topic "/costmap/semantic_tracks"
[INFO] [1791020196.853208102] [foxglove_bridge]: Advertising new channel 69 for topic "/slam_toolbox/graph_visualization"
[INFO] [1791020196.853490583] [foxglove_bridge]: Advertising new channel 70 for topic "/mission/move_outcome"
[INFO] [1791020196.854663693] [foxglove_bridge]: Advertising new channel 71 for topic "/camera/detections"
[INFO] [1791020196.854685119] [foxglove_bridge]: Advertising new channel 72 for topic "/camera/detections_3d"
[INFO] [1791020196.855070516] [foxglove_bridge]: Advertising new channel 73 for topic "/bt/tree_visualization"
[INFO] [1791020196.855374877] [foxglove_bridge]: Advertising new channel 74 for topic "/mpc/goal_pose"
[INFO] [1791020196.855682331] [foxglove_bridge]: Advertising new channel 75 for topic "/behavior/tree_status"
[INFO] [1791020196.855696988] [foxglove_bridge]: Advertising new channel 76 for topic "/corridor"
[INFO] [1791020198.055933233] [foxglove_bridge]: Advertising new channel 77 for topic "/perception/swept_clearance/camera"
[INFO] [1791020198.056177742] [foxglove_bridge]: Advertising new channel 78 for topic "/perception/swept_clearance"
[INFO] [1791020198.056198297] [foxglove_bridge]: Advertising new channel 79 for topic "/perception/swept_clearance/steering"
[INFO] [1791020198.056258214] [foxglove_bridge]: Advertising new channel 80 for topic "/perception/swept_clearance/lidar"
[INFO] [1791020198.607052231] [foxglove_bridge]: Advertising new channel 81 for topic "/zed2/zed_node/depth/camera_info"
[INFO] [1791020198.607278416] [foxglove_bridge]: Advertising new channel 82 for topic "/zed2/zed_node/depth/depth_registered"
[INFO] [1791020199.244283673] [foxglove_bridge]: Advertising new channel 83 for topic "/perception/lidar_front_wall"
[INFO] [1791020199.244455173] [foxglove_bridge]: Advertising new channel 84 for topic "/perception/d_wall/swept_arc"
[INFO] [1791020199.244909396] [foxglove_bridge]: Advertising new channel 85 for topic "/perception/d_wall/segment"
[INFO] [1791020199.244944748] [foxglove_bridge]: Advertising new channel 86 for topic "/perception/d_wall/gate_margin"
[INFO] [1791020199.245441422] [foxglove_bridge]: Advertising new channel 87 for topic "/perception/d_wall"
[INFO] [1791020199.245473117] [foxglove_bridge]: Advertising new channel 88 for topic "/obstacle_clearance"
[INFO] [1791020199.245947284] [foxglove_bridge]: Advertising new channel 89 for topic "/perception/lidar_front_wall_virtual"
[INFO] [1791020235.396744412] [rclcpp]: signal_handler(SIGINT/SIGTERM)
