[INFO] [1791020194.348299494] [map_server]: 
	map_server lifecycle node launched. 
	Waiting on external lifecycle transitions to activate
	See https://design.ros2.org/articles/node_lifecycle.html for more information.
[INFO] [1791020194.348586161] [map_server]: Creating
[INFO] [1791020194.974170950] [map_server]: Configuring
[INFO] [1791020194.974347894] [map_io]: Loading yaml file: /home/andre/dev_ws/f1tenth_more/install/f1tenth_navigation/share/f1tenth_navigation/maps/square_100m.yaml
[INFO] [1791020194.974888791] [map_io]: resolution: 0.05
[INFO] [1791020194.974909791] [map_io]: origin[0]: -50
[INFO] [1791020194.974913495] [map_io]: origin[1]: -50
[INFO] [1791020194.974916791] [map_io]: origin[2]: 0
[INFO] [1791020194.974920671] [map_io]: free_thresh: 0.196
[INFO] [1791020194.974924366] [map_io]: occupied_thresh: 0.65
[INFO] [1791020194.974932467] [map_io]: mode: trinary
[INFO] [1791020194.974939421] [map_io]: negate: 0
[INFO] [1791020194.975572198] [map_io]: Loading image_file: /home/andre/dev_ws/f1tenth_more/install/f1tenth_navigation/share/f1tenth_navigation/maps/square_100m.pgm
[INFO] [1791020195.058058855] [map_io]: Read map /home/andre/dev_ws/f1tenth_more/install/f1tenth_navigation/share/f1tenth_navigation/maps/square_100m.pgm: 2000 X 2000 map @ 0.05 m/cell
[INFO] [1791020195.075392700] [map_server]: Activating
[INFO] [1791020195.078603382] [map_server]: Creating bond (map_server) to lifecycle manager.
[INFO] [1791020235.398386541] [rclcpp]: signal_handler(SIGINT/SIGTERM)
[INFO] [1791020235.398685021] [map_server]: Running Nav2 LifecycleNode rcl preshutdown (map_server)
[INFO] [1791020235.398860336] [map_server]: Deactivating
[INFO] [1791020235.398882021] [map_server]: Destroying bond (map_server) to lifecycle manager.
[INFO] [1791020235.411137408] [map_server]: Cleaning up
[INFO] [1791020235.412349870] [map_server]: Destroying bond (map_server) to lifecycle manager.
