1791022870.1932938 [INFO] [launch]: All log files can be found below /home/andre/dev_ws/f1tenth_more/output/fix_batch_2/hold/ros_log/2026-10-03-12-21-10-190212-thor-397076
1791022870.1938348 [INFO] [launch]: Default logging verbosity is set to INFO
1791022870.8884988 [INFO] [taskset-1]: process started with pid [397375]
1791022870.8890224 [INFO] [taskset-2]: process started with pid [397376]
1791022870.8891397 [INFO] [slam_pose_relay_node-3]: process started with pid [397377]
1791022870.8892117 [INFO] [taskset-4]: process started with pid [397378]
1791022870.8892608 [INFO] [robot_state_publisher-5]: process started with pid [397379]
1791022870.8893063 [INFO] [joint_state_publisher-6]: process started with pid [397380]
1791022870.8893518 [INFO] [static_transform_publisher-7]: process started with pid [397381]
1791022870.9403534 [static_transform_publisher-7] [WARN] [1791022870.936875359] []: Old-style arguments are deprecated; see --help for new-style arguments
1791022871.0035343 [static_transform_publisher-7] [INFO] [1791022870.994358692] [static_baselink_to_laser]: Spinning until stopped - publishing transform
1791022871.0039396 [static_transform_publisher-7] translation: ('0.120000', '0.000000', '0.200000')
1791022871.0040038 [static_transform_publisher-7] rotation: ('0.000000', '0.000000', '0.000000', '1.000000')
1791022871.0040383 [static_transform_publisher-7] from 'base_link' to 'laser'
1791023133.7750173 [WARNING] [launch]: user interrupted with ctrl-c (SIGINT)
1791023133.7953687 [INFO] [static_transform_publisher-7]: sending signal 'SIGINT' to process[static_transform_publisher-7]
1791023133.7988307 [INFO] [joint_state_publisher-6]: sending signal 'SIGINT' to process[joint_state_publisher-6]
1791023133.7993619 [INFO] [robot_state_publisher-5]: sending signal 'SIGINT' to process[robot_state_publisher-5]
1791023133.8038325 [INFO] [taskset-4]: sending signal 'SIGINT' to process[taskset-4]
1791023133.8044786 [INFO] [slam_pose_relay_node-3]: sending signal 'SIGINT' to process[slam_pose_relay_node-3]
1791023133.8049142 [INFO] [taskset-2]: sending signal 'SIGINT' to process[taskset-2]
1791023133.8053560 [INFO] [taskset-1]: sending signal 'SIGINT' to process[taskset-1]
1791023133.8056784 [static_transform_publisher-7] [INFO] [1791023133.779942818] [rclcpp]: signal_handler(SIGINT/SIGTERM)
1791023133.8142996 [ERROR] [static_transform_publisher-7]: process has died [pid 397381, exit code -2, cmd '/opt/ros/jazzy/lib/tf2_ros/static_transform_publisher 0.12 0.0 0.20 0.0 0.0 0.0 base_link laser --ros-args -r __node:=static_baselink_to_laser'].
1791023133.8184266 [ERROR] [taskset-2]: process has died [pid 397376, exit code -2, cmd 'taskset -c 0,1 /opt/ros/jazzy/lib/robot_localization/ekf_node --ros-args -r __node:=ekf_global_filter_node -r __ns:=/ekf_global --params-file /home/andre/dev_ws/f1tenth_more/install/f1tenth_bringup/share/f1tenth_bringup/config/ekf_global.yaml'].
1791023133.8189447 [ERROR] [taskset-1]: process has died [pid 397375, exit code -2, cmd 'taskset -c 0,1 /opt/ros/jazzy/lib/robot_localization/ekf_node --ros-args -r __node:=ekf_filter_node --params-file /home/andre/dev_ws/f1tenth_more/install/f1tenth_bringup/share/f1tenth_bringup/config/ekf.yaml'].
1791023133.9915233 [ERROR] [joint_state_publisher-6]: process has died [pid 397380, exit code -2, cmd '/opt/ros/jazzy/lib/joint_state_publisher/joint_state_publisher --ros-args -r __node:=joint_state_publisher --params-file /tmp/launch_params_wezzwl33'].
1791023136.0651743 [INFO] [robot_state_publisher-5]: process has finished cleanly [pid 397379]
