[INFO] [1791020038.328452570] [map_server]: 
	map_server lifecycle node launched. 
	Waiting on external lifecycle transitions to activate
	See https://design.ros2.org/articles/node_lifecycle.html for more information.
[INFO] [1791020038.328724819] [map_server]: Creating
[INFO] [1791020038.980297496] [map_server]: Configuring
[INFO] [1791020038.980499588] [map_io]: Loading yaml file: /home/andre/dev_ws/f1tenth_more/install/f1tenth_navigation/share/f1tenth_navigation/maps/square_100m.yaml
[INFO] [1791020038.981064772] [map_io]: resolution: 0.05
[INFO] [1791020038.981081161] [map_io]: origin[0]: -50
[INFO] [1791020038.981084393] [map_io]: origin[1]: -50
[INFO] [1791020038.981086726] [map_io]: origin[2]: 0
[INFO] [1791020038.981089180] [map_io]: free_thresh: 0.196
[INFO] [1791020038.981091393] [map_io]: occupied_thresh: 0.65
[INFO] [1791020038.981096893] [map_io]: mode: trinary
[INFO] [1791020038.981101393] [map_io]: negate: 0
[INFO] [1791020038.981511763] [map_io]: Loading image_file: /home/andre/dev_ws/f1tenth_more/install/f1tenth_navigation/share/f1tenth_navigation/maps/square_100m.pgm
[INFO] [1791020039.089434508] [map_io]: Read map /home/andre/dev_ws/f1tenth_more/install/f1tenth_navigation/share/f1tenth_navigation/maps/square_100m.pgm: 2000 X 2000 map @ 0.05 m/cell
[INFO] [1791020039.593728804] [map_server]: Activating
[INFO] [1791020039.598260421] [map_server]: Creating bond (map_server) to lifecycle manager.
[INFO] [1791020081.520720852] [rclcpp]: signal_handler(SIGINT/SIGTERM)
[INFO] [1791020081.520999935] [map_server]: Running Nav2 LifecycleNode rcl preshutdown (map_server)
[INFO] [1791020081.521180231] [map_server]: Deactivating
[INFO] [1791020081.521203286] [map_server]: Destroying bond (map_server) to lifecycle manager.
[INFO] [1791020081.533347869] [map_server]: Cleaning up
[INFO] [1791020081.533571063] [map_server]: Destroying bond (map_server) to lifecycle manager.
