[WARN] [1791018052.933499002] [component_supervisor_node]: [component_supervisor] FastDDS SHM sweep (startup): found 45 fastrtps file(s) (16 still in use, 29 orphaned) -- removed 29/29 orphaned file(s). Sample removed: ['/dev/shm/fastrtps_20b0e3aa5ab38f7f', '/dev/shm/fastrtps_20b0e3aa5ab38f7f_el', '/dev/shm/fastrtps_287ff9860bd7b4ac', '/dev/shm/fastrtps_72e308a4b2365ef8', '/dev/shm/fastrtps_72e308a4b2365ef8_el'].
[INFO] [1791018053.037097939] [component_supervisor_node]: [component_supervisor] Registry: ['behavior', 'calibrate_hardware', 'control', 'dev_tools', 'diagnostics', 'hardware', 'intelligence', 'lidar_front_wall', 'localization', 'navigation', 'obstacle_clearance', 'perception', 'slam', 'startup_sequence', 'swept_clearance', 'wall_distance']. Auto-starting: ['behavior', 'control', 'dev_tools', 'diagnostics', 'hardware', 'lidar_front_wall', 'localization', 'navigation', 'obstacle_clearance', 'perception', 'slam', 'swept_clearance', 'wall_distance']. Log dir: /home/andre/dev_ws/f1tenth_more/output/phase5/step4/supervisor
[INFO] [1791018053.039378630] [component_supervisor_node]: [component_supervisor] Started 'obstacle_clearance': ros2 launch f1tenth_perception obstacle_clearance.launch.py (pid 352092, log: /home/andre/dev_ws/f1tenth_more/output/phase5/step4/supervisor/f1tenth_perception_obstacle_clearance.launch.py.log)
[INFO] [1791018053.040809091] [component_supervisor_node]: [component_supervisor] Started 'slam': ros2 launch f1tenth_navigation slam.launch.py (pid 352093, log: /home/andre/dev_ws/f1tenth_more/output/phase5/step4/supervisor/f1tenth_navigation_slam.launch.py.log)
[INFO] [1791018053.041869256] [component_supervisor_node]: [component_supervisor] Started 'slam': ros2 launch f1tenth_costmap costmap.launch.py (pid 352094, log: /home/andre/dev_ws/f1tenth_more/output/phase5/step4/supervisor/f1tenth_costmap_costmap.launch.py.log)
[INFO] [1791018053.043149291] [component_supervisor_node]: [component_supervisor] Started 'control': ros2 launch f1tenth_control ackermann_mux.launch.py (pid 352095, log: /home/andre/dev_ws/f1tenth_more/output/phase5/step4/supervisor/f1tenth_control_ackermann_mux.launch.py.log)
[INFO] [1791018053.045199872] [component_supervisor_node]: [component_supervisor] Started 'navigation': ros2 launch f1tenth_navigation navigation.launch.py (pid 352096, log: /home/andre/dev_ws/f1tenth_more/output/phase5/step4/supervisor/f1tenth_navigation_navigation.launch.py.log)
[INFO] [1791018053.046532601] [component_supervisor_node]: [component_supervisor] Started 'swept_clearance': ros2 launch f1tenth_perception swept_clearance.launch.py (pid 352097, log: /home/andre/dev_ws/f1tenth_more/output/phase5/step4/supervisor/f1tenth_perception_swept_clearance.launch.py.log)
[INFO] [1791018053.047574007] [component_supervisor_node]: [component_supervisor] Started 'behavior': ros2 launch f1tenth_behavior behavior_bringup.launch.py (pid 352098, log: /home/andre/dev_ws/f1tenth_more/output/phase5/step4/supervisor/f1tenth_behavior_behavior_bringup.launch.py.log)
[INFO] [1791018053.048936330] [component_supervisor_node]: [component_supervisor] Started 'wall_distance': ros2 launch f1tenth_perception wall_distance.launch.py (pid 352099, log: /home/andre/dev_ws/f1tenth_more/output/phase5/step4/supervisor/f1tenth_perception_wall_distance.launch.py.log)
[INFO] [1791018053.050551105] [component_supervisor_node]: [component_supervisor] Started 'diagnostics': ros2 launch f1tenth_diagnostics system_observer.launch.py (pid 352100, log: /home/andre/dev_ws/f1tenth_more/output/phase5/step4/supervisor/f1tenth_diagnostics_system_observer.launch.py.log)
[INFO] [1791018053.051459891] [component_supervisor_node]: [component_supervisor] Started 'diagnostics': ros2 launch f1tenth_diagnostics diagnostics_server.launch.py (pid 352101, log: /home/andre/dev_ws/f1tenth_more/output/phase5/step4/supervisor/f1tenth_diagnostics_diagnostics_server.launch.py.log)
[INFO] [1791018053.052570472] [component_supervisor_node]: [component_supervisor] Started 'diagnostics': ros2 launch f1tenth_logger mission_logger.launch.py mission_logger_runs_dir:=/home/andre/dev_ws/f1tenth_more/output/phase5/step4/runs (pid 352102, log: /home/andre/dev_ws/f1tenth_more/output/phase5/step4/supervisor/f1tenth_logger_mission_logger.launch.py.log)
[INFO] [1791018053.054207841] [component_supervisor_node]: [component_supervisor] Started 'lidar_front_wall': ros2 launch f1tenth_perception lidar_front_wall.launch.py (pid 352103, log: /home/andre/dev_ws/f1tenth_more/output/phase5/step4/supervisor/f1tenth_perception_lidar_front_wall.launch.py.log)
[INFO] [1791018053.059040917] [component_supervisor_node]: [component_supervisor] Started 'localization': ros2 launch f1tenth_localization localization.launch.py (pid 352104, log: /home/andre/dev_ws/f1tenth_more/output/phase5/step4/supervisor/f1tenth_localization_localization.launch.py.log)
[INFO] [1791018053.060519618] [component_supervisor_node]: [component_supervisor] Started 'dev_tools': ros2 launch f1tenth_bringup foxglove_bridge.launch.py (pid 352105, log: /home/andre/dev_ws/f1tenth_more/output/phase5/step4/supervisor/f1tenth_bringup_foxglove_bridge.launch.py.log)
[WARN] [1791018201.087155547] [component_supervisor_node]: [component_supervisor] 'localization' (localization.launch.py) crashed (exit -9) -- auto-respawning.
[WARN] [1791018229.086746229] [component_supervisor_node]: [component_supervisor] 'navigation' (navigation.launch.py) crashed (exit -9) -- auto-respawning.
[WARN] [1791018257.086063404] [component_supervisor_node]: [component_supervisor] 'diagnostics' (system_observer.launch.py) crashed (exit -9) -- auto-respawning.
[WARN] [1791018257.091399221] [component_supervisor_node]: [component_supervisor] 'diagnostics' (diagnostics_server.launch.py) crashed (exit -9) -- auto-respawning.
[WARN] [1791018257.100475595] [component_supervisor_node]: [component_supervisor] 'diagnostics' (mission_logger.launch.py) crashed (exit -9) -- auto-respawning.
[INFO] [1791018285.085792591] [component_supervisor_node]: [component_supervisor] Received signal 2 -- shutting down all tracked components.
[INFO] [1791018285.086598813] [component_supervisor_node]: [component_supervisor] Shutting down -- stopping all components.
[INFO] [1791018286.397317133] [component_supervisor_node]: [component_supervisor] 'slam' (costmap.launch.py): clean SIGINT exit in 0.4s
[INFO] [1791018286.398143919] [component_supervisor_node]: [component_supervisor] 'control' (ackermann_mux.launch.py): clean SIGINT exit in 0.4s
[INFO] [1791018286.398745298] [component_supervisor_node]: [component_supervisor] 'behavior' (behavior_bringup.launch.py): clean SIGINT exit in 0.4s
[INFO] [1791018286.399296639] [component_supervisor_node]: [component_supervisor] 'diagnostics' (mission_logger.launch.py): clean SIGINT exit in 0.4s
[INFO] [1791018286.399838981] [component_supervisor_node]: [component_supervisor] 'slam' (slam.launch.py): clean SIGINT exit in 0.5s
[INFO] [1791018286.400380055] [component_supervisor_node]: [component_supervisor] 'navigation' (navigation.launch.py): clean SIGINT exit in 0.5s
[INFO] [1791018286.400920008] [component_supervisor_node]: [component_supervisor] 'diagnostics' (system_observer.launch.py): clean SIGINT exit in 0.5s
[INFO] [1791018286.401456516] [component_supervisor_node]: [component_supervisor] 'diagnostics' (diagnostics_server.launch.py): clean SIGINT exit in 0.5s
[INFO] [1791018286.401991774] [component_supervisor_node]: [component_supervisor] 'obstacle_clearance' (obstacle_clearance.launch.py): clean SIGINT exit in 0.7s
[INFO] [1791018286.402541895] [component_supervisor_node]: [component_supervisor] 'swept_clearance' (swept_clearance.launch.py): clean SIGINT exit in 0.7s
[INFO] [1791018286.403079718] [component_supervisor_node]: [component_supervisor] 'dev_tools' (foxglove_bridge.launch.py): clean SIGINT exit in 0.7s
[INFO] [1791018286.403615068] [component_supervisor_node]: [component_supervisor] 'wall_distance' (wall_distance.launch.py): clean SIGINT exit in 0.8s
[INFO] [1791018286.404154030] [component_supervisor_node]: [component_supervisor] 'lidar_front_wall' (lidar_front_wall.launch.py): clean SIGINT exit in 0.8s
[INFO] [1791018286.404689983] [component_supervisor_node]: [component_supervisor] 'localization' (localization.launch.py): clean SIGINT exit in 1.3s
[WARN] [1791018286.443972278] [component_supervisor_node]: [component_supervisor] FastDDS SHM sweep (shutdown): found 144 fastrtps file(s) (23 still in use, 121 orphaned) -- removed 121/121 orphaned file(s). Sample removed: ['/dev/shm/fastrtps_653c2fda0e5fe6b2_el', '/dev/shm/fastrtps_6c601efa49495467_el', '/dev/shm/fastrtps_dc2eddc0ba12c70d_el', '/dev/shm/fastrtps_port28661', '/dev/shm/fastrtps_port28665_el'].
