[INFO] [launch]: All log files can be found below /home/andre/dev_ws/f1tenth_more/output/fix_batch_5/watchdog_live/failing/ros_log/2026-10-04-06-13-29-994246-thor-844184
[INFO] [launch]: Default logging verbosity is set to INFO
[INFO] [fastdds_discovery_server-1]: process started with pid [844215]
[INFO] [component_supervisor_node-2]: process started with pid [844216]
[fastdds_discovery_server-1] [ensure_discovery_server] 127.0.0.1:11811 is free -- starting a fresh fastdds discovery server.
[fastdds_discovery_server-1] ### Server is running ###
[fastdds_discovery_server-1]   Participant Type:   SERVER
[fastdds_discovery_server-1]   Security:           NO
[fastdds_discovery_server-1]   Server ID:          0
[fastdds_discovery_server-1]   Server GUID prefix: 44.53.00.5f.45.50.52.4f.53.49.4d.41
[fastdds_discovery_server-1]   Server Addresses:   UDPv4:[127.0.0.1]:11811
[component_supervisor_node-2] [WARN] [1791087210.622850696] [component_supervisor_node]: [component_supervisor] FastDDS SHM sweep (startup): found 47 fastrtps file(s) (16 still in use, 31 orphaned) -- removed 7/31 orphaned file(s). Sample removed: ['/dev/shm/fastrtps_22744dee65f3a557', '/dev/shm/fastrtps_22744dee65f3a557_el', '/dev/shm/sem.fastrtps_port28661_mutex', '/dev/shm/sem.fastrtps_port28663_mutex', '/dev/shm/sem.fastrtps_port7000_mutex'].
[component_supervisor_node-2] [WARN] [1791087210.623367277] [component_supervisor_node]: [component_supervisor] FastDDS SHM sweep (startup): failed to remove 24 file(s): [('/dev/shm/fastrtps_7407d0862be81302', "[Errno 1] Operation not permitted: '/dev/shm/fastrtps_7407d0862be81302'"), ('/dev/shm/fastrtps_7407d0862be81302_el', "[Errno 1] Operation not permitted: '/dev/shm/fastrtps_7407d0862be81302_el'"), ('/dev/shm/fastrtps_9cd56be4590cf61f', "[Errno 1] Operation not permitted: '/dev/shm/fastrtps_9cd56be4590cf61f'"), ('/dev/shm/fastrtps_9cd56be4590cf61f_el', "[Errno 1] Operation not permitted: '/dev/shm/fastrtps_9cd56be4590cf61f_el'"), ('/dev/shm/fastrtps_port31165', "[Errno 1] Operation not permitted: '/dev/shm/fastrtps_port31165'")].
[component_supervisor_node-2] [INFO] [1791087210.731428283] [component_supervisor_node]: [component_supervisor] Registry: ['behavior', 'calibrate_hardware', 'control', 'dev_tools', 'diagnostics', 'hardware', 'intelligence', 'lidar_front_wall', 'localization', 'navigation', 'obstacle_clearance', 'perception', 'slam', 'startup_sequence', 'swept_clearance', 'wall_distance']. Auto-starting: ['behavior', 'control', 'dev_tools', 'diagnostics', 'hardware', 'lidar_front_wall', 'localization', 'navigation', 'obstacle_clearance', 'perception', 'slam', 'swept_clearance', 'wall_distance']. Log dir: /home/andre/dev_ws/f1tenth_more/output/fix_batch_5/watchdog_live/failing/supervisor
[component_supervisor_node-2] [INFO] [1791087210.733846159] [component_supervisor_node]: [component_supervisor] Started 'behavior': ros2 launch f1tenth_behavior behavior_bringup.launch.py (pid 844256, log: /home/andre/dev_ws/f1tenth_more/output/fix_batch_5/watchdog_live/failing/supervisor/f1tenth_behavior_behavior_bringup.launch.py.log)
[component_supervisor_node-2] [INFO] [1791087210.735691990] [component_supervisor_node]: [component_supervisor] Started 'wall_distance': ros2 launch f1tenth_perception wall_distance.launch.py (pid 844257, log: /home/andre/dev_ws/f1tenth_more/output/fix_batch_5/watchdog_live/failing/supervisor/f1tenth_perception_wall_distance.launch.py.log)
[component_supervisor_node-2] [INFO] [1791087210.736938715] [component_supervisor_node]: [component_supervisor] Started 'navigation': ros2 launch f1tenth_navigation navigation.launch.py (pid 844258, log: /home/andre/dev_ws/f1tenth_more/output/fix_batch_5/watchdog_live/failing/supervisor/f1tenth_navigation_navigation.launch.py.log)
[component_supervisor_node-2] [INFO] [1791087210.737839816] [component_supervisor_node]: [component_supervisor] Started 'slam': ros2 launch f1tenth_navigation slam.launch.py (pid 844259, log: /home/andre/dev_ws/f1tenth_more/output/fix_batch_5/watchdog_live/failing/supervisor/f1tenth_navigation_slam.launch.py.log)
[component_supervisor_node-2] [INFO] [1791087210.738451471] [component_supervisor_node]: [component_supervisor] Started 'slam': ros2 launch f1tenth_costmap costmap.launch.py (pid 844260, log: /home/andre/dev_ws/f1tenth_more/output/fix_batch_5/watchdog_live/failing/supervisor/f1tenth_costmap_costmap.launch.py.log)
[component_supervisor_node-2] [INFO] [1791087210.739437802] [component_supervisor_node]: [component_supervisor] Started 'localization': ros2 launch f1tenth_localization localization.launch.py (pid 844261, log: /home/andre/dev_ws/f1tenth_more/output/fix_batch_5/watchdog_live/failing/supervisor/f1tenth_localization_localization.launch.py.log)
[component_supervisor_node-2] [INFO] [1791087210.740611861] [component_supervisor_node]: [component_supervisor] Started 'control': ros2 launch f1tenth_control ackermann_mux.launch.py (pid 844262, log: /home/andre/dev_ws/f1tenth_more/output/fix_batch_5/watchdog_live/failing/supervisor/f1tenth_control_ackermann_mux.launch.py.log)
[component_supervisor_node-2] [INFO] [1791087210.741509796] [component_supervisor_node]: [component_supervisor] Started 'swept_clearance': ros2 launch f1tenth_perception swept_clearance.launch.py (pid 844263, log: /home/andre/dev_ws/f1tenth_more/output/fix_batch_5/watchdog_live/failing/supervisor/f1tenth_perception_swept_clearance.launch.py.log)
[component_supervisor_node-2] [INFO] [1791087210.743056282] [component_supervisor_node]: [component_supervisor] Started 'lidar_front_wall': ros2 launch f1tenth_perception lidar_front_wall.launch.py (pid 844264, log: /home/andre/dev_ws/f1tenth_more/output/fix_batch_5/watchdog_live/failing/supervisor/f1tenth_perception_lidar_front_wall.launch.py.log)
[component_supervisor_node-2] [INFO] [1791087210.744322275] [component_supervisor_node]: [component_supervisor] Started 'dev_tools': ros2 launch f1tenth_bringup foxglove_bridge.launch.py (pid 844265, log: /home/andre/dev_ws/f1tenth_more/output/fix_batch_5/watchdog_live/failing/supervisor/f1tenth_bringup_foxglove_bridge.launch.py.log)
[component_supervisor_node-2] [INFO] [1791087210.745351115] [component_supervisor_node]: [component_supervisor] Started 'obstacle_clearance': ros2 launch f1tenth_perception obstacle_clearance.launch.py (pid 844266, log: /home/andre/dev_ws/f1tenth_more/output/fix_batch_5/watchdog_live/failing/supervisor/f1tenth_perception_obstacle_clearance.launch.py.log)
[component_supervisor_node-2] [INFO] [1791087210.746328836] [component_supervisor_node]: [component_supervisor] Started 'diagnostics': ros2 launch f1tenth_diagnostics system_observer.launch.py (pid 844267, log: /home/andre/dev_ws/f1tenth_more/output/fix_batch_5/watchdog_live/failing/supervisor/f1tenth_diagnostics_system_observer.launch.py.log)
[component_supervisor_node-2] [INFO] [1791087210.751038840] [component_supervisor_node]: [component_supervisor] Started 'diagnostics': ros2 launch f1tenth_diagnostics diagnostics_server.launch.py (pid 844268, log: /home/andre/dev_ws/f1tenth_more/output/fix_batch_5/watchdog_live/failing/supervisor/f1tenth_diagnostics_diagnostics_server.launch.py.log)
[component_supervisor_node-2] [INFO] [1791087210.752847459] [component_supervisor_node]: [component_supervisor] Started 'diagnostics': ros2 launch f1tenth_logger mission_logger.launch.py mission_logger_runs_dir:=/home/andre/dev_ws/f1tenth_more/output/fix_batch_5/watchdog_live/failing/runs (pid 844269, log: /home/andre/dev_ws/f1tenth_more/output/fix_batch_5/watchdog_live/failing/supervisor/f1tenth_logger_mission_logger.launch.py.log)
[component_supervisor_node-2] [INFO] [1791087210.990768759] [component_supervisor_node]: [health] topic-liveness watchdog enforce: watching ['behavior', 'control', 'diagnostics', 'lidar_front_wall', 'localization', 'navigation', 'obstacle_clearance', 'slam', 'swept_clearance', 'wall_distance'] on 18 topics
[component_supervisor_node-2] [ERROR] [1791087237.492115687] [component_supervisor_node]: [health] 'swept_clearance' LIVENESS FAILURE: /perception/swept_clearance/never: no message for 3.5 s (max 0.5 s) while its input is fresh (/scan 0.0 s) -- restarting swept_clearance.launch.py (watchdog restart 1/3)
[component_supervisor_node-2] [ERROR] [1791087238.112412146] [component_supervisor_node]: [health] 'swept_clearance' (swept_clearance.launch.py) restarted by the liveness watchdog -- swept_clearance.launch.py: clean SIGINT exit in 0.6s; new pid 845570
[component_supervisor_node-2] [ERROR] [1791087261.992236431] [component_supervisor_node]: [health] 'swept_clearance' LIVENESS FAILURE: /perception/swept_clearance/never: no message for 23.9 s (max 0.5 s) while its input is fresh (/scan 0.0 s) -- restarting swept_clearance.launch.py (watchdog restart 2/3)
[component_supervisor_node-2] [ERROR] [1791087262.663253361] [component_supervisor_node]: [health] 'swept_clearance' (swept_clearance.launch.py) restarted by the liveness watchdog -- swept_clearance.launch.py: clean SIGINT exit in 0.7s; new pid 845811
[component_supervisor_node-2] [ERROR] [1791087285.991963551] [component_supervisor_node]: [health] 'swept_clearance' LIVENESS FAILURE: /perception/swept_clearance/never: no message for 23.3 s (max 0.5 s) while its input is fresh (/scan 0.0 s) -- restarting swept_clearance.launch.py (watchdog restart 3/3)
[component_supervisor_node-2] [ERROR] [1791087286.562364196] [component_supervisor_node]: [health] 'swept_clearance' (swept_clearance.launch.py) restarted by the liveness watchdog -- swept_clearance.launch.py: clean SIGINT exit in 0.6s; new pid 845943
[component_supervisor_node-2] [ERROR] [1791087310.491955389] [component_supervisor_node]: [health] 'swept_clearance' FAILED: still failing after 3 watchdog restarts without being healthy for 10 s in between: /perception/swept_clearance/never: no message for 23.9 s (max 0.5 s) while its input is fresh (/scan 0.0 s). Not restarting it again; ~/control_component START or RESTART resets this.
[component_supervisor_node-2] [ERROR] [1791087373.492014148] [component_supervisor_node]: [health] 'slam' LIVENESS FAILURE: /slam/map: no message for 18.5 s (max 15 s) while its input is fresh (/scan 0.0 s) -- restarting slam.launch.py (watchdog restart 1/3)
[component_supervisor_node-2] [ERROR] [1791087374.414170836] [component_supervisor_node]: [health] 'slam' (slam.launch.py) restarted by the liveness watchdog -- slam.launch.py: clean SIGINT exit in 0.9s; new pid 846400
[WARNING] [launch]: user interrupted with ctrl-c (SIGINT)
[INFO] [component_supervisor_node-2]: sending signal 'SIGINT' to process[component_supervisor_node-2]
[INFO] [fastdds_discovery_server-1]: sending signal 'SIGINT' to process[fastdds_discovery_server-1]
[component_supervisor_node-2] [INFO] [1791087411.922533069] [component_supervisor_node]: [component_supervisor] Received signal 2 -- shutting down all tracked components.
[component_supervisor_node-2] [INFO] [1791087411.923300835] [component_supervisor_node]: [component_supervisor] Shutting down -- stopping all components.
[component_supervisor_node-2] [INFO] [1791087415.238028067] [component_supervisor_node]: [component_supervisor] 'control' (ackermann_mux.launch.py): clean SIGINT exit in 0.2s
[component_supervisor_node-2] [INFO] [1791087415.238863471] [component_supervisor_node]: [component_supervisor] 'diagnostics' (diagnostics_server.launch.py): clean SIGINT exit in 2.6s
[component_supervisor_node-2] [INFO] [1791087415.239429592] [component_supervisor_node]: [component_supervisor] 'diagnostics' (mission_logger.launch.py): clean SIGINT exit in 2.6s
[component_supervisor_node-2] [INFO] [1791087415.239973288] [component_supervisor_node]: [component_supervisor] 'slam' (costmap.launch.py): clean SIGINT exit in 2.7s
[component_supervisor_node-2] [INFO] [1791087415.240516779] [component_supervisor_node]: [component_supervisor] 'localization' (localization.launch.py): clean SIGINT exit in 2.7s
[component_supervisor_node-2] [INFO] [1791087415.241054410] [component_supervisor_node]: [component_supervisor] 'diagnostics' (system_observer.launch.py): clean SIGINT exit in 2.7s
[component_supervisor_node-2] [INFO] [1791087415.241591300] [component_supervisor_node]: [component_supervisor] 'obstacle_clearance' (obstacle_clearance.launch.py): clean SIGINT exit in 2.8s
[component_supervisor_node-2] [INFO] [1791087415.242132394] [component_supervisor_node]: [component_supervisor] 'behavior' (behavior_bringup.launch.py): clean SIGINT exit in 2.9s
[component_supervisor_node-2] [INFO] [1791087415.242694681] [component_supervisor_node]: [component_supervisor] 'wall_distance' (wall_distance.launch.py): clean SIGINT exit in 2.9s
[component_supervisor_node-2] [INFO] [1791087415.243233895] [component_supervisor_node]: [component_supervisor] 'navigation' (navigation.launch.py): clean SIGINT exit in 2.9s
[component_supervisor_node-2] [INFO] [1791087415.243771619] [component_supervisor_node]: [component_supervisor] 'swept_clearance' (swept_clearance.launch.py): clean SIGINT exit in 2.9s
[component_supervisor_node-2] [INFO] [1791087415.244309629] [component_supervisor_node]: [component_supervisor] 'lidar_front_wall' (lidar_front_wall.launch.py): clean SIGINT exit in 2.9s
[component_supervisor_node-2] [INFO] [1791087415.244852092] [component_supervisor_node]: [component_supervisor] 'slam' (slam.launch.py): clean SIGINT exit in 3.0s
[component_supervisor_node-2] [INFO] [1791087415.245387510] [component_supervisor_node]: [component_supervisor] 'dev_tools' (foxglove_bridge.launch.py): clean SIGINT exit in 3.3s
[component_supervisor_node-2] [WARN] [1791087415.291020750] [component_supervisor_node]: [component_supervisor] FastDDS SHM sweep (shutdown): found 156 fastrtps file(s) (20 still in use, 136 orphaned) -- removed 112/136 orphaned file(s). Sample removed: ['/dev/shm/fastrtps_port28661', '/dev/shm/fastrtps_port28665', '/dev/shm/fastrtps_port28665_el', '/dev/shm/fastrtps_port28667', '/dev/shm/fastrtps_port28669'].
[component_supervisor_node-2] [WARN] [1791087415.291800711] [component_supervisor_node]: [component_supervisor] FastDDS SHM sweep (shutdown): failed to remove 24 file(s): [('/dev/shm/fastrtps_7407d0862be81302', "[Errno 1] Operation not permitted: '/dev/shm/fastrtps_7407d0862be81302'"), ('/dev/shm/fastrtps_7407d0862be81302_el', "[Errno 1] Operation not permitted: '/dev/shm/fastrtps_7407d0862be81302_el'"), ('/dev/shm/fastrtps_9cd56be4590cf61f', "[Errno 1] Operation not permitted: '/dev/shm/fastrtps_9cd56be4590cf61f'"), ('/dev/shm/fastrtps_9cd56be4590cf61f_el', "[Errno 1] Operation not permitted: '/dev/shm/fastrtps_9cd56be4590cf61f_el'"), ('/dev/shm/fastrtps_port31165', "[Errno 1] Operation not permitted: '/dev/shm/fastrtps_port31165'")].
[INFO] [component_supervisor_node-2]: process has finished cleanly [pid 844216]
[ERROR] [fastdds_discovery_server-1]: process[fastdds_discovery_server-1] failed to terminate '5' seconds after receiving 'SIGINT', escalating to 'SIGTERM'
[INFO] [fastdds_discovery_server-1]: sending signal 'SIGTERM' to process[fastdds_discovery_server-1]
[ERROR] [fastdds_discovery_server-1]: process has died [pid 844215, exit code -15, cmd 'python3 /home/andre/dev_ws/f1tenth_more/install/f1tenth_bringup/share/f1tenth_bringup/scripts/ensure_discovery_server.py 127.0.0.1 11811'].
