[INFO] [launch]: All log files can be found below /home/andre/dev_ws/f1tenth_more/output/fix_batch_4/isolation/baseline/run_06/ros_log/2026-10-03-16-23-49-341363-thor-459831
[INFO] [launch]: Default logging verbosity is set to INFO
[INFO] [fastdds_discovery_server-1]: process started with pid [459889]
[INFO] [component_supervisor_node-2]: process started with pid [459890]
[fastdds_discovery_server-1] [ensure_discovery_server] 127.0.0.1:11811 already has a live listener (an earlier session's server, deliberately still running by design -- see stack_params.yaml's own discovery_server_address/_port comment) -- reusing it, not starting a duplicate. This process will now idle harmlessly for the life of this launch.
[component_supervisor_node-2] [WARN] [1791037429.980265984] [component_supervisor_node]: [component_supervisor] FastDDS SHM sweep (startup): found 34 fastrtps file(s) (23 still in use, 11 orphaned) -- removed 9/11 orphaned file(s). Sample removed: ['/dev/shm/fastrtps_c5c81fc87dc961f2', '/dev/shm/fastrtps_c5c81fc87dc961f2_el', '/dev/shm/sem.fastrtps_port28661_mutex', '/dev/shm/sem.fastrtps_port28663_mutex', '/dev/shm/sem.fastrtps_port28665_mutex'].
[component_supervisor_node-2] [WARN] [1791037429.980844835] [component_supervisor_node]: [component_supervisor] FastDDS SHM sweep (startup): failed to remove 2 file(s): [('/dev/shm/fastrtps_port28687', "[Errno 2] No such file or directory: '/dev/shm/fastrtps_port28687'"), ('/dev/shm/sem.fastrtps_port28687_mutex', "[Errno 2] No such file or directory: '/dev/shm/sem.fastrtps_port28687_mutex'")].
[component_supervisor_node-2] [INFO] [1791037430.086831977] [component_supervisor_node]: [component_supervisor] Registry: ['behavior', 'calibrate_hardware', 'control', 'dev_tools', 'diagnostics', 'hardware', 'intelligence', 'lidar_front_wall', 'localization', 'navigation', 'obstacle_clearance', 'perception', 'slam', 'startup_sequence', 'swept_clearance', 'wall_distance']. Auto-starting: ['behavior', 'control', 'dev_tools', 'diagnostics', 'hardware', 'lidar_front_wall', 'localization', 'navigation', 'obstacle_clearance', 'perception', 'slam', 'swept_clearance', 'wall_distance']. Log dir: /home/andre/dev_ws/f1tenth_more/output/fix_batch_4/isolation/baseline/run_06/supervisor
[component_supervisor_node-2] [INFO] [1791037430.088653315] [component_supervisor_node]: [component_supervisor] Started 'wall_distance': ros2 launch f1tenth_perception wall_distance.launch.py (pid 459919, log: /home/andre/dev_ws/f1tenth_more/output/fix_batch_4/isolation/baseline/run_06/supervisor/f1tenth_perception_wall_distance.launch.py.log)
[component_supervisor_node-2] [INFO] [1791037430.089749894] [component_supervisor_node]: [component_supervisor] Started 'diagnostics': ros2 launch f1tenth_diagnostics system_observer.launch.py (pid 459920, log: /home/andre/dev_ws/f1tenth_more/output/fix_batch_4/isolation/baseline/run_06/supervisor/f1tenth_diagnostics_system_observer.launch.py.log)
[component_supervisor_node-2] [INFO] [1791037430.090641735] [component_supervisor_node]: [component_supervisor] Started 'diagnostics': ros2 launch f1tenth_diagnostics diagnostics_server.launch.py (pid 459921, log: /home/andre/dev_ws/f1tenth_more/output/fix_batch_4/isolation/baseline/run_06/supervisor/f1tenth_diagnostics_diagnostics_server.launch.py.log)
[component_supervisor_node-2] [INFO] [1791037430.091853333] [component_supervisor_node]: [component_supervisor] Started 'diagnostics': ros2 launch f1tenth_logger mission_logger.launch.py mission_logger_runs_dir:=/home/andre/dev_ws/f1tenth_more/output/fix_batch_4/isolation/baseline/run_06/runs (pid 459922, log: /home/andre/dev_ws/f1tenth_more/output/fix_batch_4/isolation/baseline/run_06/supervisor/f1tenth_logger_mission_logger.launch.py.log)
[component_supervisor_node-2] [INFO] [1791037430.093604504] [component_supervisor_node]: [component_supervisor] Started 'swept_clearance': ros2 launch f1tenth_perception swept_clearance.launch.py (pid 459923, log: /home/andre/dev_ws/f1tenth_more/output/fix_batch_4/isolation/baseline/run_06/supervisor/f1tenth_perception_swept_clearance.launch.py.log)
[component_supervisor_node-2] [INFO] [1791037430.095168527] [component_supervisor_node]: [component_supervisor] Started 'obstacle_clearance': ros2 launch f1tenth_perception obstacle_clearance.launch.py (pid 459924, log: /home/andre/dev_ws/f1tenth_more/output/fix_batch_4/isolation/baseline/run_06/supervisor/f1tenth_perception_obstacle_clearance.launch.py.log)
[component_supervisor_node-2] [INFO] [1791037430.096781485] [component_supervisor_node]: [component_supervisor] Started 'localization': ros2 launch f1tenth_localization localization.launch.py (pid 459925, log: /home/andre/dev_ws/f1tenth_more/output/fix_batch_4/isolation/baseline/run_06/supervisor/f1tenth_localization_localization.launch.py.log)
[component_supervisor_node-2] [INFO] [1791037430.097958045] [component_supervisor_node]: [component_supervisor] Started 'navigation': ros2 launch f1tenth_navigation navigation.launch.py (pid 459926, log: /home/andre/dev_ws/f1tenth_more/output/fix_batch_4/isolation/baseline/run_06/supervisor/f1tenth_navigation_navigation.launch.py.log)
[component_supervisor_node-2] [INFO] [1791037430.099389245] [component_supervisor_node]: [component_supervisor] Started 'lidar_front_wall': ros2 launch f1tenth_perception lidar_front_wall.launch.py (pid 459927, log: /home/andre/dev_ws/f1tenth_more/output/fix_batch_4/isolation/baseline/run_06/supervisor/f1tenth_perception_lidar_front_wall.launch.py.log)
[component_supervisor_node-2] [INFO] [1791037430.100840621] [component_supervisor_node]: [component_supervisor] Started 'control': ros2 launch f1tenth_control ackermann_mux.launch.py (pid 459928, log: /home/andre/dev_ws/f1tenth_more/output/fix_batch_4/isolation/baseline/run_06/supervisor/f1tenth_control_ackermann_mux.launch.py.log)
[component_supervisor_node-2] [INFO] [1791037430.101936812] [component_supervisor_node]: [component_supervisor] Started 'slam': ros2 launch f1tenth_navigation slam.launch.py (pid 459929, log: /home/andre/dev_ws/f1tenth_more/output/fix_batch_4/isolation/baseline/run_06/supervisor/f1tenth_navigation_slam.launch.py.log)
[component_supervisor_node-2] [INFO] [1791037430.102731633] [component_supervisor_node]: [component_supervisor] Started 'slam': ros2 launch f1tenth_costmap costmap.launch.py (pid 459930, log: /home/andre/dev_ws/f1tenth_more/output/fix_batch_4/isolation/baseline/run_06/supervisor/f1tenth_costmap_costmap.launch.py.log)
[component_supervisor_node-2] [INFO] [1791037430.104135120] [component_supervisor_node]: [component_supervisor] Started 'behavior': ros2 launch f1tenth_behavior behavior_bringup.launch.py (pid 459931, log: /home/andre/dev_ws/f1tenth_more/output/fix_batch_4/isolation/baseline/run_06/supervisor/f1tenth_behavior_behavior_bringup.launch.py.log)
[component_supervisor_node-2] [INFO] [1791037430.111072145] [component_supervisor_node]: [component_supervisor] Started 'dev_tools': ros2 launch f1tenth_bringup foxglove_bridge.launch.py (pid 459932, log: /home/andre/dev_ws/f1tenth_more/output/fix_batch_4/isolation/baseline/run_06/supervisor/f1tenth_bringup_foxglove_bridge.launch.py.log)
[WARNING] [launch]: user interrupted with ctrl-c (SIGINT)
[INFO] [component_supervisor_node-2]: sending signal 'SIGINT' to process[component_supervisor_node-2]
[INFO] [fastdds_discovery_server-1]: sending signal 'SIGINT' to process[fastdds_discovery_server-1]
[fastdds_discovery_server-1] Traceback (most recent call last):
[fastdds_discovery_server-1]   File "/home/andre/dev_ws/f1tenth_more/install/f1tenth_bringup/share/f1tenth_bringup/scripts/ensure_discovery_server.py", line 124, in <module>
[fastdds_discovery_server-1]     main()
[fastdds_discovery_server-1]   File "/home/andre/dev_ws/f1tenth_more/install/f1tenth_bringup/share/f1tenth_bringup/scripts/ensure_discovery_server.py", line 89, in main
[fastdds_discovery_server-1]     signal_wait.wait()
[fastdds_discovery_server-1]   File "/usr/lib/python3.12/subprocess.py", line 1264, in wait
[fastdds_discovery_server-1]     return self._wait(timeout=timeout)
[fastdds_discovery_server-1]            ^^^^^^^^^^^^^^^^^^^^^^^^^^^
[fastdds_discovery_server-1]   File "/usr/lib/python3.12/subprocess.py", line 2053, in _wait
[fastdds_discovery_server-1]     (pid, sts) = self._try_wait(0)
[fastdds_discovery_server-1]                  ^^^^^^^^^^^^^^^^^
[fastdds_discovery_server-1]   File "/usr/lib/python3.12/subprocess.py", line 2011, in _try_wait
[fastdds_discovery_server-1]     (pid, sts) = os.waitpid(self.pid, wait_flags)
[fastdds_discovery_server-1]                  ^^^^^^^^^^^^^^^^^^^^^^^^^^^^^^^^
[fastdds_discovery_server-1] KeyboardInterrupt
[ERROR] [fastdds_discovery_server-1]: process has died [pid 459889, exit code -2, cmd 'python3 /home/andre/dev_ws/f1tenth_more/install/f1tenth_bringup/share/f1tenth_bringup/scripts/ensure_discovery_server.py 127.0.0.1 11811'].
[component_supervisor_node-2] [INFO] [1791037476.122920687] [component_supervisor_node]: [component_supervisor] Received signal 2 -- shutting down all tracked components.
[component_supervisor_node-2] [INFO] [1791037476.123721452] [component_supervisor_node]: [component_supervisor] Shutting down -- stopping all components.
[ERROR] [component_supervisor_node-2]: process[component_supervisor_node-2] failed to terminate '5' seconds after receiving 'SIGINT', escalating to 'SIGTERM'
[INFO] [component_supervisor_node-2]: sending signal 'SIGTERM' to process[component_supervisor_node-2]
[component_supervisor_node-2] [WARN] [1791037479.726660262] [component_supervisor_node]: [component_supervisor] Received signal 15 while a shutdown was already in progress -- force-killing every tracked component immediately.
[component_supervisor_node-2] [WARN] [1791037480.079095892] [component_supervisor_node]: [component_supervisor] FastDDS SHM sweep (shutdown (force-kill)): found 138 fastrtps file(s) (26 still in use, 112 orphaned) -- removed 112/112 orphaned file(s). Sample removed: ['/dev/shm/fastrtps_27522a39067948ca_el', '/dev/shm/fastrtps_ed4b06274c1c6a31_el', '/dev/shm/fastrtps_port28663', '/dev/shm/fastrtps_port28667', '/dev/shm/fastrtps_port28669'].
[INFO] [component_supervisor_node-2]: process has finished cleanly [pid 459890]
