[INFO] [launch]: All log files can be found below /home/andre/dev_ws/f1tenth_more/output/fix_batch_4/isolation/fresh/run_01/ros_log/2026-10-03-16-46-28-061665-thor-502292
[INFO] [launch]: Default logging verbosity is set to INFO
[INFO] [fastdds_discovery_server-1]: process started with pid [502361]
[INFO] [component_supervisor_node-2]: process started with pid [502362]
[fastdds_discovery_server-1] [ensure_discovery_server] 127.0.0.1:11811 is free -- starting a fresh fastdds discovery server.
[fastdds_discovery_server-1] ### Server is running ###
[fastdds_discovery_server-1]   Participant Type:   SERVER
[fastdds_discovery_server-1]   Security:           NO
[fastdds_discovery_server-1]   Server ID:          0
[fastdds_discovery_server-1]   Server GUID prefix: 44.53.00.5f.45.50.52.4f.53.49.4d.41
[fastdds_discovery_server-1]   Server Addresses:   UDPv4:[127.0.0.1]:11811
[component_supervisor_node-2] [WARN] [1791038788.701874465] [component_supervisor_node]: [component_supervisor] FastDDS SHM sweep (startup): found 35 fastrtps file(s) (22 still in use, 13 orphaned) -- removed 13/13 orphaned file(s). Sample removed: ['/dev/shm/fastrtps_369848b1349f784b', '/dev/shm/fastrtps_369848b1349f784b_el', '/dev/shm/fastrtps_8539b37e3a489d7f', '/dev/shm/fastrtps_8539b37e3a489d7f_el', '/dev/shm/fastrtps_port28673'].
[component_supervisor_node-2] [INFO] [1791038788.803513613] [component_supervisor_node]: [component_supervisor] Registry: ['behavior', 'calibrate_hardware', 'control', 'dev_tools', 'diagnostics', 'hardware', 'intelligence', 'lidar_front_wall', 'localization', 'navigation', 'obstacle_clearance', 'perception', 'slam', 'startup_sequence', 'swept_clearance', 'wall_distance']. Auto-starting: ['behavior', 'control', 'dev_tools', 'diagnostics', 'hardware', 'lidar_front_wall', 'localization', 'navigation', 'obstacle_clearance', 'perception', 'slam', 'swept_clearance', 'wall_distance']. Log dir: /home/andre/dev_ws/f1tenth_more/output/fix_batch_4/isolation/fresh/run_01/supervisor
[component_supervisor_node-2] [INFO] [1791038788.805160531] [component_supervisor_node]: [component_supervisor] Started 'lidar_front_wall': ros2 launch f1tenth_perception lidar_front_wall.launch.py (pid 502405, log: /home/andre/dev_ws/f1tenth_more/output/fix_batch_4/isolation/fresh/run_01/supervisor/f1tenth_perception_lidar_front_wall.launch.py.log)
[component_supervisor_node-2] [INFO] [1791038788.806084689] [component_supervisor_node]: [component_supervisor] Started 'swept_clearance': ros2 launch f1tenth_perception swept_clearance.launch.py (pid 502406, log: /home/andre/dev_ws/f1tenth_more/output/fix_batch_4/isolation/fresh/run_01/supervisor/f1tenth_perception_swept_clearance.launch.py.log)
[component_supervisor_node-2] [INFO] [1791038788.807385477] [component_supervisor_node]: [component_supervisor] Started 'dev_tools': ros2 launch f1tenth_bringup foxglove_bridge.launch.py (pid 502407, log: /home/andre/dev_ws/f1tenth_more/output/fix_batch_4/isolation/fresh/run_01/supervisor/f1tenth_bringup_foxglove_bridge.launch.py.log)
[component_supervisor_node-2] [INFO] [1791038788.808575460] [component_supervisor_node]: [component_supervisor] Started 'obstacle_clearance': ros2 launch f1tenth_perception obstacle_clearance.launch.py (pid 502408, log: /home/andre/dev_ws/f1tenth_more/output/fix_batch_4/isolation/fresh/run_01/supervisor/f1tenth_perception_obstacle_clearance.launch.py.log)
[component_supervisor_node-2] [INFO] [1791038788.809498886] [component_supervisor_node]: [component_supervisor] Started 'control': ros2 launch f1tenth_control ackermann_mux.launch.py (pid 502409, log: /home/andre/dev_ws/f1tenth_more/output/fix_batch_4/isolation/fresh/run_01/supervisor/f1tenth_control_ackermann_mux.launch.py.log)
[component_supervisor_node-2] [INFO] [1791038788.810693461] [component_supervisor_node]: [component_supervisor] Started 'navigation': ros2 launch f1tenth_navigation navigation.launch.py (pid 502410, log: /home/andre/dev_ws/f1tenth_more/output/fix_batch_4/isolation/fresh/run_01/supervisor/f1tenth_navigation_navigation.launch.py.log)
[component_supervisor_node-2] [INFO] [1791038788.811549120] [component_supervisor_node]: [component_supervisor] Started 'wall_distance': ros2 launch f1tenth_perception wall_distance.launch.py (pid 502411, log: /home/andre/dev_ws/f1tenth_more/output/fix_batch_4/isolation/fresh/run_01/supervisor/f1tenth_perception_wall_distance.launch.py.log)
[component_supervisor_node-2] [INFO] [1791038788.812445741] [component_supervisor_node]: [component_supervisor] Started 'behavior': ros2 launch f1tenth_behavior behavior_bringup.launch.py (pid 502412, log: /home/andre/dev_ws/f1tenth_more/output/fix_batch_4/isolation/fresh/run_01/supervisor/f1tenth_behavior_behavior_bringup.launch.py.log)
[component_supervisor_node-2] [INFO] [1791038788.813695650] [component_supervisor_node]: [component_supervisor] Started 'diagnostics': ros2 launch f1tenth_diagnostics system_observer.launch.py (pid 502413, log: /home/andre/dev_ws/f1tenth_more/output/fix_batch_4/isolation/fresh/run_01/supervisor/f1tenth_diagnostics_system_observer.launch.py.log)
[component_supervisor_node-2] [INFO] [1791038788.814626113] [component_supervisor_node]: [component_supervisor] Started 'diagnostics': ros2 launch f1tenth_diagnostics diagnostics_server.launch.py (pid 502414, log: /home/andre/dev_ws/f1tenth_more/output/fix_batch_4/isolation/fresh/run_01/supervisor/f1tenth_diagnostics_diagnostics_server.launch.py.log)
[component_supervisor_node-2] [INFO] [1791038788.815381123] [component_supervisor_node]: [component_supervisor] Started 'diagnostics': ros2 launch f1tenth_logger mission_logger.launch.py mission_logger_runs_dir:=/home/andre/dev_ws/f1tenth_more/output/fix_batch_4/isolation/fresh/run_01/runs (pid 502415, log: /home/andre/dev_ws/f1tenth_more/output/fix_batch_4/isolation/fresh/run_01/supervisor/f1tenth_logger_mission_logger.launch.py.log)
[component_supervisor_node-2] [INFO] [1791038788.816290948] [component_supervisor_node]: [component_supervisor] Started 'localization': ros2 launch f1tenth_localization localization.launch.py (pid 502416, log: /home/andre/dev_ws/f1tenth_more/output/fix_batch_4/isolation/fresh/run_01/supervisor/f1tenth_localization_localization.launch.py.log)
[component_supervisor_node-2] [INFO] [1791038788.817157004] [component_supervisor_node]: [component_supervisor] Started 'slam': ros2 launch f1tenth_navigation slam.launch.py (pid 502417, log: /home/andre/dev_ws/f1tenth_more/output/fix_batch_4/isolation/fresh/run_01/supervisor/f1tenth_navigation_slam.launch.py.log)
[component_supervisor_node-2] [INFO] [1791038788.818910349] [component_supervisor_node]: [component_supervisor] Started 'slam': ros2 launch f1tenth_costmap costmap.launch.py (pid 502418, log: /home/andre/dev_ws/f1tenth_more/output/fix_batch_4/isolation/fresh/run_01/supervisor/f1tenth_costmap_costmap.launch.py.log)
[WARNING] [launch]: user interrupted with ctrl-c (SIGINT)
[INFO] [component_supervisor_node-2]: sending signal 'SIGINT' to process[component_supervisor_node-2]
[INFO] [fastdds_discovery_server-1]: sending signal 'SIGINT' to process[fastdds_discovery_server-1]
[component_supervisor_node-2] [INFO] [1791038834.840387390] [component_supervisor_node]: [component_supervisor] Received signal 2 -- shutting down all tracked components.
[component_supervisor_node-2] [INFO] [1791038834.841189557] [component_supervisor_node]: [component_supervisor] Shutting down -- stopping all components.
[component_supervisor_node-2] [INFO] [1791038835.955337260] [component_supervisor_node]: [component_supervisor] 'control' (ackermann_mux.launch.py): clean SIGINT exit in 0.3s
[component_supervisor_node-2] [INFO] [1791038835.956162113] [component_supervisor_node]: [component_supervisor] 'diagnostics' (system_observer.launch.py): clean SIGINT exit in 0.4s
[component_supervisor_node-2] [INFO] [1791038835.956718031] [component_supervisor_node]: [component_supervisor] 'diagnostics' (mission_logger.launch.py): clean SIGINT exit in 0.4s
[component_supervisor_node-2] [INFO] [1791038835.957255216] [component_supervisor_node]: [component_supervisor] 'localization' (localization.launch.py): clean SIGINT exit in 0.4s
[component_supervisor_node-2] [INFO] [1791038835.957789263] [component_supervisor_node]: [component_supervisor] 'slam' (costmap.launch.py): clean SIGINT exit in 0.4s
[component_supervisor_node-2] [INFO] [1791038835.958334291] [component_supervisor_node]: [component_supervisor] 'navigation' (navigation.launch.py): clean SIGINT exit in 0.5s
[component_supervisor_node-2] [INFO] [1791038835.958884522] [component_supervisor_node]: [component_supervisor] 'behavior' (behavior_bringup.launch.py): clean SIGINT exit in 0.5s
[component_supervisor_node-2] [INFO] [1791038835.959415190] [component_supervisor_node]: [component_supervisor] 'diagnostics' (diagnostics_server.launch.py): clean SIGINT exit in 0.5s
[component_supervisor_node-2] [INFO] [1791038835.959952070] [component_supervisor_node]: [component_supervisor] 'dev_tools' (foxglove_bridge.launch.py): clean SIGINT exit in 0.6s
[component_supervisor_node-2] [INFO] [1791038835.960488432] [component_supervisor_node]: [component_supervisor] 'lidar_front_wall' (lidar_front_wall.launch.py): clean SIGINT exit in 0.7s
[component_supervisor_node-2] [INFO] [1791038835.961024811] [component_supervisor_node]: [component_supervisor] 'swept_clearance' (swept_clearance.launch.py): clean SIGINT exit in 0.7s
[component_supervisor_node-2] [INFO] [1791038835.961558969] [component_supervisor_node]: [component_supervisor] 'obstacle_clearance' (obstacle_clearance.launch.py): clean SIGINT exit in 0.7s
[component_supervisor_node-2] [INFO] [1791038835.962091812] [component_supervisor_node]: [component_supervisor] 'wall_distance' (wall_distance.launch.py): clean SIGINT exit in 0.8s
[component_supervisor_node-2] [INFO] [1791038835.962633229] [component_supervisor_node]: [component_supervisor] 'slam' (slam.launch.py): clean SIGINT exit in 1.1s
[component_supervisor_node-2] [WARN] [1791038836.003875874] [component_supervisor_node]: [component_supervisor] FastDDS SHM sweep (shutdown): found 139 fastrtps file(s) (28 still in use, 111 orphaned) -- removed 111/111 orphaned file(s). Sample removed: ['/dev/shm/fastrtps_port28667', '/dev/shm/fastrtps_port28671_el', '/dev/shm/fastrtps_port28673_el', '/dev/shm/fastrtps_port28675', '/dev/shm/fastrtps_port28677_el'].
[INFO] [component_supervisor_node-2]: process has finished cleanly [pid 502362]
[ERROR] [fastdds_discovery_server-1]: process[fastdds_discovery_server-1] failed to terminate '5' seconds after receiving 'SIGINT', escalating to 'SIGTERM'
[INFO] [fastdds_discovery_server-1]: sending signal 'SIGTERM' to process[fastdds_discovery_server-1]
[ERROR] [fastdds_discovery_server-1]: process has died [pid 502361, exit code -15, cmd 'python3 /home/andre/dev_ws/f1tenth_more/install/f1tenth_bringup/share/f1tenth_bringup/scripts/ensure_discovery_server.py 127.0.0.1 11811'].
