[INFO] [launch]: All log files can be found below /home/andre/dev_ws/f1tenth_more/output/fix_batch_4/isolation/baseline/run_14/ros_log/2026-10-03-16-31-08-113925-thor-473402
[INFO] [launch]: Default logging verbosity is set to INFO
[INFO] [taskset-1]: process started with pid [473474]
[INFO] [throttle-2]: process started with pid [473475]
[INFO] [throttle-3]: process started with pid [473476]
[taskset-1] [INFO] [1791037868.456960602] [foxglove_bridge]: Starting foxglove_bridge (jazzy, 3.5.0@)
[taskset-1] [2026-10-03T14:31:08Z INFO  foxglove::websocket::server] Started server on 0.0.0.0:8765
[taskset-1] [INFO] [1791037868.458922623] [foxglove_bridge]: Server listening on port 8765
[taskset-1] [INFO] [1791037868.462744358] [foxglove_bridge]: Advertising new channel 2 for topic "/rosout"
[taskset-1] [INFO] [1791037868.463450186] [foxglove_bridge]: Advertising new channel 3 for topic "/parameter_events"
[taskset-1] [INFO] [1791037869.484894210] [foxglove_bridge]: Advertising new channel 4 for topic "/teleop"
[taskset-1] [INFO] [1791037869.488508648] [foxglove_bridge]: Advertising new channel 5 for topic "/slam_toolbox/update"
[taskset-1] [INFO] [1791037869.488740640] [foxglove_bridge]: Advertising new channel 6 for topic "/slam_toolbox/graph_visualization"
[taskset-1] [INFO] [1791037869.489126402] [foxglove_bridge]: Advertising new channel 7 for topic "/slam/pose"
[taskset-1] [INFO] [1791037869.489382968] [foxglove_bridge]: Advertising new channel 8 for topic "/slam_toolbox/scan_visualization"
[taskset-1] [INFO] [1791037869.489633674] [foxglove_bridge]: Advertising new channel 9 for topic "/slam/map_metadata"
[taskset-1] [INFO] [1791037869.489998194] [foxglove_bridge]: Advertising new channel 10 for topic "/slam/map"
[taskset-1] [INFO] [1791037869.491250386] [foxglove_bridge]: Advertising new channel 11 for topic "/slam_toolbox/transition_event"
[taskset-1] [INFO] [1791037869.491278581] [foxglove_bridge]: Advertising new channel 12 for topic "/safety_stop"
[taskset-1] [INFO] [1791037869.491889557] [foxglove_bridge]: Advertising new channel 13 for topic "/odometry/filtered"
[taskset-1] [INFO] [1791037869.492502180] [foxglove_bridge]: Advertising new channel 14 for topic "/tf_static"
[taskset-1] [INFO] [1791037869.492521041] [foxglove_bridge]: Advertising new channel 15 for topic "/ekf_global/odometry/filtered"
[taskset-1] [INFO] [1791037869.492533865] [foxglove_bridge]: Advertising new channel 16 for topic "/map_server/transition_event"
[taskset-1] [INFO] [1791037869.492544245] [foxglove_bridge]: Advertising new channel 17 for topic "/drive"
[taskset-1] [INFO] [1791037869.492553727] [foxglove_bridge]: Advertising new channel 18 for topic "/tf"
[taskset-1] [INFO] [1791037869.493213694] [foxglove_bridge]: Advertising new channel 19 for topic "/diagnostics"
[taskset-1] [INFO] [1791037869.493228434] [foxglove_bridge]: Advertising new channel 20 for topic "/calibration_drive"
[taskset-1] [INFO] [1791037869.493476399] [foxglove_bridge]: Advertising new channel 21 for topic "/slam_toolbox/feedback"
[taskset-1] [INFO] [1791037869.493486612] [foxglove_bridge]: Advertising new channel 22 for topic "/scan"
[taskset-1] [INFO] [1791037869.493494621] [foxglove_bridge]: Advertising new channel 23 for topic "/ackermann_drive"
[taskset-1] [INFO] [1791037870.401030412] [foxglove_bridge]: Advertising new channel 24 for topic "/set_pose"
[taskset-1] [INFO] [1791037870.401901093] [foxglove_bridge]: Advertising new channel 25 for topic "/sensors/imu/raw"
[taskset-1] [INFO] [1791037870.402321697] [foxglove_bridge]: Advertising new channel 26 for topic "/sensors/core"
[taskset-1] [INFO] [1791037870.402345929] [foxglove_bridge]: Advertising new channel 27 for topic "/odom"
[taskset-1] [INFO] [1791037870.402365957] [foxglove_bridge]: Advertising new channel 28 for topic "/mpc/corridor_markers"
[taskset-1] [INFO] [1791037870.402397679] [foxglove_bridge]: Advertising new channel 29 for topic "/slam/pose_calibrated"
[taskset-1] [INFO] [1791037870.402412161] [foxglove_bridge]: Advertising new channel 30 for topic "/map"
[taskset-1] [INFO] [1791037870.402915016] [foxglove_bridge]: Advertising new channel 31 for topic "/joint_states"
[taskset-1] [INFO] [1791037870.402945756] [foxglove_bridge]: Advertising new channel 32 for topic "/ekf_global/set_pose"
[taskset-1] [INFO] [1791037870.403288518] [foxglove_bridge]: Advertising new channel 33 for topic "/diagnostics/battery_status"
[taskset-1] [INFO] [1791037870.403581844] [foxglove_bridge]: Advertising new channel 34 for topic "/costmap/visualization"
[taskset-1] [INFO] [1791037870.403604121] [foxglove_bridge]: Advertising new channel 35 for topic "/costmap/semantic_markers"
[taskset-1] [INFO] [1791037870.403894400] [foxglove_bridge]: Advertising new channel 36 for topic "/costmap/safe_corridor_report"
[taskset-1] [INFO] [1791037870.404148449] [foxglove_bridge]: Advertising new channel 37 for topic "/diagnostics/system_status"
[taskset-1] [INFO] [1791037870.404380135] [foxglove_bridge]: Advertising new channel 38 for topic "/costmap/front_clearance"
[taskset-1] [INFO] [1791037870.404882888] [foxglove_bridge]: Advertising new channel 39 for topic "/costmap/boundaries"
[taskset-1] [INFO] [1791037870.405253223] [foxglove_bridge]: Advertising new channel 40 for topic "/cmd_vel_nav"
[taskset-1] [INFO] [1791037870.405489725] [foxglove_bridge]: Advertising new channel 41 for topic "/calibration/in_progress"
[taskset-1] [INFO] [1791037870.405757096] [foxglove_bridge]: Advertising new channel 42 for topic "/bond"
[taskset-1] [INFO] [1791037870.405769726] [foxglove_bridge]: Advertising new channel 43 for topic "/robot_description"
[taskset-1] [INFO] [1791037870.406037839] [foxglove_bridge]: Advertising new channel 44 for topic "/mission/status"
[taskset-1] [INFO] [1791037871.228374329] [foxglove_bridge]: Advertising new channel 45 for topic "/test_campaign/logger_status"
[taskset-1] [INFO] [1791037871.229510975] [foxglove_bridge]: Advertising new channel 46 for topic "/perception/obstacles_2d"
[taskset-1] [INFO] [1791037871.229543410] [foxglove_bridge]: Advertising new channel 47 for topic "/perception/d_wall/psi_correction"
[taskset-1] [INFO] [1791037871.229561290] [foxglove_bridge]: Advertising new channel 48 for topic "/mpc/status"
[taskset-1] [INFO] [1791037871.229575651] [foxglove_bridge]: Advertising new channel 49 for topic "/mpc/predicted_min_clearance"
[taskset-1] [INFO] [1791037871.230049506] [foxglove_bridge]: Advertising new channel 50 for topic "/mpc/object_status"
[taskset-1] [INFO] [1791037871.230344451] [foxglove_bridge]: Advertising new channel 51 for topic "/mpc/goal_turn"
[taskset-1] [INFO] [1791037871.230661629] [foxglove_bridge]: Advertising new channel 52 for topic "/mpc/wall_track"
[taskset-1] [INFO] [1791037871.230679555] [foxglove_bridge]: Advertising new channel 53 for topic "/mpc/goal_reached"
[taskset-1] [INFO] [1791037871.230693083] [foxglove_bridge]: Advertising new channel 54 for topic "/mpc/goal_object_end"
[taskset-1] [INFO] [1791037871.231065660] [foxglove_bridge]: Advertising new channel 55 for topic "/mpc/goal_object"
[taskset-1] [INFO] [1791037871.231387744] [foxglove_bridge]: Advertising new channel 56 for topic "/mpc/goal_drive"
[taskset-1] [INFO] [1791037871.231664848] [foxglove_bridge]: Advertising new channel 57 for topic "/mpc/drive_clamp"
[taskset-1] [INFO] [1791037871.231695005] [foxglove_bridge]: Advertising new channel 58 for topic "/model/virtual_robot/odometry"
[taskset-1] [INFO] [1791037871.231718339] [foxglove_bridge]: Advertising new channel 59 for topic "/imu"
[taskset-1] [INFO] [1791037871.232049507] [foxglove_bridge]: Advertising new channel 60 for topic "/mpc/goal_pose"
[taskset-1] [INFO] [1791037871.232067174] [foxglove_bridge]: Advertising new channel 61 for topic "/mpc/goal_distance"
[taskset-1] [INFO] [1791037871.232089221] [foxglove_bridge]: Advertising new channel 62 for topic "/mpc/min_obstacle_distance"
[taskset-1] [INFO] [1791037871.232101101] [foxglove_bridge]: Advertising new channel 63 for topic "/mpc/hold"
[taskset-1] [INFO] [1791037871.233342543] [foxglove_bridge]: Advertising new channel 64 for topic "/costmap/semantic_tracks"
[taskset-1] [INFO] [1791037871.233372330] [foxglove_bridge]: Advertising new channel 65 for topic "/corridor"
[taskset-1] [INFO] [1791037871.233383877] [foxglove_bridge]: Advertising new channel 66 for topic "/mpc/min_obstacle_distance_forward"
[taskset-1] [INFO] [1791037871.234044788] [foxglove_bridge]: Advertising new channel 67 for topic "/mpc/solver_status"
[taskset-1] [INFO] [1791037871.234078936] [foxglove_bridge]: Advertising new channel 68 for topic "/camera/detections_3d"
[taskset-1] [INFO] [1791037871.234100140] [foxglove_bridge]: Advertising new channel 69 for topic "/perception/front_distance"
[taskset-1] [INFO] [1791037871.799196397] [foxglove_bridge]: Advertising new channel 70 for topic "/test/mission_event"
[taskset-1] [INFO] [1791037871.799403462] [foxglove_bridge]: Advertising new channel 71 for topic "/mission/load_path"
[taskset-1] [INFO] [1791037871.799442899] [foxglove_bridge]: Advertising new channel 72 for topic "/safety/event"
[taskset-1] [INFO] [1791037871.800220449] [foxglove_bridge]: Advertising new channel 73 for topic "/mission/move_outcome"
[taskset-1] [INFO] [1791037871.801461354] [foxglove_bridge]: Advertising new channel 74 for topic "/camera/detections"
[taskset-1] [INFO] [1791037871.801898246] [foxglove_bridge]: Advertising new channel 75 for topic "/bt/tree_visualization"
[taskset-1] [INFO] [1791037871.802445490] [foxglove_bridge]: Advertising new channel 76 for topic "/behavior/tree_status"
[taskset-1] [INFO] [1791037872.442474029] [foxglove_bridge]: Advertising new channel 77 for topic "/perception/swept_clearance/lidar"
[taskset-1] [INFO] [1791037872.443119551] [foxglove_bridge]: Advertising new channel 78 for topic "/perception/swept_clearance/camera"
[taskset-1] [INFO] [1791037872.443178051] [foxglove_bridge]: Advertising new channel 79 for topic "/perception/swept_clearance"
[taskset-1] [INFO] [1791037872.443221599] [foxglove_bridge]: Advertising new channel 80 for topic "/zed2/zed_node/depth/depth_registered"
[taskset-1] [INFO] [1791037872.444060066] [foxglove_bridge]: Advertising new channel 81 for topic "/perception/lidar_front_wall"
[taskset-1] [INFO] [1791037872.444091047] [foxglove_bridge]: Advertising new channel 82 for topic "/obstacle_clearance"
[taskset-1] [INFO] [1791037872.444978924] [foxglove_bridge]: Advertising new channel 83 for topic "/zed2/zed_node/depth/camera_info"
[taskset-1] [INFO] [1791037872.445075599] [foxglove_bridge]: Advertising new channel 84 for topic "/perception/swept_clearance/steering"
[taskset-1] [INFO] [1791037872.445385426] [foxglove_bridge]: Advertising new channel 85 for topic "/perception/lidar_front_wall_virtual"
[taskset-1] [INFO] [1791037873.073767789] [foxglove_bridge]: Advertising new channel 86 for topic "/perception/d_wall/swept_arc"
[taskset-1] [INFO] [1791037873.074748433] [foxglove_bridge]: Advertising new channel 87 for topic "/perception/d_wall/segment"
[taskset-1] [INFO] [1791037873.074797981] [foxglove_bridge]: Advertising new channel 88 for topic "/perception/d_wall/gate_margin"
[taskset-1] [INFO] [1791037873.075234196] [foxglove_bridge]: Advertising new channel 89 for topic "/perception/d_wall"
[taskset-1] [INFO] [1791037879.987660068] [foxglove_bridge]: Removing channel 21 for topic "/slam_toolbox/feedback" (visualization_msgs/msg/InteractiveMarkerFeedback)
[taskset-1] [INFO] [1791037879.987845161] [foxglove_bridge]: Removing channel 5 for topic "/slam_toolbox/update" (visualization_msgs/msg/InteractiveMarkerUpdate)
[taskset-1] [INFO] [1791037879.987864911] [foxglove_bridge]: Removing channel 6 for topic "/slam_toolbox/graph_visualization" (visualization_msgs/msg/MarkerArray)
[taskset-1] [INFO] [1791037879.987884124] [foxglove_bridge]: Removing channel 8 for topic "/slam_toolbox/scan_visualization" (sensor_msgs/msg/LaserScan)
[taskset-1] [INFO] [1791037879.987898272] [foxglove_bridge]: Removing channel 9 for topic "/slam/map_metadata" (nav_msgs/msg/MapMetaData)
[WARNING] [launch]: user interrupted with ctrl-c (SIGINT)
[taskset-1] [INFO] [1791037913.699987613] [rclcpp]: signal_handler(SIGINT/SIGTERM)
[INFO] [throttle-3]: sending signal 'SIGINT' to process[throttle-3]
[INFO] [throttle-2]: sending signal 'SIGINT' to process[throttle-2]
[INFO] [taskset-1]: sending signal 'SIGINT' to process[taskset-1]
[throttle-3] [INFO] [1791037913.703834893] [rclcpp]: signal_handler(SIGINT/SIGTERM)
[throttle-2] [INFO] [1791037913.707511801] [rclcpp]: signal_handler(SIGINT/SIGTERM)
[taskset-1] [INFO] [1791037913.717238149] [foxglove_bridge]: Shutting down foxglove_bridge
[taskset-1] [2026-10-03T14:31:53Z INFO  foxglove::websocket::server] Shutting down
[taskset-1] [2026-10-03T14:31:53Z INFO  foxglove::websocket::server] Shutdown complete
[taskset-1] [INFO] [1791037913.728257634] [rclcpp]: signal_handler(SIGINT/SIGTERM)
[taskset-1] [INFO] [1791037913.728407004] [foxglove_bridge]: Shutdown complete
[ERROR] [throttle-3]: process has died [pid 473476, exit code -2, cmd '/opt/ros/jazzy/lib/topic_tools/throttle messages /camera/image_annotated 5.0 /camera/image_annotated/viz --ros-args -r __node:=image_annotated_viz_throttle'].
[ERROR] [throttle-2]: process has died [pid 473475, exit code -2, cmd '/opt/ros/jazzy/lib/topic_tools/throttle messages /camera/image_raw 5.0 /camera/image_raw/viz --ros-args -r __node:=image_raw_viz_throttle'].
[INFO] [taskset-1]: process has finished cleanly [pid 473474]
