1791022140.4837625 [INFO] [launch]: All log files can be found below /home/andre/dev_ws/f1tenth_more/output/fix_batch_2/logger_from_env/ros_log/2026-10-03-12-09-00-480936-thor-392589
1791022140.4841902 [INFO] [launch]: Default logging verbosity is set to INFO
1791022140.6883495 [INFO] [taskset-1]: process started with pid [392677]
1791022140.6888359 [INFO] [throttle-2]: process started with pid [392678]
1791022140.6889744 [INFO] [throttle-3]: process started with pid [392679]
1791022140.8348808 [taskset-1] [INFO] [1791022140.832780891] [foxglove_bridge]: Starting foxglove_bridge (jazzy, 3.5.0@)
1791022140.8437650 [taskset-1] [2026-10-03T10:09:00Z INFO  foxglove::websocket::server] Started server on 0.0.0.0:8765
1791022140.8440471 [taskset-1] [INFO] [1791022140.836077721] [foxglove_bridge]: Server listening on port 8765
1791022140.8441157 [taskset-1] [INFO] [1791022140.840391837] [foxglove_bridge]: Advertising new channel 2 for topic "/rosout"
1791022140.8441508 [taskset-1] [INFO] [1791022140.841146575] [foxglove_bridge]: Advertising new channel 3 for topic "/parameter_events"
1791022141.3750920 [taskset-1] [INFO] [1791022141.363414924] [foxglove_bridge]: Advertising new channel 4 for topic "/safety_stop"
1791022141.3754745 [taskset-1] [INFO] [1791022141.363600445] [foxglove_bridge]: Advertising new channel 5 for topic "/teleop"
1791022141.3755350 [taskset-1] [INFO] [1791022141.363613297] [foxglove_bridge]: Advertising new channel 6 for topic "/drive"
1791022141.3755779 [taskset-1] [INFO] [1791022141.364297505] [foxglove_bridge]: Advertising new channel 7 for topic "/diagnostics"
1791022141.3756030 [taskset-1] [INFO] [1791022141.364317987] [foxglove_bridge]: Advertising new channel 8 for topic "/calibration_drive"
1791022141.3756320 [taskset-1] [INFO] [1791022141.364327792] [foxglove_bridge]: Advertising new channel 9 for topic "/ackermann_drive"
1791022142.2513819 [taskset-1] [INFO] [1791022142.250704230] [foxglove_bridge]: Advertising new channel 10 for topic "/tf"
1791022142.2526658 [taskset-1] [INFO] [1791022142.251166946] [foxglove_bridge]: Advertising new channel 11 for topic "/slam_toolbox/transition_event"
1791022142.2529254 [taskset-1] [INFO] [1791022142.252599244] [foxglove_bridge]: Advertising new channel 12 for topic "/slam/pose_calibrated"
1791022142.2563164 [taskset-1] [INFO] [1791022142.253774448] [foxglove_bridge]: Advertising new channel 13 for topic "/slam/map"
1791022142.2565413 [taskset-1] [INFO] [1791022142.254237109] [foxglove_bridge]: Advertising new channel 14 for topic "/robot_description"
1791022142.2565935 [taskset-1] [INFO] [1791022142.254999097] [foxglove_bridge]: Advertising new channel 15 for topic "/odometry/filtered"
1791022142.2619371 [taskset-1] [INFO] [1791022142.261059596] [foxglove_bridge]: Advertising new channel 16 for topic "/mpc/corridor_markers"
1791022142.2627153 [taskset-1] [INFO] [1791022142.261754814] [foxglove_bridge]: Advertising new channel 17 for topic "/mission/status"
1791022142.2628231 [taskset-1] [INFO] [1791022142.261782555] [foxglove_bridge]: Advertising new channel 18 for topic "/map_server/transition_event"
1791022142.2628658 [taskset-1] [INFO] [1791022142.262091641] [foxglove_bridge]: Advertising new channel 19 for topic "/joint_states"
1791022142.2628999 [taskset-1] [INFO] [1791022142.262106197] [foxglove_bridge]: Advertising new channel 20 for topic "/set_pose"
1791022142.2629371 [taskset-1] [INFO] [1791022142.262117882] [foxglove_bridge]: Advertising new channel 21 for topic "/ekf_global/set_pose"
1791022142.2666128 [taskset-1] [INFO] [1791022142.265984569] [foxglove_bridge]: Advertising new channel 22 for topic "/diagnostics/system_status"
1791022142.2670276 [taskset-1] [INFO] [1791022142.266413943] [foxglove_bridge]: Advertising new channel 23 for topic "/diagnostics/battery_status"
1791022142.2714036 [taskset-1] [INFO] [1791022142.269013954] [foxglove_bridge]: Advertising new channel 24 for topic "/sensors/core"
1791022142.2716289 [taskset-1] [INFO] [1791022142.269121222] [foxglove_bridge]: Advertising new channel 25 for topic "/map"
1791022142.2716637 [taskset-1] [INFO] [1791022142.269479512] [foxglove_bridge]: Advertising new channel 26 for topic "/costmap/visualization"
1791022142.2717230 [taskset-1] [INFO] [1791022142.269500531] [foxglove_bridge]: Advertising new channel 27 for topic "/costmap/semantic_markers"
1791022142.2717476 [taskset-1] [INFO] [1791022142.269515123] [foxglove_bridge]: Advertising new channel 28 for topic "/costmap/safe_corridor_report"
1791022142.2717690 [taskset-1] [INFO] [1791022142.269548263] [foxglove_bridge]: Advertising new channel 29 for topic "/odom"
1791022142.2717907 [taskset-1] [INFO] [1791022142.269809580] [foxglove_bridge]: Advertising new channel 30 for topic "/costmap/front_clearance"
1791022142.2718124 [taskset-1] [INFO] [1791022142.270320334] [foxglove_bridge]: Advertising new channel 31 for topic "/costmap/boundaries"
1791022142.2718401 [taskset-1] [INFO] [1791022142.270338334] [foxglove_bridge]: Advertising new channel 32 for topic "/ekf_global/odometry/filtered"
1791022142.2760291 [taskset-1] [INFO] [1791022142.273239569] [foxglove_bridge]: Advertising new channel 33 for topic "/sensors/imu/raw"
1791022142.2762537 [taskset-1] [INFO] [1791022142.273666405] [foxglove_bridge]: Advertising new channel 34 for topic "/calibration/in_progress"
1791022142.2762921 [taskset-1] [INFO] [1791022142.275307613] [foxglove_bridge]: Advertising new channel 35 for topic "/bond"
1791022142.2763228 [taskset-1] [INFO] [1791022142.275403622] [foxglove_bridge]: Advertising new channel 36 for topic "/tf_static"
1791022143.1802146 [taskset-1] [INFO] [1791022143.179543619] [foxglove_bridge]: Advertising new channel 37 for topic "/test_campaign/logger_status"
1791022143.1808527 [taskset-1] [INFO] [1791022143.180559469] [foxglove_bridge]: Advertising new channel 38 for topic "/slam_toolbox/feedback"
1791022143.1809459 [taskset-1] [INFO] [1791022143.180594710] [foxglove_bridge]: Advertising new channel 39 for topic "/slam/pose"
1791022143.1811440 [taskset-1] [INFO] [1791022143.181054909] [foxglove_bridge]: Advertising new channel 40 for topic "/slam/map_metadata"
1791022143.1815109 [taskset-1] [INFO] [1791022143.181456699] [foxglove_bridge]: Advertising new channel 41 for topic "/scan"
1791022143.1821318 [taskset-1] [INFO] [1791022143.182080758] [foxglove_bridge]: Advertising new channel 42 for topic "/perception/obstacles_2d"
1791022143.1822200 [taskset-1] [INFO] [1791022143.182101898] [foxglove_bridge]: Advertising new channel 43 for topic "/perception/d_wall/psi_correction"
1791022143.1822562 [taskset-1] [INFO] [1791022143.182122741] [foxglove_bridge]: Advertising new channel 44 for topic "/mpc/status"
1791022143.1822860 [taskset-1] [INFO] [1791022143.182135417] [foxglove_bridge]: Advertising new channel 45 for topic "/mpc/predicted_min_clearance"
1791022143.1826704 [taskset-1] [INFO] [1791022143.182621058] [foxglove_bridge]: Advertising new channel 46 for topic "/mpc/object_status"
1791022143.1827586 [taskset-1] [INFO] [1791022143.182641022] [foxglove_bridge]: Advertising new channel 47 for topic "/slam_toolbox/scan_visualization"
1791022143.1829970 [taskset-1] [INFO] [1791022143.182955395] [foxglove_bridge]: Advertising new channel 48 for topic "/mpc/goal_turn"
1791022143.1833274 [taskset-1] [INFO] [1791022143.183288416] [foxglove_bridge]: Advertising new channel 49 for topic "/mpc/wall_track"
1791022143.1834028 [taskset-1] [INFO] [1791022143.183305750] [foxglove_bridge]: Advertising new channel 50 for topic "/mpc/goal_reached"
1791022143.1834378 [taskset-1] [INFO] [1791022143.183317426] [foxglove_bridge]: Advertising new channel 51 for topic "/mpc/goal_object_end"
1791022143.1837678 [taskset-1] [INFO] [1791022143.183716401] [foxglove_bridge]: Advertising new channel 52 for topic "/mpc/goal_object"
1791022143.1841407 [taskset-1] [INFO] [1791022143.184065996] [foxglove_bridge]: Advertising new channel 53 for topic "/mpc/goal_drive"
1791022143.1844263 [taskset-1] [INFO] [1791022143.184350276] [foxglove_bridge]: Advertising new channel 54 for topic "/mpc/drive_clamp"
1791022143.1845689 [taskset-1] [INFO] [1791022143.184376785] [foxglove_bridge]: Advertising new channel 55 for topic "/model/virtual_robot/odometry"
1791022143.1846523 [taskset-1] [INFO] [1791022143.184400943] [foxglove_bridge]: Advertising new channel 56 for topic "/imu"
1791022143.1848502 [taskset-1] [INFO] [1791022143.184758048] [foxglove_bridge]: Advertising new channel 57 for topic "/mpc/goal_pose"
1791022143.1849928 [taskset-1] [INFO] [1791022143.184779094] [foxglove_bridge]: Advertising new channel 58 for topic "/mpc/goal_distance"
1791022143.1863773 [taskset-1] [INFO] [1791022143.186280448] [foxglove_bridge]: Advertising new channel 59 for topic "/slam_toolbox/update"
1791022143.1865444 [taskset-1] [INFO] [1791022143.186310791] [foxglove_bridge]: Advertising new channel 60 for topic "/mpc/min_obstacle_distance"
1791022143.1866224 [taskset-1] [INFO] [1791022143.186324467] [foxglove_bridge]: Advertising new channel 61 for topic "/mpc/hold"
1791022143.1877849 [taskset-1] [INFO] [1791022143.187683227] [foxglove_bridge]: Advertising new channel 62 for topic "/costmap/semantic_tracks"
1791022143.1879566 [taskset-1] [INFO] [1791022143.187705764] [foxglove_bridge]: Advertising new channel 63 for topic "/slam_toolbox/graph_visualization"
1791022143.1880217 [taskset-1] [INFO] [1791022143.187722320] [foxglove_bridge]: Advertising new channel 64 for topic "/corridor"
1791022143.1881731 [taskset-1] [INFO] [1791022143.187735255] [foxglove_bridge]: Advertising new channel 65 for topic "/mpc/min_obstacle_distance_forward"
1791022143.1883333 [taskset-1] [INFO] [1791022143.188018971] [foxglove_bridge]: Advertising new channel 66 for topic "/cmd_vel_nav"
1791022143.1885109 [taskset-1] [INFO] [1791022143.188426076] [foxglove_bridge]: Advertising new channel 67 for topic "/mpc/solver_status"
1791022143.1885755 [taskset-1] [INFO] [1791022143.188440298] [foxglove_bridge]: Advertising new channel 68 for topic "/camera/detections_3d"
1791022143.1887212 [taskset-1] [INFO] [1791022143.188463104] [foxglove_bridge]: Advertising new channel 69 for topic "/perception/front_distance"
1791022143.8798258 [taskset-1] [INFO] [1791022143.878506281] [foxglove_bridge]: Advertising new channel 70 for topic "/test/mission_event"
1791022143.8807018 [taskset-1] [INFO] [1791022143.878785043] [foxglove_bridge]: Advertising new channel 71 for topic "/mission/load_path"
1791022143.8808465 [taskset-1] [INFO] [1791022143.878829820] [foxglove_bridge]: Advertising new channel 72 for topic "/safety/event"
1791022143.8810573 [taskset-1] [INFO] [1791022143.879731151] [foxglove_bridge]: Advertising new channel 73 for topic "/mission/move_outcome"
1791022143.8812871 [taskset-1] [INFO] [1791022143.881162783] [foxglove_bridge]: Advertising new channel 74 for topic "/camera/detections"
1791022143.8817375 [taskset-1] [INFO] [1791022143.881630592] [foxglove_bridge]: Advertising new channel 75 for topic "/bt/tree_visualization"
1791022143.8820791 [taskset-1] [INFO] [1791022143.881989753] [foxglove_bridge]: Advertising new channel 76 for topic "/behavior/tree_status"
1791022144.4779823 [taskset-1] [INFO] [1791022144.477151936] [foxglove_bridge]: Advertising new channel 77 for topic "/obstacle_clearance"
1791022145.0518696 [taskset-1] [INFO] [1791022145.051195197] [foxglove_bridge]: Advertising new channel 78 for topic "/perception/swept_clearance/lidar"
1791022145.0522902 [taskset-1] [INFO] [1791022145.051343254] [foxglove_bridge]: Advertising new channel 79 for topic "/perception/swept_clearance/camera"
1791022145.0527878 [taskset-1] [INFO] [1791022145.051385709] [foxglove_bridge]: Advertising new channel 80 for topic "/zed2/zed_node/depth/depth_registered"
1791022145.0530367 [taskset-1] [INFO] [1791022145.052291503] [foxglove_bridge]: Advertising new channel 81 for topic "/perception/lidar_front_wall"
1791022145.0531156 [taskset-1] [INFO] [1791022145.052322938] [foxglove_bridge]: Advertising new channel 82 for topic "/perception/d_wall/swept_arc"
1791022145.0531785 [taskset-1] [INFO] [1791022145.052342725] [foxglove_bridge]: Advertising new channel 83 for topic "/perception/swept_clearance"
1791022145.0533602 [taskset-1] [INFO] [1791022145.052715385] [foxglove_bridge]: Advertising new channel 84 for topic "/perception/d_wall/segment"
1791022145.0534601 [taskset-1] [INFO] [1791022145.052744006] [foxglove_bridge]: Advertising new channel 85 for topic "/perception/d_wall/gate_margin"
1791022145.0536139 [taskset-1] [INFO] [1791022145.053161370] [foxglove_bridge]: Advertising new channel 86 for topic "/perception/d_wall"
1791022145.0541284 [taskset-1] [INFO] [1791022145.054020775] [foxglove_bridge]: Advertising new channel 87 for topic "/zed2/zed_node/depth/camera_info"
1791022145.0543129 [taskset-1] [INFO] [1791022145.054121063] [foxglove_bridge]: Advertising new channel 88 for topic "/perception/swept_clearance/steering"
1791022145.0545456 [taskset-1] [INFO] [1791022145.054434519] [foxglove_bridge]: Advertising new channel 89 for topic "/perception/lidar_front_wall_virtual"
1791022180.0061564 [taskset-1] [INFO] [1791022180.005530064] [foxglove_bridge]: Advertising new channel 90 for topic "/events/write_split"
1791022190.4748566 [taskset-1] [INFO] [1791022190.474186074] [foxglove_bridge]: Removing channel 90 for topic "/events/write_split" (rosbag2_interfaces/msg/WriteSplitEvent)
1791022206.0003784 [WARNING] [launch]: user interrupted with ctrl-c (SIGINT)
1791022206.0035203 [taskset-1] [INFO] [1791022205.994163019] [rclcpp]: signal_handler(SIGINT/SIGTERM)
1791022206.0042317 [INFO] [throttle-3]: sending signal 'SIGINT' to process[throttle-3]
1791022206.0046699 [INFO] [throttle-2]: sending signal 'SIGINT' to process[throttle-2]
1791022206.0049744 [INFO] [taskset-1]: sending signal 'SIGINT' to process[taskset-1]
1791022206.0254357 [taskset-1] [INFO] [1791022206.009204386] [foxglove_bridge]: Shutting down foxglove_bridge
1791022206.0257049 [taskset-1] [INFO] [1791022206.013042710] [rclcpp]: signal_handler(SIGINT/SIGTERM)
1791022206.0372872 [ERROR] [throttle-2]: process has died [pid 392678, exit code -2, cmd '/opt/ros/jazzy/lib/topic_tools/throttle messages /camera/image_raw 5.0 /camera/image_raw/viz --ros-args -r __node:=image_raw_viz_throttle'].
1791022206.2391350 [INFO] [throttle-3]: process has finished cleanly [pid 392679]
1791022206.2540567 [taskset-1] [2026-10-03T10:10:06Z INFO  foxglove::websocket::server] Shutting down
1791022206.2542884 [taskset-1] [2026-10-03T10:10:06Z INFO  foxglove::websocket::server] Shutdown complete
1791022206.2546091 [taskset-1] [INFO] [1791022206.253858053] [foxglove_bridge]: Shutdown complete
1791022206.5411575 [INFO] [taskset-1]: process has finished cleanly [pid 392677]
