1791020560.4281104 [INFO] [launch]: All log files can be found below /home/andre/dev_ws/f1tenth_more/output/phase5/sim/sim_false/ros_log/2026-10-03-11-42-40-421638-thor-386653
1791020560.4285736 [INFO] [launch]: Default logging verbosity is set to INFO
1791020560.9129014 [INFO] [taskset-1]: process started with pid [386870]
1791020560.9134080 [INFO] [taskset-2]: process started with pid [386871]
1791020560.9134965 [INFO] [slam_pose_relay_node-3]: process started with pid [386872]
1791020560.9135623 [INFO] [taskset-4]: process started with pid [386873]
1791020560.9136019 [INFO] [robot_state_publisher-5]: process started with pid [386874]
1791020560.9136322 [INFO] [joint_state_publisher-6]: process started with pid [386888]
1791020560.9136624 [INFO] [static_transform_publisher-7]: process started with pid [386889]
1791020560.9957991 [static_transform_publisher-7] [WARN] [1791020560.990096016] []: Old-style arguments are deprecated; see --help for new-style arguments
1791020561.0409918 [static_transform_publisher-7] [INFO] [1791020561.039663039] [static_baselink_to_laser]: Spinning until stopped - publishing transform
1791020561.0413728 [static_transform_publisher-7] translation: ('0.120000', '0.000000', '0.200000')
1791020561.0414364 [static_transform_publisher-7] rotation: ('0.000000', '0.000000', '0.000000', '1.000000')
1791020561.0414677 [static_transform_publisher-7] from 'base_link' to 'laser'
1791020608.0065784 [WARNING] [launch]: user interrupted with ctrl-c (SIGINT)
1791020608.0112760 [static_transform_publisher-7] [INFO] [1791020608.006010367] [rclcpp]: signal_handler(SIGINT/SIGTERM)
1791020608.0119514 [INFO] [static_transform_publisher-7]: sending signal 'SIGINT' to process[static_transform_publisher-7]
1791020608.0133474 [INFO] [joint_state_publisher-6]: sending signal 'SIGINT' to process[joint_state_publisher-6]
1791020608.0140541 [INFO] [robot_state_publisher-5]: sending signal 'SIGINT' to process[robot_state_publisher-5]
1791020608.0158970 [INFO] [taskset-4]: sending signal 'SIGINT' to process[taskset-4]
1791020608.0167611 [INFO] [slam_pose_relay_node-3]: sending signal 'SIGINT' to process[slam_pose_relay_node-3]
1791020608.0235746 [INFO] [taskset-2]: sending signal 'SIGINT' to process[taskset-2]
1791020608.0243371 [INFO] [taskset-1]: sending signal 'SIGINT' to process[taskset-1]
1791020608.0356214 [ERROR] [static_transform_publisher-7]: process has died [pid 386889, exit code -2, cmd '/opt/ros/jazzy/lib/tf2_ros/static_transform_publisher 0.12 0.0 0.20 0.0 0.0 0.0 base_link laser --ros-args -r __node:=static_baselink_to_laser'].
1791020608.0492377 [ERROR] [taskset-2]: process has died [pid 386871, exit code -2, cmd 'taskset -c 0,1 /opt/ros/jazzy/lib/robot_localization/ekf_node --ros-args -r __node:=ekf_global_filter_node -r __ns:=/ekf_global --params-file /home/andre/dev_ws/f1tenth_more/install/f1tenth_bringup/share/f1tenth_bringup/config/ekf_global.yaml'].
1791020608.0497973 [ERROR] [taskset-1]: process has died [pid 386870, exit code -2, cmd 'taskset -c 0,1 /opt/ros/jazzy/lib/robot_localization/ekf_node --ros-args -r __node:=ekf_filter_node --params-file /home/andre/dev_ws/f1tenth_more/install/f1tenth_bringup/share/f1tenth_bringup/config/ekf.yaml'].
1791020608.1909573 [INFO] [robot_state_publisher-5]: process has finished cleanly [pid 386874]
1791020608.2512596 [ERROR] [taskset-4]: process has died [pid 386873, exit code -2, cmd 'taskset -c 2-11 /home/andre/dev_ws/f1tenth_more/install/f1tenth_diagnostics/lib/f1tenth_diagnostics/ekf_cost_observer_node --ros-args -r __node:=ekf_cost_observer_node'].
1791020608.2710054 [ERROR] [slam_pose_relay_node-3]: process has died [pid 386872, exit code -2, cmd '/home/andre/dev_ws/f1tenth_more/install/f1tenth_localization/lib/f1tenth_localization/slam_pose_relay_node --ros-args -r __node:=slam_pose_relay_node --params-file /home/andre/dev_ws/f1tenth_more/install/f1tenth_bringup/share/f1tenth_bringup/config/ekf_global.yaml'].
1791020608.3384690 [INFO] [joint_state_publisher-6]: process has finished cleanly [pid 386888]
