1791020243.2823231 [INFO] [launch]: All log files can be found below /home/andre/dev_ws/f1tenth_more/output/phase5/cycles/cycle_08/ros_log/2026-10-03-11-37-23-279041-thor-381386
1791020243.2828953 [INFO] [launch]: Default logging verbosity is set to INFO
1791020243.7552774 [INFO] [taskset-1]: process started with pid [381574]
1791020243.7557409 [INFO] [taskset-2]: process started with pid [381577]
1791020243.7558305 [INFO] [slam_pose_relay_node-3]: process started with pid [381578]
1791020243.7558918 [INFO] [taskset-4]: process started with pid [381584]
1791020243.7559354 [INFO] [robot_state_publisher-5]: process started with pid [381588]
1791020243.7559724 [INFO] [joint_state_publisher-6]: process started with pid [381589]
1791020243.7560053 [INFO] [static_transform_publisher-7]: process started with pid [381591]
1791020243.8391664 [static_transform_publisher-7] [WARN] [1791020243.831988291] []: Old-style arguments are deprecated; see --help for new-style arguments
1791020243.9005716 [static_transform_publisher-7] [INFO] [1791020243.898304322] [static_baselink_to_laser]: Spinning until stopped - publishing transform
1791020243.9009590 [static_transform_publisher-7] translation: ('0.120000', '0.000000', '0.200000')
1791020243.9010243 [static_transform_publisher-7] rotation: ('0.000000', '0.000000', '0.000000', '1.000000')
1791020243.9010613 [static_transform_publisher-7] from 'base_link' to 'laser'
1791020288.9104218 [WARNING] [launch]: user interrupted with ctrl-c (SIGINT)
1791020288.9313085 [INFO] [static_transform_publisher-7]: sending signal 'SIGINT' to process[static_transform_publisher-7]
1791020288.9381087 [INFO] [joint_state_publisher-6]: sending signal 'SIGINT' to process[joint_state_publisher-6]
1791020288.9425740 [INFO] [robot_state_publisher-5]: sending signal 'SIGINT' to process[robot_state_publisher-5]
1791020288.9439373 [INFO] [taskset-4]: sending signal 'SIGINT' to process[taskset-4]
1791020288.9496498 [INFO] [slam_pose_relay_node-3]: sending signal 'SIGINT' to process[slam_pose_relay_node-3]
1791020288.9513505 [INFO] [taskset-2]: sending signal 'SIGINT' to process[taskset-2]
1791020288.9521127 [INFO] [taskset-1]: sending signal 'SIGINT' to process[taskset-1]
1791020288.9539242 [ERROR] [static_transform_publisher-7]: process has died [pid 381591, exit code -2, cmd '/opt/ros/jazzy/lib/tf2_ros/static_transform_publisher 0.12 0.0 0.20 0.0 0.0 0.0 base_link laser --ros-args -r __node:=static_baselink_to_laser'].
1791020288.9541352 [static_transform_publisher-7] [INFO] [1791020288.910143648] [rclcpp]: signal_handler(SIGINT/SIGTERM)
1791020288.9735396 [ERROR] [taskset-2]: process has died [pid 381577, exit code -2, cmd 'taskset -c 0,1 /opt/ros/jazzy/lib/robot_localization/ekf_node --ros-args -r __node:=ekf_global_filter_node -r __ns:=/ekf_global --params-file /home/andre/dev_ws/f1tenth_more/install/f1tenth_bringup/share/f1tenth_bringup/config/ekf_global.yaml'].
1791020288.9742718 [ERROR] [taskset-1]: process has died [pid 381574, exit code -2, cmd 'taskset -c 0,1 /opt/ros/jazzy/lib/robot_localization/ekf_node --ros-args -r __node:=ekf_filter_node --params-file /home/andre/dev_ws/f1tenth_more/install/f1tenth_bringup/share/f1tenth_bringup/config/ekf.yaml'].
1791020289.0895460 [INFO] [robot_state_publisher-5]: process has finished cleanly [pid 381588]
1791020289.1579516 [ERROR] [taskset-4]: process has died [pid 381584, exit code -2, cmd 'taskset -c 2-11 /home/andre/dev_ws/f1tenth_more/install/f1tenth_diagnostics/lib/f1tenth_diagnostics/ekf_cost_observer_node --ros-args -r __node:=ekf_cost_observer_node'].
1791020289.1641574 [ERROR] [joint_state_publisher-6]: process has died [pid 381589, exit code -2, cmd '/opt/ros/jazzy/lib/joint_state_publisher/joint_state_publisher --ros-args -r __node:=joint_state_publisher --params-file /tmp/launch_params_n5n53cvj'].
1791020289.1725280 [ERROR] [slam_pose_relay_node-3]: process has died [pid 381578, exit code -2, cmd '/home/andre/dev_ws/f1tenth_more/install/f1tenth_localization/lib/f1tenth_localization/slam_pose_relay_node --ros-args -r __node:=slam_pose_relay_node --params-file /home/andre/dev_ws/f1tenth_more/install/f1tenth_bringup/share/f1tenth_bringup/config/ekf_global.yaml'].
