[INFO] [launch]: All log files can be found below /home/andre/dev_ws/f1tenth_more/output/phase5/step4/ros_log/2026-10-03-11-11-35-708607-thor-359808
[INFO] [launch]: Default logging verbosity is set to INFO
[INFO] [taskset-1]: process started with pid [359862]
[taskset-1] [INFO] [1791018699.712946243] [lidar_front_wall_node]: lidar_front_wall_node up: /scan -> /perception/lidar_front_wall, /perception/lidar_front_wall_virtual; sector +-10.0 deg, odometry /odometry/filtered, seed /costmap/front_clearance
[taskset-1] [INFO] [1791018720.693348633] [lidar_front_wall_node]: base_link <- laser: x=0.120 m y=0.000 m yaw=0.00 deg
[taskset-1] [INFO] [1791018720.702595739] [lidar_front_wall_node]: /odometry/filtered fresh: dead reckoning available
[taskset-1] [INFO] [1791018745.694996941] [lidar_front_wall_node]: wall acquired at 8.980 m after seeded (1.982 m): jump +6.998 m, nan s since the last accepted fit
[taskset-1] [INFO] [1791018745.917754080] [lidar_front_wall_node]: wall acquired at 8.878 m after dead_reckoned (8.899 m): jump -0.021 m, 0.22 s since the last accepted fit
[taskset-1] [INFO] [1791018745.991671916] [lidar_front_wall_node]: wall acquired at 8.845 m after dead_reckoned (8.861 m): jump -0.016 m, 0.07 s since the last accepted fit
[taskset-1] [INFO] [1791018788.180404128] [lidar_front_wall_node]: wall acquired at 8.980 m after none (nan m): jump +nan m, 27.95 s since the last accepted fit
[taskset-1] [INFO] [1791018788.414555778] [lidar_front_wall_node]: wall acquired at 8.878 m after dead_reckoned (8.890 m): jump -0.012 m, 0.23 s since the last accepted fit
[taskset-1] [INFO] [1791018788.479106249] [lidar_front_wall_node]: wall acquired at 8.845 m after dead_reckoned (8.853 m): jump -0.007 m, 0.06 s since the last accepted fit
[taskset-1] [INFO] [1791018830.675049548] [lidar_front_wall_node]: wall acquired at 8.980 m after none (nan m): jump +nan m, 27.95 s since the last accepted fit
[taskset-1] [INFO] [1791018830.905145972] [lidar_front_wall_node]: wall acquired at 8.878 m after dead_reckoned (8.899 m): jump -0.021 m, 0.23 s since the last accepted fit
[taskset-1] [INFO] [1791018830.973659150] [lidar_front_wall_node]: wall acquired at 8.845 m after dead_reckoned (8.851 m): jump -0.006 m, 0.07 s since the last accepted fit
[taskset-1] [WARN] [1791018861.247961904] [lidar_front_wall_node]: /odometry/filtered missing or stale: dead reckoning and the wrong-surface gate are OFF until it returns
[taskset-1] [INFO] [1791018862.855632992] [lidar_front_wall_node]: /odometry/filtered fresh: dead reckoning available
[taskset-1] [INFO] [1791018873.170021626] [lidar_front_wall_node]: wall acquired at 8.980 m after seeded (0.720 m): jump +8.260 m, 27.95 s since the last accepted fit
[taskset-1] [INFO] [1791018873.397478568] [lidar_front_wall_node]: wall acquired at 8.878 m after dead_reckoned (8.899 m): jump -0.021 m, 0.23 s since the last accepted fit
[taskset-1] [INFO] [1791018873.469009852] [lidar_front_wall_node]: wall acquired at 8.845 m after dead_reckoned (8.861 m): jump -0.015 m, 0.07 s since the last accepted fit
[taskset-1] [INFO] [1791018915.661261090] [lidar_front_wall_node]: wall acquired at 8.980 m after none (nan m): jump +nan m, 27.94 s since the last accepted fit
[taskset-1] [INFO] [1791018915.893557657] [lidar_front_wall_node]: wall acquired at 8.878 m after dead_reckoned (8.890 m): jump -0.013 m, 0.23 s since the last accepted fit
[taskset-1] [INFO] [1791018915.961017130] [lidar_front_wall_node]: wall acquired at 8.845 m after dead_reckoned (8.861 m): jump -0.015 m, 0.07 s since the last accepted fit
[WARNING] [launch]: user interrupted with ctrl-c (SIGINT)
[INFO] [taskset-1]: sending signal 'SIGINT' to process[taskset-1]
[taskset-1] Traceback (most recent call last):
[taskset-1]   File "/home/andre/dev_ws/f1tenth_more/install/f1tenth_perception/lib/f1tenth_perception/lidar_front_wall_node", line 33, in <module>
[taskset-1]     sys.exit(load_entry_point('f1tenth-perception', 'console_scripts', 'lidar_front_wall_node')())
[taskset-1]              ^^^^^^^^^^^^^^^^^^^^^^^^^^^^^^^^^^^^^^^^^^^^^^^^^^^^^^^^^^^^^^^^^^^^^^^^^^^^^^^^^^^^
[taskset-1]   File "/home/andre/dev_ws/f1tenth_more/build/f1tenth_perception/f1tenth_perception/lidar_front_wall_node.py", line 395, in main
[taskset-1]     node.destroy_node()
[taskset-1]   File "/opt/ros/jazzy/lib/python3.12/site-packages/rclpy/node.py", line 1958, in destroy_node
[taskset-1]     self.destroy_subscription(self._subscriptions[0])
[taskset-1]   File "/opt/ros/jazzy/lib/python3.12/site-packages/rclpy/node.py", line 1854, in destroy_subscription
[taskset-1]     subscription.destroy()
[taskset-1]   File "/opt/ros/jazzy/lib/python3.12/site-packages/rclpy/subscription.py", line 101, in destroy
[taskset-1]     self.handle.destroy_when_not_in_use()
[taskset-1] KeyboardInterrupt
[ERROR] [taskset-1]: process has died [pid 359862, exit code -2, cmd 'taskset -c 5 /home/andre/dev_ws/f1tenth_more/install/f1tenth_perception/lib/f1tenth_perception/lidar_front_wall_node --ros-args -r __node:=lidar_front_wall_node --params-file /tmp/launch_params_2l7o2k8z'].
