[INFO] [launch]: All log files can be found below /home/andre/dev_ws/f1tenth_more/output/phase5/step4/ros_log/2026-10-03-11-14-21-564728-thor-363482
[INFO] [launch]: Default logging verbosity is set to INFO
[INFO] [taskset-1]: process started with pid [363489]
[INFO] [taskset-2]: process started with pid [363490]
[INFO] [slam_pose_relay_node-3]: process started with pid [363491]
[INFO] [taskset-4]: process started with pid [363492]
[INFO] [robot_state_publisher-5]: process started with pid [363493]
[INFO] [joint_state_publisher-6]: process started with pid [363494]
[INFO] [static_transform_publisher-7]: process started with pid [363495]
[static_transform_publisher-7] [WARN] [1791018861.898118879] []: Old-style arguments are deprecated; see --help for new-style arguments
[static_transform_publisher-7] [INFO] [1791018861.917330480] [static_baselink_to_laser]: Spinning until stopped - publishing transform
[static_transform_publisher-7] translation: ('0.120000', '0.000000', '0.200000')
[static_transform_publisher-7] rotation: ('0.000000', '0.000000', '0.000000', '1.000000')
[static_transform_publisher-7] from 'base_link' to 'laser'
[robot_state_publisher-5] [INFO] [1791018861.924007424] [robot_state_publisher]: Robot initialized
[taskset-4] [INFO] [1791018862.303665020] [ekf_cost_observer_node]: [ekf_cost] per-update cost metric up at 1.00 Hz on /diagnostics; watching ekf_filter_node, ekf_global_filter_node
[slam_pose_relay_node-3] [INFO] [1791018862.304336639] [slam_pose_relay_node]: slam_pose_relay_node started: "/slam/pose" -> "/slam/pose_calibrated", covariance stamped with var_x=0.100000 var_y=0.100000 var_yaw=0.050000
[joint_state_publisher-6] [INFO] [1791018862.385916224] [joint_state_publisher]: Waiting for robot_description to be published on the robot_description topic...
[joint_state_publisher-6] [INFO] [1791018863.637662933] [joint_state_publisher]: Got description, configuring robot
[taskset-2] [ERROR] [1791018933.027764969] [ekf_global.ekf_global_filter_node]: Failed to meet update rate! Took 0.28169856199999998569seconds. Try decreasing the rate, limiting sensor output frequency, or limiting the number of sensors.
[taskset-1] [ERROR] [1791018933.034285764] [ekf_filter_node]: Failed to meet update rate! Took 0.28787833800000001139seconds. Try decreasing the rate, limiting sensor output frequency, or limiting the number of sensors.
[WARNING] [launch]: user interrupted with ctrl-c (SIGINT)
[INFO] [static_transform_publisher-7]: sending signal 'SIGINT' to process[static_transform_publisher-7]
[INFO] [joint_state_publisher-6]: sending signal 'SIGINT' to process[joint_state_publisher-6]
[INFO] [robot_state_publisher-5]: sending signal 'SIGINT' to process[robot_state_publisher-5]
[INFO] [taskset-4]: sending signal 'SIGINT' to process[taskset-4]
[INFO] [slam_pose_relay_node-3]: sending signal 'SIGINT' to process[slam_pose_relay_node-3]
[INFO] [taskset-2]: sending signal 'SIGINT' to process[taskset-2]
[INFO] [taskset-1]: sending signal 'SIGINT' to process[taskset-1]
[taskset-1] [INFO] [1791018943.302630118] [rclcpp]: signal_handler(SIGINT/SIGTERM)
[static_transform_publisher-7] [INFO] [1791018943.305820900] [rclcpp]: signal_handler(SIGINT/SIGTERM)
[taskset-2] [INFO] [1791018943.306287797] [rclcpp]: signal_handler(SIGINT/SIGTERM)
[robot_state_publisher-5] [INFO] [1791018943.309131303] [rclcpp]: signal_handler(SIGINT/SIGTERM)
[robot_state_publisher-5] [INFO] [1791018943.316213996] [rclcpp]: signal_handler(SIGINT/SIGTERM)
[joint_state_publisher-6] Traceback (most recent call last):
[joint_state_publisher-6]   File "/opt/ros/jazzy/lib/joint_state_publisher/joint_state_publisher", line 33, in <module>
[joint_state_publisher-6]     sys.exit(load_entry_point('joint-state-publisher==2.4.3', 'console_scripts', 'joint_state_publisher')())
[joint_state_publisher-6]              ^^^^^^^^^^^^^^^^^^^^^^^^^^^^^^^^^^^^^^^^^^^^^^^^^^^^^^^^^^^^^^^^^^^^^^^^^^^^^^^^^^^^^^^^^^^^^^
[joint_state_publisher-6]   File "/opt/ros/jazzy/lib/python3.12/site-packages/joint_state_publisher/joint_state_publisher.py", line 571, in main
[joint_state_publisher-6]     jsp.destroy_node()
[joint_state_publisher-6]   File "/opt/ros/jazzy/lib/python3.12/site-packages/rclpy/node.py", line 1962, in destroy_node
[joint_state_publisher-6]     self.destroy_service(self._services[0])
[joint_state_publisher-6]   File "/opt/ros/jazzy/lib/python3.12/site-packages/rclpy/node.py", line 1886, in destroy_service
[joint_state_publisher-6]     service.destroy()
[joint_state_publisher-6]   File "/opt/ros/jazzy/lib/python3.12/site-packages/rclpy/service.py", line 123, in destroy
[joint_state_publisher-6]     self.__service.destroy_when_not_in_use()
[joint_state_publisher-6] KeyboardInterrupt
[taskset-2] [INFO] [1791018943.332671741] [rclcpp]: signal_handler(SIGINT/SIGTERM)
[ERROR] [taskset-1]: process has died [pid 363489, exit code -2, cmd 'taskset -c 0,1 /opt/ros/jazzy/lib/robot_localization/ekf_node --ros-args -r __node:=ekf_filter_node --params-file /home/andre/dev_ws/f1tenth_more/install/f1tenth_bringup/share/f1tenth_bringup/config/ekf.yaml'].
[ERROR] [static_transform_publisher-7]: process has died [pid 363495, exit code -2, cmd '/opt/ros/jazzy/lib/tf2_ros/static_transform_publisher 0.12 0.0 0.20 0.0 0.0 0.0 base_link laser --ros-args -r __node:=static_baselink_to_laser'].
[INFO] [taskset-2]: process has finished cleanly [pid 363490]
[ERROR] [joint_state_publisher-6]: process has died [pid 363494, exit code -2, cmd '/opt/ros/jazzy/lib/joint_state_publisher/joint_state_publisher --ros-args -r __node:=joint_state_publisher --params-file /tmp/launch_params_mekv05p_'].
[INFO] [robot_state_publisher-5]: process has finished cleanly [pid 363493]
[INFO] [slam_pose_relay_node-3]: process has finished cleanly [pid 363491]
[INFO] [taskset-4]: process has finished cleanly [pid 363492]
