1791018053.5034630 [INFO] [launch]: All log files can be found below /home/andre/dev_ws/f1tenth_more/output/phase5/step4/ros_log/2026-10-03-11-00-53-500458-thor-352105
1791018053.5039308 [INFO] [launch]: Default logging verbosity is set to INFO
1791018053.6820097 [INFO] [taskset-1]: process started with pid [352154]
1791018053.6823699 [INFO] [throttle-2]: process started with pid [352155]
1791018053.6824534 [INFO] [throttle-3]: process started with pid [352156]
1791018053.8472729 [taskset-1] [INFO] [1791018053.843531828] [foxglove_bridge]: Starting foxglove_bridge (jazzy, 3.5.0@)
1791018053.8476298 [taskset-1] [2026-10-03T09:00:53Z INFO  foxglove::websocket::server] Started server on 0.0.0.0:8765
1791018053.8476968 [taskset-1] [INFO] [1791018053.845133770] [foxglove_bridge]: Server listening on port 8765
1791018053.8515663 [taskset-1] [INFO] [1791018053.849361061] [foxglove_bridge]: Advertising new channel 2 for topic "/rosout"
1791018053.8518381 [taskset-1] [INFO] [1791018053.850247244] [foxglove_bridge]: Advertising new channel 3 for topic "/parameter_events"
1791018055.6939125 [taskset-1] [INFO] [1791018055.693335886] [foxglove_bridge]: Advertising new channel 4 for topic "/slam_toolbox/scan_visualization"
1791018055.6959822 [taskset-1] [INFO] [1791018055.695851595] [foxglove_bridge]: Advertising new channel 5 for topic "/slam_toolbox/graph_visualization"
1791018055.6963334 [taskset-1] [INFO] [1791018055.696267697] [foxglove_bridge]: Advertising new channel 6 for topic "/slam/pose"
1791018055.6965599 [taskset-1] [INFO] [1791018055.696512141] [foxglove_bridge]: Advertising new channel 7 for topic "/slam/map_metadata"
1791018055.6970015 [taskset-1] [INFO] [1791018055.696957298] [foxglove_bridge]: Advertising new channel 8 for topic "/teleop"
1791018055.6972301 [taskset-1] [INFO] [1791018055.697188890] [foxglove_bridge]: Advertising new channel 9 for topic "/sensors/imu/raw"
1791018055.6978312 [taskset-1] [INFO] [1791018055.697790556] [foxglove_bridge]: Advertising new channel 10 for topic "/tf_static"
1791018055.6982203 [taskset-1] [INFO] [1791018055.698165027] [foxglove_bridge]: Advertising new channel 11 for topic "/slam/map"
1791018055.6989961 [taskset-1] [INFO] [1791018055.698940221] [foxglove_bridge]: Advertising new channel 12 for topic "/sensors/core"
1791018055.6991153 [taskset-1] [INFO] [1791018055.698968600] [foxglove_bridge]: Advertising new channel 13 for topic "/scan"
1791018055.6996465 [taskset-1] [INFO] [1791018055.699594035] [foxglove_bridge]: Advertising new channel 14 for topic "/odometry/filtered"
1791018055.6997519 [taskset-1] [INFO] [1791018055.699611590] [foxglove_bridge]: Advertising new channel 15 for topic "/odom"
1791018055.6997993 [taskset-1] [INFO] [1791018055.699633942] [foxglove_bridge]: Advertising new channel 16 for topic "/mpc/corridor_markers"
1791018055.6999803 [taskset-1] [INFO] [1791018055.699928044] [foxglove_bridge]: Advertising new channel 17 for topic "/mission/status"
1791018055.7006996 [taskset-1] [INFO] [1791018055.700644895] [foxglove_bridge]: Advertising new channel 18 for topic "/slam_toolbox/transition_event"
1791018055.7009001 [taskset-1] [INFO] [1791018055.700843681] [foxglove_bridge]: Advertising new channel 19 for topic "/robot_description"
1791018055.7009981 [taskset-1] [INFO] [1791018055.700856986] [foxglove_bridge]: Advertising new channel 20 for topic "/map_server/transition_event"
1791018055.7011395 [taskset-1] [INFO] [1791018055.701081718] [foxglove_bridge]: Advertising new channel 21 for topic "/slam_toolbox/feedback"
1791018055.7012479 [taskset-1] [INFO] [1791018055.701094134] [foxglove_bridge]: Advertising new channel 22 for topic "/map"
1791018055.7013795 [taskset-1] [INFO] [1791018055.701322847] [foxglove_bridge]: Advertising new channel 23 for topic "/joint_states"
1791018055.7014892 [taskset-1] [INFO] [1791018055.701335690] [foxglove_bridge]: Advertising new channel 24 for topic "/ekf_global/set_pose"
1791018055.7015340 [taskset-1] [INFO] [1791018055.701347912] [foxglove_bridge]: Advertising new channel 25 for topic "/ekf_global/odometry/filtered"
1791018055.7016232 [taskset-1] [INFO] [1791018055.701355431] [foxglove_bridge]: Advertising new channel 26 for topic "/drive"
1791018055.7017059 [taskset-1] [INFO] [1791018055.701362542] [foxglove_bridge]: Advertising new channel 27 for topic "/set_pose"
1791018055.7018132 [taskset-1] [INFO] [1791018055.701585152] [foxglove_bridge]: Advertising new channel 28 for topic "/diagnostics/battery_status"
1791018055.7030683 [taskset-1] [INFO] [1791018055.703002141] [foxglove_bridge]: Advertising new channel 29 for topic "/costmap/semantic_tracks"
1791018055.7031813 [taskset-1] [INFO] [1791018055.703019594] [foxglove_bridge]: Advertising new channel 30 for topic "/slam/pose_calibrated"
1791018055.7032282 [taskset-1] [INFO] [1791018055.703027724] [foxglove_bridge]: Advertising new channel 31 for topic "/costmap/safe_corridor_report"
1791018055.7033465 [taskset-1] [INFO] [1791018055.703230344] [foxglove_bridge]: Advertising new channel 32 for topic "/costmap/front_clearance"
1791018055.7033939 [taskset-1] [INFO] [1791018055.703242965] [foxglove_bridge]: Advertising new channel 33 for topic "/tf"
1791018055.7037294 [taskset-1] [INFO] [1791018055.703672612] [foxglove_bridge]: Advertising new channel 34 for topic "/costmap/boundaries"
1791018055.7047906 [taskset-1] [INFO] [1791018055.704734889] [foxglove_bridge]: Advertising new channel 35 for topic "/slam_toolbox/update"
1791018055.7049897 [taskset-1] [INFO] [1791018055.704934601] [foxglove_bridge]: Advertising new channel 36 for topic "/cmd_vel_nav"
1791018055.7055581 [taskset-1] [INFO] [1791018055.705501693] [foxglove_bridge]: Advertising new channel 37 for topic "/diagnostics"
1791018055.7056048 [taskset-1] [INFO] [1791018055.705513480] [foxglove_bridge]: Advertising new channel 38 for topic "/camera/detections_3d"
1791018055.7057042 [taskset-1] [INFO] [1791018055.705522267] [foxglove_bridge]: Advertising new channel 39 for topic "/calibration_drive"
1791018055.7057498 [taskset-1] [INFO] [1791018055.705599341] [foxglove_bridge]: Advertising new channel 40 for topic "/costmap/semantic_markers"
1791018055.7058654 [taskset-1] [INFO] [1791018055.705803294] [foxglove_bridge]: Advertising new channel 41 for topic "/calibration/in_progress"
1791018055.7060642 [taskset-1] [INFO] [1791018055.706011692] [foxglove_bridge]: Advertising new channel 42 for topic "/diagnostics/system_status"
1791018055.7062969 [taskset-1] [INFO] [1791018055.706244220] [foxglove_bridge]: Advertising new channel 43 for topic "/costmap/visualization"
1791018055.7065370 [taskset-1] [INFO] [1791018055.706476636] [foxglove_bridge]: Advertising new channel 44 for topic "/bond"
1791018055.7066464 [taskset-1] [INFO] [1791018055.706499895] [foxglove_bridge]: Advertising new channel 45 for topic "/safety_stop"
1791018055.7066905 [taskset-1] [INFO] [1791018055.706512552] [foxglove_bridge]: Advertising new channel 46 for topic "/ackermann_drive"
1791018056.7149470 [taskset-1] [INFO] [1791018056.714072954] [foxglove_bridge]: Advertising new channel 47 for topic "/test/mission_event"
1791018056.7154043 [taskset-1] [INFO] [1791018056.714229352] [foxglove_bridge]: Advertising new channel 48 for topic "/test_campaign/logger_status"
1791018056.7159488 [taskset-1] [INFO] [1791018056.715235907] [foxglove_bridge]: Advertising new channel 49 for topic "/perception/obstacles_2d"
1791018056.7166989 [taskset-1] [INFO] [1791018056.715274350] [foxglove_bridge]: Advertising new channel 50 for topic "/perception/d_wall/psi_correction"
1791018056.7167988 [taskset-1] [INFO] [1791018056.715598202] [foxglove_bridge]: Advertising new channel 51 for topic "/mpc/wall_track"
1791018056.7168717 [taskset-1] [INFO] [1791018056.715616545] [foxglove_bridge]: Advertising new channel 52 for topic "/mpc/status"
1791018056.7169323 [taskset-1] [INFO] [1791018056.715628202] [foxglove_bridge]: Advertising new channel 53 for topic "/mpc/predicted_min_clearance"
1791018056.7173038 [taskset-1] [INFO] [1791018056.716073479] [foxglove_bridge]: Advertising new channel 54 for topic "/mpc/object_status"
1791018056.7174046 [taskset-1] [INFO] [1791018056.716087470] [foxglove_bridge]: Advertising new channel 55 for topic "/mpc/min_obstacle_distance_forward"
1791018056.7175047 [taskset-1] [INFO] [1791018056.716100683] [foxglove_bridge]: Advertising new channel 56 for topic "/mpc/min_obstacle_distance"
1791018056.7175694 [taskset-1] [INFO] [1791018056.716143303] [foxglove_bridge]: Advertising new channel 57 for topic "/mpc/hold"
1791018056.7176297 [taskset-1] [INFO] [1791018056.716429396] [foxglove_bridge]: Advertising new channel 58 for topic "/mpc/goal_turn"
1791018056.7176890 [taskset-1] [INFO] [1791018056.716738913] [foxglove_bridge]: Advertising new channel 59 for topic "/mpc/goal_drive"
1791018056.7177479 [taskset-1] [INFO] [1791018056.716753348] [foxglove_bridge]: Advertising new channel 60 for topic "/mpc/goal_reached"
1791018056.7178044 [taskset-1] [INFO] [1791018056.716762617] [foxglove_bridge]: Advertising new channel 61 for topic "/mpc/goal_distance"
1791018056.7178600 [taskset-1] [INFO] [1791018056.716777237] [foxglove_bridge]: Advertising new channel 62 for topic "/perception/front_distance"
1791018056.7179155 [taskset-1] [INFO] [1791018056.717033210] [foxglove_bridge]: Advertising new channel 63 for topic "/mpc/drive_clamp"
1791018056.7179725 [taskset-1] [INFO] [1791018056.717051256] [foxglove_bridge]: Advertising new channel 64 for topic "/model/virtual_robot/odometry"
1791018056.7180471 [taskset-1] [INFO] [1791018056.717065043] [foxglove_bridge]: Advertising new channel 65 for topic "/mission/load_path"
1791018056.7183101 [taskset-1] [INFO] [1791018056.717078182] [foxglove_bridge]: Advertising new channel 66 for topic "/mpc/goal_object_end"
1791018056.7183876 [taskset-1] [INFO] [1791018056.717094987] [foxglove_bridge]: Advertising new channel 67 for topic "/imu"
1791018056.7192268 [taskset-1] [INFO] [1791018056.717474875] [foxglove_bridge]: Advertising new channel 68 for topic "/mpc/solver_status"
1791018056.7194495 [taskset-1] [INFO] [1791018056.717497709] [foxglove_bridge]: Advertising new channel 69 for topic "/safety/event"
1791018056.7195249 [taskset-1] [INFO] [1791018056.717863477] [foxglove_bridge]: Advertising new channel 70 for topic "/mpc/goal_object"
1791018056.7195859 [taskset-1] [INFO] [1791018056.718155559] [foxglove_bridge]: Advertising new channel 71 for topic "/mission/move_outcome"
1791018056.7198865 [taskset-1] [INFO] [1791018056.719423392] [foxglove_bridge]: Advertising new channel 72 for topic "/camera/detections"
1791018056.7200816 [taskset-1] [INFO] [1791018056.719854196] [foxglove_bridge]: Advertising new channel 73 for topic "/bt/tree_visualization"
1791018056.7202752 [taskset-1] [INFO] [1791018056.720159501] [foxglove_bridge]: Advertising new channel 74 for topic "/mpc/goal_pose"
1791018056.7205601 [taskset-1] [INFO] [1791018056.720466306] [foxglove_bridge]: Advertising new channel 75 for topic "/behavior/tree_status"
1791018056.7206385 [taskset-1] [INFO] [1791018056.720484936] [foxglove_bridge]: Advertising new channel 76 for topic "/corridor"
1791018057.8361917 [taskset-1] [INFO] [1791018057.835464348] [foxglove_bridge]: Advertising new channel 77 for topic "/perception/swept_clearance/lidar"
1791018057.8370271 [taskset-1] [INFO] [1791018057.835722848] [foxglove_bridge]: Advertising new channel 78 for topic "/perception/swept_clearance/camera"
1791018057.8371768 [taskset-1] [INFO] [1791018057.835771468] [foxglove_bridge]: Advertising new channel 79 for topic "/zed2/zed_node/depth/depth_registered"
1791018057.8374209 [taskset-1] [INFO] [1791018057.836637338] [foxglove_bridge]: Advertising new channel 80 for topic "/perception/lidar_front_wall"
1791018057.8375018 [taskset-1] [INFO] [1791018057.836661699] [foxglove_bridge]: Advertising new channel 81 for topic "/perception/d_wall/swept_arc"
1791018057.8377359 [taskset-1] [INFO] [1791018057.836682162] [foxglove_bridge]: Advertising new channel 82 for topic "/perception/swept_clearance"
1791018057.8382614 [taskset-1] [INFO] [1791018057.837066985] [foxglove_bridge]: Advertising new channel 83 for topic "/perception/d_wall/segment"
1791018057.8383567 [taskset-1] [INFO] [1791018057.837095235] [foxglove_bridge]: Advertising new channel 84 for topic "/perception/d_wall/gate_margin"
1791018057.8385789 [taskset-1] [INFO] [1791018057.837519207] [foxglove_bridge]: Advertising new channel 85 for topic "/perception/d_wall"
1791018057.8398523 [taskset-1] [INFO] [1791018057.839630546] [foxglove_bridge]: Advertising new channel 86 for topic "/zed2/zed_node/depth/camera_info"
1791018057.8402095 [taskset-1] [INFO] [1791018057.839774120] [foxglove_bridge]: Advertising new channel 87 for topic "/perception/swept_clearance/steering"
1791018057.8410690 [taskset-1] [INFO] [1791018057.840672434] [foxglove_bridge]: Advertising new channel 88 for topic "/perception/lidar_front_wall_virtual"
1791018058.4608400 [taskset-1] [INFO] [1791018058.459865428] [foxglove_bridge]: Advertising new channel 89 for topic "/obstacle_clearance"
1791018077.6950233 [taskset-1] [INFO] [1791018077.694312339] [foxglove_bridge]: Advertising new channel 90 for topic "/events/read_split"
1791018160.3469353 [taskset-1] [INFO] [1791018160.346180574] [foxglove_bridge]: Advertising new channel 91 for topic "/events/write_split"
1791018171.9699793 [taskset-1] [INFO] [1791018171.969242938] [foxglove_bridge]: Removing channel 91 for topic "/events/write_split" (rosbag2_interfaces/msg/WriteSplitEvent)
1791018283.0173194 [taskset-1] [INFO] [1791018283.016593916] [foxglove_bridge]: Removing channel 90 for topic "/events/read_split" (rosbag2_interfaces/msg/ReadSplitEvent)
1791018285.0914576 [WARNING] [launch]: user interrupted with ctrl-c (SIGINT)
1791018285.1008060 [taskset-1] [INFO] [1791018285.087165608] [rclcpp]: signal_handler(SIGINT/SIGTERM)
1791018285.1105351 [INFO] [throttle-3]: sending signal 'SIGINT' to process[throttle-3]
1791018285.1149874 [INFO] [throttle-2]: sending signal 'SIGINT' to process[throttle-2]
1791018285.1176469 [INFO] [taskset-1]: sending signal 'SIGINT' to process[taskset-1]
1791018285.1229076 [taskset-1] [INFO] [1791018285.098767961] [foxglove_bridge]: Shutting down foxglove_bridge
1791018285.1241262 [taskset-1] [2026-10-03T09:04:45Z INFO  foxglove::websocket::server] Shutting down
1791018285.1257360 [taskset-1] [2026-10-03T09:04:45Z INFO  foxglove::websocket::server] Shutdown complete
1791018285.1283703 [taskset-1] [INFO] [1791018285.116765935] [foxglove_bridge]: Shutdown complete
1791018285.1332912 [taskset-1] [INFO] [1791018285.131533191] [rclcpp]: signal_handler(SIGINT/SIGTERM)
1791018285.1342869 [ERROR] [throttle-2]: process has died [pid 352155, exit code -2, cmd '/opt/ros/jazzy/lib/topic_tools/throttle messages /camera/image_raw 5.0 /camera/image_raw/viz --ros-args -r __node:=image_raw_viz_throttle'].
1791018285.1406877 [ERROR] [throttle-3]: process has died [pid 352156, exit code -2, cmd '/opt/ros/jazzy/lib/topic_tools/throttle messages /camera/image_annotated 5.0 /camera/image_annotated/viz --ros-args -r __node:=image_annotated_viz_throttle'].
1791018285.6496377 [INFO] [taskset-1]: process has finished cleanly [pid 352154]
