[INFO] [launch]: All log files can be found below /home/andre/dev_ws/f1tenth_more/output/fix_batch_5/discload/after/run_07/ros_log/2026-10-04-09-01-36-276166-thor-1035137
[INFO] [launch]: Default logging verbosity is set to INFO
[INFO] [fastdds_discovery_server-1]: process started with pid [1035168]
[INFO] [component_supervisor_node-2]: process started with pid [1035169]
[fastdds_discovery_server-1] [ensure_discovery_server] 127.0.0.1:11811 already has a live listener (an earlier session's server, deliberately still running by design -- see stack_params.yaml's own discovery_server_address/_port comment) -- reusing it, not starting a duplicate. This process will now idle harmlessly for the life of this launch.
[component_supervisor_node-2] [WARN] [1791097296.909565006] [component_supervisor_node]: [component_supervisor] FastDDS SHM sweep (startup): found 56 fastrtps file(s) (16 still in use, 40 orphaned) -- removed 16/40 orphaned file(s). Sample removed: ['/dev/shm/fastrtps_15acc93112584a5d', '/dev/shm/fastrtps_fa9f2f7464961532', '/dev/shm/fastrtps_fa9f2f7464961532_el', '/dev/shm/fastrtps_port28665', '/dev/shm/fastrtps_port28671'].
[component_supervisor_node-2] [WARN] [1791097296.910098665] [component_supervisor_node]: [component_supervisor] FastDDS SHM sweep (startup): failed to remove 24 file(s): [('/dev/shm/fastrtps_7407d0862be81302', "[Errno 1] Operation not permitted: '/dev/shm/fastrtps_7407d0862be81302'"), ('/dev/shm/fastrtps_7407d0862be81302_el', "[Errno 1] Operation not permitted: '/dev/shm/fastrtps_7407d0862be81302_el'"), ('/dev/shm/fastrtps_9cd56be4590cf61f', "[Errno 1] Operation not permitted: '/dev/shm/fastrtps_9cd56be4590cf61f'"), ('/dev/shm/fastrtps_9cd56be4590cf61f_el', "[Errno 1] Operation not permitted: '/dev/shm/fastrtps_9cd56be4590cf61f_el'"), ('/dev/shm/fastrtps_port31165', "[Errno 1] Operation not permitted: '/dev/shm/fastrtps_port31165'")].
[component_supervisor_node-2] [INFO] [1791097297.017518493] [component_supervisor_node]: [component_supervisor] Registry: ['behavior', 'calibrate_hardware', 'control', 'dev_tools', 'diagnostics', 'hardware', 'intelligence', 'lidar_front_wall', 'localization', 'navigation', 'obstacle_clearance', 'perception', 'slam', 'startup_sequence', 'swept_clearance', 'wall_distance']. Auto-starting: ['behavior', 'control', 'dev_tools', 'diagnostics', 'hardware', 'lidar_front_wall', 'localization', 'navigation', 'obstacle_clearance', 'perception', 'slam', 'swept_clearance', 'wall_distance']. Log dir: /home/andre/dev_ws/f1tenth_more/output/fix_batch_5/discload/after/run_07/supervisor
[component_supervisor_node-2] [INFO] [1791097297.019794414] [component_supervisor_node]: [component_supervisor] Started 'lidar_front_wall': ros2 launch f1tenth_perception lidar_front_wall.launch.py (pid 1035200, log: /home/andre/dev_ws/f1tenth_more/output/fix_batch_5/discload/after/run_07/supervisor/f1tenth_perception_lidar_front_wall.launch.py.log)
[component_supervisor_node-2] [INFO] [1791097297.021259077] [component_supervisor_node]: [component_supervisor] Started 'slam': ros2 launch f1tenth_navigation slam.launch.py (pid 1035201, log: /home/andre/dev_ws/f1tenth_more/output/fix_batch_5/discload/after/run_07/supervisor/f1tenth_navigation_slam.launch.py.log)
[component_supervisor_node-2] [INFO] [1791097297.022291812] [component_supervisor_node]: [component_supervisor] Started 'slam': ros2 launch f1tenth_costmap costmap.launch.py (pid 1035202, log: /home/andre/dev_ws/f1tenth_more/output/fix_batch_5/discload/after/run_07/supervisor/f1tenth_costmap_costmap.launch.py.log)
[component_supervisor_node-2] [INFO] [1791097297.023613108] [component_supervisor_node]: [component_supervisor] Started 'dev_tools': ros2 launch f1tenth_bringup foxglove_bridge.launch.py (pid 1035203, log: /home/andre/dev_ws/f1tenth_more/output/fix_batch_5/discload/after/run_07/supervisor/f1tenth_bringup_foxglove_bridge.launch.py.log)
[component_supervisor_node-2] [INFO] [1791097297.024753083] [component_supervisor_node]: [component_supervisor] Started 'control': ros2 launch f1tenth_control ackermann_mux.launch.py (pid 1035204, log: /home/andre/dev_ws/f1tenth_more/output/fix_batch_5/discload/after/run_07/supervisor/f1tenth_control_ackermann_mux.launch.py.log)
[component_supervisor_node-2] [INFO] [1791097297.025894251] [component_supervisor_node]: [component_supervisor] Started 'behavior': ros2 launch f1tenth_behavior behavior_bringup.launch.py (pid 1035205, log: /home/andre/dev_ws/f1tenth_more/output/fix_batch_5/discload/after/run_07/supervisor/f1tenth_behavior_behavior_bringup.launch.py.log)
[component_supervisor_node-2] [INFO] [1791097297.026828654] [component_supervisor_node]: [component_supervisor] Started 'wall_distance': ros2 launch f1tenth_perception wall_distance.launch.py (pid 1035206, log: /home/andre/dev_ws/f1tenth_more/output/fix_batch_5/discload/after/run_07/supervisor/f1tenth_perception_wall_distance.launch.py.log)
[component_supervisor_node-2] [INFO] [1791097297.027992164] [component_supervisor_node]: [component_supervisor] Started 'navigation': ros2 launch f1tenth_navigation navigation.launch.py (pid 1035207, log: /home/andre/dev_ws/f1tenth_more/output/fix_batch_5/discload/after/run_07/supervisor/f1tenth_navigation_navigation.launch.py.log)
[component_supervisor_node-2] [INFO] [1791097297.029029001] [component_supervisor_node]: [component_supervisor] Started 'swept_clearance': ros2 launch f1tenth_perception swept_clearance.launch.py (pid 1035208, log: /home/andre/dev_ws/f1tenth_more/output/fix_batch_5/discload/after/run_07/supervisor/f1tenth_perception_swept_clearance.launch.py.log)
[component_supervisor_node-2] [INFO] [1791097297.030085255] [component_supervisor_node]: [component_supervisor] Started 'obstacle_clearance': ros2 launch f1tenth_perception obstacle_clearance.launch.py (pid 1035209, log: /home/andre/dev_ws/f1tenth_more/output/fix_batch_5/discload/after/run_07/supervisor/f1tenth_perception_obstacle_clearance.launch.py.log)
[component_supervisor_node-2] [INFO] [1791097297.030933752] [component_supervisor_node]: [component_supervisor] Started 'localization': ros2 launch f1tenth_localization localization.launch.py (pid 1035210, log: /home/andre/dev_ws/f1tenth_more/output/fix_batch_5/discload/after/run_07/supervisor/f1tenth_localization_localization.launch.py.log)
[component_supervisor_node-2] [INFO] [1791097297.031931339] [component_supervisor_node]: [component_supervisor] Started 'diagnostics': ros2 launch f1tenth_diagnostics system_observer.launch.py (pid 1035211, log: /home/andre/dev_ws/f1tenth_more/output/fix_batch_5/discload/after/run_07/supervisor/f1tenth_diagnostics_system_observer.launch.py.log)
[component_supervisor_node-2] [INFO] [1791097297.039138698] [component_supervisor_node]: [component_supervisor] Started 'diagnostics': ros2 launch f1tenth_diagnostics diagnostics_server.launch.py (pid 1035212, log: /home/andre/dev_ws/f1tenth_more/output/fix_batch_5/discload/after/run_07/supervisor/f1tenth_diagnostics_diagnostics_server.launch.py.log)
[component_supervisor_node-2] [INFO] [1791097297.040400521] [component_supervisor_node]: [component_supervisor] Started 'diagnostics': ros2 launch f1tenth_logger mission_logger.launch.py mission_logger_runs_dir:=/home/andre/dev_ws/f1tenth_more/output/fix_batch_5/discload/after/run_07/runs (pid 1035213, log: /home/andre/dev_ws/f1tenth_more/output/fix_batch_5/discload/after/run_07/supervisor/f1tenth_logger_mission_logger.launch.py.log)
[WARNING] [launch]: user interrupted with ctrl-c (SIGINT)
[INFO] [component_supervisor_node-2]: sending signal 'SIGINT' to process[component_supervisor_node-2]
[INFO] [fastdds_discovery_server-1]: sending signal 'SIGINT' to process[fastdds_discovery_server-1]
[fastdds_discovery_server-1] Traceback (most recent call last):
[fastdds_discovery_server-1]   File "/home/andre/dev_ws/f1tenth_more/install/f1tenth_bringup/share/f1tenth_bringup/scripts/ensure_discovery_server.py", line 124, in <module>
[fastdds_discovery_server-1]     main()
[fastdds_discovery_server-1]   File "/home/andre/dev_ws/f1tenth_more/install/f1tenth_bringup/share/f1tenth_bringup/scripts/ensure_discovery_server.py", line 89, in main
[fastdds_discovery_server-1]     signal_wait.wait()
[fastdds_discovery_server-1]   File "/usr/lib/python3.12/subprocess.py", line 1264, in wait
[fastdds_discovery_server-1]     return self._wait(timeout=timeout)
[fastdds_discovery_server-1]            ^^^^^^^^^^^^^^^^^^^^^^^^^^^
[fastdds_discovery_server-1]   File "/usr/lib/python3.12/subprocess.py", line 2053, in _wait
[fastdds_discovery_server-1]     (pid, sts) = self._try_wait(0)
[fastdds_discovery_server-1]                  ^^^^^^^^^^^^^^^^^
[fastdds_discovery_server-1]   File "/usr/lib/python3.12/subprocess.py", line 2011, in _try_wait
[fastdds_discovery_server-1]     (pid, sts) = os.waitpid(self.pid, wait_flags)
[fastdds_discovery_server-1]                  ^^^^^^^^^^^^^^^^^^^^^^^^^^^^^^^^
[fastdds_discovery_server-1] KeyboardInterrupt
[ERROR] [fastdds_discovery_server-1]: process has died [pid 1035168, exit code -2, cmd 'python3 /home/andre/dev_ws/f1tenth_more/install/f1tenth_bringup/share/f1tenth_bringup/scripts/ensure_discovery_server.py 127.0.0.1 11811'].
[component_supervisor_node-2] [INFO] [1791097409.055048566] [component_supervisor_node]: [component_supervisor] Received signal 2 -- shutting down all tracked components.
[component_supervisor_node-2] [INFO] [1791097409.055638727] [component_supervisor_node]: [component_supervisor] Shutting down -- stopping all components.
[ERROR] [component_supervisor_node-2]: process[component_supervisor_node-2] failed to terminate '5' seconds after receiving 'SIGINT', escalating to 'SIGTERM'
[INFO] [component_supervisor_node-2]: sending signal 'SIGTERM' to process[component_supervisor_node-2]
[component_supervisor_node-2] [WARN] [1791097413.565361745] [component_supervisor_node]: [component_supervisor] Received signal 15 while a shutdown was already in progress -- force-killing every tracked component immediately.
[component_supervisor_node-2] [WARN] [1791097413.911842936] [component_supervisor_node]: [component_supervisor] FastDDS SHM sweep (shutdown (force-kill)): found 148 fastrtps file(s) (13 still in use, 135 orphaned) -- removed 111/135 orphaned file(s). Sample removed: ['/dev/shm/fastrtps_204cd2895b3e74df_el', '/dev/shm/fastrtps_8f750019ee2e3a60_el', '/dev/shm/fastrtps_a7a9b751047de4ca_el', '/dev/shm/fastrtps_port28665', '/dev/shm/fastrtps_port28667'].
[component_supervisor_node-2] [WARN] [1791097413.912870850] [component_supervisor_node]: [component_supervisor] FastDDS SHM sweep (shutdown (force-kill)): failed to remove 24 file(s): [('/dev/shm/fastrtps_7407d0862be81302', "[Errno 1] Operation not permitted: '/dev/shm/fastrtps_7407d0862be81302'"), ('/dev/shm/fastrtps_7407d0862be81302_el', "[Errno 1] Operation not permitted: '/dev/shm/fastrtps_7407d0862be81302_el'"), ('/dev/shm/fastrtps_9cd56be4590cf61f', "[Errno 1] Operation not permitted: '/dev/shm/fastrtps_9cd56be4590cf61f'"), ('/dev/shm/fastrtps_9cd56be4590cf61f_el', "[Errno 1] Operation not permitted: '/dev/shm/fastrtps_9cd56be4590cf61f_el'"), ('/dev/shm/fastrtps_port31165', "[Errno 1] Operation not permitted: '/dev/shm/fastrtps_port31165'")].
[INFO] [component_supervisor_node-2]: process has finished cleanly [pid 1035169]
